10-21 08:40:05.629 3547-3569/de.mobilitymedia.cdlsdk.test V/VehicleIdentificationManagerImpl: We notified vehicle identification listeners [ count: 0 ][ vin: VF1BZ0V0640659912 ][ success: false ]
10-21 08:40:05.629 3547-3569/de.mobilitymedia.cdlsdk.test V/VehicleIdentificationManagerImpl: Scheduled identification executed [ success: false ][ VF1BZ0V0640659912_1.2.43_00 ]
10-21 08:40:05.629 3547-3569/de.mobilitymedia.cdlsdk.test D/DatabaseDownloadManagerAbstract: Listener un subscribed [ de.mobilitymedia.vehicleident.VehicleIdentificationManagerImplAbstract$1@5bfe95d ]
10-21 08:40:06.976 3547-3560/de.mobilitymedia.cdlsdk.test V/DongleTest: Dongle test iteration [ 1 ]
10-21 08:40:06.976 3547-3560/de.mobilitymedia.cdlsdk.test W/DongleTest: Error setting dongle: java.lang.IllegalStateException: Core already running. Please stop it before set dongle.
10-21 08:40:06.976 3547-3560/de.mobilitymedia.cdlsdk.test V/DongleTest: Failed setting dongle [ true ]
10-21 08:40:06.976 3547-3560/de.mobilitymedia.cdlsdk.test W/CoreAbstract: There is no observers for dongle [ stub mac address 0 ][ stub mac address 0 ]
10-21 08:40:06.976 3547-3560/de.mobilitymedia.cdlsdk.test V/AbstractCanBusManager: [ before stop ][ stub mac address 0 ]
10-21 08:40:06.976 3547-3560/de.mobilitymedia.cdlsdk.test D/DatabaseDownloadManagerAbstract: Listener un subscribed [ de.mobilitymedia.connectors.diax.DiaxCodeDelegate$2@b9ccb83 ]
10-21 08:40:06.976 3547-3560/de.mobilitymedia.cdlsdk.test D/DiaxCodeDelegate: [ stop ][ stub mac address 0 ]
10-21 08:40:06.977 3547-3560/de.mobilitymedia.cdlsdk.test W/CoreAbstract: There is no observers for dongle [ stub mac address 0 ][ stub mac address 0 ]
10-21 08:40:06.977 3547-3560/de.mobilitymedia.cdlsdk.test V/AbstractCanBusManager: CanBus stopped [ stub mac address 0 ]
10-21 08:40:06.977 3547-3560/de.mobilitymedia.cdlsdk.test V/AbstractCanBusManager: Configurations running [ 0 ]
10-21 08:40:06.977 3547-3560/de.mobilitymedia.cdlsdk.test V/Diax: onStoppedListener: Diax is stopped.
10-21 08:40:06.977 3547-3560/de.mobilitymedia.cdlsdk.test V/SignalDelegate: Ready [ false ]
10-21 08:40:06.977 3547-3560/de.mobilitymedia.cdlsdk.test V/Diax: Diax ready [ false ]
10-21 08:40:06.977 3547-3560/de.mobilitymedia.cdlsdk.test V/DiaxCodeDelegate: We are about to un subscribe all subscribed listeners.
10-21 08:40:06.977 3547-3560/de.mobilitymedia.cdlsdk.test D/DiaxCodeDelegate: Listener un subscribed [ de.mobilitymedia.cdlsdk.CoreAbstract$2@4ed364b ][ 97606205 ][ 11 ]
10-21 08:40:06.977 3547-3560/de.mobilitymedia.cdlsdk.test D/DiaxCodeDelegate: Listener un subscribed [ de.mobilitymedia.cdlsdk.CoreAbstract$3@88d2828 ][ 97606205 ][ 10 ]
10-21 08:40:06.977 3547-3560/de.mobilitymedia.cdlsdk.test D/DiaxCodeDelegate: Listener un subscribed [ de.mobilitymedia.cdlsdk.CoreAbstract$1@d467941 ][ 97606205 ][ 9 ]
10-21 08:40:06.977 3547-3560/de.mobilitymedia.cdlsdk.test D/DiaxCodeDelegate: Listener un subscribed [ de.mobilitymedia.cdlsdk.CoreAbstract$4@9399ee6 ][ 97606205 ][ 8 ]
10-21 08:40:06.977 3547-3560/de.mobilitymedia.cdlsdk.test D/DiaxCodeDelegate: Listener un subscribed [ de.mobilitymedia.cdlsdk.CoreAbstract$5@7d6ec27 ][ 97606205 ][ 7 ]
10-21 08:40:06.977 3547-3560/de.mobilitymedia.cdlsdk.test D/DiaxCodeDelegate: Listener un subscribed [ de.mobilitymedia.connectors.commons.AbstractCanBusManager$1@fa09ed4 ][ 97606205 ][ 6 ]
10-21 08:40:06.977 3547-3560/de.mobilitymedia.cdlsdk.test D/DiaxCodeDelegate: Listener un subscribed [ de.mobilitymedia.connectors.commons.AbstractCanBusManager$2@3c0687d ][ 97606205 ][ 5 ]
10-21 08:40:06.977 3547-3560/de.mobilitymedia.cdlsdk.test D/DiaxCodeDelegate: Listener un subscribed [ de.mobilitymedia.connectors.diax.SignalDelegate$1@bd03232 ][ 97606205 ][ 4 ]
10-21 08:40:06.977 3547-3560/de.mobilitymedia.cdlsdk.test D/DiaxCodeDelegate: Listener un subscribed [ de.mobilitymedia.connectors.diax.commons.DiaxAbstract$1@14b3f7e ][ 97606205 ][ 3 ]
10-21 08:40:06.977 3547-3560/de.mobilitymedia.cdlsdk.test D/DiaxCodeDelegate: Listener un subscribed [ de.mobilitymedia.connectors.diax.commons.DiaxAbstract$2@3d69cdf ][ 97606205 ][ 2 ]
10-21 08:40:06.977 3547-3560/de.mobilitymedia.cdlsdk.test D/DiaxCodeDelegate: Listener un subscribed [ de.mobilitymedia.connectors.diax.commons.DiaxAbstract$3@9a6ed2c ][ 97606205 ][ 1 ]
10-21 08:40:06.977 3547-3560/de.mobilitymedia.cdlsdk.test D/DiaxCodeDelegate: Listener un subscribed [ de.mobilitymedia.connectors.diax.commons.DiaxAbstract$4@45e93f5 ][ 97606205 ][ 0 ]
10-21 08:40:06.977 3547-3560/de.mobilitymedia.cdlsdk.test V/DiaxCodeDelegate: We are about to keep bluetooth device bonding since preserved device bonding is set to [ true ]
10-21 08:40:06.979 3547-3605/de.mobilitymedia.cdlsdk.test I/DiaxController: Shut-Down called
10-21 08:40:07.059 3547-3603/de.mobilitymedia.cdlsdk.test V/DiaxCodeDelegate: [ new data ][ stub mac address 0 ][ progress ]
10-21 08:40:07.059 3547-3603/de.mobilitymedia.cdlsdk.test I/Obd2DatabaseImpl: Closed DB
10-21 08:40:07.059 3547-3603/de.mobilitymedia.cdlsdk.test I/DiaxController: Terminated diaX thread.
10-21 08:40:09.980 3547-3560/de.mobilitymedia.cdlsdk.test W/CoreAbstract: There is no observers for dongle [ stub mac address 0 ][ stub mac address 0 ]
10-21 08:40:09.980 3547-3560/de.mobilitymedia.cdlsdk.test V/ConnectorLibrary: Connector library is already initialized.
10-21 08:40:09.980 3547-3560/de.mobilitymedia.cdlsdk.test W/DiaxConfiguration: Diax configuration running in DEMO mode.
10-21 08:40:09.980 3547-3560/de.mobilitymedia.cdlsdk.test D/DiaxCodeDelegate: Listener subscribed [ de.mobilitymedia.cdlsdk.CoreAbstract$2@4ed364b ][ 95571117 ][ 1 ]
10-21 08:40:09.980 3547-3560/de.mobilitymedia.cdlsdk.test D/DiaxCodeDelegate: Listener subscribed [ de.mobilitymedia.cdlsdk.CoreAbstract$3@88d2828 ][ 95571117 ][ 2 ]
10-21 08:40:09.980 3547-3560/de.mobilitymedia.cdlsdk.test D/DiaxCodeDelegate: Listener subscribed [ de.mobilitymedia.cdlsdk.CoreAbstract$1@d467941 ][ 95571117 ][ 3 ]
10-21 08:40:09.980 3547-3560/de.mobilitymedia.cdlsdk.test D/DiaxCodeDelegate: Listener subscribed [ de.mobilitymedia.cdlsdk.CoreAbstract$4@9399ee6 ][ 95571117 ][ 4 ]
10-21 08:40:09.980 3547-3560/de.mobilitymedia.cdlsdk.test D/DiaxCodeDelegate: Listener subscribed [ de.mobilitymedia.cdlsdk.CoreAbstract$5@7d6ec27 ][ 95571117 ][ 5 ]
10-21 08:40:09.980 3547-3560/de.mobilitymedia.cdlsdk.test D/DiaxCodeDelegate: Listener subscribed [ de.mobilitymedia.connectors.commons.AbstractCanBusManager$1@fa09ed4 ][ 95571117 ][ 6 ]
10-21 08:40:09.981 3547-3560/de.mobilitymedia.cdlsdk.test D/DiaxCodeDelegate: Listener subscribed [ de.mobilitymedia.connectors.commons.AbstractCanBusManager$2@3c0687d ][ 95571117 ][ 7 ]
10-21 08:40:09.981 3547-3560/de.mobilitymedia.cdlsdk.test V/AbstractCanBusManager: [ before start ][ stub mac address 1 ]
10-21 08:40:09.981 3547-3560/de.mobilitymedia.cdlsdk.test V/AbstractCanBusManager: Configurations running [ 1 ]
10-21 08:40:09.981 3547-3560/de.mobilitymedia.cdlsdk.test D/DiaxCodeDelegate: Listener subscribed [ de.mobilitymedia.connectors.diax.SignalDelegate$1@b158be2 ][ 95571117 ][ 8 ]
10-21 08:40:09.981 3547-3560/de.mobilitymedia.cdlsdk.test V/VehicleIdentificationManagerImpl: Initializing DatabaseDownloadManager.
10-21 08:40:09.981 3547-3560/de.mobilitymedia.cdlsdk.test V/VehicleIdentificationManagerImpl: Initializing VehicleService.
10-21 08:40:09.981 3547-3560/de.mobilitymedia.cdlsdk.test V/VehicleIdentificationManagerImpl: Initializing OkHttpClient.
10-21 08:40:09.982 3547-3607/de.mobilitymedia.cdlsdk.test V/VehicleIdentificationManagerImpl: Initializing HttpLoggingInterceptor.
10-21 08:40:09.983 3547-3560/de.mobilitymedia.cdlsdk.test D/DatabaseDownloadManagerAbstract: Listener subscribed [ de.mobilitymedia.connectors.diax.DiaxCodeDelegate$2@edc6a30 ]
10-21 08:40:09.983 3547-3560/de.mobilitymedia.cdlsdk.test W/CoreAbstract: There is no observers for dongle [ stub mac address 1 ][ stub mac address 1 ]
10-21 08:40:09.983 3547-3560/de.mobilitymedia.cdlsdk.test V/AbstractCanBusManager: CanBus started [ stub mac address 1 ]
10-21 08:40:09.984 3547-3560/de.mobilitymedia.cdlsdk.test V/AbstractCanBusManager: We are about to apply CanBus configuration:
                                                                                   Vci: DEMO
                                                                                   User credentials: [stub, stub]
                                                                                   Dongle: [ stub mac address 1 ]
                                                                                   Pin: 25079851
                                                                                   Instance: de.mobilitymedia.connectors.diax.commons.Diax@d5406a9
10-21 08:40:09.984 3547-3560/de.mobilitymedia.cdlsdk.test D/DiaxCodeDelegate: Listener subscribed [ de.mobilitymedia.connectors.diax.commons.DiaxAbstract$1@467bcf ][ 95571117 ][ 9 ]
10-21 08:40:09.984 3547-3560/de.mobilitymedia.cdlsdk.test D/DiaxCodeDelegate: Listener subscribed [ de.mobilitymedia.connectors.diax.commons.DiaxAbstract$2@8d5f95c ][ 95571117 ][ 10 ]
10-21 08:40:09.985 3547-3560/de.mobilitymedia.cdlsdk.test D/DiaxCodeDelegate: Listener subscribed [ de.mobilitymedia.connectors.diax.commons.DiaxAbstract$3@e3d6465 ][ 95571117 ][ 11 ]
10-21 08:40:09.985 3547-3560/de.mobilitymedia.cdlsdk.test D/DiaxCodeDelegate: Listener subscribed [ de.mobilitymedia.connectors.diax.commons.DiaxAbstract$4@fd8b53a ][ 95571117 ][ 12 ]
10-21 08:40:09.985 3547-3608/de.mobilitymedia.cdlsdk.test D/DiaxCodeDelegate: [ start ][ stub mac address 1 ]
10-21 08:40:09.985 3547-3608/de.mobilitymedia.cdlsdk.test D/BluetoothDevices: Phone mac address:
10-21 08:40:09.986 3547-3608/de.mobilitymedia.cdlsdk.test D/ApplicationFactory: LANGUAGE [ en ]
10-21 08:40:10.015 3547-3608/de.mobilitymedia.cdlsdk.test I/DiaxController: Start-Up called
10-21 08:40:10.016 3547-3609/de.mobilitymedia.cdlsdk.test I/DiaxController: DiaX thread started
10-21 08:40:10.017 3547-3609/de.mobilitymedia.cdlsdk.test I/DiaxController: Initializing controller [ vci id: 1 ][ key: [C@b5905eb ][ data path: .\data ][ data filer: .*\.dat ]
10-21 08:40:10.043 3547-3609/de.mobilitymedia.cdlsdk.test V/DiaxController: Db path [ /data/user/0/de.mobilitymedia.cdlsdk.test/files/de.mobilitymedia.cdlsdk.test/databases ]
10-21 08:40:10.044 3547-3609/de.mobilitymedia.cdlsdk.test V/DiaxController: Db names:
                                                                            [ obd2db.sqlite ]
10-21 08:40:10.045 3547-3609/de.mobilitymedia.cdlsdk.test I/DiaxController: DiaX thread (re)initialized
10-21 08:40:10.057 3547-3609/de.mobilitymedia.cdlsdk.test I/StateMachine: Initializing databases
10-21 08:40:10.059 3547-3609/de.mobilitymedia.cdlsdk.test I/Obd2DatabaseImpl: Opened DB in 0 milliseconds
10-21 08:40:10.061 3547-3609/de.mobilitymedia.cdlsdk.test I/StateMachine: No database files provided for OEM diagnostics!
10-21 08:40:10.061 3547-3609/de.mobilitymedia.cdlsdk.test I/StateMachine: Databases initialized
10-21 08:40:10.061 3547-3609/de.mobilitymedia.cdlsdk.test V/DiaxCodeDelegate: [ new data ][ stub mac address 1 ][ progress ]
10-21 08:40:10.061 3547-3609/de.mobilitymedia.cdlsdk.test V/DiaxCodeDelegate: [ new data ][ stub mac address 1 ][ progress ]
10-21 08:40:10.061 3547-3609/de.mobilitymedia.cdlsdk.test I/VciState: Connecting VCI ...(1)
10-21 08:40:10.083 3547-3609/de.mobilitymedia.cdlsdk.test V/DiaxCodeDelegate: [ new data ][ stub mac address 1 ][ progress ]
10-21 08:40:10.083 3547-3609/de.mobilitymedia.cdlsdk.test I/VinState: VinState received new VciState: PDU_MODST_READY
10-21 08:40:10.101 3547-3609/de.mobilitymedia.cdlsdk.test I/Mode1Impl: Supported Variables: [EcuSupportVariable [ecuaddress=$7e8, supportVariableName=GASOLINE]]
10-21 08:40:10.102 3547-3609/de.mobilitymedia.cdlsdk.test I/VinState: Requesting VIN...
10-21 08:40:10.102 3547-3609/de.mobilitymedia.cdlsdk.test I/EcuAccessObdII: Check VIN support
10-21 08:40:10.102 3547-3609/de.mobilitymedia.cdlsdk.test I/EcuAccessObdII: Request for VIN...
10-21 08:40:10.103 3547-3609/de.mobilitymedia.cdlsdk.test I/VinState: Detected VIN: 12345678901234567
10-21 08:40:10.103 3547-3609/de.mobilitymedia.cdlsdk.test V/DiaxCodeDelegate: [ new data ][ stub mac address 1 ][ vin ]
10-21 08:40:10.103 3547-3609/de.mobilitymedia.cdlsdk.test W/DiaxController: Using demo mode vin [ VF1BZ0V0640659912 ]
10-21 08:40:10.104 3547-3609/de.mobilitymedia.cdlsdk.test V/DiaxCodeDelegate: We are about to notify OnVinListener [ de.mobilitymedia.cdlsdk.CoreAbstract$4@9399ee6 ]
10-21 08:40:10.104 3547-3609/de.mobilitymedia.cdlsdk.test I/CoreAbstract: VIN detected [ VF1BZ0V0640659912 ]
10-21 08:40:10.104 3547-3609/de.mobilitymedia.cdlsdk.test W/CoreAbstract: There is no observers for dongle [ stub mac address 1 ][ stub mac address 1 ]
10-21 08:40:10.109 3547-3609/de.mobilitymedia.cdlsdk.test V/DiaxCodeDelegate: [ new data ][ stub mac address 1 ][ /status ]
10-21 08:40:10.110 3547-3609/de.mobilitymedia.cdlsdk.test D/DiaxCodeDelegate: Status data received:
                                                                              [ stub mac address 1 ]
                                                                              [ Dummy-VCI ]
                                                                              [ 1.2.43 ]
                                                                              [ 2016.01.02.44 ]
10-21 08:40:10.114 3547-3609/de.mobilitymedia.cdlsdk.test I/EcuState: Entering ECU state
10-21 08:40:10.114 3547-3609/de.mobilitymedia.cdlsdk.test I/EcuState: EcuState received new VciState: PDU_MODST_READY
10-21 08:40:10.114 3547-3609/de.mobilitymedia.cdlsdk.test V/DiaxCodeDelegate: [ new data ][ stub mac address 1 ][ progress ]
10-21 08:40:10.117 3547-3608/de.mobilitymedia.cdlsdk.test V/DiaxCodeDelegate: [ start ][ stub mac address 1 ] We are about to start waiting for Diax.
10-21 08:40:10.125 3547-3609/de.mobilitymedia.cdlsdk.test V/DiaxCodeDelegate: [ new data ][ stub mac address 1 ][ /vci ]
10-21 08:40:10.125 3547-3609/de.mobilitymedia.cdlsdk.test W/DiaxController: Using demo mode vci.
10-21 08:40:10.125 3547-3609/de.mobilitymedia.cdlsdk.test D/DiaxCodeDelegate: Vci data received:
                                                                              [ stub mac address 1 ]
                                                                              [ demo_id ]
                                                                              [ MomeDongle_DEMO ]
                                                                              [ 00.07.04.09.02.00 ]
                                                                              [ BLUETOOTH ]
10-21 08:40:10.125 3547-3609/de.mobilitymedia.cdlsdk.test W/DiaxController: Using demo mode vin [ VF1BZ0V0640659912 ]
10-21 08:40:10.126 3547-3609/de.mobilitymedia.cdlsdk.test W/DiaxController: Using demo mode vci.
10-21 08:40:10.126 3547-3609/de.mobilitymedia.cdlsdk.test V/VehicleIdentificationManagerImpl: Scheduling identification [ VF1BZ0V0640659912_1.2.43_00 ]
10-21 08:40:10.126 3547-3609/de.mobilitymedia.cdlsdk.test D/DatabaseDownloadManagerAbstract: Listener subscribed [ de.mobilitymedia.vehicleident.VehicleIdentificationManagerImplAbstract$1@5bfe95d ]
10-21 08:40:10.126 3547-3579/de.mobilitymedia.cdlsdk.test V/VehicleIdentificationManagerImpl: Initializing Identifications.
10-21 08:40:10.126 3547-3579/de.mobilitymedia.cdlsdk.test V/IdentificationsAbstract: Querying identifications [ VF1BZ0V0640659912_1.2.43_00 ]
10-21 08:40:10.126 3547-3579/de.mobilitymedia.cdlsdk.test D/VehicleIdentificationManagerImpl: No successful identification performed in last 24 hours [ VF1BZ0V0640659912_1.2.43_00 ]
10-21 08:40:10.132 3547-3609/de.mobilitymedia.cdlsdk.test V/DiaxCodeDelegate: [ new data ][ stub mac address 1 ][ /avs ]
10-21 08:40:10.133 3547-3609/de.mobilitymedia.cdlsdk.test D/DiaxCodeDelegate: Avs data received: {"avs":[{"uuidlink":"/av/0238ab35-8664-48ad-a21d-be742e3f7737","address":"$7e8","name":{"isodesc":"Vehicle speed sensor","id":27011,"shortdesc":"VSS"},"unit":{"isodesc":"km/h","id":11066},"source":"OBDII","link":"/ecu/OBDII/av/VSS","uuid":"0238ab35-8664-48ad-a21d-be742e3f7737"},{"uuidlink":"/av/0784e538-a061-4a80-a0b7-078f0286686a","address":"$7e8","name":{"isodesc":"Engine RPM","id":11805,"shortdesc":"RPM"},"unit":{"isodesc":"1/min","id":11059},"source":"OBDII","link":"/ecu/OBDII/av/RPM","uuid":"0784e538-a061-4a80-a0b7-078f0286686a"},{"uuidlink":"/av/086b9547-b682-4eae-94f5-cde889501882","address":"$7e8","name":{"isodesc":"MIL status","id":61130,"shortdesc":"MIL"},"source":"OBDII","link":"/ecu/OBDII/av/MIL","uuid":"086b9547-b682-4eae-94f5-cde889501882"}],"exectime":0,"uplink":"/"}
10-21 08:40:10.133 3547-3609/de.mobilitymedia.cdlsdk.test W/DiaxCodeDelegate: [ missing data ][ stub mac address 1 ]
10-21 08:40:10.133 3547-3609/de.mobilitymedia.cdlsdk.test V/DiaxCodeDelegate: [ new data ][ stub mac address 1 ][ progress ]
10-21 08:40:10.139 3547-3608/de.mobilitymedia.cdlsdk.test V/DiaxCodeDelegate: [ start ][ stub mac address 1 ] We are notified about Diax.
10-21 08:40:10.139 3547-3609/de.mobilitymedia.cdlsdk.test W/CoreAbstract: There is no observers for dongle [ stub mac address 1 ][ stub mac address 1 ]
10-21 08:40:10.139 3547-3609/de.mobilitymedia.cdlsdk.test V/SignalDelegate: Ready [ true ]
10-21 08:40:10.139 3547-3608/de.mobilitymedia.cdlsdk.test I/DiaxCodeDelegate: VCI Idle
10-21 08:40:10.139 3547-3609/de.mobilitymedia.cdlsdk.test W/SignalDelegate: Cannot run signal timer. No valid subscribers found.
10-21 08:40:10.139 3547-3609/de.mobilitymedia.cdlsdk.test V/Diax: Diax ready [ true ]
10-21 08:40:11.628 3547-3579/de.mobilitymedia.cdlsdk.test I/VehicleIdentificationManagerImpl: Vehicles [ 0 ]
10-21 08:40:11.628 3547-3579/de.mobilitymedia.cdlsdk.test V/VehicleIdentificationManagerImpl: We notified vehicle identification listeners [ count: 0 ][ vin: VF1BZ0V0640659912 ][ success: false ]
10-21 08:40:11.628 3547-3579/de.mobilitymedia.cdlsdk.test V/VehicleIdentificationManagerImpl: Scheduled identification executed [ success: false ][ VF1BZ0V0640659912_1.2.43_00 ]
10-21 08:40:11.628 3547-3579/de.mobilitymedia.cdlsdk.test D/DatabaseDownloadManagerAbstract: Listener un subscribed [ de.mobilitymedia.vehicleident.VehicleIdentificationManagerImplAbstract$1@5bfe95d ]
10-21 08:40:12.986 3547-3560/de.mobilitymedia.cdlsdk.test V/DongleTest: Dongle test iteration [ 2 ]
10-21 08:40:12.986 3547-3560/de.mobilitymedia.cdlsdk.test W/DongleTest: Error setting dongle: java.lang.IllegalStateException: Core already running. Please stop it before set dongle.
10-21 08:40:12.986 3547-3560/de.mobilitymedia.cdlsdk.test V/DongleTest: Failed setting dongle [ true ]
10-21 08:40:12.986 3547-3560/de.mobilitymedia.cdlsdk.test W/CoreAbstract: There is no observers for dongle [ stub mac address 1 ][ stub mac address 1 ]
10-21 08:40:12.986 3547-3560/de.mobilitymedia.cdlsdk.test V/AbstractCanBusManager: [ before stop ][ stub mac address 1 ]
10-21 08:40:12.986 3547-3560/de.mobilitymedia.cdlsdk.test D/DatabaseDownloadManagerAbstract: Listener un subscribed [ de.mobilitymedia.connectors.diax.DiaxCodeDelegate$2@edc6a30 ]
10-21 08:40:12.986 3547-3560/de.mobilitymedia.cdlsdk.test D/DiaxCodeDelegate: [ stop ][ stub mac address 1 ]
10-21 08:40:12.986 3547-3560/de.mobilitymedia.cdlsdk.test W/CoreAbstract: There is no observers for dongle [ stub mac address 1 ][ stub mac address 1 ]
10-21 08:40:12.987 3547-3560/de.mobilitymedia.cdlsdk.test V/AbstractCanBusManager: CanBus stopped [ stub mac address 1 ]
10-21 08:40:12.987 3547-3560/de.mobilitymedia.cdlsdk.test V/AbstractCanBusManager: Configurations running [ 0 ]
10-21 08:40:12.987 3547-3560/de.mobilitymedia.cdlsdk.test V/Diax: onStoppedListener: Diax is stopped.
10-21 08:40:12.987 3547-3560/de.mobilitymedia.cdlsdk.test V/SignalDelegate: Ready [ false ]
10-21 08:40:12.987 3547-3560/de.mobilitymedia.cdlsdk.test V/Diax: Diax ready [ false ]
10-21 08:40:12.987 3547-3560/de.mobilitymedia.cdlsdk.test V/DiaxCodeDelegate: We are about to un subscribe all subscribed listeners.
10-21 08:40:12.987 3547-3560/de.mobilitymedia.cdlsdk.test D/DiaxCodeDelegate: Listener un subscribed [ de.mobilitymedia.cdlsdk.CoreAbstract$2@4ed364b ][ 95571117 ][ 11 ]
10-21 08:40:12.987 3547-3560/de.mobilitymedia.cdlsdk.test D/DiaxCodeDelegate: Listener un subscribed [ de.mobilitymedia.cdlsdk.CoreAbstract$3@88d2828 ][ 95571117 ][ 10 ]
10-21 08:40:12.987 3547-3560/de.mobilitymedia.cdlsdk.test D/DiaxCodeDelegate: Listener un subscribed [ de.mobilitymedia.cdlsdk.CoreAbstract$1@d467941 ][ 95571117 ][ 9 ]
10-21 08:40:12.988 3547-3560/de.mobilitymedia.cdlsdk.test D/DiaxCodeDelegate: Listener un subscribed [ de.mobilitymedia.cdlsdk.CoreAbstract$4@9399ee6 ][ 95571117 ][ 8 ]
10-21 08:40:12.988 3547-3560/de.mobilitymedia.cdlsdk.test D/DiaxCodeDelegate: Listener un subscribed [ de.mobilitymedia.cdlsdk.CoreAbstract$5@7d6ec27 ][ 95571117 ][ 7 ]
10-21 08:40:12.988 3547-3560/de.mobilitymedia.cdlsdk.test D/DiaxCodeDelegate: Listener un subscribed [ de.mobilitymedia.connectors.commons.AbstractCanBusManager$1@fa09ed4 ][ 95571117 ][ 6 ]
10-21 08:40:12.988 3547-3560/de.mobilitymedia.cdlsdk.test D/DiaxCodeDelegate: Listener un subscribed [ de.mobilitymedia.connectors.commons.AbstractCanBusManager$2@3c0687d ][ 95571117 ][ 5 ]
10-21 08:40:12.988 3547-3560/de.mobilitymedia.cdlsdk.test D/DiaxCodeDelegate: Listener un subscribed [ de.mobilitymedia.connectors.diax.SignalDelegate$1@b158be2 ][ 95571117 ][ 4 ]
10-21 08:40:12.988 3547-3560/de.mobilitymedia.cdlsdk.test D/DiaxCodeDelegate: Listener un subscribed [ de.mobilitymedia.connectors.diax.commons.DiaxAbstract$1@467bcf ][ 95571117 ][ 3 ]
10-21 08:40:12.988 3547-3560/de.mobilitymedia.cdlsdk.test D/DiaxCodeDelegate: Listener un subscribed [ de.mobilitymedia.connectors.diax.commons.DiaxAbstract$2@8d5f95c ][ 95571117 ][ 2 ]
10-21 08:40:12.988 3547-3560/de.mobilitymedia.cdlsdk.test D/DiaxCodeDelegate: Listener un subscribed [ de.mobilitymedia.connectors.diax.commons.DiaxAbstract$3@e3d6465 ][ 95571117 ][ 1 ]
10-21 08:40:12.989 3547-3560/de.mobilitymedia.cdlsdk.test D/DiaxCodeDelegate: Listener un subscribed [ de.mobilitymedia.connectors.diax.commons.DiaxAbstract$4@fd8b53a ][ 95571117 ][ 0 ]
10-21 08:40:12.989 3547-3560/de.mobilitymedia.cdlsdk.test V/DiaxCodeDelegate: We are about to keep bluetooth device bonding since preserved device bonding is set to [ true ]
10-21 08:40:12.990 3547-3611/de.mobilitymedia.cdlsdk.test I/DiaxController: Shut-Down called
10-21 08:40:13.051 3547-3609/de.mobilitymedia.cdlsdk.test V/DiaxCodeDelegate: [ new data ][ stub mac address 1 ][ progress ]
10-21 08:40:13.051 3547-3609/de.mobilitymedia.cdlsdk.test I/Obd2DatabaseImpl: Closed DB
10-21 08:40:13.051 3547-3609/de.mobilitymedia.cdlsdk.test I/DiaxController: Terminated diaX thread.
10-21 08:40:15.990 3547-3560/de.mobilitymedia.cdlsdk.test W/CoreAbstract: There is no observers for dongle [ stub mac address 1 ][ stub mac address 1 ]
10-21 08:40:15.990 3547-3560/de.mobilitymedia.cdlsdk.test V/ConnectorLibrary: Connector library is already initialized.
10-21 08:40:15.990 3547-3560/de.mobilitymedia.cdlsdk.test W/DiaxConfiguration: Diax configuration running in DEMO mode.
10-21 08:40:15.990 3547-3560/de.mobilitymedia.cdlsdk.test D/DiaxCodeDelegate: Listener subscribed [ de.mobilitymedia.cdlsdk.CoreAbstract$2@4ed364b ][ 117223826 ][ 1 ]
10-21 08:40:15.990 3547-3560/de.mobilitymedia.cdlsdk.test D/DiaxCodeDelegate: Listener subscribed [ de.mobilitymedia.cdlsdk.CoreAbstract$3@88d2828 ][ 117223826 ][ 2 ]
10-21 08:40:15.990 3547-3560/de.mobilitymedia.cdlsdk.test D/DiaxCodeDelegate: Listener subscribed [ de.mobilitymedia.cdlsdk.CoreAbstract$1@d467941 ][ 117223826 ][ 3 ]
10-21 08:40:15.990 3547-3560/de.mobilitymedia.cdlsdk.test D/DiaxCodeDelegate: Listener subscribed [ de.mobilitymedia.cdlsdk.CoreAbstract$4@9399ee6 ][ 117223826 ][ 4 ]
10-21 08:40:15.990 3547-3560/de.mobilitymedia.cdlsdk.test D/DiaxCodeDelegate: Listener subscribed [ de.mobilitymedia.cdlsdk.CoreAbstract$5@7d6ec27 ][ 117223826 ][ 5 ]
10-21 08:40:15.990 3547-3560/de.mobilitymedia.cdlsdk.test D/DiaxCodeDelegate: Listener subscribed [ de.mobilitymedia.connectors.commons.AbstractCanBusManager$1@fa09ed4 ][ 117223826 ][ 6 ]
10-21 08:40:15.990 3547-3560/de.mobilitymedia.cdlsdk.test D/DiaxCodeDelegate: Listener subscribed [ de.mobilitymedia.connectors.commons.AbstractCanBusManager$2@3c0687d ][ 117223826 ][ 7 ]
10-21 08:40:15.991 3547-3560/de.mobilitymedia.cdlsdk.test V/AbstractCanBusManager: [ before start ][ stub mac address 2 ]
10-21 08:40:15.991 3547-3560/de.mobilitymedia.cdlsdk.test V/AbstractCanBusManager: Configurations running [ 1 ]
10-21 08:40:15.991 3547-3560/de.mobilitymedia.cdlsdk.test D/DiaxCodeDelegate: Listener subscribed [ de.mobilitymedia.connectors.diax.SignalDelegate$1@9e4763 ][ 117223826 ][ 8 ]
10-21 08:40:15.991 3547-3560/de.mobilitymedia.cdlsdk.test D/DatabaseDownloadManagerAbstract: Listener subscribed [ de.mobilitymedia.connectors.diax.DiaxCodeDelegate$2@6b6bf60 ]
10-21 08:40:15.991 3547-3560/de.mobilitymedia.cdlsdk.test W/CoreAbstract: There is no observers for dongle [ stub mac address 2 ][ stub mac address 2 ]
10-21 08:40:15.991 3547-3560/de.mobilitymedia.cdlsdk.test V/AbstractCanBusManager: CanBus started [ stub mac address 2 ]
10-21 08:40:15.991 3547-3560/de.mobilitymedia.cdlsdk.test V/AbstractCanBusManager: We are about to apply CanBus configuration:
                                                                                   Vci: DEMO
                                                                                   User credentials: [stub, stub]
                                                                                   Dongle: [ stub mac address 2 ]
                                                                                   Pin: 25079852
                                                                                   Instance: de.mobilitymedia.connectors.diax.commons.Diax@e5eec19
10-21 08:40:15.991 3547-3560/de.mobilitymedia.cdlsdk.test D/DiaxCodeDelegate: Listener subscribed [ de.mobilitymedia.connectors.diax.commons.DiaxAbstract$1@ca3f6bf ][ 117223826 ][ 9 ]
10-21 08:40:15.991 3547-3560/de.mobilitymedia.cdlsdk.test D/DiaxCodeDelegate: Listener subscribed [ de.mobilitymedia.connectors.diax.commons.DiaxAbstract$2@db8718c ][ 117223826 ][ 10 ]
10-21 08:40:15.991 3547-3560/de.mobilitymedia.cdlsdk.test D/DiaxCodeDelegate: Listener subscribed [ de.mobilitymedia.connectors.diax.commons.DiaxAbstract$3@86930d5 ][ 117223826 ][ 11 ]
10-21 08:40:15.991 3547-3560/de.mobilitymedia.cdlsdk.test D/DiaxCodeDelegate: Listener subscribed [ de.mobilitymedia.connectors.diax.commons.DiaxAbstract$4@b68e0ea ][ 117223826 ][ 12 ]
10-21 08:40:15.992 3547-3614/de.mobilitymedia.cdlsdk.test D/DiaxCodeDelegate: [ start ][ stub mac address 2 ]
10-21 08:40:15.993 3547-3614/de.mobilitymedia.cdlsdk.test D/BluetoothDevices: Phone mac address:
10-21 08:40:15.993 3547-3614/de.mobilitymedia.cdlsdk.test D/ApplicationFactory: LANGUAGE [ en ]
10-21 08:40:16.015 3547-3614/de.mobilitymedia.cdlsdk.test I/DiaxController: Start-Up called
10-21 08:40:16.017 3547-3615/de.mobilitymedia.cdlsdk.test I/DiaxController: DiaX thread started
10-21 08:40:16.017 3547-3615/de.mobilitymedia.cdlsdk.test I/DiaxController: Initializing controller [ vci id: 1 ][ key: [C@f2b3fdb ][ data path: .\data ][ data filer: .*\.dat ]
10-21 08:40:16.035 3547-3615/de.mobilitymedia.cdlsdk.test V/DiaxController: Db path [ /data/user/0/de.mobilitymedia.cdlsdk.test/files/de.mobilitymedia.cdlsdk.test/databases ]
10-21 08:40:16.035 3547-3615/de.mobilitymedia.cdlsdk.test V/DiaxController: Db names:
                                                                            [ obd2db.sqlite ]
10-21 08:40:16.036 3547-3615/de.mobilitymedia.cdlsdk.test I/DiaxController: DiaX thread (re)initialized
10-21 08:40:16.047 3547-3615/de.mobilitymedia.cdlsdk.test I/StateMachine: Initializing databases
10-21 08:40:16.049 3547-3615/de.mobilitymedia.cdlsdk.test I/Obd2DatabaseImpl: Opened DB in 1 milliseconds
10-21 08:40:16.050 3547-3615/de.mobilitymedia.cdlsdk.test I/StateMachine: No database files provided for OEM diagnostics!
10-21 08:40:16.050 3547-3615/de.mobilitymedia.cdlsdk.test I/StateMachine: Databases initialized
10-21 08:40:16.050 3547-3615/de.mobilitymedia.cdlsdk.test V/DiaxCodeDelegate: [ new data ][ stub mac address 2 ][ progress ]
10-21 08:40:16.050 3547-3615/de.mobilitymedia.cdlsdk.test V/DiaxCodeDelegate: [ new data ][ stub mac address 2 ][ progress ]
10-21 08:40:16.050 3547-3615/de.mobilitymedia.cdlsdk.test I/VciState: Connecting VCI ...(1)
10-21 08:40:16.071 3547-3615/de.mobilitymedia.cdlsdk.test V/DiaxCodeDelegate: [ new data ][ stub mac address 2 ][ progress ]
10-21 08:40:16.071 3547-3615/de.mobilitymedia.cdlsdk.test I/VinState: VinState received new VciState: PDU_MODST_READY
10-21 08:40:16.087 3547-3615/de.mobilitymedia.cdlsdk.test I/Mode1Impl: Supported Variables: [EcuSupportVariable [ecuaddress=$7e8, supportVariableName=GASOLINE]]
10-21 08:40:16.087 3547-3615/de.mobilitymedia.cdlsdk.test I/VinState: Requesting VIN...
10-21 08:40:16.087 3547-3615/de.mobilitymedia.cdlsdk.test I/EcuAccessObdII: Check VIN support
10-21 08:40:16.087 3547-3615/de.mobilitymedia.cdlsdk.test I/EcuAccessObdII: Request for VIN...
10-21 08:40:16.088 3547-3615/de.mobilitymedia.cdlsdk.test I/VinState: Detected VIN: 12345678901234567
10-21 08:40:16.088 3547-3615/de.mobilitymedia.cdlsdk.test V/DiaxCodeDelegate: [ new data ][ stub mac address 2 ][ vin ]
10-21 08:40:16.088 3547-3615/de.mobilitymedia.cdlsdk.test W/DiaxController: Using demo mode vin [ VF1BZ0V0640659912 ]
10-21 08:40:16.088 3547-3615/de.mobilitymedia.cdlsdk.test V/DiaxCodeDelegate: We are about to notify OnVinListener [ de.mobilitymedia.cdlsdk.CoreAbstract$4@9399ee6 ]
10-21 08:40:16.088 3547-3615/de.mobilitymedia.cdlsdk.test I/CoreAbstract: VIN detected [ VF1BZ0V0640659912 ]
10-21 08:40:16.088 3547-3615/de.mobilitymedia.cdlsdk.test W/CoreAbstract: There is no observers for dongle [ stub mac address 2 ][ stub mac address 2 ]
10-21 08:40:16.090 3547-3615/de.mobilitymedia.cdlsdk.test V/DiaxCodeDelegate: [ new data ][ stub mac address 2 ][ /status ]
10-21 08:40:16.091 3547-3615/de.mobilitymedia.cdlsdk.test D/DiaxCodeDelegate: Status data received:
                                                                              [ stub mac address 2 ]
                                                                              [ Dummy-VCI ]
                                                                              [ 1.2.43 ]
                                                                              [ 2016.01.02.44 ]
10-21 08:40:16.091 3547-3615/de.mobilitymedia.cdlsdk.test I/EcuState: Entering ECU state
10-21 08:40:16.091 3547-3615/de.mobilitymedia.cdlsdk.test I/EcuState: EcuState received new VciState: PDU_MODST_READY
10-21 08:40:16.092 3547-3615/de.mobilitymedia.cdlsdk.test V/DiaxCodeDelegate: [ new data ][ stub mac address 2 ][ progress ]
10-21 08:40:16.103 3547-3615/de.mobilitymedia.cdlsdk.test V/DiaxCodeDelegate: [ new data ][ stub mac address 2 ][ /vci ]
10-21 08:40:16.103 3547-3615/de.mobilitymedia.cdlsdk.test W/DiaxController: Using demo mode vci.
10-21 08:40:16.103 3547-3615/de.mobilitymedia.cdlsdk.test D/DiaxCodeDelegate: Vci data received:
                                                                              [ stub mac address 2 ]
                                                                              [ demo_id ]
                                                                              [ MomeDongle_DEMO ]
                                                                              [ 00.07.04.09.02.00 ]
                                                                              [ BLUETOOTH ]
10-21 08:40:16.103 3547-3615/de.mobilitymedia.cdlsdk.test W/DiaxController: Using demo mode vin [ VF1BZ0V0640659912 ]
10-21 08:40:16.104 3547-3615/de.mobilitymedia.cdlsdk.test W/DiaxController: Using demo mode vci.
10-21 08:40:16.104 3547-3615/de.mobilitymedia.cdlsdk.test V/VehicleIdentificationManagerImpl: Scheduling identification [ VF1BZ0V0640659912_1.2.43_00 ]
10-21 08:40:16.105 3547-3615/de.mobilitymedia.cdlsdk.test D/DatabaseDownloadManagerAbstract: Listener subscribed [ de.mobilitymedia.vehicleident.VehicleIdentificationManagerImplAbstract$1@5bfe95d ]
10-21 08:40:16.105 3547-3589/de.mobilitymedia.cdlsdk.test V/IdentificationsAbstract: Querying identifications [ VF1BZ0V0640659912_1.2.43_00 ]
10-21 08:40:16.105 3547-3589/de.mobilitymedia.cdlsdk.test D/VehicleIdentificationManagerImpl: No successful identification performed in last 24 hours [ VF1BZ0V0640659912_1.2.43_00 ]
10-21 08:40:16.111 3547-3615/de.mobilitymedia.cdlsdk.test V/DiaxCodeDelegate: [ new data ][ stub mac address 2 ][ /avs ]
10-21 08:40:16.111 3547-3615/de.mobilitymedia.cdlsdk.test D/DiaxCodeDelegate: Avs data received: {"avs":[{"uuidlink":"/av/0238ab35-8664-48ad-a21d-be742e3f7737","address":"$7e8","name":{"isodesc":"Vehicle speed sensor","id":27011,"shortdesc":"VSS"},"unit":{"isodesc":"km/h","id":11066},"source":"OBDII","link":"/ecu/OBDII/av/VSS","uuid":"0238ab35-8664-48ad-a21d-be742e3f7737"},{"uuidlink":"/av/0784e538-a061-4a80-a0b7-078f0286686a","address":"$7e8","name":{"isodesc":"Engine RPM","id":11805,"shortdesc":"RPM"},"unit":{"isodesc":"1/min","id":11059},"source":"OBDII","link":"/ecu/OBDII/av/RPM","uuid":"0784e538-a061-4a80-a0b7-078f0286686a"},{"uuidlink":"/av/086b9547-b682-4eae-94f5-cde889501882","address":"$7e8","name":{"isodesc":"MIL status","id":61130,"shortdesc":"MIL"},"source":"OBDII","link":"/ecu/OBDII/av/MIL","uuid":"086b9547-b682-4eae-94f5-cde889501882"}],"exectime":0,"uplink":"/"}
10-21 08:40:16.111 3547-3615/de.mobilitymedia.cdlsdk.test W/DiaxCodeDelegate: [ missing data ][ stub mac address 2 ]
10-21 08:40:16.111 3547-3615/de.mobilitymedia.cdlsdk.test V/DiaxCodeDelegate: [ new data ][ stub mac address 2 ][ progress ]
10-21 08:40:16.117 3547-3614/de.mobilitymedia.cdlsdk.test V/DiaxCodeDelegate: [ start ][ stub mac address 2 ] We are about to start waiting for Diax.
10-21 08:40:16.117 3547-3615/de.mobilitymedia.cdlsdk.test W/CoreAbstract: There is no observers for dongle [ stub mac address 2 ][ stub mac address 2 ]
10-21 08:40:16.117 3547-3615/de.mobilitymedia.cdlsdk.test V/SignalDelegate: Ready [ true ]
10-21 08:40:16.117 3547-3615/de.mobilitymedia.cdlsdk.test W/SignalDelegate: Cannot run signal timer. No valid subscribers found.
10-21 08:40:16.117 3547-3615/de.mobilitymedia.cdlsdk.test V/Diax: Diax ready [ true ]
10-21 08:40:16.117 3547-3614/de.mobilitymedia.cdlsdk.test V/DiaxCodeDelegate: [ start ][ stub mac address 2 ] We are notified about Diax.
10-21 08:40:16.117 3547-3614/de.mobilitymedia.cdlsdk.test I/DiaxCodeDelegate: VCI Idle
10-21 08:40:17.608 3547-3589/de.mobilitymedia.cdlsdk.test I/VehicleIdentificationManagerImpl: Vehicles [ 0 ]
10-21 08:40:17.608 3547-3589/de.mobilitymedia.cdlsdk.test V/VehicleIdentificationManagerImpl: We notified vehicle identification listeners [ count: 0 ][ vin: VF1BZ0V0640659912 ][ success: false ]
10-21 08:40:17.608 3547-3589/de.mobilitymedia.cdlsdk.test V/VehicleIdentificationManagerImpl: Scheduled identification executed [ success: false ][ VF1BZ0V0640659912_1.2.43_00 ]
10-21 08:40:17.608 3547-3589/de.mobilitymedia.cdlsdk.test D/DatabaseDownloadManagerAbstract: Listener un subscribed [ de.mobilitymedia.vehicleident.VehicleIdentificationManagerImplAbstract$1@5bfe95d ]
10-21 08:40:18.992 3547-3560/de.mobilitymedia.cdlsdk.test W/CoreAbstract: There is no observers for dongle [ stub mac address 2 ][ stub mac address 2 ]
10-21 08:40:18.992 3547-3560/de.mobilitymedia.cdlsdk.test V/AbstractCanBusManager: [ before stop ][ stub mac address 2 ]
10-21 08:40:18.992 3547-3560/de.mobilitymedia.cdlsdk.test D/DatabaseDownloadManagerAbstract: Listener un subscribed [ de.mobilitymedia.connectors.diax.DiaxCodeDelegate$2@6b6bf60 ]
10-21 08:40:18.992 3547-3560/de.mobilitymedia.cdlsdk.test D/DiaxCodeDelegate: [ stop ][ stub mac address 2 ]
10-21 08:40:18.992 3547-3560/de.mobilitymedia.cdlsdk.test W/CoreAbstract: There is no observers for dongle [ stub mac address 2 ][ stub mac address 2 ]
10-21 08:40:18.993 3547-3560/de.mobilitymedia.cdlsdk.test V/AbstractCanBusManager: CanBus stopped [ stub mac address 2 ]
10-21 08:40:18.993 3547-3560/de.mobilitymedia.cdlsdk.test V/AbstractCanBusManager: Configurations running [ 0 ]
10-21 08:40:18.993 3547-3560/de.mobilitymedia.cdlsdk.test V/Diax: onStoppedListener: Diax is stopped.
10-21 08:40:18.993 3547-3560/de.mobilitymedia.cdlsdk.test V/SignalDelegate: Ready [ false ]
10-21 08:40:18.993 3547-3560/de.mobilitymedia.cdlsdk.test V/Diax: Diax ready [ false ]
10-21 08:40:18.993 3547-3560/de.mobilitymedia.cdlsdk.test V/DiaxCodeDelegate: We are about to un subscribe all subscribed listeners.
10-21 08:40:18.993 3547-3560/de.mobilitymedia.cdlsdk.test D/DiaxCodeDelegate: Listener un subscribed [ de.mobilitymedia.cdlsdk.CoreAbstract$2@4ed364b ][ 117223826 ][ 11 ]
10-21 08:40:18.993 3547-3560/de.mobilitymedia.cdlsdk.test D/DiaxCodeDelegate: Listener un subscribed [ de.mobilitymedia.cdlsdk.CoreAbstract$3@88d2828 ][ 117223826 ][ 10 ]
10-21 08:40:18.993 3547-3560/de.mobilitymedia.cdlsdk.test D/DiaxCodeDelegate: Listener un subscribed [ de.mobilitymedia.cdlsdk.CoreAbstract$1@d467941 ][ 117223826 ][ 9 ]
10-21 08:40:18.993 3547-3560/de.mobilitymedia.cdlsdk.test D/DiaxCodeDelegate: Listener un subscribed [ de.mobilitymedia.cdlsdk.CoreAbstract$4@9399ee6 ][ 117223826 ][ 8 ]
10-21 08:40:18.993 3547-3560/de.mobilitymedia.cdlsdk.test D/DiaxCodeDelegate: Listener un subscribed [ de.mobilitymedia.cdlsdk.CoreAbstract$5@7d6ec27 ][ 117223826 ][ 7 ]
10-21 08:40:18.993 3547-3560/de.mobilitymedia.cdlsdk.test D/DiaxCodeDelegate: Listener un subscribed [ de.mobilitymedia.connectors.commons.AbstractCanBusManager$1@fa09ed4 ][ 117223826 ][ 6 ]
10-21 08:40:18.993 3547-3560/de.mobilitymedia.cdlsdk.test D/DiaxCodeDelegate: Listener un subscribed [ de.mobilitymedia.connectors.commons.AbstractCanBusManager$2@3c0687d ][ 117223826 ][ 5 ]
10-21 08:40:18.993 3547-3560/de.mobilitymedia.cdlsdk.test D/DiaxCodeDelegate: Listener un subscribed [ de.mobilitymedia.connectors.diax.SignalDelegate$1@9e4763 ][ 117223826 ][ 4 ]
10-21 08:40:18.993 3547-3560/de.mobilitymedia.cdlsdk.test D/DiaxCodeDelegate: Listener un subscribed [ de.mobilitymedia.connectors.diax.commons.DiaxAbstract$1@ca3f6bf ][ 117223826 ][ 3 ]
10-21 08:40:18.993 3547-3560/de.mobilitymedia.cdlsdk.test D/DiaxCodeDelegate: Listener un subscribed [ de.mobilitymedia.connectors.diax.commons.DiaxAbstract$2@db8718c ][ 117223826 ][ 2 ]
10-21 08:40:18.993 3547-3560/de.mobilitymedia.cdlsdk.test D/DiaxCodeDelegate: Listener un subscribed [ de.mobilitymedia.connectors.diax.commons.DiaxAbstract$3@86930d5 ][ 117223826 ][ 1 ]
10-21 08:40:18.993 3547-3560/de.mobilitymedia.cdlsdk.test D/DiaxCodeDelegate: Listener un subscribed [ de.mobilitymedia.connectors.diax.commons.DiaxAbstract$4@b68e0ea ][ 117223826 ][ 0 ]
10-21 08:40:18.993 3547-3560/de.mobilitymedia.cdlsdk.test V/DiaxCodeDelegate: We are about to keep bluetooth device bonding since preserved device bonding is set to [ true ]
10-21 08:40:18.994 3547-3617/de.mobilitymedia.cdlsdk.test I/DiaxController: Shut-Down called
10-21 08:40:19.024 3547-3615/de.mobilitymedia.cdlsdk.test V/DiaxCodeDelegate: [ new data ][ stub mac address 2 ][ progress ]
10-21 08:40:19.024 3547-3615/de.mobilitymedia.cdlsdk.test I/Obd2DatabaseImpl: Closed DB
10-21 08:40:19.024 3547-3615/de.mobilitymedia.cdlsdk.test I/DiaxController: Terminated diaX thread.
10-21 08:40:21.996 3547-3560/de.mobilitymedia.cdlsdk.test I/TestRunner: finished: testDongle(de.mobilitymedia.cdlsdk.DongleTest)
10-21 08:40:21.997 3547-3547/de.mobilitymedia.cdlsdk.test I/MonitoringInstrumentation: Activities that are still in CREATED to STOPPED: 0
10-21 08:40:21.998 3547-3560/de.mobilitymedia.cdlsdk.test I/TestRunner: started: testCdlsdk(de.mobilitymedia.cdlsdk.MessagesTest)
10-21 08:40:22.000 3547-3547/de.mobilitymedia.cdlsdk.test I/MonitoringInstrumentation: Activities that are still in CREATED to STOPPED: 0
10-21 08:40:22.002 3547-3560/de.mobilitymedia.cdlsdk.test V/MessagesTest: MessagesTest test [ STARTED ]
10-21 08:40:22.002 3547-3560/de.mobilitymedia.cdlsdk.test V/MessagesTest: MessagesTest test [ EXECUTING ]
10-21 08:40:22.002 3547-3560/de.mobilitymedia.cdlsdk.test V/MessagesTest: Iteration [ 0 ]
10-21 08:40:22.002 3547-3560/de.mobilitymedia.cdlsdk.test I/MessagesTest: Message [ --- waiting --- ][ ready: false ]
10-21 08:40:22.003 3547-3560/de.mobilitymedia.cdlsdk.test V/ConnectorLibrary: Connector library is already initialized.
10-21 08:40:22.003 3547-3560/de.mobilitymedia.cdlsdk.test W/DiaxConfiguration: Diax configuration running in DEMO mode.
10-21 08:40:22.003 3547-3560/de.mobilitymedia.cdlsdk.test V/SignalDelegate: Initializing listeners [ /ecu/OBDII/av/VSS ][ 1000 ]
10-21 08:40:22.003 3547-3560/de.mobilitymedia.cdlsdk.test V/SignalDelegate: Listener subscribed [ de.mobilitymedia.cdlsdk.MessagesTest$2@190a342 ][ /ecu/OBDII/av/VSS ][ 1000 ]
10-21 08:40:22.004 3547-3560/de.mobilitymedia.cdlsdk.test V/CoreAbstract: Listener subscribed [ de.mobilitymedia.cdlsdk.MessagesTest$1@35fcf53 ]
10-21 08:40:22.004 3547-3560/de.mobilitymedia.cdlsdk.test D/DiaxCodeDelegate: Listener subscribed [ de.mobilitymedia.cdlsdk.CoreAbstract$2@4ed364b ][ 237551760 ][ 1 ]
10-21 08:40:22.004 3547-3560/de.mobilitymedia.cdlsdk.test D/DiaxCodeDelegate: Listener subscribed [ de.mobilitymedia.cdlsdk.CoreAbstract$3@88d2828 ][ 237551760 ][ 2 ]
10-21 08:40:22.004 3547-3560/de.mobilitymedia.cdlsdk.test D/DiaxCodeDelegate: Listener subscribed [ de.mobilitymedia.cdlsdk.CoreAbstract$1@d467941 ][ 237551760 ][ 3 ]
10-21 08:40:22.004 3547-3560/de.mobilitymedia.cdlsdk.test D/DiaxCodeDelegate: Listener subscribed [ de.mobilitymedia.cdlsdk.CoreAbstract$4@9399ee6 ][ 237551760 ][ 4 ]
10-21 08:40:22.004 3547-3560/de.mobilitymedia.cdlsdk.test D/DiaxCodeDelegate: Listener subscribed [ de.mobilitymedia.cdlsdk.CoreAbstract$5@7d6ec27 ][ 237551760 ][ 5 ]
10-21 08:40:22.004 3547-3560/de.mobilitymedia.cdlsdk.test D/DiaxCodeDelegate: Listener subscribed [ de.mobilitymedia.connectors.commons.AbstractCanBusManager$1@fa09ed4 ][ 237551760 ][ 6 ]
10-21 08:40:22.004 3547-3560/de.mobilitymedia.cdlsdk.test D/DiaxCodeDelegate: Listener subscribed [ de.mobilitymedia.connectors.commons.AbstractCanBusManager$2@3c0687d ][ 237551760 ][ 7 ]
10-21 08:40:22.005 3547-3560/de.mobilitymedia.cdlsdk.test V/AbstractCanBusManager: [ before start ][ stub mac address ]
10-21 08:40:22.005 3547-3560/de.mobilitymedia.cdlsdk.test V/AbstractCanBusManager: Configurations running [ 1 ]
10-21 08:40:22.005 3547-3560/de.mobilitymedia.cdlsdk.test D/DiaxCodeDelegate: Listener subscribed [ de.mobilitymedia.connectors.diax.SignalDelegate$1@1660d89 ][ 237551760 ][ 8 ]
10-21 08:40:22.005 3547-3560/de.mobilitymedia.cdlsdk.test D/DatabaseDownloadManagerAbstract: Listener subscribed [ de.mobilitymedia.connectors.diax.DiaxCodeDelegate$2@189b18e ]
10-21 08:40:22.005 3547-3560/de.mobilitymedia.cdlsdk.test I/MessagesTest: Message [ DONGLE_MESSAGE_STATE_CONNECTING ][ ready: false ]
10-21 08:40:22.005 3547-3560/de.mobilitymedia.cdlsdk.test V/AbstractCanBusManager: CanBus started [ stub mac address ]
10-21 08:40:22.005 3547-3560/de.mobilitymedia.cdlsdk.test V/AbstractCanBusManager: We are about to apply CanBus configuration:
                                                                                   Vci: DEMO
                                                                                   User credentials: [stub, stub]
                                                                                   Dongle: [ stub mac address ]
                                                                                   Pin: 2507985
                                                                                   Instance: de.mobilitymedia.connectors.diax.commons.Diax@d8e0daf
10-21 08:40:22.006 3547-3560/de.mobilitymedia.cdlsdk.test D/DiaxCodeDelegate: Listener subscribed [ de.mobilitymedia.connectors.diax.commons.DiaxAbstract$1@e18f945 ][ 237551760 ][ 9 ]
10-21 08:40:22.006 3547-3560/de.mobilitymedia.cdlsdk.test D/DiaxCodeDelegate: Listener subscribed [ de.mobilitymedia.connectors.diax.commons.DiaxAbstract$2@cf3589a ][ 237551760 ][ 10 ]
10-21 08:40:22.006 3547-3560/de.mobilitymedia.cdlsdk.test D/DiaxCodeDelegate: Listener subscribed [ de.mobilitymedia.connectors.diax.commons.DiaxAbstract$3@9b7d5cb ][ 237551760 ][ 11 ]
10-21 08:40:22.006 3547-3560/de.mobilitymedia.cdlsdk.test D/DiaxCodeDelegate: Listener subscribed [ de.mobilitymedia.connectors.diax.commons.DiaxAbstract$4@c6c11a8 ][ 237551760 ][ 12 ]
10-21 08:40:22.006 3547-3619/de.mobilitymedia.cdlsdk.test D/DiaxCodeDelegate: [ start ][ stub mac address ]
10-21 08:40:22.006 3547-3619/de.mobilitymedia.cdlsdk.test D/BluetoothDevices: Phone mac address:
10-21 08:40:22.006 3547-3619/de.mobilitymedia.cdlsdk.test D/ApplicationFactory: LANGUAGE [ en ]
10-21 08:40:22.032 3547-3619/de.mobilitymedia.cdlsdk.test I/DiaxController: Start-Up called
10-21 08:40:22.033 3547-3620/de.mobilitymedia.cdlsdk.test I/DiaxController: DiaX thread started
10-21 08:40:22.034 3547-3620/de.mobilitymedia.cdlsdk.test I/DiaxController: Initializing controller [ vci id: 1 ][ key: [C@754e4c1 ][ data path: .\data ][ data filer: .*\.dat ]
10-21 08:40:22.055 3547-3620/de.mobilitymedia.cdlsdk.test V/DiaxController: Db path [ /data/user/0/de.mobilitymedia.cdlsdk.test/files/de.mobilitymedia.cdlsdk.test/databases ]
10-21 08:40:22.055 3547-3620/de.mobilitymedia.cdlsdk.test V/DiaxController: Db names:
                                                                            [ obd2db.sqlite ]
10-21 08:40:22.058 3547-3620/de.mobilitymedia.cdlsdk.test I/DiaxController: DiaX thread (re)initialized
10-21 08:40:22.069 3547-3620/de.mobilitymedia.cdlsdk.test I/StateMachine: Initializing databases
10-21 08:40:22.072 3547-3620/de.mobilitymedia.cdlsdk.test I/Obd2DatabaseImpl: Opened DB in 0 milliseconds
10-21 08:40:22.073 3547-3620/de.mobilitymedia.cdlsdk.test I/StateMachine: No database files provided for OEM diagnostics!
10-21 08:40:22.073 3547-3620/de.mobilitymedia.cdlsdk.test I/StateMachine: Databases initialized
10-21 08:40:22.073 3547-3620/de.mobilitymedia.cdlsdk.test V/DiaxCodeDelegate: [ new data ][ stub mac address ][ progress ]
10-21 08:40:22.073 3547-3620/de.mobilitymedia.cdlsdk.test V/DiaxCodeDelegate: [ new data ][ stub mac address ][ progress ]
10-21 08:40:22.073 3547-3620/de.mobilitymedia.cdlsdk.test I/VciState: Connecting VCI ...(1)
10-21 08:40:22.096 3547-3620/de.mobilitymedia.cdlsdk.test V/DiaxCodeDelegate: [ new data ][ stub mac address ][ progress ]
10-21 08:40:22.096 3547-3620/de.mobilitymedia.cdlsdk.test I/VinState: VinState received new VciState: PDU_MODST_READY
10-21 08:40:22.115 3547-3620/de.mobilitymedia.cdlsdk.test I/Mode1Impl: Supported Variables: [EcuSupportVariable [ecuaddress=$7e8, supportVariableName=GASOLINE]]
10-21 08:40:22.115 3547-3620/de.mobilitymedia.cdlsdk.test I/VinState: Requesting VIN...
10-21 08:40:22.115 3547-3620/de.mobilitymedia.cdlsdk.test I/EcuAccessObdII: Check VIN support
10-21 08:40:22.115 3547-3620/de.mobilitymedia.cdlsdk.test I/EcuAccessObdII: Request for VIN...
10-21 08:40:22.117 3547-3620/de.mobilitymedia.cdlsdk.test I/VinState: Detected VIN: 12345678901234567
10-21 08:40:22.117 3547-3620/de.mobilitymedia.cdlsdk.test V/DiaxCodeDelegate: [ new data ][ stub mac address ][ vin ]
10-21 08:40:22.117 3547-3620/de.mobilitymedia.cdlsdk.test W/DiaxController: Using demo mode vin [ VF1BZ0V0640659912 ]
10-21 08:40:22.117 3547-3620/de.mobilitymedia.cdlsdk.test V/DiaxCodeDelegate: We are about to notify OnVinListener [ de.mobilitymedia.cdlsdk.CoreAbstract$4@9399ee6 ]
10-21 08:40:22.117 3547-3620/de.mobilitymedia.cdlsdk.test I/CoreAbstract: VIN detected [ VF1BZ0V0640659912 ]
10-21 08:40:22.117 3547-3620/de.mobilitymedia.cdlsdk.test I/MessagesTest: Message [ DONGLE_MESSAGE_INFO_VIN_RECEIVED ][ ready: false ]
10-21 08:40:22.119 3547-3620/de.mobilitymedia.cdlsdk.test V/DiaxCodeDelegate: [ new data ][ stub mac address ][ /status ]
10-21 08:40:22.120 3547-3620/de.mobilitymedia.cdlsdk.test D/DiaxCodeDelegate: Status data received:
                                                                              [ stub mac address ]
                                                                              [ Dummy-VCI ]
                                                                              [ 1.2.43 ]
                                                                              [ 2016.01.02.44 ]
10-21 08:40:22.121 3547-3620/de.mobilitymedia.cdlsdk.test I/EcuState: Entering ECU state
10-21 08:40:22.121 3547-3620/de.mobilitymedia.cdlsdk.test I/EcuState: EcuState received new VciState: PDU_MODST_READY
10-21 08:40:22.121 3547-3620/de.mobilitymedia.cdlsdk.test V/DiaxCodeDelegate: [ new data ][ stub mac address ][ progress ]
10-21 08:40:22.133 3547-3620/de.mobilitymedia.cdlsdk.test V/DiaxCodeDelegate: [ new data ][ stub mac address ][ /vci ]
10-21 08:40:22.133 3547-3620/de.mobilitymedia.cdlsdk.test W/DiaxController: Using demo mode vci.
10-21 08:40:22.133 3547-3620/de.mobilitymedia.cdlsdk.test D/DiaxCodeDelegate: Vci data received:
                                                                              [ stub mac address ]
                                                                              [ demo_id ]
                                                                              [ MomeDongle_DEMO ]
                                                                              [ 00.07.04.09.02.00 ]
                                                                              [ BLUETOOTH ]
10-21 08:40:22.133 3547-3620/de.mobilitymedia.cdlsdk.test W/DiaxController: Using demo mode vin [ VF1BZ0V0640659912 ]
10-21 08:40:22.134 3547-3620/de.mobilitymedia.cdlsdk.test W/DiaxController: Using demo mode vci.
