10-21 08:41:02.104 3547-3637/de.mobilitymedia.cdlsdk.test V/DiaxController: Db path [ /data/user/0/de.mobilitymedia.cdlsdk.test/files/de.mobilitymedia.cdlsdk.test/databases ]
10-21 08:41:02.104 3547-3637/de.mobilitymedia.cdlsdk.test V/DiaxController: Db names:
                                                                            [ obd2db.sqlite ]
10-21 08:41:02.105 3547-3637/de.mobilitymedia.cdlsdk.test I/DiaxController: DiaX thread (re)initialized
10-21 08:41:02.115 3547-3637/de.mobilitymedia.cdlsdk.test I/StateMachine: Initializing databases
10-21 08:41:02.118 3547-3637/de.mobilitymedia.cdlsdk.test I/Obd2DatabaseImpl: Opened DB in 0 milliseconds
10-21 08:41:02.119 3547-3637/de.mobilitymedia.cdlsdk.test I/StateMachine: No database files provided for OEM diagnostics!
10-21 08:41:02.119 3547-3637/de.mobilitymedia.cdlsdk.test I/StateMachine: Databases initialized
10-21 08:41:02.119 3547-3637/de.mobilitymedia.cdlsdk.test V/DiaxCodeDelegate: [ new data ][ stub mac address ][ progress ]
10-21 08:41:02.119 3547-3637/de.mobilitymedia.cdlsdk.test V/DiaxCodeDelegate: [ new data ][ stub mac address ][ progress ]
10-21 08:41:02.119 3547-3637/de.mobilitymedia.cdlsdk.test I/VciState: Connecting VCI ...(1)
10-21 08:41:02.140 3547-3637/de.mobilitymedia.cdlsdk.test V/DiaxCodeDelegate: [ new data ][ stub mac address ][ progress ]
10-21 08:41:02.140 3547-3637/de.mobilitymedia.cdlsdk.test I/VinState: VinState received new VciState: PDU_MODST_READY
10-21 08:41:02.159 3547-3637/de.mobilitymedia.cdlsdk.test I/Mode1Impl: Supported Variables: [EcuSupportVariable [ecuaddress=$7e8, supportVariableName=GASOLINE]]
10-21 08:41:02.159 3547-3637/de.mobilitymedia.cdlsdk.test I/VinState: Requesting VIN...
10-21 08:41:02.160 3547-3637/de.mobilitymedia.cdlsdk.test I/EcuAccessObdII: Check VIN support
10-21 08:41:02.160 3547-3637/de.mobilitymedia.cdlsdk.test I/EcuAccessObdII: Request for VIN...
10-21 08:41:02.162 3547-3637/de.mobilitymedia.cdlsdk.test I/VinState: Detected VIN: 12345678901234567
10-21 08:41:02.162 3547-3637/de.mobilitymedia.cdlsdk.test V/DiaxCodeDelegate: [ new data ][ stub mac address ][ vin ]
10-21 08:41:02.162 3547-3637/de.mobilitymedia.cdlsdk.test W/DiaxController: Using demo mode vin [ VF1BZ0V0640659912 ]
10-21 08:41:02.162 3547-3637/de.mobilitymedia.cdlsdk.test V/DiaxCodeDelegate: We are about to notify OnVinListener [ de.mobilitymedia.cdlsdk.CoreAbstract$4@9399ee6 ]
10-21 08:41:02.162 3547-3637/de.mobilitymedia.cdlsdk.test I/CoreAbstract: VIN detected [ VF1BZ0V0640659912 ]
10-21 08:41:02.163 3547-3637/de.mobilitymedia.cdlsdk.test I/MessagesTest: Message [ DONGLE_MESSAGE_INFO_VIN_RECEIVED ][ ready: false ]
10-21 08:41:02.167 3547-3637/de.mobilitymedia.cdlsdk.test V/DiaxCodeDelegate: [ new data ][ stub mac address ][ /status ]
10-21 08:41:02.171 3547-3619/de.mobilitymedia.cdlsdk.test V/DiaxCodeDelegate: [ start ][ stub mac address ] We are about to start waiting for Diax.
10-21 08:41:02.172 3547-3637/de.mobilitymedia.cdlsdk.test D/DiaxCodeDelegate: Status data received:
                                                                              [ stub mac address ]
                                                                              [ Dummy-VCI ]
                                                                              [ 1.2.43 ]
                                                                              [ 2016.01.02.44 ]
10-21 08:41:02.177 3547-3637/de.mobilitymedia.cdlsdk.test I/EcuState: Entering ECU state
10-21 08:41:02.178 3547-3637/de.mobilitymedia.cdlsdk.test I/EcuState: EcuState received new VciState: PDU_MODST_READY
10-21 08:41:02.178 3547-3637/de.mobilitymedia.cdlsdk.test V/DiaxCodeDelegate: [ new data ][ stub mac address ][ progress ]
10-21 08:41:02.195 3547-3637/de.mobilitymedia.cdlsdk.test V/DiaxCodeDelegate: [ new data ][ stub mac address ][ /vci ]
10-21 08:41:02.195 3547-3637/de.mobilitymedia.cdlsdk.test W/DiaxController: Using demo mode vci.
10-21 08:41:02.195 3547-3637/de.mobilitymedia.cdlsdk.test D/DiaxCodeDelegate: Vci data received:
                                                                              [ stub mac address ]
                                                                              [ demo_id ]
                                                                              [ MomeDongle_DEMO ]
                                                                              [ 00.07.04.09.02.00 ]
                                                                              [ BLUETOOTH ]
10-21 08:41:02.195 3547-3637/de.mobilitymedia.cdlsdk.test W/DiaxController: Using demo mode vin [ VF1BZ0V0640659912 ]
10-21 08:41:02.197 3547-3637/de.mobilitymedia.cdlsdk.test W/DiaxController: Using demo mode vci.
10-21 08:41:02.198 3547-3637/de.mobilitymedia.cdlsdk.test V/VehicleIdentificationManagerImpl: Scheduling identification [ VF1BZ0V0640659912_1.2.43_00 ]
10-21 08:41:02.198 3547-3637/de.mobilitymedia.cdlsdk.test V/VehicleIdentificationManagerImpl: Initializing DatabaseDownloadManager.
10-21 08:41:02.198 3547-3637/de.mobilitymedia.cdlsdk.test V/VehicleIdentificationManagerImpl: Initializing VehicleService.
10-21 08:41:02.199 3547-3637/de.mobilitymedia.cdlsdk.test V/VehicleIdentificationManagerImpl: Initializing OkHttpClient.
10-21 08:41:02.201 3547-3639/de.mobilitymedia.cdlsdk.test V/VehicleIdentificationManagerImpl: Initializing HttpLoggingInterceptor.
10-21 08:41:02.202 3547-3637/de.mobilitymedia.cdlsdk.test D/DatabaseDownloadManagerAbstract: Listener subscribed [ de.mobilitymedia.vehicleident.VehicleIdentificationManagerImplAbstract$1@5bfe95d ]
10-21 08:41:02.203 3547-3589/de.mobilitymedia.cdlsdk.test V/VehicleIdentificationManagerImpl: Initializing Identifications.
10-21 08:41:02.203 3547-3589/de.mobilitymedia.cdlsdk.test V/IdentificationsAbstract: Querying identifications [ VF1BZ0V0640659912_1.2.43_00 ]
10-21 08:41:02.203 3547-3589/de.mobilitymedia.cdlsdk.test D/VehicleIdentificationManagerImpl: No successful identification performed in last 24 hours [ VF1BZ0V0640659912_1.2.43_00 ]
10-21 08:41:02.209 3547-3637/de.mobilitymedia.cdlsdk.test V/DiaxCodeDelegate: [ new data ][ stub mac address ][ /avs ]
10-21 08:41:02.209 3547-3637/de.mobilitymedia.cdlsdk.test D/DiaxCodeDelegate: Avs data received: {"avs":[{"uuidlink":"/av/0238ab35-8664-48ad-a21d-be742e3f7737","address":"$7e8","name":{"isodesc":"Vehicle speed sensor","id":27011,"shortdesc":"VSS"},"unit":{"isodesc":"km/h","id":11066},"source":"OBDII","link":"/ecu/OBDII/av/VSS","uuid":"0238ab35-8664-48ad-a21d-be742e3f7737"},{"uuidlink":"/av/0784e538-a061-4a80-a0b7-078f0286686a","address":"$7e8","name":{"isodesc":"Engine RPM","id":11805,"shortdesc":"RPM"},"unit":{"isodesc":"1/min","id":11059},"source":"OBDII","link":"/ecu/OBDII/av/RPM","uuid":"0784e538-a061-4a80-a0b7-078f0286686a"},{"uuidlink":"/av/086b9547-b682-4eae-94f5-cde889501882","address":"$7e8","name":{"isodesc":"MIL status","id":61130,"shortdesc":"MIL"},"source":"OBDII","link":"/ecu/OBDII/av/MIL","uuid":"086b9547-b682-4eae-94f5-cde889501882"}],"exectime":1,"uplink":"/"}
10-21 08:41:02.209 3547-3637/de.mobilitymedia.cdlsdk.test W/DiaxCodeDelegate: [ missing data ][ stub mac address ]
10-21 08:41:02.209 3547-3637/de.mobilitymedia.cdlsdk.test V/DiaxCodeDelegate: [ new data ][ stub mac address ][ progress ]
10-21 08:41:02.216 3547-3637/de.mobilitymedia.cdlsdk.test I/MessagesTest: Message [ DONGLE_MESSAGE_STATE_CONNECTED ][ ready: true ]
10-21 08:41:02.216 3547-3637/de.mobilitymedia.cdlsdk.test V/SignalDelegate: Ready [ true ]
10-21 08:41:02.217 3547-3637/de.mobilitymedia.cdlsdk.test V/SignalTimer: Listener subscribed [ de.mobilitymedia.connectors.diax.SignalDelegate$2@64b3343 ]
10-21 08:41:02.217 3547-3637/de.mobilitymedia.cdlsdk.test V/SignalTimer: Signal timer [ STARTED ]
10-21 08:41:02.217 3547-3619/de.mobilitymedia.cdlsdk.test V/DiaxCodeDelegate: [ start ][ stub mac address ] We are notified about Diax.
10-21 08:41:02.217 3547-3637/de.mobilitymedia.cdlsdk.test V/Diax: Diax ready [ true ]
10-21 08:41:02.217 3547-3619/de.mobilitymedia.cdlsdk.test I/DiaxCodeDelegate: VCI Idle
10-21 08:41:03.128 3547-3637/de.mobilitymedia.cdlsdk.test I/Mode1Impl: Supported Variables: [EcuSupportVariable [ecuaddress=$7e8, supportVariableName=GASOLINE]]
10-21 08:41:03.128 3547-3637/de.mobilitymedia.cdlsdk.test V/DiaxCodeDelegate: [ new data ][ stub mac address ][ progress ]
10-21 08:41:03.130 3547-3637/de.mobilitymedia.cdlsdk.test V/DiaxCodeDelegate: [ new data ][ stub mac address ][ VSS ]
10-21 08:41:03.131 3547-3637/de.mobilitymedia.cdlsdk.test V/DiaxCodeDelegate: [ new data ][ stub mac address ][ 0238ab35-8664-48ad-a21d-be742e3f7737 ]
10-21 08:41:03.131 3547-3637/de.mobilitymedia.cdlsdk.test V/DiaxCodeDelegate: [ new data ][ stub mac address ][ /ecu/OBDII/av/VSS ]
10-21 08:41:03.133 3547-3637/de.mobilitymedia.cdlsdk.test V/DiaxCodeDelegate: JSON [ /ecu/OBDII/av/VSS ] : {"exectime":13,"av":[{"address":"$7e8","source":"OBDII","link":"/ecu/OBDII/av/VSS","uuid":"0238ab35-8664-48ad-a21d-be742e3f7737","uuidlink":"/av/0238ab35-8664-48ad-a21d-be742e3f7737","name":{"isodesc":"Vehicle speed sensor","id":27011,"shortdesc":"VSS"},"unit":{"isodesc":"km/h","id":11066},"value":{"numbervalue":96,"localvalue":"96.0"}}],"uplink":"/ecu/OBDII/avs"}
10-21 08:41:03.134 3547-3637/de.mobilitymedia.cdlsdk.test V/MessagesTest: Signal data received.
10-21 08:41:03.704 3547-3589/de.mobilitymedia.cdlsdk.test I/VehicleIdentificationManagerImpl: Vehicles [ 0 ]
10-21 08:41:03.705 3547-3589/de.mobilitymedia.cdlsdk.test V/VehicleIdentificationManagerImpl: We notified vehicle identification listeners [ count: 0 ][ vin: VF1BZ0V0640659912 ][ success: false ]
10-21 08:41:03.705 3547-3589/de.mobilitymedia.cdlsdk.test V/VehicleIdentificationManagerImpl: Scheduled identification executed [ success: false ][ VF1BZ0V0640659912_1.2.43_00 ]
10-21 08:41:03.705 3547-3589/de.mobilitymedia.cdlsdk.test D/DatabaseDownloadManagerAbstract: Listener un subscribed [ de.mobilitymedia.vehicleident.VehicleIdentificationManagerImplAbstract$1@5bfe95d ]
10-21 08:41:04.120 3547-3637/de.mobilitymedia.cdlsdk.test V/DiaxCodeDelegate: [ new data ][ stub mac address ][ VSS ]
10-21 08:41:04.120 3547-3637/de.mobilitymedia.cdlsdk.test V/DiaxCodeDelegate: [ new data ][ stub mac address ][ 0238ab35-8664-48ad-a21d-be742e3f7737 ]
10-21 08:41:04.120 3547-3637/de.mobilitymedia.cdlsdk.test V/DiaxCodeDelegate: [ new data ][ stub mac address ][ /ecu/OBDII/av/VSS ]
10-21 08:41:04.120 3547-3637/de.mobilitymedia.cdlsdk.test V/DiaxCodeDelegate: JSON [ /ecu/OBDII/av/VSS ] : {"exectime":1,"av":[{"address":"$7e8","source":"OBDII","link":"/ecu/OBDII/av/VSS","uuid":"0238ab35-8664-48ad-a21d-be742e3f7737","uuidlink":"/av/0238ab35-8664-48ad-a21d-be742e3f7737","name":{"isodesc":"Vehicle speed sensor","id":27011,"shortdesc":"VSS"},"unit":{"isodesc":"km/h","id":11066},"value":{"numbervalue":96,"localvalue":"96.0"}}],"uplink":"/ecu/OBDII/avs"}
10-21 08:41:04.120 3547-3637/de.mobilitymedia.cdlsdk.test V/MessagesTest: Signal data received.
10-21 08:41:05.119 3547-3637/de.mobilitymedia.cdlsdk.test V/DiaxCodeDelegate: [ new data ][ stub mac address ][ VSS ]
10-21 08:41:05.119 3547-3637/de.mobilitymedia.cdlsdk.test V/DiaxCodeDelegate: [ new data ][ stub mac address ][ 0238ab35-8664-48ad-a21d-be742e3f7737 ]
10-21 08:41:05.119 3547-3637/de.mobilitymedia.cdlsdk.test V/DiaxCodeDelegate: [ new data ][ stub mac address ][ /ecu/OBDII/av/VSS ]
10-21 08:41:05.119 3547-3637/de.mobilitymedia.cdlsdk.test V/DiaxCodeDelegate: JSON [ /ecu/OBDII/av/VSS ] : {"exectime":1,"av":[{"address":"$7e8","source":"OBDII","link":"/ecu/OBDII/av/VSS","uuid":"0238ab35-8664-48ad-a21d-be742e3f7737","uuidlink":"/av/0238ab35-8664-48ad-a21d-be742e3f7737","name":{"isodesc":"Vehicle speed sensor","id":27011,"shortdesc":"VSS"},"unit":{"isodesc":"km/h","id":11066},"value":{"numbervalue":96,"localvalue":"96.0"}}],"uplink":"/ecu/OBDII/avs"}
10-21 08:41:05.120 3547-3637/de.mobilitymedia.cdlsdk.test V/MessagesTest: Signal data received.
10-21 08:41:06.119 3547-3637/de.mobilitymedia.cdlsdk.test V/DiaxCodeDelegate: [ new data ][ stub mac address ][ VSS ]
10-21 08:41:06.119 3547-3637/de.mobilitymedia.cdlsdk.test V/DiaxCodeDelegate: [ new data ][ stub mac address ][ 0238ab35-8664-48ad-a21d-be742e3f7737 ]
10-21 08:41:06.119 3547-3637/de.mobilitymedia.cdlsdk.test V/DiaxCodeDelegate: [ new data ][ stub mac address ][ /ecu/OBDII/av/VSS ]
10-21 08:41:06.119 3547-3637/de.mobilitymedia.cdlsdk.test V/DiaxCodeDelegate: JSON [ /ecu/OBDII/av/VSS ] : {"exectime":1,"av":[{"address":"$7e8","source":"OBDII","link":"/ecu/OBDII/av/VSS","uuid":"0238ab35-8664-48ad-a21d-be742e3f7737","uuidlink":"/av/0238ab35-8664-48ad-a21d-be742e3f7737","name":{"isodesc":"Vehicle speed sensor","id":27011,"shortdesc":"VSS"},"unit":{"isodesc":"km/h","id":11066},"value":{"numbervalue":96,"localvalue":"96.0"}}],"uplink":"/ecu/OBDII/avs"}
10-21 08:41:06.119 3547-3637/de.mobilitymedia.cdlsdk.test V/MessagesTest: Signal data received.
10-21 08:41:07.041 3547-3560/de.mobilitymedia.cdlsdk.test V/SignalTimer: Signal timer [ PAUSED ]
10-21 08:41:07.042 3547-3560/de.mobilitymedia.cdlsdk.test I/MessagesTest: Message [ DONGLE_MESSAGE_STATE_PAUSED ][ ready: true ]
10-21 08:41:12.045 3547-3560/de.mobilitymedia.cdlsdk.test V/SignalTimer: Signal timer [ RESUMED ]
10-21 08:41:12.045 3547-3560/de.mobilitymedia.cdlsdk.test I/MessagesTest: Message [ DONGLE_MESSAGE_STATE_RESUMED ][ ready: true ]
10-21 08:41:12.945 3547-3637/de.mobilitymedia.cdlsdk.test V/DiaxCodeDelegate: [ new data ][ stub mac address ][ VSS ]
10-21 08:41:12.945 3547-3637/de.mobilitymedia.cdlsdk.test V/DiaxCodeDelegate: [ new data ][ stub mac address ][ 0238ab35-8664-48ad-a21d-be742e3f7737 ]
10-21 08:41:12.945 3547-3637/de.mobilitymedia.cdlsdk.test V/DiaxCodeDelegate: [ new data ][ stub mac address ][ /ecu/OBDII/av/VSS ]
10-21 08:41:12.946 3547-3637/de.mobilitymedia.cdlsdk.test V/DiaxCodeDelegate: JSON [ /ecu/OBDII/av/VSS ] : {"exectime":0,"av":[{"address":"$7e8","source":"OBDII","link":"/ecu/OBDII/av/VSS","uuid":"0238ab35-8664-48ad-a21d-be742e3f7737","uuidlink":"/av/0238ab35-8664-48ad-a21d-be742e3f7737","name":{"isodesc":"Vehicle speed sensor","id":27011,"shortdesc":"VSS"},"unit":{"isodesc":"km/h","id":11066},"value":{"numbervalue":96,"localvalue":"96.0"}}],"uplink":"/ecu/OBDII/avs"}
10-21 08:41:12.946 3547-3637/de.mobilitymedia.cdlsdk.test V/MessagesTest: Signal data received.
10-21 08:41:13.948 3547-3637/de.mobilitymedia.cdlsdk.test V/DiaxCodeDelegate: [ new data ][ stub mac address ][ VSS ]
10-21 08:41:13.948 3547-3637/de.mobilitymedia.cdlsdk.test V/DiaxCodeDelegate: [ new data ][ stub mac address ][ 0238ab35-8664-48ad-a21d-be742e3f7737 ]
10-21 08:41:13.949 3547-3637/de.mobilitymedia.cdlsdk.test V/DiaxCodeDelegate: [ new data ][ stub mac address ][ /ecu/OBDII/av/VSS ]
10-21 08:41:13.951 3547-3637/de.mobilitymedia.cdlsdk.test V/DiaxCodeDelegate: JSON [ /ecu/OBDII/av/VSS ] : {"exectime":2,"av":[{"address":"$7e8","source":"OBDII","link":"/ecu/OBDII/av/VSS","uuid":"0238ab35-8664-48ad-a21d-be742e3f7737","uuidlink":"/av/0238ab35-8664-48ad-a21d-be742e3f7737","name":{"isodesc":"Vehicle speed sensor","id":27011,"shortdesc":"VSS"},"unit":{"isodesc":"km/h","id":11066},"value":{"numbervalue":96,"localvalue":"96.0"}}],"uplink":"/ecu/OBDII/avs"}
10-21 08:41:13.951 3547-3637/de.mobilitymedia.cdlsdk.test V/MessagesTest: Signal data received.
10-21 08:41:14.946 3547-3637/de.mobilitymedia.cdlsdk.test V/DiaxCodeDelegate: [ new data ][ stub mac address ][ VSS ]
10-21 08:41:14.946 3547-3637/de.mobilitymedia.cdlsdk.test V/DiaxCodeDelegate: [ new data ][ stub mac address ][ 0238ab35-8664-48ad-a21d-be742e3f7737 ]
10-21 08:41:14.946 3547-3637/de.mobilitymedia.cdlsdk.test V/DiaxCodeDelegate: [ new data ][ stub mac address ][ /ecu/OBDII/av/VSS ]
10-21 08:41:14.946 3547-3637/de.mobilitymedia.cdlsdk.test V/DiaxCodeDelegate: JSON [ /ecu/OBDII/av/VSS ] : {"exectime":1,"av":[{"address":"$7e8","source":"OBDII","link":"/ecu/OBDII/av/VSS","uuid":"0238ab35-8664-48ad-a21d-be742e3f7737","uuidlink":"/av/0238ab35-8664-48ad-a21d-be742e3f7737","name":{"isodesc":"Vehicle speed sensor","id":27011,"shortdesc":"VSS"},"unit":{"isodesc":"km/h","id":11066},"value":{"numbervalue":96,"localvalue":"96.0"}}],"uplink":"/ecu/OBDII/avs"}
10-21 08:41:14.946 3547-3637/de.mobilitymedia.cdlsdk.test V/MessagesTest: Signal data received.
10-21 08:41:15.946 3547-3637/de.mobilitymedia.cdlsdk.test V/DiaxCodeDelegate: [ new data ][ stub mac address ][ VSS ]
10-21 08:41:15.946 3547-3637/de.mobilitymedia.cdlsdk.test V/DiaxCodeDelegate: [ new data ][ stub mac address ][ 0238ab35-8664-48ad-a21d-be742e3f7737 ]
10-21 08:41:15.946 3547-3637/de.mobilitymedia.cdlsdk.test V/DiaxCodeDelegate: [ new data ][ stub mac address ][ /ecu/OBDII/av/VSS ]
10-21 08:41:15.946 3547-3637/de.mobilitymedia.cdlsdk.test V/DiaxCodeDelegate: JSON [ /ecu/OBDII/av/VSS ] : {"exectime":0,"av":[{"address":"$7e8","source":"OBDII","link":"/ecu/OBDII/av/VSS","uuid":"0238ab35-8664-48ad-a21d-be742e3f7737","uuidlink":"/av/0238ab35-8664-48ad-a21d-be742e3f7737","name":{"isodesc":"Vehicle speed sensor","id":27011,"shortdesc":"VSS"},"unit":{"isodesc":"km/h","id":11066},"value":{"numbervalue":96,"localvalue":"96.0"}}],"uplink":"/ecu/OBDII/avs"}
10-21 08:41:15.947 3547-3637/de.mobilitymedia.cdlsdk.test V/MessagesTest: Signal data received.
10-21 08:41:16.947 3547-3637/de.mobilitymedia.cdlsdk.test V/DiaxCodeDelegate: [ new data ][ stub mac address ][ VSS ]
10-21 08:41:16.947 3547-3637/de.mobilitymedia.cdlsdk.test V/DiaxCodeDelegate: [ new data ][ stub mac address ][ 0238ab35-8664-48ad-a21d-be742e3f7737 ]
10-21 08:41:16.947 3547-3637/de.mobilitymedia.cdlsdk.test V/DiaxCodeDelegate: [ new data ][ stub mac address ][ /ecu/OBDII/av/VSS ]
10-21 08:41:16.947 3547-3637/de.mobilitymedia.cdlsdk.test V/DiaxCodeDelegate: JSON [ /ecu/OBDII/av/VSS ] : {"exectime":1,"av":[{"address":"$7e8","source":"OBDII","link":"/ecu/OBDII/av/VSS","uuid":"0238ab35-8664-48ad-a21d-be742e3f7737","uuidlink":"/av/0238ab35-8664-48ad-a21d-be742e3f7737","name":{"isodesc":"Vehicle speed sensor","id":27011,"shortdesc":"VSS"},"unit":{"isodesc":"km/h","id":11066},"value":{"numbervalue":96,"localvalue":"96.0"}}],"uplink":"/ecu/OBDII/avs"}
10-21 08:41:16.947 3547-3637/de.mobilitymedia.cdlsdk.test V/MessagesTest: Signal data received.
10-21 08:41:17.047 3547-3560/de.mobilitymedia.cdlsdk.test I/MessagesTest: Message [ DONGLE_MESSAGE_STATE_DISCONNECTING ][ ready: true ]
10-21 08:41:17.047 3547-3560/de.mobilitymedia.cdlsdk.test V/AbstractCanBusManager: [ before stop ][ stub mac address ]
10-21 08:41:17.047 3547-3560/de.mobilitymedia.cdlsdk.test D/DatabaseDownloadManagerAbstract: Listener un subscribed [ de.mobilitymedia.connectors.diax.DiaxCodeDelegate$2@189b18e ]
10-21 08:41:17.047 3547-3560/de.mobilitymedia.cdlsdk.test D/DiaxCodeDelegate: [ stop ][ stub mac address ]
10-21 08:41:17.047 3547-3560/de.mobilitymedia.cdlsdk.test I/MessagesTest: Message [ DONGLE_MESSAGE_STATE_DISCONNECTED ][ ready: true ]
10-21 08:41:17.047 3547-3560/de.mobilitymedia.cdlsdk.test V/AbstractCanBusManager: CanBus stopped [ stub mac address ]
10-21 08:41:17.047 3547-3560/de.mobilitymedia.cdlsdk.test V/AbstractCanBusManager: Configurations running [ 0 ]
10-21 08:41:17.047 3547-3560/de.mobilitymedia.cdlsdk.test V/Diax: onStoppedListener: Diax is stopped.
10-21 08:41:17.047 3547-3560/de.mobilitymedia.cdlsdk.test V/SignalDelegate: Ready [ false ]
10-21 08:41:17.047 3547-3560/de.mobilitymedia.cdlsdk.test I/SignalDelegate: Signal un subscribed [ /ecu/OBDII/av/VSS ][ listeners: 1 ]
10-21 08:41:17.047 3547-3560/de.mobilitymedia.cdlsdk.test V/SignalTimer: Listener un subscribed [ de.mobilitymedia.connectors.diax.SignalDelegate$2@64b3343 ]
10-21 08:41:17.047 3547-3560/de.mobilitymedia.cdlsdk.test V/SignalTimer: Signal timer [ STOPPED ]
10-21 08:41:17.047 3547-3560/de.mobilitymedia.cdlsdk.test V/Diax: Diax ready [ false ]
10-21 08:41:17.047 3547-3560/de.mobilitymedia.cdlsdk.test V/DiaxCodeDelegate: We are about to un subscribe all subscribed listeners.
10-21 08:41:17.047 3547-3560/de.mobilitymedia.cdlsdk.test D/DiaxCodeDelegate: Listener un subscribed [ de.mobilitymedia.cdlsdk.CoreAbstract$2@4ed364b ][ 237551760 ][ 11 ]
10-21 08:41:17.047 3547-3560/de.mobilitymedia.cdlsdk.test D/DiaxCodeDelegate: Listener un subscribed [ de.mobilitymedia.cdlsdk.CoreAbstract$3@88d2828 ][ 237551760 ][ 10 ]
10-21 08:41:17.047 3547-3560/de.mobilitymedia.cdlsdk.test D/DiaxCodeDelegate: Listener un subscribed [ de.mobilitymedia.cdlsdk.CoreAbstract$1@d467941 ][ 237551760 ][ 9 ]
10-21 08:41:17.047 3547-3560/de.mobilitymedia.cdlsdk.test D/DiaxCodeDelegate: Listener un subscribed [ de.mobilitymedia.cdlsdk.CoreAbstract$4@9399ee6 ][ 237551760 ][ 8 ]
10-21 08:41:17.047 3547-3560/de.mobilitymedia.cdlsdk.test D/DiaxCodeDelegate: Listener un subscribed [ de.mobilitymedia.cdlsdk.CoreAbstract$5@7d6ec27 ][ 237551760 ][ 7 ]
10-21 08:41:17.047 3547-3560/de.mobilitymedia.cdlsdk.test D/DiaxCodeDelegate: Listener un subscribed [ de.mobilitymedia.connectors.commons.AbstractCanBusManager$1@fa09ed4 ][ 237551760 ][ 6 ]
10-21 08:41:17.047 3547-3560/de.mobilitymedia.cdlsdk.test D/DiaxCodeDelegate: Listener un subscribed [ de.mobilitymedia.connectors.commons.AbstractCanBusManager$2@3c0687d ][ 237551760 ][ 5 ]
10-21 08:41:17.047 3547-3560/de.mobilitymedia.cdlsdk.test D/DiaxCodeDelegate: Listener un subscribed [ de.mobilitymedia.connectors.diax.SignalDelegate$1@1660d89 ][ 237551760 ][ 4 ]
10-21 08:41:17.047 3547-3560/de.mobilitymedia.cdlsdk.test D/DiaxCodeDelegate: Listener un subscribed [ de.mobilitymedia.connectors.diax.commons.DiaxAbstract$1@e18f945 ][ 237551760 ][ 3 ]
10-21 08:41:17.048 3547-3560/de.mobilitymedia.cdlsdk.test D/DiaxCodeDelegate: Listener un subscribed [ de.mobilitymedia.connectors.diax.commons.DiaxAbstract$2@cf3589a ][ 237551760 ][ 2 ]
10-21 08:41:17.048 3547-3560/de.mobilitymedia.cdlsdk.test D/DiaxCodeDelegate: Listener un subscribed [ de.mobilitymedia.connectors.diax.commons.DiaxAbstract$3@9b7d5cb ][ 237551760 ][ 1 ]
10-21 08:41:17.048 3547-3560/de.mobilitymedia.cdlsdk.test D/DiaxCodeDelegate: Listener un subscribed [ de.mobilitymedia.connectors.diax.commons.DiaxAbstract$4@c6c11a8 ][ 237551760 ][ 0 ]
10-21 08:41:17.048 3547-3560/de.mobilitymedia.cdlsdk.test V/DiaxCodeDelegate: We are about to keep bluetooth device bonding since preserved device bonding is set to [ true ]
10-21 08:41:17.050 3547-3646/de.mobilitymedia.cdlsdk.test I/DiaxController: Shut-Down called
10-21 08:41:17.058 3547-3637/de.mobilitymedia.cdlsdk.test V/DiaxCodeDelegate: [ new data ][ stub mac address ][ progress ]
10-21 08:41:17.059 3547-3637/de.mobilitymedia.cdlsdk.test I/Obd2DatabaseImpl: Closed DB
10-21 08:41:17.059 3547-3637/de.mobilitymedia.cdlsdk.test I/DiaxController: Terminated diaX thread.
10-21 08:41:22.050 3547-3560/de.mobilitymedia.cdlsdk.test I/MessagesTest: Messages received [ 7 ]
10-21 08:41:22.051 3547-3560/de.mobilitymedia.cdlsdk.test V/VehicleIdentificationManagerImpl: Initializing VinVehicles.
10-21 08:41:22.051 3547-3560/de.mobilitymedia.cdlsdk.test V/VinVehiclesAbstract: Constructing VinVehicles class for testing.
10-21 08:41:22.051 3547-3560/de.mobilitymedia.cdlsdk.test V/VehicleIdentificationManagerImpl: Initializing DatabaseContentSets.
10-21 08:41:22.051 3547-3560/de.mobilitymedia.cdlsdk.test V/VehicleIdentificationManagerImpl: Initializing Vehicle Details.
10-21 08:41:22.053 3547-3560/de.mobilitymedia.cdlsdk.test V/DatabaseDownloadManagerAbstract: File removed [ obd2db.sqlite ]
10-21 08:41:22.053 3547-3560/de.mobilitymedia.cdlsdk.test V/MessagesTest: MessagesTest test [ EXECUTED ]
10-21 08:41:22.054 3547-3560/de.mobilitymedia.cdlsdk.test I/TestRunner: finished: testCdlsdk(de.mobilitymedia.cdlsdk.MessagesTest)
10-21 08:41:22.055 3547-3547/de.mobilitymedia.cdlsdk.test I/MonitoringInstrumentation: Activities that are still in CREATED to STOPPED: 0
10-21 08:41:22.056 3547-3560/de.mobilitymedia.cdlsdk.test I/TestRunner: started: testUserManager(de.mobilitymedia.cdlsdk.UserManagerTest)
10-21 08:41:22.056 3547-3547/de.mobilitymedia.cdlsdk.test I/MonitoringInstrumentation: Activities that are still in CREATED to STOPPED: 0
10-21 08:41:22.058 3547-3560/de.mobilitymedia.cdlsdk.test V/UserManagerAbstract: setCurrentUser(): {"email":{"pattern":{"flags":0,"pattern":"^[_A-Za-z0-9-\\+]+(\\.[_A-Za-z0-9-]+)*@[A-Za-z0-9-]+(\\.[A-Za-z0-9]+)*(\\.[A-Za-z]{2,})$"},"value":"user@test.stub"},"password":{"pattern":{"flags":0,"pattern":"^(?\u003d.*[a-z])(?\u003d.*[A-Z])(?\u003d.*\\d)[a-zA-Z\\d]{8,}$"},"value":"LongLiveRnR123"}}
10-21 08:41:22.058 3547-3560/de.mobilitymedia.cdlsdk.test V/UserManagerAbstract: getCurrentUser(): Trying to load user from shared preferences.
10-21 08:41:22.058 3547-3560/de.mobilitymedia.cdlsdk.test V/UserManagerAbstract: getCurrentUser(): JSON loaded [ {"email":{"pattern":{"flags":0,"pattern":"^[_A-Za-z0-9-\\+]+(\\.[_A-Za-z0-9-]+)*@[A-Za-z0-9-]+(\\.[A-Za-z0-9]+)*(\\.[A-Za-z]{2,})$"},"value":"user@test.stub"},"password":{"pattern":{"flags":0,"pattern":"^(?\u003d.*[a-z])(?\u003d.*[A-Z])(?\u003d.*\\d)[a-zA-Z\\d]{8,}$"},"value":"LongLiveRnR123"}} ]
10-21 08:41:22.058 3547-3560/de.mobilitymedia.cdlsdk.test I/TestRunner: finished: testUserManager(de.mobilitymedia.cdlsdk.UserManagerTest)
10-21 08:41:22.061 3547-3547/de.mobilitymedia.cdlsdk.test I/MonitoringInstrumentation: Activities that are still in CREATED to STOPPED: 0
10-21 08:41:22.062 3547-3560/de.mobilitymedia.cdlsdk.test I/TestRunner: started: testVehicleIdentification(de.mobilitymedia.cdlsdk.VehicleAutomaticIdentificationTest)
10-21 08:41:22.063 3547-3547/de.mobilitymedia.cdlsdk.test I/MonitoringInstrumentation: Activities that are still in CREATED to STOPPED: 0
10-21 08:41:22.063 3547-3560/de.mobilitymedia.cdlsdk.test V/VehicleAutomaticIdentificationTest: Vehicle identification test [ STARTED ]
10-21 08:41:22.063 3547-3560/de.mobilitymedia.cdlsdk.test V/VehicleAutomaticIdentificationTest: Vehicle automatic identification test [ EXECUTING ]
10-21 08:41:22.078 3547-3560/de.mobilitymedia.cdlsdk.test I/System: Loaded time zone names for "en_GB" in 7ms (6ms in ICU)
10-21 08:41:22.078 3547-3560/de.mobilitymedia.cdlsdk.test V/ConnectorLibrary: Connector library is already initialized.
10-21 08:41:22.078 3547-3560/de.mobilitymedia.cdlsdk.test W/DiaxConfiguration: Diax configuration running in DEMO mode.
10-21 08:41:22.078 3547-3560/de.mobilitymedia.cdlsdk.test D/DiaxCodeDelegate: Listener subscribed [ de.mobilitymedia.cdlsdk.CoreAbstract$2@4ed364b ][ 93287219 ][ 1 ]
10-21 08:41:22.078 3547-3560/de.mobilitymedia.cdlsdk.test D/DiaxCodeDelegate: Listener subscribed [ de.mobilitymedia.cdlsdk.CoreAbstract$3@88d2828 ][ 93287219 ][ 2 ]
10-21 08:41:22.078 3547-3560/de.mobilitymedia.cdlsdk.test D/DiaxCodeDelegate: Listener subscribed [ de.mobilitymedia.cdlsdk.CoreAbstract$1@d467941 ][ 93287219 ][ 3 ]
10-21 08:41:22.078 3547-3560/de.mobilitymedia.cdlsdk.test D/DiaxCodeDelegate: Listener subscribed [ de.mobilitymedia.cdlsdk.CoreAbstract$4@9399ee6 ][ 93287219 ][ 4 ]
10-21 08:41:22.079 3547-3560/de.mobilitymedia.cdlsdk.test D/DiaxCodeDelegate: Listener subscribed [ de.mobilitymedia.cdlsdk.CoreAbstract$5@7d6ec27 ][ 93287219 ][ 5 ]
10-21 08:41:22.079 3547-3560/de.mobilitymedia.cdlsdk.test D/DiaxCodeDelegate: Listener subscribed [ de.mobilitymedia.connectors.commons.AbstractCanBusManager$1@fa09ed4 ][ 93287219 ][ 6 ]
10-21 08:41:22.079 3547-3560/de.mobilitymedia.cdlsdk.test D/DiaxCodeDelegate: Listener subscribed [ de.mobilitymedia.connectors.commons.AbstractCanBusManager$2@3c0687d ][ 93287219 ][ 7 ]
10-21 08:41:22.079 3547-3560/de.mobilitymedia.cdlsdk.test V/AbstractCanBusManager: [ before start ][ stub mac address ]
10-21 08:41:22.079 3547-3560/de.mobilitymedia.cdlsdk.test V/AbstractCanBusManager: Configurations running [ 1 ]
10-21 08:41:22.079 3547-3560/de.mobilitymedia.cdlsdk.test D/DiaxCodeDelegate: Listener subscribed [ de.mobilitymedia.connectors.diax.SignalDelegate$1@f9fc6f0 ][ 93287219 ][ 8 ]
10-21 08:41:22.079 3547-3560/de.mobilitymedia.cdlsdk.test D/DatabaseDownloadManagerAbstract: Listener subscribed [ de.mobilitymedia.connectors.diax.DiaxCodeDelegate$2@3450469 ]
10-21 08:41:22.079 3547-3560/de.mobilitymedia.cdlsdk.test W/CoreAbstract: There is no observers for dongle [ stub mac address ][ stub mac address ]
10-21 08:41:22.079 3547-3560/de.mobilitymedia.cdlsdk.test V/AbstractCanBusManager: CanBus started [ stub mac address ]
10-21 08:41:22.079 3547-3560/de.mobilitymedia.cdlsdk.test V/AbstractCanBusManager: We are about to apply CanBus configuration:
                                                                                   Vci: DEMO
                                                                                   User credentials: [stub, stub]
                                                                                   Dongle: [ stub mac address ]
                                                                                   Pin: 2507985
                                                                                   Instance: de.mobilitymedia.connectors.diax.commons.Diax@df10eee
10-21 08:41:22.079 3547-3560/de.mobilitymedia.cdlsdk.test D/DiaxCodeDelegate: Listener subscribed [ de.mobilitymedia.connectors.diax.commons.DiaxAbstract$1@d52621c ][ 93287219 ][ 9 ]
10-21 08:41:22.079 3547-3560/de.mobilitymedia.cdlsdk.test D/DiaxCodeDelegate: Listener subscribed [ de.mobilitymedia.connectors.diax.commons.DiaxAbstract$2@3a07e25 ][ 93287219 ][ 10 ]
10-21 08:41:22.079 3547-3560/de.mobilitymedia.cdlsdk.test D/DiaxCodeDelegate: Listener subscribed [ de.mobilitymedia.connectors.diax.commons.DiaxAbstract$3@7632bfa ][ 93287219 ][ 11 ]
10-21 08:41:22.079 3547-3560/de.mobilitymedia.cdlsdk.test D/DiaxCodeDelegate: Listener subscribed [ de.mobilitymedia.connectors.diax.commons.DiaxAbstract$4@9fc15ab ][ 93287219 ][ 12 ]
10-21 08:41:22.079 3547-3648/de.mobilitymedia.cdlsdk.test D/DiaxCodeDelegate: [ start ][ stub mac address ]
10-21 08:41:22.080 3547-3648/de.mobilitymedia.cdlsdk.test D/BluetoothDevices: Phone mac address:
10-21 08:41:22.080 3547-3648/de.mobilitymedia.cdlsdk.test D/ApplicationFactory: LANGUAGE [ en ]
10-21 08:41:22.108 3547-3648/de.mobilitymedia.cdlsdk.test I/DiaxController: Start-Up called
10-21 08:41:22.109 3547-3649/de.mobilitymedia.cdlsdk.test I/DiaxController: DiaX thread started
10-21 08:41:22.109 3547-3649/de.mobilitymedia.cdlsdk.test I/DiaxController: Initializing controller [ vci id: 1 ][ key: [C@c318408 ][ data path: .\data ][ data filer: .*\.dat ]
10-21 08:41:22.127 3547-3649/de.mobilitymedia.cdlsdk.test V/DiaxController: Db path [ /data/user/0/de.mobilitymedia.cdlsdk.test/files/de.mobilitymedia.cdlsdk.test/databases ]
10-21 08:41:22.127 3547-3649/de.mobilitymedia.cdlsdk.test W/DiaxController: Db names list is empty.
10-21 08:41:22.129 3547-3649/de.mobilitymedia.cdlsdk.test I/DiaxController: DiaX thread (re)initialized
10-21 08:41:22.140 3547-3649/de.mobilitymedia.cdlsdk.test I/StateMachine: Initializing databases
10-21 08:41:22.142 3547-3649/de.mobilitymedia.cdlsdk.test I/System.out: DatabaseTools: Database file does not exist [ /data/user/0/de.mobilitymedia.cdlsdk.test/files/de.mobilitymedia.cdlsdk.test/databases/obd2db.sqlite ][ INITIALIZING ]
10-21 08:41:22.142 3547-3649/de.mobilitymedia.cdlsdk.test W/System.err: DatabaseTools: Error: java.io.FileNotFoundException: obd2db.sqlite
10-21 08:41:22.172 3547-3649/de.mobilitymedia.cdlsdk.test I/System.out: DatabaseTools: Copied from Classpath: obd2db.sqlite
10-21 08:41:22.173 3547-3649/de.mobilitymedia.cdlsdk.test I/Obd2DatabaseImpl: Opened DB in 31 milliseconds
10-21 08:41:22.173 3547-3649/de.mobilitymedia.cdlsdk.test I/StateMachine: No database files provided for OEM diagnostics!
10-21 08:41:22.174 3547-3649/de.mobilitymedia.cdlsdk.test I/StateMachine: Databases initialized
10-21 08:41:22.174 3547-3649/de.mobilitymedia.cdlsdk.test V/DiaxCodeDelegate: [ new data ][ stub mac address ][ progress ]
10-21 08:41:22.174 3547-3649/de.mobilitymedia.cdlsdk.test V/DiaxCodeDelegate: [ new data ][ stub mac address ][ progress ]
10-21 08:41:22.174 3547-3649/de.mobilitymedia.cdlsdk.test I/VciState: Connecting VCI ...(1)
10-21 08:41:22.195 3547-3649/de.mobilitymedia.cdlsdk.test V/DiaxCodeDelegate: [ new data ][ stub mac address ][ progress ]
10-21 08:41:22.195 3547-3649/de.mobilitymedia.cdlsdk.test I/VinState: VinState received new VciState: PDU_MODST_READY
10-21 08:41:22.210 3547-3648/de.mobilitymedia.cdlsdk.test V/DiaxCodeDelegate: [ start ][ stub mac address ] We are about to start waiting for Diax.
10-21 08:41:22.212 3547-3649/de.mobilitymedia.cdlsdk.test I/Mode1Impl: Supported Variables: [EcuSupportVariable [ecuaddress=$7e8, supportVariableName=GASOLINE]]
10-21 08:41:22.213 3547-3649/de.mobilitymedia.cdlsdk.test I/VinState: Requesting VIN...
10-21 08:41:22.213 3547-3649/de.mobilitymedia.cdlsdk.test I/EcuAccessObdII: Check VIN support
10-21 08:41:22.213 3547-3649/de.mobilitymedia.cdlsdk.test I/EcuAccessObdII: Request for VIN...
10-21 08:41:22.214 3547-3649/de.mobilitymedia.cdlsdk.test I/VinState: Detected VIN: 12345678901234567
10-21 08:41:22.214 3547-3649/de.mobilitymedia.cdlsdk.test V/DiaxCodeDelegate: [ new data ][ stub mac address ][ vin ]
10-21 08:41:22.214 3547-3649/de.mobilitymedia.cdlsdk.test W/DiaxController: Using demo mode vin [ VF1BZ0V0640659912 ]
10-21 08:41:22.215 3547-3649/de.mobilitymedia.cdlsdk.test V/DiaxCodeDelegate: We are about to notify OnVinListener [ de.mobilitymedia.cdlsdk.CoreAbstract$4@9399ee6 ]
10-21 08:41:22.215 3547-3649/de.mobilitymedia.cdlsdk.test I/CoreAbstract: VIN detected [ VF1BZ0V0640659912 ]
10-21 08:41:22.215 3547-3649/de.mobilitymedia.cdlsdk.test W/CoreAbstract: There is no observers for dongle [ stub mac address ][ stub mac address ]
10-21 08:41:22.217 3547-3649/de.mobilitymedia.cdlsdk.test V/DiaxCodeDelegate: [ new data ][ stub mac address ][ /status ]
10-21 08:41:22.217 3547-3649/de.mobilitymedia.cdlsdk.test D/DiaxCodeDelegate: Status data received:
                                                                              [ stub mac address ]
                                                                              [ Dummy-VCI ]
                                                                              [ 1.2.43 ]
                                                                              [ 2016.01.02.44 ]
10-21 08:41:22.220 3547-3649/de.mobilitymedia.cdlsdk.test I/EcuState: Entering ECU state
10-21 08:41:22.220 3547-3649/de.mobilitymedia.cdlsdk.test I/EcuState: EcuState received new VciState: PDU_MODST_READY
10-21 08:41:22.220 3547-3649/de.mobilitymedia.cdlsdk.test V/DiaxCodeDelegate: [ new data ][ stub mac address ][ progress ]
10-21 08:41:22.233 3547-3649/de.mobilitymedia.cdlsdk.test V/DiaxCodeDelegate: [ new data ][ stub mac address ][ /vci ]
10-21 08:41:22.233 3547-3649/de.mobilitymedia.cdlsdk.test W/DiaxController: Using demo mode vci.
10-21 08:41:22.233 3547-3649/de.mobilitymedia.cdlsdk.test D/DiaxCodeDelegate: Vci data received:
                                                                              [ stub mac address ]
                                                                              [ demo_id ]
                                                                              [ MomeDongle_DEMO ]
                                                                              [ 00.07.04.09.02.00 ]
                                                                              [ BLUETOOTH ]
10-21 08:41:22.233 3547-3649/de.mobilitymedia.cdlsdk.test W/DiaxController: Using demo mode vin [ VF1BZ0V0640659912 ]
10-21 08:41:22.234 3547-3649/de.mobilitymedia.cdlsdk.test W/DiaxController: Using demo mode vci.
10-21 08:41:22.234 3547-3649/de.mobilitymedia.cdlsdk.test V/VehicleIdentificationManagerImpl: Scheduling identification [ VF1BZ0V0640659912_1.2.43_00 ]
10-21 08:41:22.234 3547-3649/de.mobilitymedia.cdlsdk.test D/DatabaseDownloadManagerAbstract: Listener subscribed [ de.mobilitymedia.vehicleident.VehicleIdentificationManagerImplAbstract$1@5bfe95d ]
10-21 08:41:22.235 3547-3569/de.mobilitymedia.cdlsdk.test V/IdentificationsAbstract: Querying identifications [ VF1BZ0V0640659912_1.2.43_00 ]
10-21 08:41:22.235 3547-3569/de.mobilitymedia.cdlsdk.test D/VehicleIdentificationManagerImpl: No successful identification performed in last 24 hours [ VF1BZ0V0640659912_1.2.43_00 ]
10-21 08:41:22.241 3547-3649/de.mobilitymedia.cdlsdk.test V/DiaxCodeDelegate: [ new data ][ stub mac address ][ /avs ]
10-21 08:41:22.241 3547-3649/de.mobilitymedia.cdlsdk.test D/DiaxCodeDelegate: Avs data received: {"avs":[{"uuidlink":"/av/0238ab35-8664-48ad-a21d-be742e3f7737","address":"$7e8","name":{"isodesc":"Vehicle speed sensor","id":27011,"shortdesc":"VSS"},"unit":{"isodesc":"km/h","id":11066},"source":"OBDII","link":"/ecu/OBDII/av/VSS","uuid":"0238ab35-8664-48ad-a21d-be742e3f7737"},{"uuidlink":"/av/0784e538-a061-4a80-a0b7-078f0286686a","address":"$7e8","name":{"isodesc":"Engine RPM","id":11805,"shortdesc":"RPM"},"unit":{"isodesc":"1/min","id":11059},"source":"OBDII","link":"/ecu/OBDII/av/RPM","uuid":"0784e538-a061-4a80-a0b7-078f0286686a"},{"uuidlink":"/av/086b9547-b682-4eae-94f5-cde889501882","address":"$7e8","name":{"isodesc":"MIL status","id":61130,"shortdesc":"MIL"},"source":"OBDII","link":"/ecu/OBDII/av/MIL","uuid":"086b9547-b682-4eae-94f5-cde889501882"}],"exectime":0,"uplink":"/"}
10-21 08:41:22.241 3547-3649/de.mobilitymedia.cdlsdk.test W/DiaxCodeDelegate: [ missing data ][ stub mac address ]
10-21 08:41:22.241 3547-3649/de.mobilitymedia.cdlsdk.test V/DiaxCodeDelegate: [ new data ][ stub mac address ][ progress ]
10-21 08:41:22.248 3547-3649/de.mobilitymedia.cdlsdk.test W/CoreAbstract: There is no observers for dongle [ stub mac address ][ stub mac address ]
10-21 08:41:22.248 3547-3649/de.mobilitymedia.cdlsdk.test V/SignalDelegate: Ready [ true ]
10-21 08:41:22.248 3547-3648/de.mobilitymedia.cdlsdk.test V/DiaxCodeDelegate: [ start ][ stub mac address ] We are notified about Diax.
10-21 08:41:22.248 3547-3649/de.mobilitymedia.cdlsdk.test W/SignalDelegate: Cannot run signal timer. No valid subscribers found.
10-21 08:41:22.248 3547-3648/de.mobilitymedia.cdlsdk.test I/DiaxCodeDelegate: VCI Idle
10-21 08:41:22.248 3547-3649/de.mobilitymedia.cdlsdk.test V/Diax: Diax ready [ true ]
10-21 08:41:22.736 3547-3569/de.mobilitymedia.cdlsdk.test I/VehicleIdentificationManagerImpl: Vehicles [ 1 ]
10-21 08:41:22.736 3547-3569/de.mobilitymedia.cdlsdk.test V/VehicleIdentificationManagerImpl: We are about to schedule database download [ vin: VF1BZ0V0640659912 ]
10-21 08:41:22.751 3547-3569/de.mobilitymedia.cdlsdk.test V/VehicleIdentificationManagerImpl: Initializing DatabaseContentSets.
10-21 08:41:22.753 3547-3569/de.mobilitymedia.cdlsdk.test V/VehicleIdentificationManagerImpl: Content entry count [ 1 ]
10-21 08:41:22.753 3547-3569/de.mobilitymedia.cdlsdk.test V/VehicleIdentificationManagerImpl: Initializing DatabaseDownloadManager.
10-21 08:41:22.753 3547-3569/de.mobilitymedia.cdlsdk.test V/VehicleIdentificationManagerImpl: Initializing VehicleService.
10-21 08:41:22.753 3547-3569/de.mobilitymedia.cdlsdk.test V/VehicleIdentificationManagerImpl: Initializing OkHttpClient.
10-21 08:41:22.758 3547-3651/de.mobilitymedia.cdlsdk.test V/VehicleIdentificationManagerImpl: Initializing HttpLoggingInterceptor.
10-21 08:41:22.761 3547-3569/de.mobilitymedia.cdlsdk.test V/DatabaseDownloadManagerAbstract: We notified database download scheduled listeners [ count: 2 ][ request: VF1BZ0V0640659912_ECU1477032082064_stub_type_1_1_00_1.2.43 ]
10-21 08:41:22.761 3547-3569/de.mobilitymedia.cdlsdk.test V/DatabaseDownloadManagerAbstract: Scheduling download [ VF1BZ0V0640659912_ECU1477032082064_stub_type_1_1_00_1.2.43 ]
10-21 08:41:22.763 3547-3569/de.mobilitymedia.cdlsdk.test V/VehicleIdentificationManagerImpl: We notified vehicle identification listeners [ count: 0 ][ vin: VF1BZ0V0640659912 ][ success: true ]
10-21 08:41:22.763 3547-3569/de.mobilitymedia.cdlsdk.test V/VehicleIdentificationManagerImpl: Scheduled identification executed [ success: true ][ VF1BZ0V0640659912_1.2.43_00 ]
10-21 08:41:22.765 3547-3652/de.mobilitymedia.cdlsdk.test V/DatabaseDownloadManagerAbstract: Scheduled download executing [ VF1BZ0V0640659912_ECU1477032082064_stub_type_1_1_00_1.2.43 ]
10-21 08:41:22.766 3547-3652/de.mobilitymedia.cdlsdk.test D/CompressedDatabaseObtainer: Db assets path [ databases/stub_database ]
10-21 08:41:22.767 3547-3652/de.mobilitymedia.cdlsdk.test D/CompressedDatabaseObtainer: Obtained compressed bytes [ 25921 ]
10-21 08:41:23.470 3547-3652/de.mobilitymedia.cdlsdk.test V/DatabaseDownloadManagerAbstract: Scheduled download executed [ SUCCESS ][ VF1BZ0V0640659912_ECU1477032082064_stub_type_1_1_00_1.2.43 ]
10-21 08:41:23.470 3547-3652/de.mobilitymedia.cdlsdk.test V/DatabaseDownloadManagerAbstract: Storing [ VF1BZ0V0640659912_ECU1477032082064_stub_type_1_1_00_1.2.43.dat ][ /data/user/0/de.mobilitymedia.cdlsdk.test/files/de.mobilitymedia.cdlsdk.test/databases/VF1BZ0V0640659912_ECU1477032082064_stub_type_1_1_00_1.2.43.dat ]
10-21 08:41:23.471 3547-3652/de.mobilitymedia.cdlsdk.test I/DatabaseDownloadManagerAbstract: Downloaded database persisted [ VF1BZ0V0640659912_ECU1477032082064_stub_type_1_1_00_1.2.43 ]
10-21 08:41:23.486 3547-3652/de.mobilitymedia.cdlsdk.test I/DatabaseDownloadManagerAbstract: Downloaded database validated [ VF1BZ0V0640659912_ECU1477032082064_stub_type_1_1_00_1.2.43 ]
10-21 08:41:23.486 3547-3652/de.mobilitymedia.cdlsdk.test V/DiaxCodeDelegate: Database download completed [ success: true ][ request: VF1BZ0V0640659912_ECU1477032082064_stub_type_1_1_00_1.2.43 ]
10-21 08:41:23.486 3547-3652/de.mobilitymedia.cdlsdk.test V/DiaxCodeDelegate: Scheduled downloads completed.
10-21 08:41:23.487 3547-3652/de.mobilitymedia.cdlsdk.test D/DatabaseDownloadManagerAbstract: Listener un subscribed [ de.mobilitymedia.vehicleident.VehicleIdentificationManagerImplAbstract$1@5bfe95d ]
10-21 08:41:23.487 3547-3652/de.mobilitymedia.cdlsdk.test V/VehicleIdentificationManagerImpl: Initializing Identifications.
10-21 08:41:23.487 3547-3652/de.mobilitymedia.cdlsdk.test V/IdentificationsAbstract: Storing identifications [ VF1BZ0V0640659912_1.2.43_00 ]
10-21 08:41:23.487 3547-3648/de.mobilitymedia.cdlsdk.test V/DiaxCodeDelegate: Applying databases.
10-21 08:41:23.487 3547-3648/de.mobilitymedia.cdlsdk.test I/DiaxController: Re-Start called
10-21 08:41:23.487 3547-3652/de.mobilitymedia.cdlsdk.test V/DatabaseDownloadManagerAbstract: We notified database download complete listeners [ count: 2 ][ success: true ][ request: VF1BZ0V0640659912_ECU1477032082064_stub_type_1_1_00_1.2.43 ]
10-21 08:41:23.535 3547-3649/de.mobilitymedia.cdlsdk.test V/DiaxCodeDelegate: [ new data ][ stub mac address ][ progress ]
10-21 08:41:23.536 3547-3649/de.mobilitymedia.cdlsdk.test I/Obd2DatabaseImpl: Closed DB
10-21 08:41:23.536 3547-3649/de.mobilitymedia.cdlsdk.test I/DiaxController: Initializing controller [ vci id: 1 ][ key: [C@f611e7c ][ data path: .\data ][ data filer: .*\.dat ]
10-21 08:41:23.554 3547-3649/de.mobilitymedia.cdlsdk.test V/DiaxController: Db path [ /data/user/0/de.mobilitymedia.cdlsdk.test/files/de.mobilitymedia.cdlsdk.test/databases ]
10-21 08:41:23.555 3547-3649/de.mobilitymedia.cdlsdk.test V/DiaxController: Db names:
                                                                            [ obd2db.sqlite ]
                                                                            [ VF1BZ0V0640659912_ECU1477032082064_stub_type_1_1_00_1.2.43.dat ]
                                                                            [ VF1BZ0V0640659912_ECU1477032082064_stub_type_1_1_00_1.2.43.dat-journal ]
10-21 08:41:23.556 3547-3649/de.mobilitymedia.cdlsdk.test I/DiaxController: DiaX thread (re)initialized
10-21 08:41:23.563 3547-3649/de.mobilitymedia.cdlsdk.test I/StateMachine: Initializing databases
10-21 08:41:23.564 3547-3649/de.mobilitymedia.cdlsdk.test I/Obd2DatabaseImpl: Opened DB in 0 milliseconds
10-21 08:41:23.565 3547-3649/de.mobilitymedia.cdlsdk.test I/StateMachine: Scanning database VF1BZ0V0640659912_ECU1477032082064_stub_type_1_1_00_1.2.43.dat
10-21 08:41:23.570 3547-3649/de.mobilitymedia.cdlsdk.test I/*cReadConnectionHandler: Adding system 1 w/o restrictions
10-21 08:41:23.570 3547-3649/de.mobilitymedia.cdlsdk.test I/StateMachine: Scanning ECU kombi_g90 for UUIDs
10-21 08:41:23.573 3547-3649/de.mobilitymedia.cdlsdk.test I/StateMachine: Found UUID 02900594-49c4-49aa-a27c-cface0827015 in variant BaseVariant
10-21 08:41:23.577 3547-3649/de.mobilitymedia.cdlsdk.test I/StateMachine: Found UUID 02a0e12c-9d5f-499e-a654-0f26b4ec72d7 in variant BaseVariant
10-21 08:41:23.577 3547-3649/de.mobilitymedia.cdlsdk.test I/StateMachine: Found UUID 0250a9c3-2214-4f05-ab0c-8bc28e8ea44f in variant BaseVariant
10-21 08:41:23.578 3547-3649/de.mobilitymedia.cdlsdk.test I/StateMachine: Found UUID 02ebe6c4-cff1-4d03-a0fd-58cbf743a7dc in variant BaseVariant
10-21 08:41:23.578 3547-3649/de.mobilitymedia.cdlsdk.test I/StateMachine: Databases initialized
10-21 08:41:23.578 3547-3649/de.mobilitymedia.cdlsdk.test V/DiaxCodeDelegate: [ new data ][ stub mac address ][ progress ]
10-21 08:41:23.578 3547-3649/de.mobilitymedia.cdlsdk.test V/DiaxCodeDelegate: [ new data ][ stub mac address ][ progress ]
10-21 08:41:23.578 3547-3649/de.mobilitymedia.cdlsdk.test I/VciState: Connecting VCI ...(1)
10-21 08:41:23.600 3547-3649/de.mobilitymedia.cdlsdk.test V/DiaxCodeDelegate: [ new data ][ stub mac address ][ progress ]
10-21 08:41:23.600 3547-3649/de.mobilitymedia.cdlsdk.test I/VinState: VinState received new VciState: PDU_MODST_READY
10-21 08:41:23.618 3547-3649/de.mobilitymedia.cdlsdk.test I/Mode1Impl: Supported Variables: [EcuSupportVariable [ecuaddress=$7e8, supportVariableName=GASOLINE]]
10-21 08:41:23.618 3547-3649/de.mobilitymedia.cdlsdk.test I/VinState: Requesting VIN...
10-21 08:41:23.618 3547-3649/de.mobilitymedia.cdlsdk.test I/EcuAccessObdII: Check VIN support
10-21 08:41:23.618 3547-3649/de.mobilitymedia.cdlsdk.test I/EcuAccessObdII: Request for VIN...
10-21 08:41:23.618 3547-3649/de.mobilitymedia.cdlsdk.test I/VinState: Detected VIN: 12345678901234567
10-21 08:41:23.619 3547-3649/de.mobilitymedia.cdlsdk.test V/DiaxCodeDelegate: [ new data ][ stub mac address ][ vin ]
10-21 08:41:23.619 3547-3649/de.mobilitymedia.cdlsdk.test W/DiaxController: Using demo mode vin [ VF1BZ0V0640659912 ]
10-21 08:41:23.619 3547-3649/de.mobilitymedia.cdlsdk.test V/DiaxCodeDelegate: We are about to notify OnVinListener [ de.mobilitymedia.cdlsdk.CoreAbstract$4@9399ee6 ]
10-21 08:41:23.619 3547-3649/de.mobilitymedia.cdlsdk.test I/CoreAbstract: VIN detected [ VF1BZ0V0640659912 ]
10-21 08:41:23.619 3547-3649/de.mobilitymedia.cdlsdk.test W/CoreAbstract: There is no observers for dongle [ stub mac address ][ stub mac address ]
10-21 08:41:23.621 3547-3649/de.mobilitymedia.cdlsdk.test V/DiaxCodeDelegate: [ new data ][ stub mac address ][ /status ]
10-21 08:41:23.621 3547-3649/de.mobilitymedia.cdlsdk.test D/DiaxCodeDelegate: Status data received:
                                                                              [ stub mac address ]
                                                                              [ Dummy-VCI ]
                                                                              [ 1.2.43 ]
                                                                              [ 2016.01.02.44 ]
10-21 08:41:23.624 3547-3649/de.mobilitymedia.cdlsdk.test I/EcuState: Entering ECU state
10-21 08:41:23.624 3547-3649/de.mobilitymedia.cdlsdk.test I/EcuState: Using ECU kombi_g90 from DB VF1BZ0V0640659912_ECU1477032082064_stub_type_1_1_00_1.2.43.dat
10-21 08:41:23.624 3547-3649/de.mobilitymedia.cdlsdk.test I/EcuAccessOem: Create EcuAccess instance: kombi_g90 from DB: VF1BZ0V0640659912_ECU1477032082064_stub_type_1_1_00_1.2.43.dat
10-21 08:41:23.625 3547-3649/de.mobilitymedia.cdlsdk.test I/EcuState: EcuState received new VciState: PDU_MODST_READY
10-21 08:41:23.625 3547-3649/de.mobilitymedia.cdlsdk.test V/DiaxCodeDelegate: [ new data ][ stub mac address ][ progress ]
10-21 08:41:23.636 3547-3649/de.mobilitymedia.cdlsdk.test V/DiaxCodeDelegate: [ new data ][ stub mac address ][ /vci ]
10-21 08:41:23.636 3547-3649/de.mobilitymedia.cdlsdk.test W/DiaxController: Using demo mode vci.
10-21 08:41:23.636 3547-3649/de.mobilitymedia.cdlsdk.test D/DiaxCodeDelegate: Vci data received:
                                                                              [ stub mac address ]
                                                                              [ demo_id ]
                                                                              [ MomeDongle_DEMO ]
                                                                              [ 00.07.04.09.02.00 ]
                                                                              [ BLUETOOTH ]
10-21 08:41:23.636 3547-3649/de.mobilitymedia.cdlsdk.test W/DiaxController: Using demo mode vin [ VF1BZ0V0640659912 ]
10-21 08:41:23.636 3547-3649/de.mobilitymedia.cdlsdk.test W/DiaxController: Using demo mode vci.
10-21 08:41:23.636 3547-3649/de.mobilitymedia.cdlsdk.test V/VehicleIdentificationManagerImpl: Scheduling identification [ VF1BZ0V0640659912_1.2.43_00 ]
10-21 08:41:23.636 3547-3649/de.mobilitymedia.cdlsdk.test D/DatabaseDownloadManagerAbstract: Listener subscribed [ de.mobilitymedia.vehicleident.VehicleIdentificationManagerImplAbstract$1@5bfe95d ]
10-21 08:41:23.637 3547-3579/de.mobilitymedia.cdlsdk.test V/IdentificationsAbstract: Querying identifications [ VF1BZ0V0640659912_1.2.43_00 ]
10-21 08:41:23.637 3547-3579/de.mobilitymedia.cdlsdk.test D/DatabaseDownloadManagerAbstract: Listener un subscribed [ de.mobilitymedia.vehicleident.VehicleIdentificationManagerImplAbstract$1@5bfe95d ]
10-21 08:41:23.637 3547-3579/de.mobilitymedia.cdlsdk.test W/VehicleIdentificationManagerImpl: Successful identification already performed in last 24 hours [ VF1BZ0V0640659912_1.2.43_00 ]
10-21 08:41:23.645 3547-3649/de.mobilitymedia.cdlsdk.test V/DiaxCodeDelegate: [ new data ][ stub mac address ][ /avs ]
