                                                                        desc: km/h
                                                                        value: 96.0
10-21 08:39:34.530 3547-3579/de.mobilitymedia.cdlsdk.test I/VehicleIdentificationManagerImpl: Vehicles [ 0 ]
10-21 08:39:34.530 3547-3579/de.mobilitymedia.cdlsdk.test V/VehicleIdentificationManagerImpl: We notified vehicle identification listeners [ count: 0 ][ vin: VF1BZ0V0640659912 ][ success: false ]
10-21 08:39:34.530 3547-3579/de.mobilitymedia.cdlsdk.test V/VehicleIdentificationManagerImpl: Scheduled identification executed [ success: false ][ VF1BZ0V0640659912_1.2.43_00 ]
10-21 08:39:34.530 3547-3579/de.mobilitymedia.cdlsdk.test D/DatabaseDownloadManagerAbstract: Listener un subscribed [ de.mobilitymedia.vehicleident.VehicleIdentificationManagerImplAbstract$1@5bfe95d ]
10-21 08:39:34.945 3547-3577/de.mobilitymedia.cdlsdk.test V/DiaxCodeDelegate: [ new data ][ stub mac address ][ VSS ]
10-21 08:39:34.945 3547-3577/de.mobilitymedia.cdlsdk.test V/DiaxCodeDelegate: [ new data ][ stub mac address ][ 0238ab35-8664-48ad-a21d-be742e3f7737 ]
10-21 08:39:34.945 3547-3577/de.mobilitymedia.cdlsdk.test V/DiaxCodeDelegate: [ new data ][ stub mac address ][ /ecu/OBDII/av/VSS ]
10-21 08:39:34.945 3547-3577/de.mobilitymedia.cdlsdk.test V/DiaxCodeDelegate: JSON [ /ecu/OBDII/av/VSS ] : {"exectime":1,"av":[{"address":"$7e8","source":"OBDII","link":"/ecu/OBDII/av/VSS","uuid":"0238ab35-8664-48ad-a21d-be742e3f7737","uuidlink":"/av/0238ab35-8664-48ad-a21d-be742e3f7737","name":{"isodesc":"Vehicle speed sensor","id":27011,"shortdesc":"VSS"},"unit":{"isodesc":"km/h","id":11066},"value":{"numbervalue":96,"localvalue":"96.0"}}],"uplink":"/ecu/OBDII/avs"}
10-21 08:39:34.945 3547-3577/de.mobilitymedia.cdlsdk.test V/CdlsdkTest: data received [ Fri Oct 21 08:39:34 GMT+02:00 2016 ]
                                                                        desc: km/h
                                                                        value: 96.0
10-21 08:39:35.904 3547-3560/de.mobilitymedia.cdlsdk.test V/SignalTimer: Signal timer [ PAUSED ]
10-21 08:39:35.905 3547-3560/de.mobilitymedia.cdlsdk.test W/CoreAbstract: There is no observers for dongle [ stub mac address ][ stub mac address ]
10-21 08:39:40.906 3547-3560/de.mobilitymedia.cdlsdk.test V/SignalTimer: Signal timer [ RESUMED ]
10-21 08:39:40.906 3547-3560/de.mobilitymedia.cdlsdk.test W/CoreAbstract: There is no observers for dongle [ stub mac address ][ stub mac address ]
10-21 08:39:41.808 3547-3577/de.mobilitymedia.cdlsdk.test V/DiaxCodeDelegate: [ new data ][ stub mac address ][ VSS ]
10-21 08:39:41.809 3547-3577/de.mobilitymedia.cdlsdk.test V/DiaxCodeDelegate: [ new data ][ stub mac address ][ 0238ab35-8664-48ad-a21d-be742e3f7737 ]
10-21 08:39:41.809 3547-3577/de.mobilitymedia.cdlsdk.test V/DiaxCodeDelegate: [ new data ][ stub mac address ][ /ecu/OBDII/av/VSS ]
10-21 08:39:41.809 3547-3577/de.mobilitymedia.cdlsdk.test V/DiaxCodeDelegate: JSON [ /ecu/OBDII/av/VSS ] : {"exectime":1,"av":[{"address":"$7e8","source":"OBDII","link":"/ecu/OBDII/av/VSS","uuid":"0238ab35-8664-48ad-a21d-be742e3f7737","uuidlink":"/av/0238ab35-8664-48ad-a21d-be742e3f7737","name":{"isodesc":"Vehicle speed sensor","id":27011,"shortdesc":"VSS"},"unit":{"isodesc":"km/h","id":11066},"value":{"numbervalue":96,"localvalue":"96.0"}}],"uplink":"/ecu/OBDII/avs"}
10-21 08:39:41.809 3547-3577/de.mobilitymedia.cdlsdk.test V/CdlsdkTest: data received [ Fri Oct 21 08:39:41 GMT+02:00 2016 ]
                                                                        desc: km/h
                                                                        value: 96.0
10-21 08:39:42.809 3547-3577/de.mobilitymedia.cdlsdk.test V/DiaxCodeDelegate: [ new data ][ stub mac address ][ VSS ]
10-21 08:39:42.809 3547-3577/de.mobilitymedia.cdlsdk.test V/DiaxCodeDelegate: [ new data ][ stub mac address ][ 0238ab35-8664-48ad-a21d-be742e3f7737 ]
10-21 08:39:42.809 3547-3577/de.mobilitymedia.cdlsdk.test V/DiaxCodeDelegate: [ new data ][ stub mac address ][ /ecu/OBDII/av/VSS ]
10-21 08:39:42.810 3547-3577/de.mobilitymedia.cdlsdk.test V/DiaxCodeDelegate: JSON [ /ecu/OBDII/av/VSS ] : {"exectime":1,"av":[{"address":"$7e8","source":"OBDII","link":"/ecu/OBDII/av/VSS","uuid":"0238ab35-8664-48ad-a21d-be742e3f7737","uuidlink":"/av/0238ab35-8664-48ad-a21d-be742e3f7737","name":{"isodesc":"Vehicle speed sensor","id":27011,"shortdesc":"VSS"},"unit":{"isodesc":"km/h","id":11066},"value":{"numbervalue":96,"localvalue":"96.0"}}],"uplink":"/ecu/OBDII/avs"}
10-21 08:39:42.810 3547-3577/de.mobilitymedia.cdlsdk.test V/CdlsdkTest: data received [ Fri Oct 21 08:39:42 GMT+02:00 2016 ]
                                                                        desc: km/h
                                                                        value: 96.0
10-21 08:39:43.809 3547-3577/de.mobilitymedia.cdlsdk.test V/DiaxCodeDelegate: [ new data ][ stub mac address ][ VSS ]
10-21 08:39:43.809 3547-3577/de.mobilitymedia.cdlsdk.test V/DiaxCodeDelegate: [ new data ][ stub mac address ][ 0238ab35-8664-48ad-a21d-be742e3f7737 ]
10-21 08:39:43.809 3547-3577/de.mobilitymedia.cdlsdk.test V/DiaxCodeDelegate: [ new data ][ stub mac address ][ /ecu/OBDII/av/VSS ]
10-21 08:39:43.809 3547-3577/de.mobilitymedia.cdlsdk.test V/DiaxCodeDelegate: JSON [ /ecu/OBDII/av/VSS ] : {"exectime":1,"av":[{"address":"$7e8","source":"OBDII","link":"/ecu/OBDII/av/VSS","uuid":"0238ab35-8664-48ad-a21d-be742e3f7737","uuidlink":"/av/0238ab35-8664-48ad-a21d-be742e3f7737","name":{"isodesc":"Vehicle speed sensor","id":27011,"shortdesc":"VSS"},"unit":{"isodesc":"km/h","id":11066},"value":{"numbervalue":96,"localvalue":"96.0"}}],"uplink":"/ecu/OBDII/avs"}
10-21 08:39:43.809 3547-3577/de.mobilitymedia.cdlsdk.test V/CdlsdkTest: data received [ Fri Oct 21 08:39:43 GMT+02:00 2016 ]
                                                                        desc: km/h
                                                                        value: 96.0
10-21 08:39:43.907 3547-3560/de.mobilitymedia.cdlsdk.test W/CoreAbstract: There is no observers for dongle [ stub mac address ][ stub mac address ]
10-21 08:39:43.907 3547-3560/de.mobilitymedia.cdlsdk.test V/AbstractCanBusManager: [ before stop ][ stub mac address ]
10-21 08:39:43.907 3547-3560/de.mobilitymedia.cdlsdk.test V/VehicleIdentificationManagerImpl: Initializing DatabaseDownloadManager.
10-21 08:39:43.907 3547-3560/de.mobilitymedia.cdlsdk.test V/VehicleIdentificationManagerImpl: Initializing VehicleService.
10-21 08:39:43.907 3547-3560/de.mobilitymedia.cdlsdk.test V/VehicleIdentificationManagerImpl: Initializing OkHttpClient.
10-21 08:39:43.909 3547-3585/de.mobilitymedia.cdlsdk.test V/VehicleIdentificationManagerImpl: Initializing HttpLoggingInterceptor.
10-21 08:39:43.912 3547-3560/de.mobilitymedia.cdlsdk.test D/DatabaseDownloadManagerAbstract: Listener un subscribed [ de.mobilitymedia.connectors.diax.DiaxCodeDelegate$2@583a4be ]
10-21 08:39:43.912 3547-3560/de.mobilitymedia.cdlsdk.test D/DiaxCodeDelegate: [ stop ][ stub mac address ]
10-21 08:39:43.912 3547-3560/de.mobilitymedia.cdlsdk.test W/CoreAbstract: There is no observers for dongle [ stub mac address ][ stub mac address ]
10-21 08:39:43.913 3547-3560/de.mobilitymedia.cdlsdk.test V/AbstractCanBusManager: CanBus stopped [ stub mac address ]
10-21 08:39:43.913 3547-3560/de.mobilitymedia.cdlsdk.test V/AbstractCanBusManager: Configurations running [ 0 ]
10-21 08:39:43.913 3547-3560/de.mobilitymedia.cdlsdk.test V/Diax: onStoppedListener: Diax is stopped.
10-21 08:39:43.913 3547-3560/de.mobilitymedia.cdlsdk.test V/SignalDelegate: Ready [ false ]
10-21 08:39:43.913 3547-3560/de.mobilitymedia.cdlsdk.test I/SignalDelegate: Signal un subscribed [ /ecu/OBDII/av/VSS ][ listeners: 1 ]
10-21 08:39:43.913 3547-3560/de.mobilitymedia.cdlsdk.test V/SignalTimer: Listener un subscribed [ de.mobilitymedia.connectors.diax.SignalDelegate$2@8cebfa3 ]
10-21 08:39:43.913 3547-3560/de.mobilitymedia.cdlsdk.test V/SignalTimer: Signal timer [ STOPPED ]
10-21 08:39:43.913 3547-3560/de.mobilitymedia.cdlsdk.test V/Diax: Diax ready [ false ]
10-21 08:39:43.913 3547-3560/de.mobilitymedia.cdlsdk.test V/DiaxCodeDelegate: We are about to un subscribe all subscribed listeners.
10-21 08:39:43.913 3547-3560/de.mobilitymedia.cdlsdk.test D/DiaxCodeDelegate: Listener un subscribed [ de.mobilitymedia.cdlsdk.CoreAbstract$2@4ed364b ][ 85453594 ][ 11 ]
10-21 08:39:43.914 3547-3560/de.mobilitymedia.cdlsdk.test D/DiaxCodeDelegate: Listener un subscribed [ de.mobilitymedia.cdlsdk.CoreAbstract$3@88d2828 ][ 85453594 ][ 10 ]
10-21 08:39:43.914 3547-3560/de.mobilitymedia.cdlsdk.test D/DiaxCodeDelegate: Listener un subscribed [ de.mobilitymedia.cdlsdk.CoreAbstract$1@d467941 ][ 85453594 ][ 9 ]
10-21 08:39:43.914 3547-3560/de.mobilitymedia.cdlsdk.test D/DiaxCodeDelegate: Listener un subscribed [ de.mobilitymedia.cdlsdk.CoreAbstract$4@9399ee6 ][ 85453594 ][ 8 ]
10-21 08:39:43.914 3547-3560/de.mobilitymedia.cdlsdk.test D/DiaxCodeDelegate: Listener un subscribed [ de.mobilitymedia.cdlsdk.CoreAbstract$5@7d6ec27 ][ 85453594 ][ 7 ]
10-21 08:39:43.914 3547-3560/de.mobilitymedia.cdlsdk.test D/DiaxCodeDelegate: Listener un subscribed [ de.mobilitymedia.connectors.commons.AbstractCanBusManager$1@fa09ed4 ][ 85453594 ][ 6 ]
10-21 08:39:43.914 3547-3560/de.mobilitymedia.cdlsdk.test D/DiaxCodeDelegate: Listener un subscribed [ de.mobilitymedia.connectors.commons.AbstractCanBusManager$2@3c0687d ][ 85453594 ][ 5 ]
10-21 08:39:43.914 3547-3560/de.mobilitymedia.cdlsdk.test D/DiaxCodeDelegate: Listener un subscribed [ de.mobilitymedia.connectors.diax.SignalDelegate$1@670c372 ][ 85453594 ][ 4 ]
10-21 08:39:43.914 3547-3560/de.mobilitymedia.cdlsdk.test D/DiaxCodeDelegate: Listener un subscribed [ de.mobilitymedia.connectors.diax.commons.DiaxAbstract$1@ad92a35 ][ 85453594 ][ 3 ]
10-21 08:39:43.915 3547-3560/de.mobilitymedia.cdlsdk.test D/DiaxCodeDelegate: Listener un subscribed [ de.mobilitymedia.connectors.diax.commons.DiaxAbstract$2@3514eca ][ 85453594 ][ 2 ]
10-21 08:39:43.916 3547-3560/de.mobilitymedia.cdlsdk.test D/DiaxCodeDelegate: Listener un subscribed [ de.mobilitymedia.connectors.diax.commons.DiaxAbstract$3@9dc483b ][ 85453594 ][ 1 ]
10-21 08:39:43.916 3547-3560/de.mobilitymedia.cdlsdk.test D/DiaxCodeDelegate: Listener un subscribed [ de.mobilitymedia.connectors.diax.commons.DiaxAbstract$4@96eeb58 ][ 85453594 ][ 0 ]
10-21 08:39:43.916 3547-3560/de.mobilitymedia.cdlsdk.test V/DiaxCodeDelegate: We are about to keep bluetooth device bonding since preserved device bonding is set to [ true ]
10-21 08:39:43.917 3547-3586/de.mobilitymedia.cdlsdk.test I/DiaxController: Shut-Down called
10-21 08:39:44.027 3547-3577/de.mobilitymedia.cdlsdk.test V/DiaxCodeDelegate: [ new data ][ stub mac address ][ progress ]
10-21 08:39:44.028 3547-3577/de.mobilitymedia.cdlsdk.test I/Obd2DatabaseImpl: Closed DB
10-21 08:39:44.028 3547-3577/de.mobilitymedia.cdlsdk.test I/DiaxController: Terminated diaX thread.
10-21 08:39:46.918 3547-3560/de.mobilitymedia.cdlsdk.test V/CdlsdkTest: Iteration [ 2 ]
10-21 08:39:46.918 3547-3560/de.mobilitymedia.cdlsdk.test V/SignalDelegate: Initializing listeners [ /ecu/OBDII/av/VSS ][ 1000 ]
10-21 08:39:46.918 3547-3560/de.mobilitymedia.cdlsdk.test V/SignalDelegate: Listener subscribed [ de.mobilitymedia.cdlsdk.CdlsdkTest$1@58245c5 ][ /ecu/OBDII/av/VSS ][ 1000 ]
10-21 08:39:46.919 3547-3560/de.mobilitymedia.cdlsdk.test D/DiaxCodeDelegate: Listener subscribed [ de.mobilitymedia.cdlsdk.CoreAbstract$2@4ed364b ][ 85453594 ][ 1 ]
10-21 08:39:46.919 3547-3560/de.mobilitymedia.cdlsdk.test D/DiaxCodeDelegate: Listener subscribed [ de.mobilitymedia.cdlsdk.CoreAbstract$3@88d2828 ][ 85453594 ][ 2 ]
10-21 08:39:46.919 3547-3560/de.mobilitymedia.cdlsdk.test D/DiaxCodeDelegate: Listener subscribed [ de.mobilitymedia.cdlsdk.CoreAbstract$1@d467941 ][ 85453594 ][ 3 ]
10-21 08:39:46.919 3547-3560/de.mobilitymedia.cdlsdk.test D/DiaxCodeDelegate: Listener subscribed [ de.mobilitymedia.cdlsdk.CoreAbstract$4@9399ee6 ][ 85453594 ][ 4 ]
10-21 08:39:46.919 3547-3560/de.mobilitymedia.cdlsdk.test D/DiaxCodeDelegate: Listener subscribed [ de.mobilitymedia.cdlsdk.CoreAbstract$5@7d6ec27 ][ 85453594 ][ 5 ]
10-21 08:39:46.919 3547-3560/de.mobilitymedia.cdlsdk.test D/DiaxCodeDelegate: Listener subscribed [ de.mobilitymedia.connectors.commons.AbstractCanBusManager$1@fa09ed4 ][ 85453594 ][ 6 ]
10-21 08:39:46.919 3547-3560/de.mobilitymedia.cdlsdk.test D/DiaxCodeDelegate: Listener subscribed [ de.mobilitymedia.connectors.commons.AbstractCanBusManager$2@3c0687d ][ 85453594 ][ 7 ]
10-21 08:39:46.919 3547-3560/de.mobilitymedia.cdlsdk.test V/AbstractCanBusManager: [ before start ][ stub mac address ]
10-21 08:39:46.919 3547-3560/de.mobilitymedia.cdlsdk.test V/AbstractCanBusManager: Configurations running [ 1 ]
10-21 08:39:46.919 3547-3560/de.mobilitymedia.cdlsdk.test D/DiaxCodeDelegate: Listener subscribed [ de.mobilitymedia.connectors.diax.SignalDelegate$1@670c372 ][ 85453594 ][ 8 ]
10-21 08:39:46.919 3547-3560/de.mobilitymedia.cdlsdk.test D/DatabaseDownloadManagerAbstract: Listener subscribed [ de.mobilitymedia.connectors.diax.DiaxCodeDelegate$2@583a4be ]
10-21 08:39:46.919 3547-3560/de.mobilitymedia.cdlsdk.test W/CoreAbstract: There is no observers for dongle [ stub mac address ][ stub mac address ]
10-21 08:39:46.919 3547-3560/de.mobilitymedia.cdlsdk.test V/AbstractCanBusManager: CanBus started [ stub mac address ]
10-21 08:39:46.919 3547-3560/de.mobilitymedia.cdlsdk.test V/AbstractCanBusManager: We are about to apply CanBus configuration:
                                                                                   Vci: DEMO
                                                                                   User credentials: [stub, stub]
                                                                                   Dongle: [ stub mac address ]
                                                                                   Pin: 2507985
                                                                                   Instance: de.mobilitymedia.connectors.diax.commons.Diax@e33391f
10-21 08:39:46.919 3547-3560/de.mobilitymedia.cdlsdk.test D/DiaxCodeDelegate: Listener subscribed [ de.mobilitymedia.connectors.diax.commons.DiaxAbstract$1@ad92a35 ][ 85453594 ][ 9 ]
10-21 08:39:46.919 3547-3565/de.mobilitymedia.cdlsdk.test D/DiaxCodeDelegate: [ start ][ stub mac address ]
10-21 08:39:46.919 3547-3560/de.mobilitymedia.cdlsdk.test D/DiaxCodeDelegate: Listener subscribed [ de.mobilitymedia.connectors.diax.commons.DiaxAbstract$2@3514eca ][ 85453594 ][ 10 ]
10-21 08:39:46.920 3547-3565/de.mobilitymedia.cdlsdk.test D/BluetoothDevices: Phone mac address:
10-21 08:39:46.920 3547-3560/de.mobilitymedia.cdlsdk.test D/DiaxCodeDelegate: Listener subscribed [ de.mobilitymedia.connectors.diax.commons.DiaxAbstract$3@9dc483b ][ 85453594 ][ 11 ]
10-21 08:39:46.920 3547-3565/de.mobilitymedia.cdlsdk.test D/ApplicationFactory: LANGUAGE [ en ]
10-21 08:39:46.920 3547-3560/de.mobilitymedia.cdlsdk.test D/DiaxCodeDelegate: Listener subscribed [ de.mobilitymedia.connectors.diax.commons.DiaxAbstract$4@96eeb58 ][ 85453594 ][ 12 ]
10-21 08:39:46.938 3547-3565/de.mobilitymedia.cdlsdk.test I/DiaxController: Start-Up called
10-21 08:39:46.939 3547-3587/de.mobilitymedia.cdlsdk.test I/DiaxController: DiaX thread started
10-21 08:39:46.940 3547-3587/de.mobilitymedia.cdlsdk.test I/DiaxController: Initializing controller [ vci id: 1 ][ key: [C@b55bf85 ][ data path: .\data ][ data filer: .*\.dat ]
10-21 08:39:46.970 3547-3587/de.mobilitymedia.cdlsdk.test V/DiaxController: Db path [ /data/user/0/de.mobilitymedia.cdlsdk.test/files/de.mobilitymedia.cdlsdk.test/databases ]
10-21 08:39:46.970 3547-3587/de.mobilitymedia.cdlsdk.test V/DiaxController: Db names:
                                                                            [ obd2db.sqlite ]
10-21 08:39:46.972 3547-3587/de.mobilitymedia.cdlsdk.test I/DiaxController: DiaX thread (re)initialized
10-21 08:39:46.985 3547-3587/de.mobilitymedia.cdlsdk.test I/StateMachine: Initializing databases
10-21 08:39:46.986 3547-3587/de.mobilitymedia.cdlsdk.test I/Obd2DatabaseImpl: Opened DB in 0 milliseconds
10-21 08:39:46.986 3547-3587/de.mobilitymedia.cdlsdk.test I/StateMachine: No database files provided for OEM diagnostics!
10-21 08:39:46.986 3547-3587/de.mobilitymedia.cdlsdk.test I/StateMachine: Databases initialized
10-21 08:39:46.986 3547-3587/de.mobilitymedia.cdlsdk.test V/DiaxCodeDelegate: [ new data ][ stub mac address ][ progress ]
10-21 08:39:46.987 3547-3587/de.mobilitymedia.cdlsdk.test V/DiaxCodeDelegate: [ new data ][ stub mac address ][ progress ]
10-21 08:39:46.987 3547-3587/de.mobilitymedia.cdlsdk.test I/VciState: Connecting VCI ...(1)
10-21 08:39:47.008 3547-3587/de.mobilitymedia.cdlsdk.test V/DiaxCodeDelegate: [ new data ][ stub mac address ][ progress ]
10-21 08:39:47.008 3547-3587/de.mobilitymedia.cdlsdk.test I/VinState: VinState received new VciState: PDU_MODST_READY
10-21 08:39:47.025 3547-3587/de.mobilitymedia.cdlsdk.test I/Mode1Impl: Supported Variables: [EcuSupportVariable [ecuaddress=$7e8, supportVariableName=GASOLINE]]
10-21 08:39:47.025 3547-3587/de.mobilitymedia.cdlsdk.test I/VinState: Requesting VIN...
10-21 08:39:47.025 3547-3587/de.mobilitymedia.cdlsdk.test I/EcuAccessObdII: Check VIN support
10-21 08:39:47.025 3547-3587/de.mobilitymedia.cdlsdk.test I/EcuAccessObdII: Request for VIN...
10-21 08:39:47.026 3547-3587/de.mobilitymedia.cdlsdk.test I/VinState: Detected VIN: 12345678901234567
10-21 08:39:47.026 3547-3587/de.mobilitymedia.cdlsdk.test V/DiaxCodeDelegate: [ new data ][ stub mac address ][ vin ]
10-21 08:39:47.027 3547-3587/de.mobilitymedia.cdlsdk.test W/DiaxController: Using demo mode vin [ VF1BZ0V0640659912 ]
10-21 08:39:47.027 3547-3587/de.mobilitymedia.cdlsdk.test V/DiaxCodeDelegate: We are about to notify OnVinListener [ de.mobilitymedia.cdlsdk.CoreAbstract$4@9399ee6 ]
10-21 08:39:47.027 3547-3587/de.mobilitymedia.cdlsdk.test I/CoreAbstract: VIN detected [ VF1BZ0V0640659912 ]
10-21 08:39:47.027 3547-3587/de.mobilitymedia.cdlsdk.test W/CoreAbstract: There is no observers for dongle [ stub mac address ][ stub mac address ]
10-21 08:39:47.032 3547-3587/de.mobilitymedia.cdlsdk.test V/DiaxCodeDelegate: [ new data ][ stub mac address ][ /status ]
10-21 08:39:47.033 3547-3587/de.mobilitymedia.cdlsdk.test D/DiaxCodeDelegate: Status data received:
                                                                              [ stub mac address ]
                                                                              [ Dummy-VCI ]
                                                                              [ 1.2.43 ]
                                                                              [ 2016.01.02.44 ]
10-21 08:39:47.034 3547-3587/de.mobilitymedia.cdlsdk.test I/EcuState: Entering ECU state
10-21 08:39:47.035 3547-3587/de.mobilitymedia.cdlsdk.test I/EcuState: EcuState received new VciState: PDU_MODST_READY
10-21 08:39:47.035 3547-3587/de.mobilitymedia.cdlsdk.test V/DiaxCodeDelegate: [ new data ][ stub mac address ][ progress ]
10-21 08:39:47.041 3547-3565/de.mobilitymedia.cdlsdk.test V/DiaxCodeDelegate: [ start ][ stub mac address ] We are about to start waiting for Diax.
10-21 08:39:47.046 3547-3587/de.mobilitymedia.cdlsdk.test V/DiaxCodeDelegate: [ new data ][ stub mac address ][ /vci ]
10-21 08:39:47.046 3547-3587/de.mobilitymedia.cdlsdk.test W/DiaxController: Using demo mode vci.
10-21 08:39:47.046 3547-3587/de.mobilitymedia.cdlsdk.test D/DiaxCodeDelegate: Vci data received:
                                                                              [ stub mac address ]
                                                                              [ demo_id ]
                                                                              [ MomeDongle_DEMO ]
                                                                              [ 00.07.04.09.02.00 ]
                                                                              [ BLUETOOTH ]
10-21 08:39:47.046 3547-3587/de.mobilitymedia.cdlsdk.test W/DiaxController: Using demo mode vin [ VF1BZ0V0640659912 ]
10-21 08:39:47.046 3547-3587/de.mobilitymedia.cdlsdk.test W/DiaxController: Using demo mode vci.
10-21 08:39:47.047 3547-3587/de.mobilitymedia.cdlsdk.test V/VehicleIdentificationManagerImpl: Scheduling identification [ VF1BZ0V0640659912_1.2.43_00 ]
10-21 08:39:47.047 3547-3587/de.mobilitymedia.cdlsdk.test D/DatabaseDownloadManagerAbstract: Listener subscribed [ de.mobilitymedia.vehicleident.VehicleIdentificationManagerImplAbstract$1@5bfe95d ]
10-21 08:39:47.048 3547-3589/de.mobilitymedia.cdlsdk.test V/VehicleIdentificationManagerImpl: Initializing Identifications.
10-21 08:39:47.048 3547-3589/de.mobilitymedia.cdlsdk.test V/IdentificationsAbstract: Querying identifications [ VF1BZ0V0640659912_1.2.43_00 ]
10-21 08:39:47.048 3547-3589/de.mobilitymedia.cdlsdk.test D/VehicleIdentificationManagerImpl: No successful identification performed in last 24 hours [ VF1BZ0V0640659912_1.2.43_00 ]
10-21 08:39:47.053 3547-3587/de.mobilitymedia.cdlsdk.test V/DiaxCodeDelegate: [ new data ][ stub mac address ][ /avs ]
10-21 08:39:47.053 3547-3587/de.mobilitymedia.cdlsdk.test D/DiaxCodeDelegate: Avs data received: {"avs":[{"uuidlink":"/av/0238ab35-8664-48ad-a21d-be742e3f7737","address":"$7e8","name":{"isodesc":"Vehicle speed sensor","id":27011,"shortdesc":"VSS"},"unit":{"isodesc":"km/h","id":11066},"source":"OBDII","link":"/ecu/OBDII/av/VSS","uuid":"0238ab35-8664-48ad-a21d-be742e3f7737"},{"uuidlink":"/av/0784e538-a061-4a80-a0b7-078f0286686a","address":"$7e8","name":{"isodesc":"Engine RPM","id":11805,"shortdesc":"RPM"},"unit":{"isodesc":"1/min","id":11059},"source":"OBDII","link":"/ecu/OBDII/av/RPM","uuid":"0784e538-a061-4a80-a0b7-078f0286686a"},{"uuidlink":"/av/086b9547-b682-4eae-94f5-cde889501882","address":"$7e8","name":{"isodesc":"MIL status","id":61130,"shortdesc":"MIL"},"source":"OBDII","link":"/ecu/OBDII/av/MIL","uuid":"086b9547-b682-4eae-94f5-cde889501882"}],"exectime":0,"uplink":"/"}
10-21 08:39:47.053 3547-3587/de.mobilitymedia.cdlsdk.test W/DiaxCodeDelegate: [ missing data ][ stub mac address ]
10-21 08:39:47.054 3547-3587/de.mobilitymedia.cdlsdk.test V/DiaxCodeDelegate: [ new data ][ stub mac address ][ progress ]
10-21 08:39:47.060 3547-3587/de.mobilitymedia.cdlsdk.test W/CoreAbstract: There is no observers for dongle [ stub mac address ][ stub mac address ]
10-21 08:39:47.060 3547-3587/de.mobilitymedia.cdlsdk.test V/SignalDelegate: Ready [ true ]
10-21 08:39:47.060 3547-3587/de.mobilitymedia.cdlsdk.test V/SignalTimer: Listener subscribed [ de.mobilitymedia.connectors.diax.SignalDelegate$2@8cebfa3 ]
10-21 08:39:47.060 3547-3587/de.mobilitymedia.cdlsdk.test V/SignalTimer: Signal timer [ STARTED ]
10-21 08:39:47.060 3547-3587/de.mobilitymedia.cdlsdk.test V/Diax: Diax ready [ true ]
10-21 08:39:47.061 3547-3565/de.mobilitymedia.cdlsdk.test V/DiaxCodeDelegate: [ start ][ stub mac address ] We are notified about Diax.
10-21 08:39:47.061 3547-3565/de.mobilitymedia.cdlsdk.test I/DiaxCodeDelegate: VCI Idle
10-21 08:39:47.978 3547-3587/de.mobilitymedia.cdlsdk.test I/Mode1Impl: Supported Variables: [EcuSupportVariable [ecuaddress=$7e8, supportVariableName=GASOLINE]]
10-21 08:39:47.978 3547-3587/de.mobilitymedia.cdlsdk.test V/DiaxCodeDelegate: [ new data ][ stub mac address ][ progress ]
10-21 08:39:47.980 3547-3587/de.mobilitymedia.cdlsdk.test V/DiaxCodeDelegate: [ new data ][ stub mac address ][ VSS ]
10-21 08:39:47.980 3547-3587/de.mobilitymedia.cdlsdk.test V/DiaxCodeDelegate: [ new data ][ stub mac address ][ 0238ab35-8664-48ad-a21d-be742e3f7737 ]
10-21 08:39:47.981 3547-3587/de.mobilitymedia.cdlsdk.test V/DiaxCodeDelegate: [ new data ][ stub mac address ][ /ecu/OBDII/av/VSS ]
10-21 08:39:47.981 3547-3587/de.mobilitymedia.cdlsdk.test V/DiaxCodeDelegate: JSON [ /ecu/OBDII/av/VSS ] : {"exectime":18,"av":[{"address":"$7e8","source":"OBDII","link":"/ecu/OBDII/av/VSS","uuid":"0238ab35-8664-48ad-a21d-be742e3f7737","uuidlink":"/av/0238ab35-8664-48ad-a21d-be742e3f7737","name":{"isodesc":"Vehicle speed sensor","id":27011,"shortdesc":"VSS"},"unit":{"isodesc":"km/h","id":11066},"value":{"numbervalue":96,"localvalue":"96.0"}}],"uplink":"/ecu/OBDII/avs"}
10-21 08:39:47.982 3547-3587/de.mobilitymedia.cdlsdk.test V/CdlsdkTest: data received [ Fri Oct 21 08:39:47 GMT+02:00 2016 ]
                                                                        desc: km/h
                                                                        value: 96.0
10-21 08:39:48.550 3547-3589/de.mobilitymedia.cdlsdk.test I/VehicleIdentificationManagerImpl: Vehicles [ 0 ]
10-21 08:39:48.550 3547-3589/de.mobilitymedia.cdlsdk.test V/VehicleIdentificationManagerImpl: We notified vehicle identification listeners [ count: 0 ][ vin: VF1BZ0V0640659912 ][ success: false ]
10-21 08:39:48.550 3547-3589/de.mobilitymedia.cdlsdk.test V/VehicleIdentificationManagerImpl: Scheduled identification executed [ success: false ][ VF1BZ0V0640659912_1.2.43_00 ]
10-21 08:39:48.551 3547-3589/de.mobilitymedia.cdlsdk.test D/DatabaseDownloadManagerAbstract: Listener un subscribed [ de.mobilitymedia.vehicleident.VehicleIdentificationManagerImplAbstract$1@5bfe95d ]
10-21 08:39:48.963 3547-3587/de.mobilitymedia.cdlsdk.test V/DiaxCodeDelegate: [ new data ][ stub mac address ][ VSS ]
10-21 08:39:48.963 3547-3587/de.mobilitymedia.cdlsdk.test V/DiaxCodeDelegate: [ new data ][ stub mac address ][ 0238ab35-8664-48ad-a21d-be742e3f7737 ]
10-21 08:39:48.963 3547-3587/de.mobilitymedia.cdlsdk.test V/DiaxCodeDelegate: [ new data ][ stub mac address ][ /ecu/OBDII/av/VSS ]
10-21 08:39:48.963 3547-3587/de.mobilitymedia.cdlsdk.test V/DiaxCodeDelegate: JSON [ /ecu/OBDII/av/VSS ] : {"exectime":1,"av":[{"address":"$7e8","source":"OBDII","link":"/ecu/OBDII/av/VSS","uuid":"0238ab35-8664-48ad-a21d-be742e3f7737","uuidlink":"/av/0238ab35-8664-48ad-a21d-be742e3f7737","name":{"isodesc":"Vehicle speed sensor","id":27011,"shortdesc":"VSS"},"unit":{"isodesc":"km/h","id":11066},"value":{"numbervalue":96,"localvalue":"96.0"}}],"uplink":"/ecu/OBDII/avs"}
10-21 08:39:48.964 3547-3587/de.mobilitymedia.cdlsdk.test V/CdlsdkTest: data received [ Fri Oct 21 08:39:48 GMT+02:00 2016 ]
                                                                        desc: km/h
                                                                        value: 96.0
10-21 08:39:49.921 3547-3560/de.mobilitymedia.cdlsdk.test V/SignalTimer: Signal timer [ PAUSED ]
10-21 08:39:49.921 3547-3560/de.mobilitymedia.cdlsdk.test W/CoreAbstract: There is no observers for dongle [ stub mac address ][ stub mac address ]
10-21 08:39:54.927 3547-3560/de.mobilitymedia.cdlsdk.test V/SignalTimer: Signal timer [ RESUMED ]
10-21 08:39:54.927 3547-3560/de.mobilitymedia.cdlsdk.test W/CoreAbstract: There is no observers for dongle [ stub mac address ][ stub mac address ]
10-21 08:39:55.830 3547-3587/de.mobilitymedia.cdlsdk.test V/DiaxCodeDelegate: [ new data ][ stub mac address ][ VSS ]
10-21 08:39:55.830 3547-3587/de.mobilitymedia.cdlsdk.test V/DiaxCodeDelegate: [ new data ][ stub mac address ][ 0238ab35-8664-48ad-a21d-be742e3f7737 ]
10-21 08:39:55.830 3547-3587/de.mobilitymedia.cdlsdk.test V/DiaxCodeDelegate: [ new data ][ stub mac address ][ /ecu/OBDII/av/VSS ]
10-21 08:39:55.830 3547-3587/de.mobilitymedia.cdlsdk.test V/DiaxCodeDelegate: JSON [ /ecu/OBDII/av/VSS ] : {"exectime":1,"av":[{"address":"$7e8","source":"OBDII","link":"/ecu/OBDII/av/VSS","uuid":"0238ab35-8664-48ad-a21d-be742e3f7737","uuidlink":"/av/0238ab35-8664-48ad-a21d-be742e3f7737","name":{"isodesc":"Vehicle speed sensor","id":27011,"shortdesc":"VSS"},"unit":{"isodesc":"km/h","id":11066},"value":{"numbervalue":96,"localvalue":"96.0"}}],"uplink":"/ecu/OBDII/avs"}
10-21 08:39:55.830 3547-3587/de.mobilitymedia.cdlsdk.test V/CdlsdkTest: data received [ Fri Oct 21 08:39:55 GMT+02:00 2016 ]
                                                                        desc: km/h
                                                                        value: 96.0
10-21 08:39:56.830 3547-3587/de.mobilitymedia.cdlsdk.test V/DiaxCodeDelegate: [ new data ][ stub mac address ][ VSS ]
10-21 08:39:56.830 3547-3587/de.mobilitymedia.cdlsdk.test V/DiaxCodeDelegate: [ new data ][ stub mac address ][ 0238ab35-8664-48ad-a21d-be742e3f7737 ]
10-21 08:39:56.830 3547-3587/de.mobilitymedia.cdlsdk.test V/DiaxCodeDelegate: [ new data ][ stub mac address ][ /ecu/OBDII/av/VSS ]
10-21 08:39:56.830 3547-3587/de.mobilitymedia.cdlsdk.test V/DiaxCodeDelegate: JSON [ /ecu/OBDII/av/VSS ] : {"exectime":1,"av":[{"address":"$7e8","source":"OBDII","link":"/ecu/OBDII/av/VSS","uuid":"0238ab35-8664-48ad-a21d-be742e3f7737","uuidlink":"/av/0238ab35-8664-48ad-a21d-be742e3f7737","name":{"isodesc":"Vehicle speed sensor","id":27011,"shortdesc":"VSS"},"unit":{"isodesc":"km/h","id":11066},"value":{"numbervalue":96,"localvalue":"96.0"}}],"uplink":"/ecu/OBDII/avs"}
10-21 08:39:56.830 3547-3587/de.mobilitymedia.cdlsdk.test V/CdlsdkTest: data received [ Fri Oct 21 08:39:56 GMT+02:00 2016 ]
                                                                        desc: km/h
                                                                        value: 96.0
10-21 08:39:57.830 3547-3587/de.mobilitymedia.cdlsdk.test V/DiaxCodeDelegate: [ new data ][ stub mac address ][ VSS ]
10-21 08:39:57.830 3547-3587/de.mobilitymedia.cdlsdk.test V/DiaxCodeDelegate: [ new data ][ stub mac address ][ 0238ab35-8664-48ad-a21d-be742e3f7737 ]
10-21 08:39:57.830 3547-3587/de.mobilitymedia.cdlsdk.test V/DiaxCodeDelegate: [ new data ][ stub mac address ][ /ecu/OBDII/av/VSS ]
10-21 08:39:57.831 3547-3587/de.mobilitymedia.cdlsdk.test V/DiaxCodeDelegate: JSON [ /ecu/OBDII/av/VSS ] : {"exectime":1,"av":[{"address":"$7e8","source":"OBDII","link":"/ecu/OBDII/av/VSS","uuid":"0238ab35-8664-48ad-a21d-be742e3f7737","uuidlink":"/av/0238ab35-8664-48ad-a21d-be742e3f7737","name":{"isodesc":"Vehicle speed sensor","id":27011,"shortdesc":"VSS"},"unit":{"isodesc":"km/h","id":11066},"value":{"numbervalue":96,"localvalue":"96.0"}}],"uplink":"/ecu/OBDII/avs"}
10-21 08:39:57.831 3547-3587/de.mobilitymedia.cdlsdk.test V/CdlsdkTest: data received [ Fri Oct 21 08:39:57 GMT+02:00 2016 ]
                                                                        desc: km/h
                                                                        value: 96.0
10-21 08:39:57.928 3547-3560/de.mobilitymedia.cdlsdk.test W/CoreAbstract: There is no observers for dongle [ stub mac address ][ stub mac address ]
10-21 08:39:57.928 3547-3560/de.mobilitymedia.cdlsdk.test V/AbstractCanBusManager: [ before stop ][ stub mac address ]
10-21 08:39:57.928 3547-3560/de.mobilitymedia.cdlsdk.test D/DatabaseDownloadManagerAbstract: Listener un subscribed [ de.mobilitymedia.connectors.diax.DiaxCodeDelegate$2@583a4be ]
10-21 08:39:57.929 3547-3560/de.mobilitymedia.cdlsdk.test D/DiaxCodeDelegate: [ stop ][ stub mac address ]
10-21 08:39:57.930 3547-3560/de.mobilitymedia.cdlsdk.test W/CoreAbstract: There is no observers for dongle [ stub mac address ][ stub mac address ]
10-21 08:39:57.930 3547-3560/de.mobilitymedia.cdlsdk.test V/AbstractCanBusManager: CanBus stopped [ stub mac address ]
10-21 08:39:57.930 3547-3560/de.mobilitymedia.cdlsdk.test V/AbstractCanBusManager: Configurations running [ 0 ]
10-21 08:39:57.930 3547-3560/de.mobilitymedia.cdlsdk.test V/Diax: onStoppedListener: Diax is stopped.
10-21 08:39:57.931 3547-3560/de.mobilitymedia.cdlsdk.test V/SignalDelegate: Ready [ false ]
10-21 08:39:57.931 3547-3560/de.mobilitymedia.cdlsdk.test I/SignalDelegate: Signal un subscribed [ /ecu/OBDII/av/VSS ][ listeners: 1 ]
10-21 08:39:57.932 3547-3560/de.mobilitymedia.cdlsdk.test V/SignalTimer: Listener un subscribed [ de.mobilitymedia.connectors.diax.SignalDelegate$2@8cebfa3 ]
10-21 08:39:57.932 3547-3560/de.mobilitymedia.cdlsdk.test V/SignalTimer: Signal timer [ STOPPED ]
10-21 08:39:57.932 3547-3560/de.mobilitymedia.cdlsdk.test V/Diax: Diax ready [ false ]
10-21 08:39:57.933 3547-3560/de.mobilitymedia.cdlsdk.test V/DiaxCodeDelegate: We are about to un subscribe all subscribed listeners.
10-21 08:39:57.933 3547-3560/de.mobilitymedia.cdlsdk.test D/DiaxCodeDelegate: Listener un subscribed [ de.mobilitymedia.cdlsdk.CoreAbstract$2@4ed364b ][ 85453594 ][ 11 ]
10-21 08:39:57.934 3547-3560/de.mobilitymedia.cdlsdk.test D/DiaxCodeDelegate: Listener un subscribed [ de.mobilitymedia.cdlsdk.CoreAbstract$3@88d2828 ][ 85453594 ][ 10 ]
10-21 08:39:57.938 3547-3560/de.mobilitymedia.cdlsdk.test D/DiaxCodeDelegate: Listener un subscribed [ de.mobilitymedia.cdlsdk.CoreAbstract$1@d467941 ][ 85453594 ][ 9 ]
10-21 08:39:57.939 3547-3560/de.mobilitymedia.cdlsdk.test D/DiaxCodeDelegate: Listener un subscribed [ de.mobilitymedia.cdlsdk.CoreAbstract$4@9399ee6 ][ 85453594 ][ 8 ]
10-21 08:39:57.940 3547-3560/de.mobilitymedia.cdlsdk.test D/DiaxCodeDelegate: Listener un subscribed [ de.mobilitymedia.cdlsdk.CoreAbstract$5@7d6ec27 ][ 85453594 ][ 7 ]
10-21 08:39:57.940 3547-3560/de.mobilitymedia.cdlsdk.test D/DiaxCodeDelegate: Listener un subscribed [ de.mobilitymedia.connectors.commons.AbstractCanBusManager$1@fa09ed4 ][ 85453594 ][ 6 ]
10-21 08:39:57.940 3547-3560/de.mobilitymedia.cdlsdk.test D/DiaxCodeDelegate: Listener un subscribed [ de.mobilitymedia.connectors.commons.AbstractCanBusManager$2@3c0687d ][ 85453594 ][ 5 ]
10-21 08:39:57.940 3547-3560/de.mobilitymedia.cdlsdk.test D/DiaxCodeDelegate: Listener un subscribed [ de.mobilitymedia.connectors.diax.SignalDelegate$1@670c372 ][ 85453594 ][ 4 ]
10-21 08:39:57.940 3547-3560/de.mobilitymedia.cdlsdk.test D/DiaxCodeDelegate: Listener un subscribed [ de.mobilitymedia.connectors.diax.commons.DiaxAbstract$1@ad92a35 ][ 85453594 ][ 3 ]
10-21 08:39:57.940 3547-3560/de.mobilitymedia.cdlsdk.test D/DiaxCodeDelegate: Listener un subscribed [ de.mobilitymedia.connectors.diax.commons.DiaxAbstract$2@3514eca ][ 85453594 ][ 2 ]
10-21 08:39:57.940 3547-3560/de.mobilitymedia.cdlsdk.test D/DiaxCodeDelegate: Listener un subscribed [ de.mobilitymedia.connectors.diax.commons.DiaxAbstract$3@9dc483b ][ 85453594 ][ 1 ]
10-21 08:39:57.940 3547-3560/de.mobilitymedia.cdlsdk.test D/DiaxCodeDelegate: Listener un subscribed [ de.mobilitymedia.connectors.diax.commons.DiaxAbstract$4@96eeb58 ][ 85453594 ][ 0 ]
10-21 08:39:57.940 3547-3560/de.mobilitymedia.cdlsdk.test V/DiaxCodeDelegate: We are about to keep bluetooth device bonding since preserved device bonding is set to [ true ]
10-21 08:39:57.943 3547-3596/de.mobilitymedia.cdlsdk.test I/DiaxController: Shut-Down called
10-21 08:39:58.050 3547-3587/de.mobilitymedia.cdlsdk.test V/DiaxCodeDelegate: [ new data ][ stub mac address ][ progress ]
10-21 08:39:58.056 3547-3587/de.mobilitymedia.cdlsdk.test I/Obd2DatabaseImpl: Closed DB
10-21 08:39:58.060 3547-3587/de.mobilitymedia.cdlsdk.test I/DiaxController: Terminated diaX thread.
10-21 08:40:00.946 3547-3560/de.mobilitymedia.cdlsdk.test V/VinVehiclesAbstract: Constructing VinVehicles class for testing.
10-21 08:40:00.953 3547-3560/de.mobilitymedia.cdlsdk.test V/DatabaseDownloadManagerAbstract: File removed [ obd2db.sqlite ]
10-21 08:40:00.955 3547-3560/de.mobilitymedia.cdlsdk.test V/CdlsdkTest: CdlSdk test [ EXECUTED ]
10-21 08:40:00.955 3547-3560/de.mobilitymedia.cdlsdk.test I/TestRunner: finished: testCdlsdk(de.mobilitymedia.cdlsdk.CdlsdkTest)
10-21 08:40:00.957 3547-3547/de.mobilitymedia.cdlsdk.test I/MonitoringInstrumentation: Activities that are still in CREATED to STOPPED: 0
10-21 08:40:00.959 3547-3560/de.mobilitymedia.cdlsdk.test I/TestRunner: started: afterTest(de.mobilitymedia.cdlsdk.DongleTest)
10-21 08:40:00.966 3547-3547/de.mobilitymedia.cdlsdk.test I/MonitoringInstrumentation: Activities that are still in CREATED to STOPPED: 0
10-21 08:40:00.967 3547-3560/de.mobilitymedia.cdlsdk.test V/DongleTest: Dongle test [ STARTED ]
10-21 08:40:00.967 3547-3560/de.mobilitymedia.cdlsdk.test V/DongleTest: Dongle test [ EXECUTED ]
10-21 08:40:00.967 3547-3560/de.mobilitymedia.cdlsdk.test I/TestRunner: finished: afterTest(de.mobilitymedia.cdlsdk.DongleTest)
10-21 08:40:00.968 3547-3547/de.mobilitymedia.cdlsdk.test I/MonitoringInstrumentation: Activities that are still in CREATED to STOPPED: 0
10-21 08:40:00.968 3547-3560/de.mobilitymedia.cdlsdk.test I/TestRunner: started: testDongle(de.mobilitymedia.cdlsdk.DongleTest)
10-21 08:40:00.969 3547-3547/de.mobilitymedia.cdlsdk.test I/MonitoringInstrumentation: Activities that are still in CREATED to STOPPED: 0
10-21 08:40:00.969 3547-3560/de.mobilitymedia.cdlsdk.test V/DongleTest: Dongle test [ STARTED ]
10-21 08:40:00.970 3547-3560/de.mobilitymedia.cdlsdk.test V/DongleTest: Dongle test [ EXECUTING ]
10-21 08:40:00.970 3547-3560/de.mobilitymedia.cdlsdk.test V/DongleTest: Dongle test iteration [ 0 ]
10-21 08:40:00.970 3547-3560/de.mobilitymedia.cdlsdk.test V/AbstractCanBusManager: [ before stop ][ stub mac address ]
10-21 08:40:00.970 3547-3560/de.mobilitymedia.cdlsdk.test D/DiaxCodeDelegate: [ stop ][ stub mac address ]
10-21 08:40:00.970 3547-3560/de.mobilitymedia.cdlsdk.test V/DiaxCodeDelegate: We are about to un subscribe all subscribed listeners.
10-21 08:40:00.970 3547-3560/de.mobilitymedia.cdlsdk.test V/DiaxCodeDelegate: We are about to keep bluetooth device bonding since preserved device bonding is set to [ true ]
10-21 08:40:00.970 3547-3600/de.mobilitymedia.cdlsdk.test I/DiaxController: Shut-Down called
10-21 08:40:03.972 3547-3560/de.mobilitymedia.cdlsdk.test W/CoreAbstract: There is no observers for dongle [ stub mac address ][ stub mac address ]
10-21 08:40:03.972 3547-3560/de.mobilitymedia.cdlsdk.test V/DongleTest: Failed setting dongle [ false ]
10-21 08:40:03.972 3547-3560/de.mobilitymedia.cdlsdk.test V/ConnectorLibrary: Connector library is already initialized.
10-21 08:40:03.972 3547-3560/de.mobilitymedia.cdlsdk.test W/DiaxConfiguration: Diax configuration running in DEMO mode.
10-21 08:40:03.972 3547-3560/de.mobilitymedia.cdlsdk.test D/DiaxCodeDelegate: Listener subscribed [ de.mobilitymedia.cdlsdk.CoreAbstract$2@4ed364b ][ 97606205 ][ 1 ]
10-21 08:40:03.972 3547-3560/de.mobilitymedia.cdlsdk.test D/DiaxCodeDelegate: Listener subscribed [ de.mobilitymedia.cdlsdk.CoreAbstract$3@88d2828 ][ 97606205 ][ 2 ]
10-21 08:40:03.972 3547-3560/de.mobilitymedia.cdlsdk.test D/DiaxCodeDelegate: Listener subscribed [ de.mobilitymedia.cdlsdk.CoreAbstract$1@d467941 ][ 97606205 ][ 3 ]
10-21 08:40:03.973 3547-3560/de.mobilitymedia.cdlsdk.test D/DiaxCodeDelegate: Listener subscribed [ de.mobilitymedia.cdlsdk.CoreAbstract$4@9399ee6 ][ 97606205 ][ 4 ]
10-21 08:40:03.973 3547-3560/de.mobilitymedia.cdlsdk.test D/DiaxCodeDelegate: Listener subscribed [ de.mobilitymedia.cdlsdk.CoreAbstract$5@7d6ec27 ][ 97606205 ][ 5 ]
10-21 08:40:03.973 3547-3560/de.mobilitymedia.cdlsdk.test D/DiaxCodeDelegate: Listener subscribed [ de.mobilitymedia.connectors.commons.AbstractCanBusManager$1@fa09ed4 ][ 97606205 ][ 6 ]
10-21 08:40:03.973 3547-3560/de.mobilitymedia.cdlsdk.test D/DiaxCodeDelegate: Listener subscribed [ de.mobilitymedia.connectors.commons.AbstractCanBusManager$2@3c0687d ][ 97606205 ][ 7 ]
10-21 08:40:03.973 3547-3560/de.mobilitymedia.cdlsdk.test V/AbstractCanBusManager: [ before start ][ stub mac address 0 ]
10-21 08:40:03.973 3547-3560/de.mobilitymedia.cdlsdk.test V/AbstractCanBusManager: Configurations running [ 1 ]
10-21 08:40:03.973 3547-3560/de.mobilitymedia.cdlsdk.test D/DiaxCodeDelegate: Listener subscribed [ de.mobilitymedia.connectors.diax.SignalDelegate$1@bd03232 ][ 97606205 ][ 8 ]
10-21 08:40:03.973 3547-3560/de.mobilitymedia.cdlsdk.test D/DatabaseDownloadManagerAbstract: Listener subscribed [ de.mobilitymedia.connectors.diax.DiaxCodeDelegate$2@b9ccb83 ]
10-21 08:40:03.973 3547-3560/de.mobilitymedia.cdlsdk.test W/CoreAbstract: There is no observers for dongle [ stub mac address 0 ][ stub mac address 0 ]
10-21 08:40:03.973 3547-3560/de.mobilitymedia.cdlsdk.test V/AbstractCanBusManager: CanBus started [ stub mac address 0 ]
10-21 08:40:03.974 3547-3560/de.mobilitymedia.cdlsdk.test V/AbstractCanBusManager: We are about to apply CanBus configuration:
                                                                                   Vci: DEMO
                                                                                   User credentials: [stub, stub]
                                                                                   Dongle: [ stub mac address 0 ]
                                                                                   Pin: 25079850
                                                                                   Instance: de.mobilitymedia.connectors.diax.commons.Diax@216c100
10-21 08:40:03.974 3547-3560/de.mobilitymedia.cdlsdk.test D/DiaxCodeDelegate: Listener subscribed [ de.mobilitymedia.connectors.diax.commons.DiaxAbstract$1@14b3f7e ][ 97606205 ][ 9 ]
10-21 08:40:03.974 3547-3560/de.mobilitymedia.cdlsdk.test D/DiaxCodeDelegate: Listener subscribed [ de.mobilitymedia.connectors.diax.commons.DiaxAbstract$2@3d69cdf ][ 97606205 ][ 10 ]
10-21 08:40:03.974 3547-3560/de.mobilitymedia.cdlsdk.test D/DiaxCodeDelegate: Listener subscribed [ de.mobilitymedia.connectors.diax.commons.DiaxAbstract$3@9a6ed2c ][ 97606205 ][ 11 ]
10-21 08:40:03.974 3547-3560/de.mobilitymedia.cdlsdk.test D/DiaxCodeDelegate: Listener subscribed [ de.mobilitymedia.connectors.diax.commons.DiaxAbstract$4@45e93f5 ][ 97606205 ][ 12 ]
10-21 08:40:03.975 3547-3602/de.mobilitymedia.cdlsdk.test D/DiaxCodeDelegate: [ start ][ stub mac address 0 ]
10-21 08:40:03.976 3547-3602/de.mobilitymedia.cdlsdk.test D/BluetoothDevices: Phone mac address:
10-21 08:40:03.976 3547-3602/de.mobilitymedia.cdlsdk.test D/ApplicationFactory: LANGUAGE [ en ]
10-21 08:40:03.994 3547-3602/de.mobilitymedia.cdlsdk.test I/DiaxController: Start-Up called
10-21 08:40:03.995 3547-3603/de.mobilitymedia.cdlsdk.test I/DiaxController: DiaX thread started
10-21 08:40:03.996 3547-3603/de.mobilitymedia.cdlsdk.test I/DiaxController: Initializing controller [ vci id: 1 ][ key: [C@1d7d58a ][ data path: .\data ][ data filer: .*\.dat ]
10-21 08:40:04.023 3547-3603/de.mobilitymedia.cdlsdk.test V/DiaxController: Db path [ /data/user/0/de.mobilitymedia.cdlsdk.test/files/de.mobilitymedia.cdlsdk.test/databases ]
10-21 08:40:04.023 3547-3603/de.mobilitymedia.cdlsdk.test W/DiaxController: Db names list is empty.
10-21 08:40:04.024 3547-3603/de.mobilitymedia.cdlsdk.test I/DiaxController: DiaX thread (re)initialized
10-21 08:40:04.035 3547-3603/de.mobilitymedia.cdlsdk.test I/StateMachine: Initializing databases
10-21 08:40:04.038 3547-3603/de.mobilitymedia.cdlsdk.test I/System.out: DatabaseTools: Database file does not exist [ /data/user/0/de.mobilitymedia.cdlsdk.test/files/de.mobilitymedia.cdlsdk.test/databases/obd2db.sqlite ][ INITIALIZING ]
10-21 08:40:04.038 3547-3603/de.mobilitymedia.cdlsdk.test W/System.err: DatabaseTools: Error: java.io.FileNotFoundException: obd2db.sqlite
10-21 08:40:04.068 3547-3603/de.mobilitymedia.cdlsdk.test I/System.out: DatabaseTools: Copied from Classpath: obd2db.sqlite
10-21 08:40:04.069 3547-3603/de.mobilitymedia.cdlsdk.test I/Obd2DatabaseImpl: Opened DB in 32 milliseconds
10-21 08:40:04.069 3547-3603/de.mobilitymedia.cdlsdk.test I/StateMachine: No database files provided for OEM diagnostics!
10-21 08:40:04.070 3547-3603/de.mobilitymedia.cdlsdk.test I/StateMachine: Databases initialized
10-21 08:40:04.070 3547-3603/de.mobilitymedia.cdlsdk.test V/DiaxCodeDelegate: [ new data ][ stub mac address 0 ][ progress ]
10-21 08:40:04.070 3547-3603/de.mobilitymedia.cdlsdk.test V/DiaxCodeDelegate: [ new data ][ stub mac address 0 ][ progress ]
10-21 08:40:04.070 3547-3603/de.mobilitymedia.cdlsdk.test I/VciState: Connecting VCI ...(1)
10-21 08:40:04.091 3547-3603/de.mobilitymedia.cdlsdk.test V/DiaxCodeDelegate: [ new data ][ stub mac address 0 ][ progress ]
10-21 08:40:04.091 3547-3603/de.mobilitymedia.cdlsdk.test I/VinState: VinState received new VciState: PDU_MODST_READY
10-21 08:40:04.095 3547-3602/de.mobilitymedia.cdlsdk.test V/DiaxCodeDelegate: [ start ][ stub mac address 0 ] We are about to start waiting for Diax.
10-21 08:40:04.109 3547-3603/de.mobilitymedia.cdlsdk.test I/Mode1Impl: Supported Variables: [EcuSupportVariable [ecuaddress=$7e8, supportVariableName=GASOLINE]]
10-21 08:40:04.109 3547-3603/de.mobilitymedia.cdlsdk.test I/VinState: Requesting VIN...
10-21 08:40:04.109 3547-3603/de.mobilitymedia.cdlsdk.test I/EcuAccessObdII: Check VIN support
10-21 08:40:04.109 3547-3603/de.mobilitymedia.cdlsdk.test I/EcuAccessObdII: Request for VIN...
10-21 08:40:04.111 3547-3603/de.mobilitymedia.cdlsdk.test I/VinState: Detected VIN: 12345678901234567
10-21 08:40:04.111 3547-3603/de.mobilitymedia.cdlsdk.test V/DiaxCodeDelegate: [ new data ][ stub mac address 0 ][ vin ]
10-21 08:40:04.111 3547-3603/de.mobilitymedia.cdlsdk.test W/DiaxController: Using demo mode vin [ VF1BZ0V0640659912 ]
10-21 08:40:04.113 3547-3603/de.mobilitymedia.cdlsdk.test V/DiaxCodeDelegate: We are about to notify OnVinListener [ de.mobilitymedia.cdlsdk.CoreAbstract$4@9399ee6 ]
10-21 08:40:04.113 3547-3603/de.mobilitymedia.cdlsdk.test I/CoreAbstract: VIN detected [ VF1BZ0V0640659912 ]
10-21 08:40:04.113 3547-3603/de.mobilitymedia.cdlsdk.test W/CoreAbstract: There is no observers for dongle [ stub mac address 0 ][ stub mac address 0 ]
10-21 08:40:04.114 3547-3603/de.mobilitymedia.cdlsdk.test V/DiaxCodeDelegate: [ new data ][ stub mac address 0 ][ /status ]
10-21 08:40:04.114 3547-3603/de.mobilitymedia.cdlsdk.test D/DiaxCodeDelegate: Status data received:
                                                                              [ stub mac address 0 ]
                                                                              [ Dummy-VCI ]
                                                                              [ 1.2.43 ]
                                                                              [ 2016.01.02.44 ]
10-21 08:40:04.116 3547-3603/de.mobilitymedia.cdlsdk.test I/EcuState: Entering ECU state
10-21 08:40:04.116 3547-3603/de.mobilitymedia.cdlsdk.test I/EcuState: EcuState received new VciState: PDU_MODST_READY
10-21 08:40:04.116 3547-3603/de.mobilitymedia.cdlsdk.test V/DiaxCodeDelegate: [ new data ][ stub mac address 0 ][ progress ]
10-21 08:40:04.127 3547-3603/de.mobilitymedia.cdlsdk.test V/DiaxCodeDelegate: [ new data ][ stub mac address 0 ][ /vci ]
10-21 08:40:04.127 3547-3603/de.mobilitymedia.cdlsdk.test W/DiaxController: Using demo mode vci.
10-21 08:40:04.128 3547-3603/de.mobilitymedia.cdlsdk.test D/DiaxCodeDelegate: Vci data received:
                                                                              [ stub mac address 0 ]
                                                                              [ demo_id ]
                                                                              [ MomeDongle_DEMO ]
                                                                              [ 00.07.04.09.02.00 ]
                                                                              [ BLUETOOTH ]
10-21 08:40:04.128 3547-3603/de.mobilitymedia.cdlsdk.test W/DiaxController: Using demo mode vin [ VF1BZ0V0640659912 ]
10-21 08:40:04.128 3547-3603/de.mobilitymedia.cdlsdk.test W/DiaxController: Using demo mode vci.
10-21 08:40:04.128 3547-3603/de.mobilitymedia.cdlsdk.test V/VehicleIdentificationManagerImpl: Scheduling identification [ VF1BZ0V0640659912_1.2.43_00 ]
10-21 08:40:04.128 3547-3603/de.mobilitymedia.cdlsdk.test D/DatabaseDownloadManagerAbstract: Listener subscribed [ de.mobilitymedia.vehicleident.VehicleIdentificationManagerImplAbstract$1@5bfe95d ]
10-21 08:40:04.128 3547-3569/de.mobilitymedia.cdlsdk.test V/IdentificationsAbstract: Querying identifications [ VF1BZ0V0640659912_1.2.43_00 ]
10-21 08:40:04.128 3547-3569/de.mobilitymedia.cdlsdk.test D/VehicleIdentificationManagerImpl: No successful identification performed in last 24 hours [ VF1BZ0V0640659912_1.2.43_00 ]
10-21 08:40:04.136 3547-3603/de.mobilitymedia.cdlsdk.test V/DiaxCodeDelegate: [ new data ][ stub mac address 0 ][ /avs ]
10-21 08:40:04.136 3547-3603/de.mobilitymedia.cdlsdk.test D/DiaxCodeDelegate: Avs data received: {"avs":[{"uuidlink":"/av/0238ab35-8664-48ad-a21d-be742e3f7737","address":"$7e8","name":{"isodesc":"Vehicle speed sensor","id":27011,"shortdesc":"VSS"},"unit":{"isodesc":"km/h","id":11066},"source":"OBDII","link":"/ecu/OBDII/av/VSS","uuid":"0238ab35-8664-48ad-a21d-be742e3f7737"},{"uuidlink":"/av/0784e538-a061-4a80-a0b7-078f0286686a","address":"$7e8","name":{"isodesc":"Engine RPM","id":11805,"shortdesc":"RPM"},"unit":{"isodesc":"1/min","id":11059},"source":"OBDII","link":"/ecu/OBDII/av/RPM","uuid":"0784e538-a061-4a80-a0b7-078f0286686a"},{"uuidlink":"/av/086b9547-b682-4eae-94f5-cde889501882","address":"$7e8","name":{"isodesc":"MIL status","id":61130,"shortdesc":"MIL"},"source":"OBDII","link":"/ecu/OBDII/av/MIL","uuid":"086b9547-b682-4eae-94f5-cde889501882"}],"exectime":0,"uplink":"/"}
10-21 08:40:04.136 3547-3603/de.mobilitymedia.cdlsdk.test W/DiaxCodeDelegate: [ missing data ][ stub mac address 0 ]
10-21 08:40:04.136 3547-3603/de.mobilitymedia.cdlsdk.test V/DiaxCodeDelegate: [ new data ][ stub mac address 0 ][ progress ]
10-21 08:40:04.142 3547-3602/de.mobilitymedia.cdlsdk.test V/DiaxCodeDelegate: [ start ][ stub mac address 0 ] We are notified about Diax.
10-21 08:40:04.142 3547-3603/de.mobilitymedia.cdlsdk.test W/CoreAbstract: There is no observers for dongle [ stub mac address 0 ][ stub mac address 0 ]
10-21 08:40:04.142 3547-3603/de.mobilitymedia.cdlsdk.test V/SignalDelegate: Ready [ true ]
10-21 08:40:04.142 3547-3602/de.mobilitymedia.cdlsdk.test I/DiaxCodeDelegate: VCI Idle
10-21 08:40:04.143 3547-3603/de.mobilitymedia.cdlsdk.test W/SignalDelegate: Cannot run signal timer. No valid subscribers found.
10-21 08:40:04.143 3547-3603/de.mobilitymedia.cdlsdk.test V/Diax: Diax ready [ true ]
10-21 08:40:05.629 3547-3569/de.mobilitymedia.cdlsdk.test I/VehicleIdentificationManagerImpl: Vehicles [ 0 ]
