10-21 08:40:22.134 3547-3620/de.mobilitymedia.cdlsdk.test V/VehicleIdentificationManagerImpl: Scheduling identification [ VF1BZ0V0640659912_1.2.43_00 ]
10-21 08:40:22.134 3547-3620/de.mobilitymedia.cdlsdk.test D/DatabaseDownloadManagerAbstract: Listener subscribed [ de.mobilitymedia.vehicleident.VehicleIdentificationManagerImplAbstract$1@5bfe95d ]
10-21 08:40:22.135 3547-3619/de.mobilitymedia.cdlsdk.test V/DiaxCodeDelegate: [ start ][ stub mac address ] We are about to start waiting for Diax.
10-21 08:40:22.136 3547-3569/de.mobilitymedia.cdlsdk.test V/IdentificationsAbstract: Querying identifications [ VF1BZ0V0640659912_1.2.43_00 ]
10-21 08:40:22.136 3547-3569/de.mobilitymedia.cdlsdk.test D/VehicleIdentificationManagerImpl: No successful identification performed in last 24 hours [ VF1BZ0V0640659912_1.2.43_00 ]
10-21 08:40:22.142 3547-3620/de.mobilitymedia.cdlsdk.test V/DiaxCodeDelegate: [ new data ][ stub mac address ][ /avs ]
10-21 08:40:22.142 3547-3620/de.mobilitymedia.cdlsdk.test D/DiaxCodeDelegate: Avs data received: {"avs":[{"uuidlink":"/av/0238ab35-8664-48ad-a21d-be742e3f7737","address":"$7e8","name":{"isodesc":"Vehicle speed sensor","id":27011,"shortdesc":"VSS"},"unit":{"isodesc":"km/h","id":11066},"source":"OBDII","link":"/ecu/OBDII/av/VSS","uuid":"0238ab35-8664-48ad-a21d-be742e3f7737"},{"uuidlink":"/av/0784e538-a061-4a80-a0b7-078f0286686a","address":"$7e8","name":{"isodesc":"Engine RPM","id":11805,"shortdesc":"RPM"},"unit":{"isodesc":"1/min","id":11059},"source":"OBDII","link":"/ecu/OBDII/av/RPM","uuid":"0784e538-a061-4a80-a0b7-078f0286686a"},{"uuidlink":"/av/086b9547-b682-4eae-94f5-cde889501882","address":"$7e8","name":{"isodesc":"MIL status","id":61130,"shortdesc":"MIL"},"source":"OBDII","link":"/ecu/OBDII/av/MIL","uuid":"086b9547-b682-4eae-94f5-cde889501882"}],"exectime":1,"uplink":"/"}
10-21 08:40:22.142 3547-3620/de.mobilitymedia.cdlsdk.test W/DiaxCodeDelegate: [ missing data ][ stub mac address ]
10-21 08:40:22.142 3547-3620/de.mobilitymedia.cdlsdk.test V/DiaxCodeDelegate: [ new data ][ stub mac address ][ progress ]
10-21 08:40:22.150 3547-3620/de.mobilitymedia.cdlsdk.test I/MessagesTest: Message [ DONGLE_MESSAGE_STATE_CONNECTED ][ ready: true ]
10-21 08:40:22.151 3547-3620/de.mobilitymedia.cdlsdk.test V/SignalDelegate: Ready [ true ]
10-21 08:40:22.151 3547-3620/de.mobilitymedia.cdlsdk.test V/SignalTimer: Listener subscribed [ de.mobilitymedia.connectors.diax.SignalDelegate$2@64b3343 ]
10-21 08:40:22.154 3547-3620/de.mobilitymedia.cdlsdk.test V/SignalTimer: Signal timer [ STARTED ]
10-21 08:40:22.154 3547-3620/de.mobilitymedia.cdlsdk.test V/Diax: Diax ready [ true ]
10-21 08:40:22.159 3547-3619/de.mobilitymedia.cdlsdk.test V/DiaxCodeDelegate: [ start ][ stub mac address ] We are notified about Diax.
10-21 08:40:22.159 3547-3619/de.mobilitymedia.cdlsdk.test I/DiaxCodeDelegate: VCI Idle
10-21 08:40:23.059 3547-3620/de.mobilitymedia.cdlsdk.test I/Mode1Impl: Supported Variables: [EcuSupportVariable [ecuaddress=$7e8, supportVariableName=GASOLINE]]
10-21 08:40:23.059 3547-3620/de.mobilitymedia.cdlsdk.test V/DiaxCodeDelegate: [ new data ][ stub mac address ][ progress ]
10-21 08:40:23.063 3547-3620/de.mobilitymedia.cdlsdk.test V/DiaxCodeDelegate: [ new data ][ stub mac address ][ VSS ]
10-21 08:40:23.063 3547-3620/de.mobilitymedia.cdlsdk.test V/DiaxCodeDelegate: [ new data ][ stub mac address ][ 0238ab35-8664-48ad-a21d-be742e3f7737 ]
10-21 08:40:23.063 3547-3620/de.mobilitymedia.cdlsdk.test V/DiaxCodeDelegate: [ new data ][ stub mac address ][ /ecu/OBDII/av/VSS ]
10-21 08:40:23.063 3547-3620/de.mobilitymedia.cdlsdk.test V/DiaxCodeDelegate: JSON [ /ecu/OBDII/av/VSS ] : {"exectime":9,"av":[{"address":"$7e8","source":"OBDII","link":"/ecu/OBDII/av/VSS","uuid":"0238ab35-8664-48ad-a21d-be742e3f7737","uuidlink":"/av/0238ab35-8664-48ad-a21d-be742e3f7737","name":{"isodesc":"Vehicle speed sensor","id":27011,"shortdesc":"VSS"},"unit":{"isodesc":"km/h","id":11066},"value":{"numbervalue":96,"localvalue":"96.0"}}],"uplink":"/ecu/OBDII/avs"}
10-21 08:40:23.069 3547-3620/de.mobilitymedia.cdlsdk.test V/MessagesTest: Signal data received.
10-21 08:40:23.636 3547-3569/de.mobilitymedia.cdlsdk.test I/VehicleIdentificationManagerImpl: Vehicles [ 0 ]
10-21 08:40:23.637 3547-3569/de.mobilitymedia.cdlsdk.test V/VehicleIdentificationManagerImpl: We notified vehicle identification listeners [ count: 0 ][ vin: VF1BZ0V0640659912 ][ success: false ]
10-21 08:40:23.637 3547-3569/de.mobilitymedia.cdlsdk.test V/VehicleIdentificationManagerImpl: Scheduled identification executed [ success: false ][ VF1BZ0V0640659912_1.2.43_00 ]
10-21 08:40:23.637 3547-3569/de.mobilitymedia.cdlsdk.test V/VehicleIdentificationManagerImpl: Initializing DatabaseDownloadManager.
10-21 08:40:23.637 3547-3569/de.mobilitymedia.cdlsdk.test V/VehicleIdentificationManagerImpl: Initializing VehicleService.
10-21 08:40:23.637 3547-3569/de.mobilitymedia.cdlsdk.test V/VehicleIdentificationManagerImpl: Initializing OkHttpClient.
10-21 08:40:23.638 3547-3624/de.mobilitymedia.cdlsdk.test V/VehicleIdentificationManagerImpl: Initializing HttpLoggingInterceptor.
10-21 08:40:23.639 3547-3569/de.mobilitymedia.cdlsdk.test D/DatabaseDownloadManagerAbstract: Listener un subscribed [ de.mobilitymedia.vehicleident.VehicleIdentificationManagerImplAbstract$1@5bfe95d ]
10-21 08:40:24.055 3547-3620/de.mobilitymedia.cdlsdk.test V/DiaxCodeDelegate: [ new data ][ stub mac address ][ VSS ]
10-21 08:40:24.055 3547-3620/de.mobilitymedia.cdlsdk.test V/DiaxCodeDelegate: [ new data ][ stub mac address ][ 0238ab35-8664-48ad-a21d-be742e3f7737 ]
10-21 08:40:24.057 3547-3620/de.mobilitymedia.cdlsdk.test V/DiaxCodeDelegate: [ new data ][ stub mac address ][ /ecu/OBDII/av/VSS ]
10-21 08:40:24.057 3547-3620/de.mobilitymedia.cdlsdk.test V/DiaxCodeDelegate: JSON [ /ecu/OBDII/av/VSS ] : {"exectime":1,"av":[{"address":"$7e8","source":"OBDII","link":"/ecu/OBDII/av/VSS","uuid":"0238ab35-8664-48ad-a21d-be742e3f7737","uuidlink":"/av/0238ab35-8664-48ad-a21d-be742e3f7737","name":{"isodesc":"Vehicle speed sensor","id":27011,"shortdesc":"VSS"},"unit":{"isodesc":"km/h","id":11066},"value":{"numbervalue":96,"localvalue":"96.0"}}],"uplink":"/ecu/OBDII/avs"}
10-21 08:40:24.057 3547-3620/de.mobilitymedia.cdlsdk.test V/MessagesTest: Signal data received.
10-21 08:40:25.053 3547-3620/de.mobilitymedia.cdlsdk.test V/DiaxCodeDelegate: [ new data ][ stub mac address ][ VSS ]
10-21 08:40:25.053 3547-3620/de.mobilitymedia.cdlsdk.test V/DiaxCodeDelegate: [ new data ][ stub mac address ][ 0238ab35-8664-48ad-a21d-be742e3f7737 ]
10-21 08:40:25.053 3547-3620/de.mobilitymedia.cdlsdk.test V/DiaxCodeDelegate: [ new data ][ stub mac address ][ /ecu/OBDII/av/VSS ]
10-21 08:40:25.053 3547-3620/de.mobilitymedia.cdlsdk.test V/DiaxCodeDelegate: JSON [ /ecu/OBDII/av/VSS ] : {"exectime":1,"av":[{"address":"$7e8","source":"OBDII","link":"/ecu/OBDII/av/VSS","uuid":"0238ab35-8664-48ad-a21d-be742e3f7737","uuidlink":"/av/0238ab35-8664-48ad-a21d-be742e3f7737","name":{"isodesc":"Vehicle speed sensor","id":27011,"shortdesc":"VSS"},"unit":{"isodesc":"km/h","id":11066},"value":{"numbervalue":96,"localvalue":"96.0"}}],"uplink":"/ecu/OBDII/avs"}
10-21 08:40:25.054 3547-3620/de.mobilitymedia.cdlsdk.test V/MessagesTest: Signal data received.
10-21 08:40:26.054 3547-3620/de.mobilitymedia.cdlsdk.test V/DiaxCodeDelegate: [ new data ][ stub mac address ][ VSS ]
10-21 08:40:26.054 3547-3620/de.mobilitymedia.cdlsdk.test V/DiaxCodeDelegate: [ new data ][ stub mac address ][ 0238ab35-8664-48ad-a21d-be742e3f7737 ]
10-21 08:40:26.054 3547-3620/de.mobilitymedia.cdlsdk.test V/DiaxCodeDelegate: [ new data ][ stub mac address ][ /ecu/OBDII/av/VSS ]
10-21 08:40:26.054 3547-3620/de.mobilitymedia.cdlsdk.test V/DiaxCodeDelegate: JSON [ /ecu/OBDII/av/VSS ] : {"exectime":1,"av":[{"address":"$7e8","source":"OBDII","link":"/ecu/OBDII/av/VSS","uuid":"0238ab35-8664-48ad-a21d-be742e3f7737","uuidlink":"/av/0238ab35-8664-48ad-a21d-be742e3f7737","name":{"isodesc":"Vehicle speed sensor","id":27011,"shortdesc":"VSS"},"unit":{"isodesc":"km/h","id":11066},"value":{"numbervalue":96,"localvalue":"96.0"}}],"uplink":"/ecu/OBDII/avs"}
10-21 08:40:26.054 3547-3620/de.mobilitymedia.cdlsdk.test V/MessagesTest: Signal data received.
10-21 08:40:27.008 3547-3560/de.mobilitymedia.cdlsdk.test V/SignalTimer: Signal timer [ PAUSED ]
10-21 08:40:27.008 3547-3560/de.mobilitymedia.cdlsdk.test I/MessagesTest: Message [ DONGLE_MESSAGE_STATE_PAUSED ][ ready: true ]
10-21 08:40:32.013 3547-3560/de.mobilitymedia.cdlsdk.test V/SignalTimer: Signal timer [ RESUMED ]
10-21 08:40:32.013 3547-3560/de.mobilitymedia.cdlsdk.test I/MessagesTest: Message [ DONGLE_MESSAGE_STATE_RESUMED ][ ready: true ]
10-21 08:40:32.916 3547-3620/de.mobilitymedia.cdlsdk.test V/DiaxCodeDelegate: [ new data ][ stub mac address ][ VSS ]
10-21 08:40:32.916 3547-3620/de.mobilitymedia.cdlsdk.test V/DiaxCodeDelegate: [ new data ][ stub mac address ][ 0238ab35-8664-48ad-a21d-be742e3f7737 ]
10-21 08:40:32.916 3547-3620/de.mobilitymedia.cdlsdk.test V/DiaxCodeDelegate: [ new data ][ stub mac address ][ /ecu/OBDII/av/VSS ]
10-21 08:40:32.916 3547-3620/de.mobilitymedia.cdlsdk.test V/DiaxCodeDelegate: JSON [ /ecu/OBDII/av/VSS ] : {"exectime":1,"av":[{"address":"$7e8","source":"OBDII","link":"/ecu/OBDII/av/VSS","uuid":"0238ab35-8664-48ad-a21d-be742e3f7737","uuidlink":"/av/0238ab35-8664-48ad-a21d-be742e3f7737","name":{"isodesc":"Vehicle speed sensor","id":27011,"shortdesc":"VSS"},"unit":{"isodesc":"km/h","id":11066},"value":{"numbervalue":96,"localvalue":"96.0"}}],"uplink":"/ecu/OBDII/avs"}
10-21 08:40:32.916 3547-3620/de.mobilitymedia.cdlsdk.test V/MessagesTest: Signal data received.
10-21 08:40:33.916 3547-3620/de.mobilitymedia.cdlsdk.test V/DiaxCodeDelegate: [ new data ][ stub mac address ][ VSS ]
10-21 08:40:33.916 3547-3620/de.mobilitymedia.cdlsdk.test V/DiaxCodeDelegate: [ new data ][ stub mac address ][ 0238ab35-8664-48ad-a21d-be742e3f7737 ]
10-21 08:40:33.916 3547-3620/de.mobilitymedia.cdlsdk.test V/DiaxCodeDelegate: [ new data ][ stub mac address ][ /ecu/OBDII/av/VSS ]
10-21 08:40:33.916 3547-3620/de.mobilitymedia.cdlsdk.test V/DiaxCodeDelegate: JSON [ /ecu/OBDII/av/VSS ] : {"exectime":1,"av":[{"address":"$7e8","source":"OBDII","link":"/ecu/OBDII/av/VSS","uuid":"0238ab35-8664-48ad-a21d-be742e3f7737","uuidlink":"/av/0238ab35-8664-48ad-a21d-be742e3f7737","name":{"isodesc":"Vehicle speed sensor","id":27011,"shortdesc":"VSS"},"unit":{"isodesc":"km/h","id":11066},"value":{"numbervalue":96,"localvalue":"96.0"}}],"uplink":"/ecu/OBDII/avs"}
10-21 08:40:33.917 3547-3620/de.mobilitymedia.cdlsdk.test V/MessagesTest: Signal data received.
10-21 08:40:34.915 3547-3620/de.mobilitymedia.cdlsdk.test V/DiaxCodeDelegate: [ new data ][ stub mac address ][ VSS ]
10-21 08:40:34.915 3547-3620/de.mobilitymedia.cdlsdk.test V/DiaxCodeDelegate: [ new data ][ stub mac address ][ 0238ab35-8664-48ad-a21d-be742e3f7737 ]
10-21 08:40:34.915 3547-3620/de.mobilitymedia.cdlsdk.test V/DiaxCodeDelegate: [ new data ][ stub mac address ][ /ecu/OBDII/av/VSS ]
10-21 08:40:34.916 3547-3620/de.mobilitymedia.cdlsdk.test V/DiaxCodeDelegate: JSON [ /ecu/OBDII/av/VSS ] : {"exectime":1,"av":[{"address":"$7e8","source":"OBDII","link":"/ecu/OBDII/av/VSS","uuid":"0238ab35-8664-48ad-a21d-be742e3f7737","uuidlink":"/av/0238ab35-8664-48ad-a21d-be742e3f7737","name":{"isodesc":"Vehicle speed sensor","id":27011,"shortdesc":"VSS"},"unit":{"isodesc":"km/h","id":11066},"value":{"numbervalue":96,"localvalue":"96.0"}}],"uplink":"/ecu/OBDII/avs"}
10-21 08:40:34.916 3547-3620/de.mobilitymedia.cdlsdk.test V/MessagesTest: Signal data received.
10-21 08:40:35.914 3547-3620/de.mobilitymedia.cdlsdk.test V/DiaxCodeDelegate: [ new data ][ stub mac address ][ VSS ]
10-21 08:40:35.914 3547-3620/de.mobilitymedia.cdlsdk.test V/DiaxCodeDelegate: [ new data ][ stub mac address ][ 0238ab35-8664-48ad-a21d-be742e3f7737 ]
10-21 08:40:35.914 3547-3620/de.mobilitymedia.cdlsdk.test V/DiaxCodeDelegate: [ new data ][ stub mac address ][ /ecu/OBDII/av/VSS ]
10-21 08:40:35.915 3547-3620/de.mobilitymedia.cdlsdk.test V/DiaxCodeDelegate: JSON [ /ecu/OBDII/av/VSS ] : {"exectime":1,"av":[{"address":"$7e8","source":"OBDII","link":"/ecu/OBDII/av/VSS","uuid":"0238ab35-8664-48ad-a21d-be742e3f7737","uuidlink":"/av/0238ab35-8664-48ad-a21d-be742e3f7737","name":{"isodesc":"Vehicle speed sensor","id":27011,"shortdesc":"VSS"},"unit":{"isodesc":"km/h","id":11066},"value":{"numbervalue":96,"localvalue":"96.0"}}],"uplink":"/ecu/OBDII/avs"}
10-21 08:40:35.915 3547-3620/de.mobilitymedia.cdlsdk.test V/MessagesTest: Signal data received.
10-21 08:40:36.916 3547-3620/de.mobilitymedia.cdlsdk.test V/DiaxCodeDelegate: [ new data ][ stub mac address ][ VSS ]
10-21 08:40:36.916 3547-3620/de.mobilitymedia.cdlsdk.test V/DiaxCodeDelegate: [ new data ][ stub mac address ][ 0238ab35-8664-48ad-a21d-be742e3f7737 ]
10-21 08:40:36.916 3547-3620/de.mobilitymedia.cdlsdk.test V/DiaxCodeDelegate: [ new data ][ stub mac address ][ /ecu/OBDII/av/VSS ]
10-21 08:40:36.916 3547-3620/de.mobilitymedia.cdlsdk.test V/DiaxCodeDelegate: JSON [ /ecu/OBDII/av/VSS ] : {"exectime":1,"av":[{"address":"$7e8","source":"OBDII","link":"/ecu/OBDII/av/VSS","uuid":"0238ab35-8664-48ad-a21d-be742e3f7737","uuidlink":"/av/0238ab35-8664-48ad-a21d-be742e3f7737","name":{"isodesc":"Vehicle speed sensor","id":27011,"shortdesc":"VSS"},"unit":{"isodesc":"km/h","id":11066},"value":{"numbervalue":96,"localvalue":"96.0"}}],"uplink":"/ecu/OBDII/avs"}
10-21 08:40:36.916 3547-3620/de.mobilitymedia.cdlsdk.test V/MessagesTest: Signal data received.
10-21 08:40:37.014 3547-3560/de.mobilitymedia.cdlsdk.test I/MessagesTest: Message [ DONGLE_MESSAGE_STATE_DISCONNECTING ][ ready: true ]
10-21 08:40:37.015 3547-3560/de.mobilitymedia.cdlsdk.test V/AbstractCanBusManager: [ before stop ][ stub mac address ]
10-21 08:40:37.015 3547-3560/de.mobilitymedia.cdlsdk.test D/DatabaseDownloadManagerAbstract: Listener un subscribed [ de.mobilitymedia.connectors.diax.DiaxCodeDelegate$2@189b18e ]
10-21 08:40:37.015 3547-3560/de.mobilitymedia.cdlsdk.test D/DiaxCodeDelegate: [ stop ][ stub mac address ]
10-21 08:40:37.015 3547-3560/de.mobilitymedia.cdlsdk.test I/MessagesTest: Message [ DONGLE_MESSAGE_STATE_DISCONNECTED ][ ready: true ]
10-21 08:40:37.015 3547-3560/de.mobilitymedia.cdlsdk.test V/AbstractCanBusManager: CanBus stopped [ stub mac address ]
10-21 08:40:37.015 3547-3560/de.mobilitymedia.cdlsdk.test V/AbstractCanBusManager: Configurations running [ 0 ]
10-21 08:40:37.015 3547-3560/de.mobilitymedia.cdlsdk.test V/Diax: onStoppedListener: Diax is stopped.
10-21 08:40:37.015 3547-3560/de.mobilitymedia.cdlsdk.test V/SignalDelegate: Ready [ false ]
10-21 08:40:37.016 3547-3560/de.mobilitymedia.cdlsdk.test I/SignalDelegate: Signal un subscribed [ /ecu/OBDII/av/VSS ][ listeners: 1 ]
10-21 08:40:37.016 3547-3560/de.mobilitymedia.cdlsdk.test V/SignalTimer: Listener un subscribed [ de.mobilitymedia.connectors.diax.SignalDelegate$2@64b3343 ]
10-21 08:40:37.016 3547-3560/de.mobilitymedia.cdlsdk.test V/SignalTimer: Signal timer [ STOPPED ]
10-21 08:40:37.017 3547-3560/de.mobilitymedia.cdlsdk.test V/Diax: Diax ready [ false ]
10-21 08:40:37.017 3547-3560/de.mobilitymedia.cdlsdk.test V/DiaxCodeDelegate: We are about to un subscribe all subscribed listeners.
10-21 08:40:37.017 3547-3560/de.mobilitymedia.cdlsdk.test D/DiaxCodeDelegate: Listener un subscribed [ de.mobilitymedia.cdlsdk.CoreAbstract$2@4ed364b ][ 237551760 ][ 11 ]
10-21 08:40:37.017 3547-3560/de.mobilitymedia.cdlsdk.test D/DiaxCodeDelegate: Listener un subscribed [ de.mobilitymedia.cdlsdk.CoreAbstract$3@88d2828 ][ 237551760 ][ 10 ]
10-21 08:40:37.018 3547-3560/de.mobilitymedia.cdlsdk.test D/DiaxCodeDelegate: Listener un subscribed [ de.mobilitymedia.cdlsdk.CoreAbstract$1@d467941 ][ 237551760 ][ 9 ]
10-21 08:40:37.018 3547-3560/de.mobilitymedia.cdlsdk.test D/DiaxCodeDelegate: Listener un subscribed [ de.mobilitymedia.cdlsdk.CoreAbstract$4@9399ee6 ][ 237551760 ][ 8 ]
10-21 08:40:37.018 3547-3560/de.mobilitymedia.cdlsdk.test D/DiaxCodeDelegate: Listener un subscribed [ de.mobilitymedia.cdlsdk.CoreAbstract$5@7d6ec27 ][ 237551760 ][ 7 ]
10-21 08:40:37.019 3547-3560/de.mobilitymedia.cdlsdk.test D/DiaxCodeDelegate: Listener un subscribed [ de.mobilitymedia.connectors.commons.AbstractCanBusManager$1@fa09ed4 ][ 237551760 ][ 6 ]
10-21 08:40:37.019 3547-3560/de.mobilitymedia.cdlsdk.test D/DiaxCodeDelegate: Listener un subscribed [ de.mobilitymedia.connectors.commons.AbstractCanBusManager$2@3c0687d ][ 237551760 ][ 5 ]
10-21 08:40:37.019 3547-3560/de.mobilitymedia.cdlsdk.test D/DiaxCodeDelegate: Listener un subscribed [ de.mobilitymedia.connectors.diax.SignalDelegate$1@1660d89 ][ 237551760 ][ 4 ]
10-21 08:40:37.019 3547-3560/de.mobilitymedia.cdlsdk.test D/DiaxCodeDelegate: Listener un subscribed [ de.mobilitymedia.connectors.diax.commons.DiaxAbstract$1@e18f945 ][ 237551760 ][ 3 ]
10-21 08:40:37.021 3547-3560/de.mobilitymedia.cdlsdk.test D/DiaxCodeDelegate: Listener un subscribed [ de.mobilitymedia.connectors.diax.commons.DiaxAbstract$2@cf3589a ][ 237551760 ][ 2 ]
10-21 08:40:37.021 3547-3560/de.mobilitymedia.cdlsdk.test D/DiaxCodeDelegate: Listener un subscribed [ de.mobilitymedia.connectors.diax.commons.DiaxAbstract$3@9b7d5cb ][ 237551760 ][ 1 ]
10-21 08:40:37.022 3547-3560/de.mobilitymedia.cdlsdk.test D/DiaxCodeDelegate: Listener un subscribed [ de.mobilitymedia.connectors.diax.commons.DiaxAbstract$4@c6c11a8 ][ 237551760 ][ 0 ]
10-21 08:40:37.022 3547-3560/de.mobilitymedia.cdlsdk.test V/DiaxCodeDelegate: We are about to keep bluetooth device bonding since preserved device bonding is set to [ true ]
10-21 08:40:37.025 3547-3628/de.mobilitymedia.cdlsdk.test I/DiaxController: Shut-Down called
10-21 08:40:37.131 3547-3620/de.mobilitymedia.cdlsdk.test V/DiaxCodeDelegate: [ new data ][ stub mac address ][ progress ]
10-21 08:40:37.132 3547-3620/de.mobilitymedia.cdlsdk.test I/Obd2DatabaseImpl: Closed DB
10-21 08:40:37.132 3547-3620/de.mobilitymedia.cdlsdk.test I/DiaxController: Terminated diaX thread.
10-21 08:40:42.024 3547-3560/de.mobilitymedia.cdlsdk.test I/MessagesTest: Messages received [ 7 ]
10-21 08:40:42.024 3547-3560/de.mobilitymedia.cdlsdk.test V/MessagesTest: Iteration [ 1 ]
10-21 08:40:42.024 3547-3560/de.mobilitymedia.cdlsdk.test I/MessagesTest: Message [ --- waiting --- ][ ready: false ]
10-21 08:40:42.024 3547-3560/de.mobilitymedia.cdlsdk.test V/SignalDelegate: Initializing listeners [ /ecu/OBDII/av/VSS ][ 1000 ]
10-21 08:40:42.024 3547-3560/de.mobilitymedia.cdlsdk.test V/SignalDelegate: Listener subscribed [ de.mobilitymedia.cdlsdk.MessagesTest$2@190a342 ][ /ecu/OBDII/av/VSS ][ 1000 ]
10-21 08:40:42.024 3547-3560/de.mobilitymedia.cdlsdk.test W/CoreAbstract: Listener already subscribed [ de.mobilitymedia.cdlsdk.MessagesTest$1@35fcf53 ]
10-21 08:40:42.025 3547-3560/de.mobilitymedia.cdlsdk.test D/DiaxCodeDelegate: Listener subscribed [ de.mobilitymedia.cdlsdk.CoreAbstract$2@4ed364b ][ 237551760 ][ 1 ]
10-21 08:40:42.025 3547-3560/de.mobilitymedia.cdlsdk.test D/DiaxCodeDelegate: Listener subscribed [ de.mobilitymedia.cdlsdk.CoreAbstract$3@88d2828 ][ 237551760 ][ 2 ]
10-21 08:40:42.025 3547-3560/de.mobilitymedia.cdlsdk.test D/DiaxCodeDelegate: Listener subscribed [ de.mobilitymedia.cdlsdk.CoreAbstract$1@d467941 ][ 237551760 ][ 3 ]
10-21 08:40:42.025 3547-3560/de.mobilitymedia.cdlsdk.test D/DiaxCodeDelegate: Listener subscribed [ de.mobilitymedia.cdlsdk.CoreAbstract$4@9399ee6 ][ 237551760 ][ 4 ]
10-21 08:40:42.025 3547-3560/de.mobilitymedia.cdlsdk.test D/DiaxCodeDelegate: Listener subscribed [ de.mobilitymedia.cdlsdk.CoreAbstract$5@7d6ec27 ][ 237551760 ][ 5 ]
10-21 08:40:42.025 3547-3560/de.mobilitymedia.cdlsdk.test D/DiaxCodeDelegate: Listener subscribed [ de.mobilitymedia.connectors.commons.AbstractCanBusManager$1@fa09ed4 ][ 237551760 ][ 6 ]
10-21 08:40:42.025 3547-3560/de.mobilitymedia.cdlsdk.test D/DiaxCodeDelegate: Listener subscribed [ de.mobilitymedia.connectors.commons.AbstractCanBusManager$2@3c0687d ][ 237551760 ][ 7 ]
10-21 08:40:42.025 3547-3560/de.mobilitymedia.cdlsdk.test V/AbstractCanBusManager: [ before start ][ stub mac address ]
10-21 08:40:42.025 3547-3560/de.mobilitymedia.cdlsdk.test V/AbstractCanBusManager: Configurations running [ 1 ]
10-21 08:40:42.025 3547-3560/de.mobilitymedia.cdlsdk.test D/DiaxCodeDelegate: Listener subscribed [ de.mobilitymedia.connectors.diax.SignalDelegate$1@1660d89 ][ 237551760 ][ 8 ]
10-21 08:40:42.026 3547-3560/de.mobilitymedia.cdlsdk.test D/DatabaseDownloadManagerAbstract: Listener subscribed [ de.mobilitymedia.connectors.diax.DiaxCodeDelegate$2@189b18e ]
10-21 08:40:42.026 3547-3560/de.mobilitymedia.cdlsdk.test I/MessagesTest: Message [ DONGLE_MESSAGE_STATE_CONNECTING ][ ready: false ]
10-21 08:40:42.026 3547-3560/de.mobilitymedia.cdlsdk.test V/AbstractCanBusManager: CanBus started [ stub mac address ]
10-21 08:40:42.026 3547-3560/de.mobilitymedia.cdlsdk.test V/AbstractCanBusManager: We are about to apply CanBus configuration:
                                                                                   Vci: DEMO
                                                                                   User credentials: [stub, stub]
                                                                                   Dongle: [ stub mac address ]
                                                                                   Pin: 2507985
                                                                                   Instance: de.mobilitymedia.connectors.diax.commons.Diax@d8e0daf
10-21 08:40:42.026 3547-3560/de.mobilitymedia.cdlsdk.test D/DiaxCodeDelegate: Listener subscribed [ de.mobilitymedia.connectors.diax.commons.DiaxAbstract$1@e18f945 ][ 237551760 ][ 9 ]
10-21 08:40:42.026 3547-3560/de.mobilitymedia.cdlsdk.test D/DiaxCodeDelegate: Listener subscribed [ de.mobilitymedia.connectors.diax.commons.DiaxAbstract$2@cf3589a ][ 237551760 ][ 10 ]
10-21 08:40:42.027 3547-3619/de.mobilitymedia.cdlsdk.test D/DiaxCodeDelegate: [ start ][ stub mac address ]
10-21 08:40:42.027 3547-3619/de.mobilitymedia.cdlsdk.test D/BluetoothDevices: Phone mac address:
10-21 08:40:42.027 3547-3560/de.mobilitymedia.cdlsdk.test D/DiaxCodeDelegate: Listener subscribed [ de.mobilitymedia.connectors.diax.commons.DiaxAbstract$3@9b7d5cb ][ 237551760 ][ 11 ]
10-21 08:40:42.027 3547-3619/de.mobilitymedia.cdlsdk.test D/ApplicationFactory: LANGUAGE [ en ]
10-21 08:40:42.027 3547-3560/de.mobilitymedia.cdlsdk.test D/DiaxCodeDelegate: Listener subscribed [ de.mobilitymedia.connectors.diax.commons.DiaxAbstract$4@c6c11a8 ][ 237551760 ][ 12 ]
10-21 08:40:42.058 3547-3619/de.mobilitymedia.cdlsdk.test I/DiaxController: Start-Up called
10-21 08:40:42.059 3547-3629/de.mobilitymedia.cdlsdk.test I/DiaxController: DiaX thread started
10-21 08:40:42.060 3547-3629/de.mobilitymedia.cdlsdk.test I/DiaxController: Initializing controller [ vci id: 1 ][ key: [C@bf06af9 ][ data path: .\data ][ data filer: .*\.dat ]
10-21 08:40:42.087 3547-3629/de.mobilitymedia.cdlsdk.test V/DiaxController: Db path [ /data/user/0/de.mobilitymedia.cdlsdk.test/files/de.mobilitymedia.cdlsdk.test/databases ]
10-21 08:40:42.087 3547-3629/de.mobilitymedia.cdlsdk.test V/DiaxController: Db names:
                                                                            [ obd2db.sqlite ]
10-21 08:40:42.088 3547-3629/de.mobilitymedia.cdlsdk.test I/DiaxController: DiaX thread (re)initialized
10-21 08:40:42.099 3547-3629/de.mobilitymedia.cdlsdk.test I/StateMachine: Initializing databases
10-21 08:40:42.101 3547-3629/de.mobilitymedia.cdlsdk.test I/Obd2DatabaseImpl: Opened DB in 0 milliseconds
10-21 08:40:42.102 3547-3629/de.mobilitymedia.cdlsdk.test I/StateMachine: No database files provided for OEM diagnostics!
10-21 08:40:42.102 3547-3629/de.mobilitymedia.cdlsdk.test I/StateMachine: Databases initialized
10-21 08:40:42.102 3547-3629/de.mobilitymedia.cdlsdk.test V/DiaxCodeDelegate: [ new data ][ stub mac address ][ progress ]
10-21 08:40:42.102 3547-3629/de.mobilitymedia.cdlsdk.test V/DiaxCodeDelegate: [ new data ][ stub mac address ][ progress ]
10-21 08:40:42.102 3547-3629/de.mobilitymedia.cdlsdk.test I/VciState: Connecting VCI ...(1)
10-21 08:40:42.124 3547-3629/de.mobilitymedia.cdlsdk.test V/DiaxCodeDelegate: [ new data ][ stub mac address ][ progress ]
10-21 08:40:42.124 3547-3629/de.mobilitymedia.cdlsdk.test I/VinState: VinState received new VciState: PDU_MODST_READY
10-21 08:40:42.140 3547-3629/de.mobilitymedia.cdlsdk.test I/Mode1Impl: Supported Variables: [EcuSupportVariable [ecuaddress=$7e8, supportVariableName=GASOLINE]]
10-21 08:40:42.140 3547-3629/de.mobilitymedia.cdlsdk.test I/VinState: Requesting VIN...
10-21 08:40:42.140 3547-3629/de.mobilitymedia.cdlsdk.test I/EcuAccessObdII: Check VIN support
10-21 08:40:42.140 3547-3629/de.mobilitymedia.cdlsdk.test I/EcuAccessObdII: Request for VIN...
10-21 08:40:42.140 3547-3629/de.mobilitymedia.cdlsdk.test I/VinState: Detected VIN: 12345678901234567
10-21 08:40:42.140 3547-3629/de.mobilitymedia.cdlsdk.test V/DiaxCodeDelegate: [ new data ][ stub mac address ][ vin ]
10-21 08:40:42.140 3547-3629/de.mobilitymedia.cdlsdk.test W/DiaxController: Using demo mode vin [ VF1BZ0V0640659912 ]
10-21 08:40:42.140 3547-3629/de.mobilitymedia.cdlsdk.test V/DiaxCodeDelegate: We are about to notify OnVinListener [ de.mobilitymedia.cdlsdk.CoreAbstract$4@9399ee6 ]
10-21 08:40:42.141 3547-3629/de.mobilitymedia.cdlsdk.test I/CoreAbstract: VIN detected [ VF1BZ0V0640659912 ]
10-21 08:40:42.141 3547-3629/de.mobilitymedia.cdlsdk.test I/MessagesTest: Message [ DONGLE_MESSAGE_INFO_VIN_RECEIVED ][ ready: false ]
10-21 08:40:42.143 3547-3629/de.mobilitymedia.cdlsdk.test V/DiaxCodeDelegate: [ new data ][ stub mac address ][ /status ]
10-21 08:40:42.143 3547-3629/de.mobilitymedia.cdlsdk.test D/DiaxCodeDelegate: Status data received:
                                                                              [ stub mac address ]
                                                                              [ Dummy-VCI ]
                                                                              [ 1.2.43 ]
                                                                              [ 2016.01.02.44 ]
10-21 08:40:42.144 3547-3629/de.mobilitymedia.cdlsdk.test I/EcuState: Entering ECU state
10-21 08:40:42.145 3547-3629/de.mobilitymedia.cdlsdk.test I/EcuState: EcuState received new VciState: PDU_MODST_READY
10-21 08:40:42.145 3547-3629/de.mobilitymedia.cdlsdk.test V/DiaxCodeDelegate: [ new data ][ stub mac address ][ progress ]
10-21 08:40:42.156 3547-3629/de.mobilitymedia.cdlsdk.test V/DiaxCodeDelegate: [ new data ][ stub mac address ][ /vci ]
10-21 08:40:42.156 3547-3629/de.mobilitymedia.cdlsdk.test W/DiaxController: Using demo mode vci.
10-21 08:40:42.156 3547-3629/de.mobilitymedia.cdlsdk.test D/DiaxCodeDelegate: Vci data received:
                                                                              [ stub mac address ]
                                                                              [ demo_id ]
                                                                              [ MomeDongle_DEMO ]
                                                                              [ 00.07.04.09.02.00 ]
                                                                              [ BLUETOOTH ]
10-21 08:40:42.156 3547-3629/de.mobilitymedia.cdlsdk.test W/DiaxController: Using demo mode vin [ VF1BZ0V0640659912 ]
10-21 08:40:42.159 3547-3629/de.mobilitymedia.cdlsdk.test W/DiaxController: Using demo mode vci.
10-21 08:40:42.159 3547-3629/de.mobilitymedia.cdlsdk.test V/VehicleIdentificationManagerImpl: Scheduling identification [ VF1BZ0V0640659912_1.2.43_00 ]
10-21 08:40:42.159 3547-3629/de.mobilitymedia.cdlsdk.test D/DatabaseDownloadManagerAbstract: Listener subscribed [ de.mobilitymedia.vehicleident.VehicleIdentificationManagerImplAbstract$1@5bfe95d ]
10-21 08:40:42.160 3547-3619/de.mobilitymedia.cdlsdk.test V/DiaxCodeDelegate: [ start ][ stub mac address ] We are about to start waiting for Diax.
10-21 08:40:42.160 3547-3579/de.mobilitymedia.cdlsdk.test V/VehicleIdentificationManagerImpl: Initializing Identifications.
10-21 08:40:42.160 3547-3579/de.mobilitymedia.cdlsdk.test V/IdentificationsAbstract: Querying identifications [ VF1BZ0V0640659912_1.2.43_00 ]
10-21 08:40:42.160 3547-3579/de.mobilitymedia.cdlsdk.test D/VehicleIdentificationManagerImpl: No successful identification performed in last 24 hours [ VF1BZ0V0640659912_1.2.43_00 ]
10-21 08:40:42.167 3547-3629/de.mobilitymedia.cdlsdk.test V/DiaxCodeDelegate: [ new data ][ stub mac address ][ /avs ]
10-21 08:40:42.169 3547-3629/de.mobilitymedia.cdlsdk.test D/DiaxCodeDelegate: Avs data received: {"avs":[{"uuidlink":"/av/0238ab35-8664-48ad-a21d-be742e3f7737","address":"$7e8","name":{"isodesc":"Vehicle speed sensor","id":27011,"shortdesc":"VSS"},"unit":{"isodesc":"km/h","id":11066},"source":"OBDII","link":"/ecu/OBDII/av/VSS","uuid":"0238ab35-8664-48ad-a21d-be742e3f7737"},{"uuidlink":"/av/0784e538-a061-4a80-a0b7-078f0286686a","address":"$7e8","name":{"isodesc":"Engine RPM","id":11805,"shortdesc":"RPM"},"unit":{"isodesc":"1/min","id":11059},"source":"OBDII","link":"/ecu/OBDII/av/RPM","uuid":"0784e538-a061-4a80-a0b7-078f0286686a"},{"uuidlink":"/av/086b9547-b682-4eae-94f5-cde889501882","address":"$7e8","name":{"isodesc":"MIL status","id":61130,"shortdesc":"MIL"},"source":"OBDII","link":"/ecu/OBDII/av/MIL","uuid":"086b9547-b682-4eae-94f5-cde889501882"}],"exectime":0,"uplink":"/"}
10-21 08:40:42.173 3547-3629/de.mobilitymedia.cdlsdk.test W/DiaxCodeDelegate: [ missing data ][ stub mac address ]
10-21 08:40:42.173 3547-3629/de.mobilitymedia.cdlsdk.test V/DiaxCodeDelegate: [ new data ][ stub mac address ][ progress ]
10-21 08:40:42.179 3547-3629/de.mobilitymedia.cdlsdk.test I/MessagesTest: Message [ DONGLE_MESSAGE_STATE_CONNECTED ][ ready: true ]
10-21 08:40:42.179 3547-3629/de.mobilitymedia.cdlsdk.test V/SignalDelegate: Ready [ true ]
10-21 08:40:42.179 3547-3629/de.mobilitymedia.cdlsdk.test V/SignalTimer: Listener subscribed [ de.mobilitymedia.connectors.diax.SignalDelegate$2@64b3343 ]
10-21 08:40:42.179 3547-3629/de.mobilitymedia.cdlsdk.test V/SignalTimer: Signal timer [ STARTED ]
10-21 08:40:42.179 3547-3629/de.mobilitymedia.cdlsdk.test V/Diax: Diax ready [ true ]
10-21 08:40:42.179 3547-3619/de.mobilitymedia.cdlsdk.test V/DiaxCodeDelegate: [ start ][ stub mac address ] We are notified about Diax.
10-21 08:40:42.180 3547-3619/de.mobilitymedia.cdlsdk.test I/DiaxCodeDelegate: VCI Idle
10-21 08:40:43.087 3547-3629/de.mobilitymedia.cdlsdk.test I/Mode1Impl: Supported Variables: [EcuSupportVariable [ecuaddress=$7e8, supportVariableName=GASOLINE]]
10-21 08:40:43.088 3547-3629/de.mobilitymedia.cdlsdk.test V/DiaxCodeDelegate: [ new data ][ stub mac address ][ progress ]
10-21 08:40:43.089 3547-3629/de.mobilitymedia.cdlsdk.test V/DiaxCodeDelegate: [ new data ][ stub mac address ][ VSS ]
10-21 08:40:43.089 3547-3629/de.mobilitymedia.cdlsdk.test V/DiaxCodeDelegate: [ new data ][ stub mac address ][ 0238ab35-8664-48ad-a21d-be742e3f7737 ]
10-21 08:40:43.090 3547-3629/de.mobilitymedia.cdlsdk.test V/DiaxCodeDelegate: [ new data ][ stub mac address ][ /ecu/OBDII/av/VSS ]
10-21 08:40:43.090 3547-3629/de.mobilitymedia.cdlsdk.test V/DiaxCodeDelegate: JSON [ /ecu/OBDII/av/VSS ] : {"exectime":8,"av":[{"address":"$7e8","source":"OBDII","link":"/ecu/OBDII/av/VSS","uuid":"0238ab35-8664-48ad-a21d-be742e3f7737","uuidlink":"/av/0238ab35-8664-48ad-a21d-be742e3f7737","name":{"isodesc":"Vehicle speed sensor","id":27011,"shortdesc":"VSS"},"unit":{"isodesc":"km/h","id":11066},"value":{"numbervalue":96,"localvalue":"96.0"}}],"uplink":"/ecu/OBDII/avs"}
10-21 08:40:43.090 3547-3629/de.mobilitymedia.cdlsdk.test V/MessagesTest: Signal data received.
10-21 08:40:43.661 3547-3579/de.mobilitymedia.cdlsdk.test I/VehicleIdentificationManagerImpl: Vehicles [ 0 ]
10-21 08:40:43.661 3547-3579/de.mobilitymedia.cdlsdk.test V/VehicleIdentificationManagerImpl: We notified vehicle identification listeners [ count: 0 ][ vin: VF1BZ0V0640659912 ][ success: false ]
10-21 08:40:43.662 3547-3579/de.mobilitymedia.cdlsdk.test V/VehicleIdentificationManagerImpl: Scheduled identification executed [ success: false ][ VF1BZ0V0640659912_1.2.43_00 ]
10-21 08:40:43.662 3547-3579/de.mobilitymedia.cdlsdk.test D/DatabaseDownloadManagerAbstract: Listener un subscribed [ de.mobilitymedia.vehicleident.VehicleIdentificationManagerImplAbstract$1@5bfe95d ]
10-21 08:40:44.082 3547-3629/de.mobilitymedia.cdlsdk.test V/DiaxCodeDelegate: [ new data ][ stub mac address ][ VSS ]
10-21 08:40:44.082 3547-3629/de.mobilitymedia.cdlsdk.test V/DiaxCodeDelegate: [ new data ][ stub mac address ][ 0238ab35-8664-48ad-a21d-be742e3f7737 ]
10-21 08:40:44.082 3547-3629/de.mobilitymedia.cdlsdk.test V/DiaxCodeDelegate: [ new data ][ stub mac address ][ /ecu/OBDII/av/VSS ]
10-21 08:40:44.082 3547-3629/de.mobilitymedia.cdlsdk.test V/DiaxCodeDelegate: JSON [ /ecu/OBDII/av/VSS ] : {"exectime":1,"av":[{"address":"$7e8","source":"OBDII","link":"/ecu/OBDII/av/VSS","uuid":"0238ab35-8664-48ad-a21d-be742e3f7737","uuidlink":"/av/0238ab35-8664-48ad-a21d-be742e3f7737","name":{"isodesc":"Vehicle speed sensor","id":27011,"shortdesc":"VSS"},"unit":{"isodesc":"km/h","id":11066},"value":{"numbervalue":96,"localvalue":"96.0"}}],"uplink":"/ecu/OBDII/avs"}
10-21 08:40:44.082 3547-3629/de.mobilitymedia.cdlsdk.test V/MessagesTest: Signal data received.
10-21 08:40:45.082 3547-3629/de.mobilitymedia.cdlsdk.test V/DiaxCodeDelegate: [ new data ][ stub mac address ][ VSS ]
10-21 08:40:45.082 3547-3629/de.mobilitymedia.cdlsdk.test V/DiaxCodeDelegate: [ new data ][ stub mac address ][ 0238ab35-8664-48ad-a21d-be742e3f7737 ]
10-21 08:40:45.083 3547-3629/de.mobilitymedia.cdlsdk.test V/DiaxCodeDelegate: [ new data ][ stub mac address ][ /ecu/OBDII/av/VSS ]
10-21 08:40:45.083 3547-3629/de.mobilitymedia.cdlsdk.test V/DiaxCodeDelegate: JSON [ /ecu/OBDII/av/VSS ] : {"exectime":0,"av":[{"address":"$7e8","source":"OBDII","link":"/ecu/OBDII/av/VSS","uuid":"0238ab35-8664-48ad-a21d-be742e3f7737","uuidlink":"/av/0238ab35-8664-48ad-a21d-be742e3f7737","name":{"isodesc":"Vehicle speed sensor","id":27011,"shortdesc":"VSS"},"unit":{"isodesc":"km/h","id":11066},"value":{"numbervalue":96,"localvalue":"96.0"}}],"uplink":"/ecu/OBDII/avs"}
10-21 08:40:45.083 3547-3629/de.mobilitymedia.cdlsdk.test V/MessagesTest: Signal data received.
10-21 08:40:46.082 3547-3629/de.mobilitymedia.cdlsdk.test V/DiaxCodeDelegate: [ new data ][ stub mac address ][ VSS ]
10-21 08:40:46.082 3547-3629/de.mobilitymedia.cdlsdk.test V/DiaxCodeDelegate: [ new data ][ stub mac address ][ 0238ab35-8664-48ad-a21d-be742e3f7737 ]
10-21 08:40:46.082 3547-3629/de.mobilitymedia.cdlsdk.test V/DiaxCodeDelegate: [ new data ][ stub mac address ][ /ecu/OBDII/av/VSS ]
10-21 08:40:46.083 3547-3629/de.mobilitymedia.cdlsdk.test V/DiaxCodeDelegate: JSON [ /ecu/OBDII/av/VSS ] : {"exectime":0,"av":[{"address":"$7e8","source":"OBDII","link":"/ecu/OBDII/av/VSS","uuid":"0238ab35-8664-48ad-a21d-be742e3f7737","uuidlink":"/av/0238ab35-8664-48ad-a21d-be742e3f7737","name":{"isodesc":"Vehicle speed sensor","id":27011,"shortdesc":"VSS"},"unit":{"isodesc":"km/h","id":11066},"value":{"numbervalue":96,"localvalue":"96.0"}}],"uplink":"/ecu/OBDII/avs"}
10-21 08:40:46.083 3547-3629/de.mobilitymedia.cdlsdk.test V/MessagesTest: Signal data received.
10-21 08:40:47.030 3547-3560/de.mobilitymedia.cdlsdk.test V/SignalTimer: Signal timer [ PAUSED ]
10-21 08:40:47.031 3547-3560/de.mobilitymedia.cdlsdk.test I/MessagesTest: Message [ DONGLE_MESSAGE_STATE_PAUSED ][ ready: true ]
10-21 08:40:52.033 3547-3560/de.mobilitymedia.cdlsdk.test V/SignalTimer: Signal timer [ RESUMED ]
10-21 08:40:52.033 3547-3560/de.mobilitymedia.cdlsdk.test I/MessagesTest: Message [ DONGLE_MESSAGE_STATE_RESUMED ][ ready: true ]
10-21 08:40:52.936 3547-3629/de.mobilitymedia.cdlsdk.test V/DiaxCodeDelegate: [ new data ][ stub mac address ][ VSS ]
10-21 08:40:52.936 3547-3629/de.mobilitymedia.cdlsdk.test V/DiaxCodeDelegate: [ new data ][ stub mac address ][ 0238ab35-8664-48ad-a21d-be742e3f7737 ]
10-21 08:40:52.936 3547-3629/de.mobilitymedia.cdlsdk.test V/DiaxCodeDelegate: [ new data ][ stub mac address ][ /ecu/OBDII/av/VSS ]
10-21 08:40:52.936 3547-3629/de.mobilitymedia.cdlsdk.test V/DiaxCodeDelegate: JSON [ /ecu/OBDII/av/VSS ] : {"exectime":1,"av":[{"address":"$7e8","source":"OBDII","link":"/ecu/OBDII/av/VSS","uuid":"0238ab35-8664-48ad-a21d-be742e3f7737","uuidlink":"/av/0238ab35-8664-48ad-a21d-be742e3f7737","name":{"isodesc":"Vehicle speed sensor","id":27011,"shortdesc":"VSS"},"unit":{"isodesc":"km/h","id":11066},"value":{"numbervalue":96,"localvalue":"96.0"}}],"uplink":"/ecu/OBDII/avs"}
10-21 08:40:52.936 3547-3629/de.mobilitymedia.cdlsdk.test V/MessagesTest: Signal data received.
10-21 08:40:53.937 3547-3629/de.mobilitymedia.cdlsdk.test V/DiaxCodeDelegate: [ new data ][ stub mac address ][ VSS ]
10-21 08:40:53.937 3547-3629/de.mobilitymedia.cdlsdk.test V/DiaxCodeDelegate: [ new data ][ stub mac address ][ 0238ab35-8664-48ad-a21d-be742e3f7737 ]
10-21 08:40:53.937 3547-3629/de.mobilitymedia.cdlsdk.test V/DiaxCodeDelegate: [ new data ][ stub mac address ][ /ecu/OBDII/av/VSS ]
10-21 08:40:53.937 3547-3629/de.mobilitymedia.cdlsdk.test V/DiaxCodeDelegate: JSON [ /ecu/OBDII/av/VSS ] : {"exectime":1,"av":[{"address":"$7e8","source":"OBDII","link":"/ecu/OBDII/av/VSS","uuid":"0238ab35-8664-48ad-a21d-be742e3f7737","uuidlink":"/av/0238ab35-8664-48ad-a21d-be742e3f7737","name":{"isodesc":"Vehicle speed sensor","id":27011,"shortdesc":"VSS"},"unit":{"isodesc":"km/h","id":11066},"value":{"numbervalue":96,"localvalue":"96.0"}}],"uplink":"/ecu/OBDII/avs"}
10-21 08:40:53.938 3547-3629/de.mobilitymedia.cdlsdk.test V/MessagesTest: Signal data received.
10-21 08:40:54.941 3547-3629/de.mobilitymedia.cdlsdk.test V/DiaxCodeDelegate: [ new data ][ stub mac address ][ VSS ]
10-21 08:40:54.941 3547-3629/de.mobilitymedia.cdlsdk.test V/DiaxCodeDelegate: [ new data ][ stub mac address ][ 0238ab35-8664-48ad-a21d-be742e3f7737 ]
10-21 08:40:54.941 3547-3629/de.mobilitymedia.cdlsdk.test V/DiaxCodeDelegate: [ new data ][ stub mac address ][ /ecu/OBDII/av/VSS ]
10-21 08:40:54.942 3547-3629/de.mobilitymedia.cdlsdk.test V/DiaxCodeDelegate: JSON [ /ecu/OBDII/av/VSS ] : {"exectime":2,"av":[{"address":"$7e8","source":"OBDII","link":"/ecu/OBDII/av/VSS","uuid":"0238ab35-8664-48ad-a21d-be742e3f7737","uuidlink":"/av/0238ab35-8664-48ad-a21d-be742e3f7737","name":{"isodesc":"Vehicle speed sensor","id":27011,"shortdesc":"VSS"},"unit":{"isodesc":"km/h","id":11066},"value":{"numbervalue":96,"localvalue":"96.0"}}],"uplink":"/ecu/OBDII/avs"}
10-21 08:40:54.942 3547-3629/de.mobilitymedia.cdlsdk.test V/MessagesTest: Signal data received.
10-21 08:40:55.936 3547-3629/de.mobilitymedia.cdlsdk.test V/DiaxCodeDelegate: [ new data ][ stub mac address ][ VSS ]
10-21 08:40:55.936 3547-3629/de.mobilitymedia.cdlsdk.test V/DiaxCodeDelegate: [ new data ][ stub mac address ][ 0238ab35-8664-48ad-a21d-be742e3f7737 ]
10-21 08:40:55.936 3547-3629/de.mobilitymedia.cdlsdk.test V/DiaxCodeDelegate: [ new data ][ stub mac address ][ /ecu/OBDII/av/VSS ]
10-21 08:40:55.937 3547-3629/de.mobilitymedia.cdlsdk.test V/DiaxCodeDelegate: JSON [ /ecu/OBDII/av/VSS ] : {"exectime":1,"av":[{"address":"$7e8","source":"OBDII","link":"/ecu/OBDII/av/VSS","uuid":"0238ab35-8664-48ad-a21d-be742e3f7737","uuidlink":"/av/0238ab35-8664-48ad-a21d-be742e3f7737","name":{"isodesc":"Vehicle speed sensor","id":27011,"shortdesc":"VSS"},"unit":{"isodesc":"km/h","id":11066},"value":{"numbervalue":96,"localvalue":"96.0"}}],"uplink":"/ecu/OBDII/avs"}
10-21 08:40:55.937 3547-3629/de.mobilitymedia.cdlsdk.test V/MessagesTest: Signal data received.
10-21 08:40:56.936 3547-3629/de.mobilitymedia.cdlsdk.test V/DiaxCodeDelegate: [ new data ][ stub mac address ][ VSS ]
10-21 08:40:56.936 3547-3629/de.mobilitymedia.cdlsdk.test V/DiaxCodeDelegate: [ new data ][ stub mac address ][ 0238ab35-8664-48ad-a21d-be742e3f7737 ]
10-21 08:40:56.936 3547-3629/de.mobilitymedia.cdlsdk.test V/DiaxCodeDelegate: [ new data ][ stub mac address ][ /ecu/OBDII/av/VSS ]
10-21 08:40:56.936 3547-3629/de.mobilitymedia.cdlsdk.test V/DiaxCodeDelegate: JSON [ /ecu/OBDII/av/VSS ] : {"exectime":1,"av":[{"address":"$7e8","source":"OBDII","link":"/ecu/OBDII/av/VSS","uuid":"0238ab35-8664-48ad-a21d-be742e3f7737","uuidlink":"/av/0238ab35-8664-48ad-a21d-be742e3f7737","name":{"isodesc":"Vehicle speed sensor","id":27011,"shortdesc":"VSS"},"unit":{"isodesc":"km/h","id":11066},"value":{"numbervalue":96,"localvalue":"96.0"}}],"uplink":"/ecu/OBDII/avs"}
10-21 08:40:56.936 3547-3629/de.mobilitymedia.cdlsdk.test V/MessagesTest: Signal data received.
10-21 08:40:57.034 3547-3560/de.mobilitymedia.cdlsdk.test I/MessagesTest: Message [ DONGLE_MESSAGE_STATE_DISCONNECTING ][ ready: true ]
10-21 08:40:57.034 3547-3560/de.mobilitymedia.cdlsdk.test V/AbstractCanBusManager: [ before stop ][ stub mac address ]
10-21 08:40:57.034 3547-3560/de.mobilitymedia.cdlsdk.test D/DatabaseDownloadManagerAbstract: Listener un subscribed [ de.mobilitymedia.connectors.diax.DiaxCodeDelegate$2@189b18e ]
10-21 08:40:57.034 3547-3560/de.mobilitymedia.cdlsdk.test D/DiaxCodeDelegate: [ stop ][ stub mac address ]
10-21 08:40:57.034 3547-3560/de.mobilitymedia.cdlsdk.test I/MessagesTest: Message [ DONGLE_MESSAGE_STATE_DISCONNECTED ][ ready: true ]
10-21 08:40:57.034 3547-3560/de.mobilitymedia.cdlsdk.test V/AbstractCanBusManager: CanBus stopped [ stub mac address ]
10-21 08:40:57.034 3547-3560/de.mobilitymedia.cdlsdk.test V/AbstractCanBusManager: Configurations running [ 0 ]
10-21 08:40:57.035 3547-3560/de.mobilitymedia.cdlsdk.test V/Diax: onStoppedListener: Diax is stopped.
10-21 08:40:57.035 3547-3560/de.mobilitymedia.cdlsdk.test V/SignalDelegate: Ready [ false ]
10-21 08:40:57.035 3547-3560/de.mobilitymedia.cdlsdk.test I/SignalDelegate: Signal un subscribed [ /ecu/OBDII/av/VSS ][ listeners: 1 ]
10-21 08:40:57.035 3547-3560/de.mobilitymedia.cdlsdk.test V/SignalTimer: Listener un subscribed [ de.mobilitymedia.connectors.diax.SignalDelegate$2@64b3343 ]
10-21 08:40:57.035 3547-3560/de.mobilitymedia.cdlsdk.test V/SignalTimer: Signal timer [ STOPPED ]
10-21 08:40:57.035 3547-3560/de.mobilitymedia.cdlsdk.test V/Diax: Diax ready [ false ]
10-21 08:40:57.035 3547-3560/de.mobilitymedia.cdlsdk.test V/DiaxCodeDelegate: We are about to un subscribe all subscribed listeners.
10-21 08:40:57.035 3547-3560/de.mobilitymedia.cdlsdk.test D/DiaxCodeDelegate: Listener un subscribed [ de.mobilitymedia.cdlsdk.CoreAbstract$2@4ed364b ][ 237551760 ][ 11 ]
10-21 08:40:57.036 3547-3560/de.mobilitymedia.cdlsdk.test D/DiaxCodeDelegate: Listener un subscribed [ de.mobilitymedia.cdlsdk.CoreAbstract$3@88d2828 ][ 237551760 ][ 10 ]
10-21 08:40:57.036 3547-3560/de.mobilitymedia.cdlsdk.test D/DiaxCodeDelegate: Listener un subscribed [ de.mobilitymedia.cdlsdk.CoreAbstract$1@d467941 ][ 237551760 ][ 9 ]
10-21 08:40:57.036 3547-3560/de.mobilitymedia.cdlsdk.test D/DiaxCodeDelegate: Listener un subscribed [ de.mobilitymedia.cdlsdk.CoreAbstract$4@9399ee6 ][ 237551760 ][ 8 ]
10-21 08:40:57.036 3547-3560/de.mobilitymedia.cdlsdk.test D/DiaxCodeDelegate: Listener un subscribed [ de.mobilitymedia.cdlsdk.CoreAbstract$5@7d6ec27 ][ 237551760 ][ 7 ]
10-21 08:40:57.036 3547-3560/de.mobilitymedia.cdlsdk.test D/DiaxCodeDelegate: Listener un subscribed [ de.mobilitymedia.connectors.commons.AbstractCanBusManager$1@fa09ed4 ][ 237551760 ][ 6 ]
10-21 08:40:57.036 3547-3560/de.mobilitymedia.cdlsdk.test D/DiaxCodeDelegate: Listener un subscribed [ de.mobilitymedia.connectors.commons.AbstractCanBusManager$2@3c0687d ][ 237551760 ][ 5 ]
10-21 08:40:57.036 3547-3560/de.mobilitymedia.cdlsdk.test D/DiaxCodeDelegate: Listener un subscribed [ de.mobilitymedia.connectors.diax.SignalDelegate$1@1660d89 ][ 237551760 ][ 4 ]
10-21 08:40:57.036 3547-3560/de.mobilitymedia.cdlsdk.test D/DiaxCodeDelegate: Listener un subscribed [ de.mobilitymedia.connectors.diax.commons.DiaxAbstract$1@e18f945 ][ 237551760 ][ 3 ]
10-21 08:40:57.037 3547-3560/de.mobilitymedia.cdlsdk.test D/DiaxCodeDelegate: Listener un subscribed [ de.mobilitymedia.connectors.diax.commons.DiaxAbstract$2@cf3589a ][ 237551760 ][ 2 ]
10-21 08:40:57.037 3547-3560/de.mobilitymedia.cdlsdk.test D/DiaxCodeDelegate: Listener un subscribed [ de.mobilitymedia.connectors.diax.commons.DiaxAbstract$3@9b7d5cb ][ 237551760 ][ 1 ]
10-21 08:40:57.037 3547-3560/de.mobilitymedia.cdlsdk.test D/DiaxCodeDelegate: Listener un subscribed [ de.mobilitymedia.connectors.diax.commons.DiaxAbstract$4@c6c11a8 ][ 237551760 ][ 0 ]
10-21 08:40:57.037 3547-3560/de.mobilitymedia.cdlsdk.test V/DiaxCodeDelegate: We are about to keep bluetooth device bonding since preserved device bonding is set to [ true ]
10-21 08:40:57.038 3547-3636/de.mobilitymedia.cdlsdk.test I/DiaxController: Shut-Down called
10-21 08:40:57.046 3547-3629/de.mobilitymedia.cdlsdk.test V/DiaxCodeDelegate: [ new data ][ stub mac address ][ progress ]
10-21 08:40:57.046 3547-3629/de.mobilitymedia.cdlsdk.test I/Obd2DatabaseImpl: Closed DB
10-21 08:40:57.046 3547-3629/de.mobilitymedia.cdlsdk.test I/DiaxController: Terminated diaX thread.
10-21 08:41:02.038 3547-3560/de.mobilitymedia.cdlsdk.test I/MessagesTest: Messages received [ 7 ]
10-21 08:41:02.038 3547-3560/de.mobilitymedia.cdlsdk.test V/MessagesTest: Iteration [ 2 ]
10-21 08:41:02.038 3547-3560/de.mobilitymedia.cdlsdk.test I/MessagesTest: Message [ --- waiting --- ][ ready: false ]
10-21 08:41:02.038 3547-3560/de.mobilitymedia.cdlsdk.test V/SignalDelegate: Initializing listeners [ /ecu/OBDII/av/VSS ][ 1000 ]
10-21 08:41:02.038 3547-3560/de.mobilitymedia.cdlsdk.test V/SignalDelegate: Listener subscribed [ de.mobilitymedia.cdlsdk.MessagesTest$2@190a342 ][ /ecu/OBDII/av/VSS ][ 1000 ]
10-21 08:41:02.038 3547-3560/de.mobilitymedia.cdlsdk.test W/CoreAbstract: Listener already subscribed [ de.mobilitymedia.cdlsdk.MessagesTest$1@35fcf53 ]
10-21 08:41:02.038 3547-3560/de.mobilitymedia.cdlsdk.test D/DiaxCodeDelegate: Listener subscribed [ de.mobilitymedia.cdlsdk.CoreAbstract$2@4ed364b ][ 237551760 ][ 1 ]
10-21 08:41:02.038 3547-3560/de.mobilitymedia.cdlsdk.test D/DiaxCodeDelegate: Listener subscribed [ de.mobilitymedia.cdlsdk.CoreAbstract$3@88d2828 ][ 237551760 ][ 2 ]
10-21 08:41:02.039 3547-3560/de.mobilitymedia.cdlsdk.test D/DiaxCodeDelegate: Listener subscribed [ de.mobilitymedia.cdlsdk.CoreAbstract$1@d467941 ][ 237551760 ][ 3 ]
10-21 08:41:02.039 3547-3560/de.mobilitymedia.cdlsdk.test D/DiaxCodeDelegate: Listener subscribed [ de.mobilitymedia.cdlsdk.CoreAbstract$4@9399ee6 ][ 237551760 ][ 4 ]
10-21 08:41:02.039 3547-3560/de.mobilitymedia.cdlsdk.test D/DiaxCodeDelegate: Listener subscribed [ de.mobilitymedia.cdlsdk.CoreAbstract$5@7d6ec27 ][ 237551760 ][ 5 ]
10-21 08:41:02.039 3547-3560/de.mobilitymedia.cdlsdk.test D/DiaxCodeDelegate: Listener subscribed [ de.mobilitymedia.connectors.commons.AbstractCanBusManager$1@fa09ed4 ][ 237551760 ][ 6 ]
10-21 08:41:02.039 3547-3560/de.mobilitymedia.cdlsdk.test D/DiaxCodeDelegate: Listener subscribed [ de.mobilitymedia.connectors.commons.AbstractCanBusManager$2@3c0687d ][ 237551760 ][ 7 ]
10-21 08:41:02.039 3547-3560/de.mobilitymedia.cdlsdk.test V/AbstractCanBusManager: [ before start ][ stub mac address ]
10-21 08:41:02.039 3547-3560/de.mobilitymedia.cdlsdk.test V/AbstractCanBusManager: Configurations running [ 1 ]
10-21 08:41:02.039 3547-3560/de.mobilitymedia.cdlsdk.test D/DiaxCodeDelegate: Listener subscribed [ de.mobilitymedia.connectors.diax.SignalDelegate$1@1660d89 ][ 237551760 ][ 8 ]
10-21 08:41:02.039 3547-3560/de.mobilitymedia.cdlsdk.test D/DatabaseDownloadManagerAbstract: Listener subscribed [ de.mobilitymedia.connectors.diax.DiaxCodeDelegate$2@189b18e ]
10-21 08:41:02.039 3547-3560/de.mobilitymedia.cdlsdk.test I/MessagesTest: Message [ DONGLE_MESSAGE_STATE_CONNECTING ][ ready: false ]
10-21 08:41:02.039 3547-3560/de.mobilitymedia.cdlsdk.test V/AbstractCanBusManager: CanBus started [ stub mac address ]
10-21 08:41:02.039 3547-3560/de.mobilitymedia.cdlsdk.test V/AbstractCanBusManager: We are about to apply CanBus configuration:
                                                                                   Vci: DEMO
                                                                                   User credentials: [stub, stub]
                                                                                   Dongle: [ stub mac address ]
                                                                                   Pin: 2507985
                                                                                   Instance: de.mobilitymedia.connectors.diax.commons.Diax@d8e0daf
10-21 08:41:02.040 3547-3560/de.mobilitymedia.cdlsdk.test D/DiaxCodeDelegate: Listener subscribed [ de.mobilitymedia.connectors.diax.commons.DiaxAbstract$1@e18f945 ][ 237551760 ][ 9 ]
10-21 08:41:02.040 3547-3560/de.mobilitymedia.cdlsdk.test D/DiaxCodeDelegate: Listener subscribed [ de.mobilitymedia.connectors.diax.commons.DiaxAbstract$2@cf3589a ][ 237551760 ][ 10 ]
10-21 08:41:02.040 3547-3560/de.mobilitymedia.cdlsdk.test D/DiaxCodeDelegate: Listener subscribed [ de.mobilitymedia.connectors.diax.commons.DiaxAbstract$3@9b7d5cb ][ 237551760 ][ 11 ]
10-21 08:41:02.040 3547-3619/de.mobilitymedia.cdlsdk.test D/DiaxCodeDelegate: [ start ][ stub mac address ]
10-21 08:41:02.040 3547-3560/de.mobilitymedia.cdlsdk.test D/DiaxCodeDelegate: Listener subscribed [ de.mobilitymedia.connectors.diax.commons.DiaxAbstract$4@c6c11a8 ][ 237551760 ][ 12 ]
10-21 08:41:02.040 3547-3619/de.mobilitymedia.cdlsdk.test D/BluetoothDevices: Phone mac address:
10-21 08:41:02.040 3547-3619/de.mobilitymedia.cdlsdk.test D/ApplicationFactory: LANGUAGE [ en ]
10-21 08:41:02.068 3547-3619/de.mobilitymedia.cdlsdk.test I/DiaxController: Start-Up called
10-21 08:41:02.069 3547-3637/de.mobilitymedia.cdlsdk.test I/DiaxController: DiaX thread started
10-21 08:41:02.070 3547-3637/de.mobilitymedia.cdlsdk.test I/DiaxController: Initializing controller [ vci id: 1 ][ key: [C@c4dc7bb ][ data path: .\data ][ data filer: .*\.dat ]
