12-23 10:58:15.758 22274-22274/? W/ResourceType: Found multiple library tables, ignoring...
12-23 10:58:15.863 939-2416/? W/ActivityManager: getRunningAppProcesses: caller 10090 does not hold REAL_GET_TASKS; limiting output
12-23 10:58:15.864 939-1881/? W/ActivityManager: getRunningAppProcesses: caller 10090 does not hold REAL_GET_TASKS; limiting output
12-23 10:58:15.938 22274-22274/? E/PhotosPlugin: Loading PhotosPlugin
12-23 10:58:15.939 939-2415/? W/ActivityManager: getRunningAppProcesses: caller 10090 does not hold REAL_GET_TASKS; limiting output
12-23 10:58:15.941 21631-22164/? D/GaGtmHelper: pushEvent category=TRACKING action=Application_Verification_ok label=com.sonymobile.sketch 14942210 value=1
12-23 10:58:15.945 21631-22164/? I/UpdateCenter: [com.sonyericsson.updatecenter.tracking.TrackingUtil] executeTracking(): Tracking sent to Google Analytics.
12-23 10:58:15.956 357-357/? D/QSEECOMAPI:: QSEECom_get_handle sb_length = 0x1388
12-23 10:58:15.956 357-357/? D/QSEECOMAPI:: App is not loaded in QSEE
12-23 10:58:15.968 357-357/? D/QSEECOMAPI:: Loaded image: APP id = 2
12-23 10:58:15.988 357-357/? E/libasb:ta_utils: miscta_get_unit_size failed: unit not found
12-23 10:58:15.988 357-357/? E/libasb:ta_utils: libasb_read_miscta_unit_size for miscta_unit=2226 failed
12-23 10:58:15.994 357-357/? D/QSEECOMAPI:: QSEECom_dealloc_memory
12-23 10:58:15.994 357-357/? D/QSEECOMAPI:: QSEECom_shutdown_app, app_id = 2
12-23 10:58:15.995 21631-22164/? D/UEP: [com.sonyericsson.updatecenter.uepclient.UepClient] Execute UEP Tracking Event
12-23 10:58:15.998 21631-22164/? W/UpdateCenter: [com.sonyericsson.updatecenter.ui.notifications.VerificationNotificationFactory] createNotification(): Unhandled state 900
12-23 10:58:16.078 939-1368/? W/ActivityManager: getRunningAppProcesses: caller 10090 does not hold REAL_GET_TASKS; limiting output
12-23 10:58:16.166 339-1089/? D/audio_hw_primary: out_standby: enter: stream (0xb8f4ea48) usecase(1: low-latency-playback)
12-23 10:58:16.214 339-1089/? D/hardware_info: hw_info_append_hw_type : device_name = speaker-lite
12-23 10:58:16.676 22274-22274/? W/GAV2: Thread[main,5,main]: Need to call initialize() and be in fallback mode to start dispatch.
12-23 10:58:16.849 22274-22274/? W/GAV2: Thread[main,5,main]: Need to call initialize() and be in fallback mode to start dispatch.
12-23 10:58:16.893 939-2447/? I/ActivityManager: Start proc 22318:com.android.keychain/1000 for broadcast com.android.keychain/.KeyChainBroadcastReceiver
12-23 10:58:16.927 22318-22318/? W/ResourceType: Found multiple library tables, ignoring...
12-23 10:58:16.931 22318-22318/? W/ResourceType: Found multiple library tables, ignoring...
12-23 10:58:16.940 22318-22318/? W/ResourceType: Found multiple library tables, ignoring...
12-23 10:58:16.961 22318-22318/? W/ContextImpl: Calling a method in the system process without a qualified user: android.app.ContextImpl.startService:1713 android.content.ContextWrapper.startService:516 android.content.ContextWrapper.startService:516 com.android.keychain.KeyChainBroadcastReceiver.onReceive:12 android.app.ActivityThread.handleReceiver:2673
12-23 10:58:16.979 939-2415/? I/ActivityManager: Delay finish: com.google.android.apps.plus/.service.PackagesMediaMonitor
12-23 10:58:16.993 939-1881/? I/ActivityManager: Resuming delayed broadcast
12-23 10:58:17.049 939-1884/? I/ActivityManager: Start proc 22339:com.realvnc.android.remote/u0a130 for broadcast com.realvnc.android.remote/.RemoteControlService$PackageManagerReceiver
12-23 10:58:17.062 939-1884/? I/ActivityManager: Killing 22136:com.android.exchange/u0a25 (adj 15): empty #9
12-23 10:58:17.097 22339-22339/? W/ResourceType: Found multiple library tables, ignoring...
12-23 10:58:17.103 22339-22339/? W/ResourceType: Found multiple library tables, ignoring...
12-23 10:58:17.105 22339-22339/? W/ResourceType: Found multiple library tables, ignoring...
12-23 10:58:17.143 939-960/? I/ActivityManager: Killing 22170:com.android.musicfx/u0a34 (adj 15): empty #9
12-23 10:58:17.190 939-1582/? E/WifiStateMachine: WifiStateMachine CMD_START_SCAN source -2 txSuccessRate=1098.94 rxSuccessRate=2539.28 targetRoamBSSID=any RSSI=-61
12-23 10:58:17.194 21631-22209/? D/UEP: [com.sonyericsson.updatecenter.uepclient.UepTrackingService] onHandleIntent(), retry: 0
12-23 10:58:17.252 939-2256/? I/ActivityManager: Start proc 22360:com.facebook.katana:dash/u0a192 for broadcast com.facebook.katana/com.facebook.dash.receivers.DashPackageUninstallReceiver
12-23 10:58:17.257 21631-22209/? D/UEP: [com.sonyericsson.updatecenter.uepclient.UepTrackingDatabase] addTrackingEvent(): Added element: true
12-23 10:58:17.289 21631-22209/? D/UEP: [com.sonyericsson.updatecenter.uepclient.UepTrackingService] Network available: true
12-23 10:58:17.290 21631-22209/? D/UEP: [com.sonyericsson.updatecenter.uepclient.UepTrackingService] postTrackingEvents(): Posting Post request: https://updatesec.sonymobile.com/trackingv3, data={"time":1482487095920,"update":{"device":{"id":"356266063911298","clientVersion":"3.2.1.A.0.10","userIndex":"0","model":"D2303","buildVariant":"USER","cdfId":"1283-9513","swVersion":"18.6.A.0.182","cdfRevision":"R2C","fingerprint":"Sony\/D2303\/D2303:5.1.1\/18.6.A.0.182\/1643041205:user\/release-keys"},"app":{"id":"com.sonymobile.sketch","checksum":"WJgLjoN9B24Z7MlIxM2yrackSzU=","phase":"verification","status":"ok","sourceVersion":"12845057","targetVersion":"14942210","packageName":"com.sonymobile.sketch"}}}, contentType=JSON, dbId=22
12-23 10:58:17.291 21631-22209/? D/UEP: [com.sonyericsson.updatecenter.uepclient.UepHttpURLConnection] configureSecureConnection():
12-23 10:58:17.303 21631-22209/? I/UEP: [com.sonyericsson.updatecenter.uepclient.UepHttpHeader] UEP user agent string: SonyD2303 Build/18.6.A.0.182 UEP/1.0 com.sonyericsson.updatecenter/3.2.1.A.0.10
12-23 10:58:17.303 21631-22209/? D/UEP: [com.sonyericsson.updatecenter.uepclient.UepHttpPostClient] CRC32 checksum for the byte array is :1053591039
12-23 10:58:17.332 22360-22360/? W/ResourceType: Found multiple library tables, ignoring...
12-23 10:58:17.339 22360-22360/? W/ResourceType: Found multiple library tables, ignoring...
12-23 10:58:17.432 22360-22360/? W/ResourcesManager: Asset path '/system/framework/com.google.android.maps.jar' does not exist or contains no resources.
12-23 10:58:17.434 22360-22360/? W/ResourceType: Found multiple library tables, ignoring...
12-23 10:58:17.523 939-2457/? W/ActivityManager: getRunningAppProcesses: caller 10192 does not hold REAL_GET_TASKS; limiting output
12-23 10:58:17.531 22360-22360/? D/CatchMeIfYouCan: Process (dash) ca: '/data/data/com.facebook.katana/app_cmiyc/0C66B38F48468E96F8008B6D5A2AE33B4A60265E01'
12-23 10:58:17.531 22360-22360/? D/CatchMeIfYouCan: Process (dash) fc: '/data/data/com.facebook.katana/app_cmiyc/0C66B38F48468E96F8008B6D5A2AE33B4A60265E02'
12-23 10:58:17.532 22360-22360/? D/CatchMeIfYouCan: Process (dash) cp: '('dash', 6, 60000, silent [true], restart [true], logout [true])'
12-23 10:58:17.541 22360-22360/? D/ACRA: ACRA is enabled for com.facebook.katana, intializing...
12-23 10:58:17.545 22360-22360/? D/ACRA: Looking for error files in /data/data/com.facebook.katana/app_acra-reports
12-23 10:58:17.546 22360-22360/? D/ACRA: Looking for error files in /data/data/com.facebook.katana/app_minidumps
12-23 10:58:17.556 21631-22209/? D/UEP: [com.sonyericsson.updatecenter.uepclient.UepHttpPostClient] post(): HTTP Post response code = 201
12-23 10:58:17.559 22360-22360/? D/SoLoader: found gnustl_shared in default place
12-23 10:58:17.562 22360-22360/? D/SoLoader: found fb_breakpad_client in default place
12-23 10:58:17.563 939-2416/? W/ActivityManager: getRunningAppProcesses: caller 10192 does not hold REAL_GET_TASKS; limiting output
12-23 10:58:17.564 22360-22360/? I/DexLibLoader: not using cross-dex optimization: ART in use
12-23 10:58:17.568 22360-22360/? D/SoLoader: found stdc++ in default place
12-23 10:58:17.569 22360-22360/? D/SoLoader: found gnustl_shared in default place
12-23 10:58:17.574 22360-22360/? D/SoLoader: found sigmux in default place
12-23 10:58:17.576 22360-22360/? D/SoLoader: found distract in default place
12-23 10:58:17.578 22360-22360/? D/SoLoader: found fb_dalvik-internals in default place
12-23 10:58:17.578 22360-22360/? I/dalvik-internals: dlopen(libdvm) failed: no Dalvik modifications possible
12-23 10:58:17.579 22360-22360/? V/DexLibLoader: about to lock odex store
12-23 10:58:17.580 22360-22360/? V/DexLibLoader: locking odex store took 1 ms
12-23 10:58:17.585 22360-22360/? V/DexLibLoader: Secondary program dex metadata: classes2.dex 5ba19f2460bac8b12b0fc18db88a298c2181fe0d secondary.dex01.Canary
12-23 10:58:17.585 22360-22360/? V/DexLibLoader: Secondary program dex metadata: classes3.dex 03f1327a4a73d5f354f08e3422625e738c60027a secondary.dex02.Canary
12-23 10:58:17.585 22360-22360/? V/DexLibLoader: Secondary program dex metadata: classes4.dex a31410c6ee954c0376ba2cb5133492a8c2948d87 secondary.dex03.Canary
12-23 10:58:17.585 22360-22360/? V/DexLibLoader: Secondary program dex metadata: classes5.dex c051752d54558b0837189a6777cb16f4f96d4e80 secondary.dex04.Canary
12-23 10:58:17.585 22360-22360/? V/DexLibLoader: Secondary program dex metadata: classes6.dex 1206b3bdfaef8be6d4bd1b2de467f78ac46b8af4 secondary.dex05.Canary
12-23 10:58:17.585 22360-22360/? V/DexLibLoader: Secondary program dex metadata: classes7.dex 0b075ce76b542b795c0fe8fa8bb6a25b12f26d72 secondary.dex06.Canary
12-23 10:58:17.587 22360-22360/? D/DexLibLoader: directory "/data/data/com.facebook.katana/app_secondary_program_dex" is valid
12-23 10:58:17.588 22360-22360/? D/DexLibLoader: directory "/data/data/com.facebook.katana/app_secondary_program_dex_opt" is valid
12-23 10:58:17.602 22360-22360/? D/DexLibLoader: loading pre-built fallback odex files
12-23 10:58:17.602 22360-22360/? D/DexLibLoader: released odex store lock
12-23 10:58:17.602 22360-22360/? D/DexLibLoader: DexLibLoader.loadAll took 38 ms
12-23 10:58:17.605 22360-22360/? D/SystemClassLoaderAdder: Marked as initialized entry corresponding to path /data/app/com.facebook.katana-1/base.apk
12-23 10:58:17.607 939-2447/? W/ActivityManager: getRunningAppProcesses: caller 10192 does not hold REAL_GET_TASKS; limiting output
12-23 10:58:17.776 939-1368/? W/ActivityManager: getRunningAppProcesses: caller 10192 does not hold REAL_GET_TASKS; limiting output
12-23 10:58:17.785 339-1089/? D/audio_hw_primary: out_set_parameters: enter: usecase(1: low-latency-playback) kvpairs: routing=2
12-23 10:58:17.799 339-1087/? D/audio_hw_primary: start_output_stream: enter: stream(0xb8f4ea48)usecase(1: low-latency-playback) devices(0x2)
12-23 10:58:17.799 339-1087/? D/audio_hw_primary: select_devices: out_snd_device(36: speaker) in_snd_device(0: )
12-23 10:58:17.799 339-1087/? D/hardware_info: hw_info_append_hw_type : device_name = speaker-lite
12-23 10:58:17.799 339-1087/? D/ACDB-LOADER: ACDB -> send_audio_cal, acdb_id = 14, path =  0
12-23 10:58:17.799 339-1087/? D/ACDB-LOADER: ACDB -> send_adm_topology
12-23 10:58:17.799 339-1087/? D/ACDB-LOADER: ACDB -> ACDB_CMD_GET_AUDPROC_COMMON_TOPOLOGY_ID
12-23 10:58:17.799 339-1087/? D/ACDB-LOADER: ACDB -> send_asm_topology
12-23 10:58:17.799 339-1087/? D/ACDB-LOADER: ACDB -> ACDB_CMD_GET_AUDPROC_STREAM_TOPOLOGY_ID
12-23 10:58:17.799 339-1087/? D/ACDB-LOADER: ACDB -> send_audtable
12-23 10:58:17.799 339-1087/? D/ACDB-LOADER: ACDB -> ACDB_CMD_GET_AUDPROC_COMMON_TABLE
12-23 10:58:17.799 339-1087/? D/ACDB-LOADER: ACDB -> AUDIO_SET_AUDPROC_CAL
12-23 10:58:17.799 339-1087/? D/ACDB-LOADER: ACDB -> send_audvoltable
12-23 10:58:17.799 339-1087/? D/ACDB-LOADER: ACDB -> ACDB_CMD_GET_AUDPROC_GAIN_DEP_STEP_TABLE
12-23 10:58:17.799 339-1087/? D/ACDB-LOADER: ACDB -> AUDIO_SET_AUDPROC_VOL_CAL
12-23 10:58:17.799 339-1087/? D/ACDB-LOADER: ACDB -> send_afe_cal
12-23 10:58:17.799 339-1087/? D/ACDB-LOADER: ACDB -> ACDB_CMD_GET_AFE_COMMON_TABLE
12-23 10:58:17.799 339-1087/? D/ACDB-LOADER: ACDB -> AUDIO_SET_AFE_CAL
12-23 10:58:17.805 339-1087/? D/audio_hw_primary: select_devices: done
12-23 10:58:18.598 939-1882/? W/ActivityManager: getRunningAppProcesses: caller 10192 does not hold REAL_GET_TASKS; limiting output
12-23 10:58:18.644 22360-22360/? W/fb4a(:dash):StaticBindingVerifier: Verify
12-23 10:58:18.690 939-1879/? I/ActivityManager: Start proc 22404:com.facebook.katana/u0a192 for content provider com.facebook.katana/.provider.orca.FbSharedPreferencesContentProvider
12-23 10:58:18.759 22404-22404/? W/ResourceType: Found multiple library tables, ignoring...
12-23 10:58:18.765 22404-22404/? W/ResourceType: Found multiple library tables, ignoring...
12-23 10:58:18.815 939-1583/? D/WifiService: New client listening to asynchronous messages
12-23 10:58:18.839 939-976/? I/ActivityManager: Start proc 22429:com.android.defcontainer/u0a23 for service com.android.defcontainer/.DefaultContainerService
12-23 10:58:18.863 360-360/? I/art: Explicit concurrent mark sweep GC freed 709(30KB) AllocSpace objects, 0(0B) LOS objects, 49% free, 4MB/8MB, paused 401us total 24.749ms
12-23 10:58:18.871 22404-22404/? W/ResourcesManager: Asset path '/system/framework/com.google.android.maps.jar' does not exist or contains no resources.
12-23 10:58:18.874 939-2256/? I/ActivityManager: Killing 22191:com.sonymobile.social.services/u0a27 (adj 15): empty #9
12-23 10:58:18.876 22404-22404/? W/ResourceType: Found multiple library tables, ignoring...
12-23 10:58:18.945 939-2256/? I/ActivityManager: Killing 21051:com.android.vending/u0a39 (adj 15): empty #10
12-23 10:58:18.964 939-2415/? W/ActivityManager: getRunningAppProcesses: caller 10192 does not hold REAL_GET_TASKS; limiting output
12-23 10:58:18.996 22429-22429/? W/ResourceType: Found multiple library tables, ignoring...
12-23 10:58:19.001 22429-22429/? W/ResourceType: Found multiple library tables, ignoring...
12-23 10:58:19.004 22429-22429/? W/ResourceType: Found multiple library tables, ignoring...
12-23 10:58:19.007 22404-22404/? D/CatchMeIfYouCan: Process (<default>) ca: '/data/user/0/com.facebook.katana/app_cmiyc/A1657CCD543F12E66E587EE52ED9D802E22AAC4701'
12-23 10:58:19.007 22404-22404/? D/CatchMeIfYouCan: Process (<default>) fc: '/data/user/0/com.facebook.katana/app_cmiyc/A1657CCD543F12E66E587EE52ED9D802E22AAC4702'
12-23 10:58:19.007 22404-22404/? D/CatchMeIfYouCan: Process (<default>) cp: '('default', 3, 120000, silent [true], restart [false], logout [false])'
12-23 10:58:19.018 22404-22404/? D/ACRA: ACRA is enabled for com.facebook.katana, intializing...
12-23 10:58:19.046 939-1881/? I/ActivityManager: Start proc 22452:com.android.exchange/u0a25 for broadcast com.android.exchange/.ExchangeBroadcastReceiver
12-23 10:58:19.070 22404-22404/? D/ACRA: Looking for error files in /data/user/0/com.facebook.katana/app_acra-reports
12-23 10:58:19.070 22404-22404/? D/ACRA: Looking for error files in /data/user/0/com.facebook.katana/app_minidumps
12-23 10:58:19.078 22404-22404/? D/SoLoader: found gnustl_shared in default place
12-23 10:58:19.079 22404-22404/? D/SoLoader: found fb_breakpad_client in default place
12-23 10:58:19.080 939-2447/? W/ActivityManager: getRunningAppProcesses: caller 10192 does not hold REAL_GET_TASKS; limiting output
12-23 10:58:19.085 22404-22404/? I/DexLibLoader: not using cross-dex optimization: ART in use
12-23 10:58:19.088 22404-22404/? D/SoLoader: found stdc++ in default place
12-23 10:58:19.088 22404-22404/? D/SoLoader: found gnustl_shared in default place
12-23 10:58:19.091 22404-22404/? D/SoLoader: found sigmux in default place
12-23 10:58:19.093 22404-22404/? D/SoLoader: found distract in default place
12-23 10:58:19.095 22404-22404/? D/SoLoader: found fb_dalvik-internals in default place
12-23 10:58:19.096 22404-22404/? I/dalvik-internals: dlopen(libdvm) failed: no Dalvik modifications possible
12-23 10:58:19.098 22404-22404/? V/DexLibLoader: about to lock odex store
12-23 10:58:19.099 22404-22404/? V/DexLibLoader: locking odex store took 1 ms
12-23 10:58:19.101 22452-22452/? W/ResourceType: Found multiple library tables, ignoring...
12-23 10:58:19.104 22452-22452/? W/ResourceType: Found multiple library tables, ignoring...
12-23 10:58:19.106 22452-22452/? W/ResourcesManager: Asset path '/system/framework/com.sonymobile.provider.tasks.jar' does not exist or contains no resources.
12-23 10:58:19.110 22404-22404/? V/DexLibLoader: Secondary program dex metadata: classes2.dex 5ba19f2460bac8b12b0fc18db88a298c2181fe0d secondary.dex01.Canary
12-23 10:58:19.110 22404-22404/? V/DexLibLoader: Secondary program dex metadata: classes3.dex 03f1327a4a73d5f354f08e3422625e738c60027a secondary.dex02.Canary
12-23 10:58:19.110 22404-22404/? V/DexLibLoader: Secondary program dex metadata: classes4.dex a31410c6ee954c0376ba2cb5133492a8c2948d87 secondary.dex03.Canary
12-23 10:58:19.110 22404-22404/? V/DexLibLoader: Secondary program dex metadata: classes5.dex c051752d54558b0837189a6777cb16f4f96d4e80 secondary.dex04.Canary
12-23 10:58:19.110 22404-22404/? V/DexLibLoader: Secondary program dex metadata: classes6.dex 1206b3bdfaef8be6d4bd1b2de467f78ac46b8af4 secondary.dex05.Canary
12-23 10:58:19.110 22404-22404/? V/DexLibLoader: Secondary program dex metadata: classes7.dex 0b075ce76b542b795c0fe8fa8bb6a25b12f26d72 secondary.dex06.Canary
12-23 10:58:19.111 22452-22452/? W/ResourcesManager: Asset path '/system/framework/com.sonymobile.smime.jar' does not exist or contains no resources.
12-23 10:58:19.111 22404-22404/? D/DexLibLoader: directory "/data/user/0/com.facebook.katana/app_secondary_program_dex" is valid
12-23 10:58:19.112 22452-22452/? W/ResourcesManager: Asset path '/system/framework/jcifs.jar' does not exist or contains no resources.
12-23 10:58:19.112 22404-22404/? D/DexLibLoader: directory "/data/user/0/com.facebook.katana/app_secondary_program_dex_opt" is valid
12-23 10:58:19.112 22452-22452/? W/ResourcesManager: Asset path '/system/framework/com.google.protobuf-2.3.0.jar' does not exist or contains no resources.
12-23 10:58:19.112 22452-22452/? W/ResourcesManager: Asset path '/system/framework/com.sonyericsson.idd.jar' does not exist or contains no resources.
12-23 10:58:19.114 22452-22452/? W/ResourceType: Found multiple library tables, ignoring...
12-23 10:58:19.134 22404-22404/? D/DexLibLoader: loading pre-built fallback odex files
12-23 10:58:19.134 22404-22404/? D/DexLibLoader: released odex store lock
12-23 10:58:19.135 22404-22404/? D/DexLibLoader: DexLibLoader.loadAll took 50 ms
12-23 10:58:19.138 22404-22404/? D/SystemClassLoaderAdder: Marked as initialized entry corresponding to path /data/app/com.facebook.katana-1/base.apk
12-23 10:58:19.140 939-2415/? W/ActivityManager: getRunningAppProcesses: caller 10192 does not hold REAL_GET_TASKS; limiting output
12-23 10:58:19.157 22452-22452/? D/EmailContent: init for com.android.email.provider
12-23 10:58:19.163 939-964/? I/ActivityManager: Start proc 22470:com.android.vending/u0a39 for broadcast com.android.vending/com.google.android.vending.verifier.PackageVerificationReceiver
12-23 10:58:19.180 22452-22452/? D/Exchange: ExchangeBroadcastReceiver: Intent { act=android.intent.action.PACKAGE_ADDED dat=package:com.sonymobile.entrance flg=0x4000010 cmp=com.android.exchange/.ExchangeBroadcastReceiver (has extras) }
12-23 10:58:19.189 2510-4577/? D/GCM: GcmService start Intent { act=com.google.android.gms.gcm.PACKAGE_REPLACED cmp=com.google.android.gms/.gcm.GcmService (has extras) } com.google.android.gms.gcm.PACKAGE_REPLACED
12-23 10:58:19.198 2510-2510/? I/ConfigService: onDestroy
12-23 10:58:19.199 939-1880/? I/ActivityManager: Killing 22212:com.sonyericsson.album/u0a43 (adj 15): empty #9
12-23 10:58:19.200 2276-2276/? D/ChimeraRcvrProxy: Creating receiver proxy ComponentInfo{com.google.android.gms/com.google.android.gms.games.chimera.GamesSystemBroadcastReceiverProxy}
12-23 10:58:19.200 2276-2276/? D/ChimeraRcvrProxy: Proxying container receiver ComponentInfo{com.google.android.gms/com.google.android.gms.games.chimera.GamesSystemBroadcastReceiverProxy} to Chimera receiver impl com.google.android.gms.games.receiver.PlaySystemBroadcastReceiver
12-23 10:58:19.200 2276-2276/? D/ChimeraCfgMgr: Loading module com.google.android.gms.games from APK com.google.android.play.games
12-23 10:58:19.200 2276-2276/? D/ChimeraModuleLdr: Module APK com.google.android.play.games already loaded
12-23 10:58:19.201 2276-22489/? D/PackageBroadcastService: Received broadcast action=android.intent.action.PACKAGE_ADDED and uri=com.sonymobile.entrance
12-23 10:58:19.236 1925-1925/? D/StatusBar: Clicked on content of 0|com.sonyericsson.updatecenter|10|null|10061
12-23 10:58:19.250 339-1089/? D/audio_hw_primary: out_set_parameters: enter: usecase(1: low-latency-playback) kvpairs: routing=2
12-23 10:58:19.261 939-961/? W/InputMethodManagerService: Window already focused, ignoring focus gain of: com.android.internal.view.IInputMethodClient$Stub$Proxy@1ce392f5 attribute=null, token = android.os.BinderProxy@338be9b6
12-23 10:58:19.319 939-960/? I/ActivityManager: Start proc 22492:com.google.android.partnersetup/u0a31 for broadcast com.google.android.partnersetup/.RlzPingBroadcastReceiver
12-23 10:58:19.328 2510-2510/? I/ConfigService: onCreate
12-23 10:58:19.330 2510-2510/? I/ConfigService: onBind for Intent { act=com.google.android.gms.config.UPDATE pkg=com.google.android.gms } action com.google.android.gms.config.UPDATE
12-23 10:58:19.337 2276-2276/? I/ConfigFetchService: onStartCommand Intent { act=android.intent.action.PACKAGE_ADDED dat=package:com.sonymobile.entrance cmp=com.google.android.gms/.config.ConfigFetchService (has extras) }
12-23 10:58:19.346 2276-2276/? I/ConfigFetchService: launchTask
12-23 10:58:19.352 2510-2510/? I/ConfigService: onBind returning update interface
12-23 10:58:19.396 2276-22503/? W/ResourceType: Found multiple library tables, ignoring...
12-23 10:58:19.401 2276-2276/? D/ChimeraSrvcProxy: Creating service proxy ComponentInfo{com.google.android.gms/com.google.android.gms.games.chimera.GamesAsyncServiceProxy}
12-23 10:58:19.401 2276-2276/? D/ChimeraSrvcProxy: Proxying container service ComponentInfo{com.google.android.gms/com.google.android.gms.games.chimera.GamesAsyncServiceProxy} to Chimera service impl com.google.android.gms.games.service.PlayGamesAsyncService
12-23 10:58:19.401 2276-2276/? D/ChimeraCfgMgr: Loading module com.google.android.gms.games from APK com.google.android.play.games
12-23 10:58:19.401 2276-2276/? D/ChimeraModuleLdr: Module APK com.google.android.play.games already loaded
12-23 10:58:19.413 939-1883/? I/ActivityManager: Start proc 22514:com.google.android.gms.wearable/u0a28 for service com.google.android.gms/.wearable.service.WearableControlService
12-23 10:58:19.416 2510-2510/? I/ConfigService: onBind for Intent { act=com.google.android.gms.config.START pkg=com.google.android.gms } action com.google.android.gms.config.START
12-23 10:58:19.416 2510-2510/? I/ConfigService: onBind returning service broker
12-23 10:58:19.419 21631-22502/? E/SQLiteLog: (284) automatic index on install_element(parent_id)
12-23 10:58:19.466 2276-22515/? I/PeopleContactsSync: CP2 sync disabled
12-23 10:58:19.583 939-1790/? I/art: Explicit concurrent mark sweep GC freed 140463(5MB) AllocSpace objects, 21(1871KB) LOS objects, 33% free, 19MB/29MB, paused 2.045ms total 204.343ms
12-23 10:58:19.594 2276-2276/? I/ConfigFetchService: service connected
12-23 10:58:19.599 2276-2276/? D/ConfigFetchService: ConfigApi connection successful.
12-23 10:58:19.603 22514-22514/? W/ResourceType: Found multiple library tables, ignoring...
12-23 10:58:19.610 22514-22514/? W/ResourceType: Found multiple library tables, ignoring...
12-23 10:58:19.624 939-1882/? I/ActivityManager: START u0 {act=android.intent.action.VIEW dat=content://com.sonyericsson.updatecenter.provider/applicationUpdate/10 flg=0x30000000 cmp=com.sonymobile.entrance/.DeepLinkActivity} from uid 10061 on display 0
12-23 10:58:19.629 939-1882/? W/ResourceType: Found multiple library tables, ignoring...
12-23 10:58:19.630 939-1882/? V/WindowManager: addAppToken: AppWindowToken{b98d5a9 token=Token{21071530 ActivityRecord{34661273 u0 com.sonymobile.entrance/.DeepLinkActivity t16}}} to stack=1 task=16 at 0
12-23 10:58:19.650 22492-22492/? W/ResourceType: Found multiple library tables, ignoring...
12-23 10:58:19.658 21631-22534/? D/GaGtmHelper: pushEvent category=ACTION action=Application_Details_Notification label=com.sonymobile.podcast 4325388 value=1
12-23 10:58:19.670 22514-22514/? W/ResourcesManager: Asset path '/system/framework/com.android.media.remotedisplay.jar' does not exist or contains no resources.
12-23 10:58:19.671 22514-22514/? W/ResourcesManager: Asset path '/system/framework/com.android.location.provider.jar' does not exist or contains no resources.
12-23 10:58:19.673 22514-22514/? W/ResourceType: Found multiple library tables, ignoring...
12-23 10:58:19.682 22492-22492/? W/ResourceType: Found multiple library tables, ignoring...
12-23 10:58:19.696 22492-22492/? W/ResourceType: Found multiple library tables, ignoring...
12-23 10:58:19.701 939-2415/? W/ActivityManager: getRunningAppProcesses: caller 10192 does not hold REAL_GET_TASKS; limiting output
12-23 10:58:19.706 939-1880/? I/ActivityManager: Start proc 22537:com.sonymobile.entrance/u0a69 for activity com.sonymobile.entrance/.DeepLinkActivity
12-23 10:58:19.767 22537-22537/? W/ResourceType: Found multiple library tables, ignoring...
12-23 10:58:19.772 1925-1925/? D/PhoneStatusBar: disable: < expand icons* alerts system_info* back home recent clock search >
12-23 10:58:19.775 22537-22537/? W/ResourceType: Found multiple library tables, ignoring...
12-23 10:58:19.779 22537-22537/? W/ResourceType: Found multiple library tables, ignoring...
12-23 10:58:19.787 939-1884/? I/ActivityManager: Delay finish: com.google.android.partnersetup/.AppInstalledReceiver
12-23 10:58:19.797 939-2415/? I/ActivityManager: Resuming delayed broadcast
12-23 10:58:19.806 22470-22470/? W/Finsky: [1] FinskyApp.getCurrentAccount: No account configured on this device.
12-23 10:58:19.857 939-2415/? I/ActivityManager: Start proc 22562:com.android.musicfx/u0a34 for broadcast com.android.musicfx/.Compatibility$Receiver
12-23 10:58:19.912 22514-22514/? I/MultiDex: VM with version 2.1.0 has multidex support
12-23 10:58:19.912 22514-22514/? I/MultiDex: install
12-23 10:58:19.912 22514-22514/? I/MultiDex: VM has multidex support, MultiDex support library is disabled.
12-23 10:58:19.933 22562-22562/? W/ResourceType: Found multiple library tables, ignoring...
12-23 10:58:19.937 22562-22562/? W/ResourceType: Found multiple library tables, ignoring...
12-23 10:58:19.940 22562-22562/? W/ResourceType: Found multiple library tables, ignoring...
12-23 10:58:19.941 22470-22470/? D/Finsky: [1] FinskyApp.onCreate: Initializing network with DFE https://android.clients.google.com/fdfe/
12-23 10:58:19.946 22514-22514/? I/ProviderInstaller: Insert disabled by gate 'gms:security:enable_conscrypt_in_gms_application'
12-23 10:58:19.950 22470-22470/? W/Finsky: [1] FinskyApp.getCurrentAccount: No account configured on this device.
12-23 10:58:19.961 939-1884/? I/ActivityManager: Delay finish: com.android.musicfx/.Compatibility$Receiver
12-23 10:58:19.976 939-2447/? I/ActivityManager: Resuming delayed broadcast
12-23 10:58:19.979 939-1368/? I/ActivityManager: Killing 22235:android.process.acore/u0a46 (adj 15): empty #9
12-23 10:58:20.036 939-960/? I/ActivityManager: Killing 22256:com.google.android.googlequicksearchbox:search/u0a62 (adj 15): empty #9
12-23 10:58:20.043 22470-22470/? W/Finsky: [1] FinskyApp.getCurrentAccount: No account configured on this device.
12-23 10:58:20.053 22470-22470/? W/Finsky: [1] FinskyApp.getCurrentAccount: No account configured on this device.
12-23 10:58:20.055 22470-22470/? W/Finsky: [1] FinskyApp.getCurrentAccount: No account configured on this device.
12-23 10:58:20.076 22470-22470/? D/Finsky: [1] DailyHygiene.goMakeHygieneIfDirty: No need to run daily hygiene.
12-23 10:58:20.122 939-1881/? I/ActivityManager: Killing 22318:com.android.keychain/1000 (adj 15): empty #9
12-23 10:58:20.229 939-1790/? I/ActivityManager: Start proc 22600:com.google.android.gms:car/u0a28 for service com.google.android.gms/.car.CarService
12-23 10:58:20.255 22470-22470/? W/Settings: Setting download_manager_max_bytes_over_mobile has moved from android.provider.Settings.Secure to android.provider.Settings.Global.
12-23 10:58:20.257 22470-22470/? W/Settings: Setting download_manager_recommended_max_bytes_over_mobile has moved from android.provider.Settings.Secure to android.provider.Settings.Global.
12-23 10:58:20.271 22537-22537/? I/GAv4: Google Analytics 8.1.15 is starting up. To enable debug logging on a device run:
                                           adb shell setprop log.tag.GAv4 DEBUG
                                           adb logcat -s GAv4
12-23 10:58:20.279 22600-22600/? W/ResourceType: Found multiple library tables, ignoring...
12-23 10:58:20.283 22600-22600/? W/ResourceType: Found multiple library tables, ignoring...
12-23 10:58:20.291 22600-22600/? W/ResourcesManager: Asset path '/system/framework/com.android.media.remotedisplay.jar' does not exist or contains no resources.
12-23 10:58:20.291 22600-22600/? W/ResourcesManager: Asset path '/system/framework/com.android.location.provider.jar' does not exist or contains no resources.
12-23 10:58:20.292 22470-22470/? W/Finsky: [1] FinskyApp.getCurrentAccount: No account configured on this device.
12-23 10:58:20.293 22470-22470/? W/Finsky: [1] FinskyApp.getDfeApi: No account configured on this device.
12-23 10:58:20.296 22537-22537/? W/GAv4: CampaignTrackingReceiver is not registered, not exported or is disabled. Installation campaign tracking is not possible. See http://goo.gl/8Rd3yj for instructions.
12-23 10:58:20.296 22470-22470/? D/Finsky: [1] PackageVerificationReceiver.onReceive: Verification requested, id = 1
12-23 10:58:20.297 939-1879/? W/ActivityManager: getRunningAppProcesses: caller 10069 does not hold REAL_GET_TASKS; limiting output
12-23 10:58:20.297 22600-22600/? W/ResourceType: Found multiple library tables, ignoring...
12-23 10:58:20.319 22470-22470/? D/Finsky: [1] WorkerTask.onPreExecute: Verification Requested for id = 1, data=file:///data/app/vmdl1868818403.tmp flags=18 fromVerificationActivity=false
12-23 10:58:20.326 22470-22624/? D/Finsky: [3169] PackageVerificationService.getPackageInfo: Cannot read archive for file:///data/app/vmdl1868818403.tmp in request id=1
12-23 10:58:20.344 22600-22600/? I/MultiDex: VM with version 2.1.0 has multidex support
12-23 10:58:20.345 22600-22600/? I/MultiDex: install
12-23 10:58:20.345 22600-22600/? I/MultiDex: VM has multidex support, MultiDex support library is disabled.
12-23 10:58:20.360 939-1882/? I/ActivityManager: Start proc 22626:com.sonymobile.social.services/u0a27 for broadcast com.sonyericsson.facebook.proxylogin/.permissions.PackageChangedReceiver
12-23 10:58:20.376 22537-22537/? E/GoogleTagManager: Invalid macro: _gtm.loadEventEnabled
12-23 10:58:20.393 22600-22600/? I/ProviderInstaller: Insert disabled by gate 'gms:security:enable_conscrypt_in_gms_application'
12-23 10:58:20.396 939-976/? D/PackageManager: /data/app/vmdl1868818403.tmp already staged; skipping copy
12-23 10:58:20.402 939-2415/? W/ActivityManager: getRunningAppProcesses: caller 10192 does not hold REAL_GET_TASKS; limiting output
12-23 10:58:20.405 939-2415/? I/ActivityManager: Killing 22339:com.realvnc.android.remote/u0a130 (adj 15): empty #9
12-23 10:58:20.428 22537-22634/? E/GoogleTagManager: Invalid macro: _gtm.loadEventEnabled
12-23 10:58:20.457 22537-22633/? W/GooglePlayServicesUtil: Google Play services out of date.  Requires 8115000 but found 7571434
12-23 10:58:20.461 22537-22633/? E/GooglePlayServicesUtil: GooglePlayServices not available due to error 2
12-23 10:58:20.461 22537-22633/? W/GoogleTagManager: GooglePlayServicesRepairableException getting Advertising Id Info
12-23 10:58:20.511 22470-22470/? D/Finsky: [1] GmsCoreHelper.cleanupNlp: result=false type=4
12-23 10:58:20.525 22626-22626/? W/ResourceType: Found multiple library tables, ignoring...
12-23 10:58:20.536 22626-22626/? W/ResourceType: Found multiple library tables, ignoring...
12-23 10:58:20.541 22626-22626/? W/ResourceType: Found multiple library tables, ignoring...
12-23 10:58:20.547 22470-22470/? D/Finsky: [1] RestoreTracker.stopServiceIfDone: Restore complete with 0 success and 0 failed.
12-23 10:58:20.568 22404-22404/? W/fb4a(:<default>):StaticBindingVerifier: Verify
12-23 10:58:20.594 2276-2301/? E/JavaBinder: *** Uncaught remote exception!  (Exceptions are not yet supported across processes.)
                                             java.lang.RuntimeException: android.os.RemoteException
                                                 at android.os.Parcel.writeException(Parcel.java:1436)
                                                 at android.os.Binder.execTransact(Binder.java:452)
                                              Caused by: android.os.RemoteException
                                                 at com.google.android.gms.ads.identifier.service.b.a(SourceFile:77)
                                                 at com.google.android.gms.ads.identifier.a.e.onTransact(SourceFile:63)
                                                 at android.os.Binder.execTransact(Binder.java:446)
12-23 10:58:20.632 939-1368/? I/ActivityManager: Start proc 22660:com.sonyericsson.album/u0a43 for broadcast com.sonyericsson.album/.online.UpdateReceiver
12-23 10:58:20.722 21631-21779/? E/SQLiteLog: (284) automatic index on install_element(parent_id)
12-23 10:58:20.722 939-1879/? I/ActivityManager: Killing 22360:com.facebook.katana:dash/u0a192 (adj 15): empty #9
12-23 10:58:20.742 939-1583/? D/WifiService: New client listening to asynchronous messages
12-23 10:58:20.756 939-1583/? D/WifiService: Client connection lost with reason: 4
12-23 10:58:20.862 2510-17360/? I/art: Explicit concurrent mark sweep GC freed 12692(625KB) AllocSpace objects, 0(0B) LOS objects, 40% free, 7MB/13MB, paused 2.811ms total 121.971ms
12-23 10:58:20.891 22660-22660/? W/ResourceType: Found multiple library tables, ignoring...
12-23 10:58:20.901 22660-22660/? W/ResourceType: Found multiple library tables, ignoring...
12-23 10:58:20.911 22274-22274/? W/GAV2: Thread[main,5,main]: dispatch call queued.  Need to call GAServiceManager.getInstance().initialize().
12-23 10:58:20.912 22660-22660/? W/ResourcesManager: Asset path '/system/framework/com.sonymobile.playanywhere.jar' does not exist or contains no resources.
12-23 10:58:20.912 22660-22660/? W/ResourcesManager: Asset path '/system/framework/com.sonymobile.remotefileaccess.jar' does not exist or contains no resources.
12-23 10:58:20.913 22660-22660/? W/ResourcesManager: Asset path '/system/framework/com.google.android.maps.jar' does not exist or contains no resources.
12-23 10:58:20.913 22660-22660/? W/ResourcesManager: Asset path '/system/framework/com.sonyericsson.dlna_impl.jar' does not exist or contains no resources.
12-23 10:58:20.914 22660-22660/? W/ResourcesManager: Asset path '/system/framework/com.sonymobile.drmstream_impl.jar' does not exist or contains no resources.
12-23 10:58:20.914 22660-22660/? W/ResourcesManager: Asset path '/system/framework/com.sonymobile.photoanalyzer_impl.jar' does not exist or contains no resources.
12-23 10:58:20.915 939-2447/? I/ActivityManager: Killing 22274:com.google.android.apps.docs/u0a90 (adj 15): empty #9
12-23 10:58:20.926 22660-22660/? W/ResourcesManager: Asset path '/system/framework/com.sonyericsson.colorextraction_impl.jar' does not exist or contains no resources.
12-23 10:58:20.927 22660-22660/? W/ResourcesManager: Asset path '/system/framework/com.sony.device.jar' does not exist or contains no resources.
12-23 10:58:20.927 22660-22660/? W/ResourcesManager: Asset path '/system/framework/com.sonyericsson.illumination.jar' does not exist or contains no resources.
12-23 10:58:20.927 22660-22660/? W/ResourcesManager: Asset path '/system/framework/com.sonymobile.settings.illumination.jar' does not exist or contains no resources.
12-23 10:58:20.936 22660-22660/? W/ResourceType: Found multiple library tables, ignoring...
12-23 10:58:20.968 22404-22418/? W/art: Suspending all threads took: 59.967ms
12-23 10:58:21.007 22537-22537/? I/Timeline: Timeline: Activity_launch_request id:com.sonymobile.entrance time:1260672
12-23 10:58:21.051 939-2457/? I/ActivityManager: START u0 {dat=entrance://app/application_updates flg=0x10008000 cmp=com.sonymobile.entrance/.EntranceActivity (has extras)} from uid 10069 on display 0
12-23 10:58:21.065 939-2457/? V/WindowManager: addAppToken: AppWindowToken{31f530bc token=Token{5cc74af ActivityRecord{39b5548e u0 com.sonymobile.entrance/.EntranceActivity t16}}} to stack=1 task=16 at 1
12-23 10:58:21.067 939-2415/? W/InputMethodManagerService: Window already focused, ignoring focus gain of: com.android.internal.view.IInputMethodClient$Stub$Proxy@27a73845 attribute=null, token = android.os.BinderProxy@338be9b6
12-23 10:58:21.072 939-2447/? I/ActivityManager: Killing 22404:com.facebook.katana/u0a192 (adj 15): empty #9
12-23 10:58:21.101 939-1583/? D/WifiService: Client connection lost with reason: 4
12-23 10:58:21.206 939-1882/? W/ActivityManager: Duplicate finish request for ActivityRecord{34661273 u0 com.sonymobile.entrance/.DeepLinkActivity t16 f}
12-23 10:58:21.231 22600-22619/? W/ResourceType: Found multiple library tables, ignoring...
12-23 10:58:21.296 22537-22537/? I/GAv4: GoogleAnalytics.setLogger() is deprecated. To enable debug logging, please run:
                                         adb shell setprop log.tag.GAv4 DEBUG
12-23 10:58:21.326 22537-22633/? W/GooglePlayServicesUtil: Google Play services out of date.  Requires 8115000 but found 7571434
12-23 10:58:21.327 22537-22633/? E/GooglePlayServicesUtil: GooglePlayServices not available due to error 2
12-23 10:58:21.327 22537-22633/? W/GoogleTagManager: GooglePlayServicesRepairableException getting Advertising Id Info
12-23 10:58:21.340 22537-22552/? W/art: Suspending all threads took: 6.788ms
12-23 10:58:21.367 22537-22552/? I/art: Background sticky concurrent mark sweep GC freed 32576(1531KB) AllocSpace objects, 5(80KB) LOS objects, 14% free, 6MB/8MB, paused 14.696ms total 102.214ms
12-23 10:58:21.388 939-2457/? I/ActivityManager: Start proc 22693:android.process.acore/u0a46 for broadcast com.android.providers.contacts/.PackageIntentReceiver
12-23 10:58:21.395 939-2457/? I/ActivityManager: Killing 22452:com.android.exchange/u0a25 (adj 15): empty #9
12-23 10:58:21.445 22470-22470/? V/Finsky: [1] GearheadStateMonitor.onReady: sIsProjecting:false
12-23 10:58:21.451 22600-22618/? I/CAR.SERVICE: eventsListener not found in list
12-23 10:58:21.482 22693-22693/? W/ResourceType: Found multiple library tables, ignoring...
12-23 10:58:21.488 22693-22693/? W/ResourceType: Found multiple library tables, ignoring...
12-23 10:58:21.493 22693-22693/? W/ResourceType: Found multiple library tables, ignoring...
12-23 10:58:21.535 22537-22714/? E/SQLiteLog: (283) recovered 60 frames from WAL file /data/data/com.sonymobile.entrance/files/picnicdb-wal
12-23 10:58:21.589 22693-22693/? W/ResourceType: Found multiple library tables, ignoring...
12-23 10:58:21.672 939-1884/? I/ActivityManager: Start proc 22721:com.google.android.googlequicksearchbox:search/u0a62 for broadcast com.google.android.googlequicksearchbox/com.google.android.search.core.icingsync.IcingCorporaChangedReceiver
12-23 10:58:21.673 939-1884/? I/ActivityManager: Killing 22514:com.google.android.gms.wearable/u0a28 (adj 15): empty #9
12-23 10:58:21.710 360-360/? I/art: Explicit concurrent mark sweep GC freed 709(30KB) AllocSpace objects, 0(0B) LOS objects, 49% free, 4MB/8MB, paused 742us total 34.653ms
12-23 10:58:21.735 22693-22717/? I/ContactLocale: AddressBook Labels [en-US;sr-RS]: [, A, B, C, D, E, F, G, H, I, J, K, L, M, N, O, P, Q, R, S, T, U, V, W, X, Y, Z, , , , , , , , , , , , , , , , , , , , , , , , , , , , , , , , , , , , , , , , , , , , , , , , , , , , , , , , , , , , , , , , , , , , , , , , , , , , , , , , , , , , , , , , , , , , , , , , , , , , , , , , , , , , , , , , , , , , , , , , , , , , , , , , , , , , , , , , , , , , , , , , , , , , , , , , , , , , , , , , , , , , , , , , , , , , , , , , , , , , , , , , , , , , #, ]
12-23 10:58:21.910 22537-22537/? W/GooglePlayServicesUtil: Google Play services out of date.  Requires 8115000 but found 7571434
12-23 10:58:21.949 22721-22739/? I/UpdateIcingCorporaServi: Updating corpora: APPS=com.sonymobile.entrance, CONTACTS=MAYBE
12-23 10:58:21.962 939-1884/? I/ActivityManager: Start proc 22743:com.google.android.apps.docs/u0a90 for broadcast com.google.android.apps.docs/.receivers.AppPackageAddRemoveReceiver
12-23 10:58:22.008 22537-22754/? D/OpenGLRenderer: Use EGL_SWAP_BEHAVIOR_PRESERVED: true
12-23 10:58:22.025 22537-22537/? D/Atlas: Validating map...
12-23 10:58:22.035 939-1882/? V/WindowManager: Based on layer: Adding window Window{1c40af4a u0 com.sonymobile.entrance/com.sonymobile.entrance.EntranceActivity} at 3 of 9
12-23 10:58:22.037 22743-22743/? W/ResourceType: Found multiple library tables, ignoring...
12-23 10:58:22.043 22743-22743/? W/ResourceType: Found multiple library tables, ignoring...
12-23 10:58:22.050 22743-22743/? W/ResourceType: Found multiple library tables, ignoring...
12-23 10:58:22.062 939-1883/? V/WindowManager: Adding window Window{25eb2b97 u0 com.sonymobile.entrance/com.sonymobile.entrance.EntranceActivity} at 3 of 10 (before Window{1c40af4a u0 com.sonymobile.entrance/com.sonymobile.entrance.EntranceActivity})
12-23 10:58:22.125 22537-22754/? I/Adreno-EGL: <qeglDrvAPI_eglInitialize:410>: EGL 1.4 QUALCOMM build: AU_LINUX_ANDROID_LA.BF.1.1.1_RB1.05.01.00.042.030_msm8226_LA.BF.1.1.1_RB1__release_AU ()
                                               OpenGL ES Shader Compiler Version: E031.25.03.06
                                               Build Date: 06/10/15 Wed
                                               Local Branch:
                                               Remote Branch: quic/LA.BF.1.1.1_rb1.24
                                               Local Patches: NONE
                                               Reconstruct Branch: AU_LINUX_ANDROID_LA.BF.1.1.1_RB1.05.01.00.042.030 + 6151be1 +  NOTHING
12-23 10:58:22.129 22537-22754/? I/OpenGLRenderer: Initialized EGL, version 1.4
12-23 10:58:22.160 22537-22754/? D/OpenGLRenderer: Enabling debug mode 0
12-23 10:58:22.183 939-1884/? W/ActivityManager: getRunningAppProcesses: caller 10090 does not hold REAL_GET_TASKS; limiting output
12-23 10:58:22.185 939-1881/? W/ActivityManager: getRunningAppProcesses: caller 10090 does not hold REAL_GET_TASKS; limiting output
12-23 10:58:22.237 22743-22743/? E/PhotosPlugin: Loading PhotosPlugin
12-23 10:58:22.238 939-1810/? W/ActivityManager: getRunningAppProcesses: caller 10090 does not hold REAL_GET_TASKS; limiting output
12-23 10:58:22.296 339-1089/? D/audio_hw_primary: out_standby: enter: stream (0xb8f4ea48) usecase(1: low-latency-playback)
12-23 10:58:22.316 939-2416/? W/ActivityManager: getRunningAppProcesses: caller 10090 does not hold REAL_GET_TASKS; limiting output
12-23 10:58:22.347 339-1089/? D/hardware_info: hw_info_append_hw_type : device_name = speaker-lite
12-23 10:58:22.491 939-969/? I/ActivityManager: Displayed com.sonymobile.entrance/.EntranceActivity: +1s245ms (total +2s828ms)
12-23 10:58:22.491 939-969/? I/Timeline: Timeline: Activity_windows_visible id: ActivityRecord{39b5548e u0 com.sonymobile.entrance/.EntranceActivity t16} time:1262156
12-23 10:58:22.560 22721-22739/? I/UpdateIcingCorporaServi: UpdateCorporaTask done [took 342 ms] updated apps [took 342 ms]
12-23 10:58:22.563 939-2457/? I/ActivityManager: Killing 22492:com.google.android.partnersetup/u0a31 (adj 15): empty #9
12-23 10:58:22.891 2366-3131/? W/SQLiteConnectionPool: The connection pool for database '/data/data/com.android.providers.media/databases/external.db' has been unable to grant a connection to thread 178 (Binder_5) with flags 0x2 for 990.0411 seconds.
                                                       Connections: 0 active, 1 idle, 0 available.
12-23 10:58:22.904 22743-22743/? W/GAV2: Thread[main,5,main]: Need to call initialize() and be in fallback mode to start dispatch.
12-23 10:58:23.038 939-953/? I/art: Background sticky concurrent mark sweep GC freed 143272(5MB) AllocSpace objects, 25(2MB) LOS objects, 26% free, 21MB/29MB, paused 5.607ms total 110.454ms
12-23 10:58:23.067 939-963/? I/UsageStatsService: User[0] Flushing usage stats to disk
12-23 10:58:23.153 22537-22552/? I/art: Background sticky concurrent mark sweep GC freed 75620(3MB) AllocSpace objects, 14(400KB) LOS objects, 20% free, 10MB/12MB, paused 7.395ms total 121.894ms
12-23 10:58:23.171 939-1810/? I/ActivityManager: Killing 22562:com.android.musicfx/u0a34 (adj 15): empty #9
12-23 10:58:23.186 939-976/? D/PackageManager: Renaming /data/app/vmdl1868818403.tmp to /data/app/com.sonyericsson.video-1
12-23 10:58:23.201 939-976/? W/PackageManager: Trying to update system app code path from /system/priv-app/SemcVideo to /data/app/com.sonyericsson.video-1
12-23 10:58:23.201 939-976/? W/PackageManager: Package com.sonyericsson.video desires unavailable shared library com.sonymobile.playanywhere.api_4; ignoring!
12-23 10:58:23.201 939-976/? W/PackageManager: Package com.sonyericsson.video desires unavailable shared library com.sonyericsson.dtcpctrl_protected.api; ignoring!
12-23 10:58:23.202 939-976/? W/PackageManager: Package com.sonyericsson.video desires unavailable shared library com.sonyericsson.dtcpctrl_private.api; ignoring!
12-23 10:58:23.202 939-976/? W/PackageManager: Package com.sonyericsson.video desires unavailable shared library com.sonymobile.imageenhancer.api_1; ignoring!
12-23 10:58:23.230 939-964/? I/ActivityManager: Force stopping com.sonyericsson.video appid=10049 user=-1: replace sys pkg
12-23 10:58:23.234 22743-22743/? W/GAV2: Thread[main,5,main]: Need to call initialize() and be in fallback mode to start dispatch.
12-23 10:58:23.252 939-2256/? I/ActivityManager: Delay finish: com.google.android.apps.plus/.service.PhotosAppTransitionMonitor
12-23 10:58:23.257 939-2415/? I/ActivityManager: Resuming delayed broadcast
12-23 10:58:23.257 939-976/? I/PackageManager: Running dexopt on: /data/app/com.sonyericsson.video-1/base.apk pkg=com.sonyericsson.video isa=arm vmSafeMode=false
12-23 10:58:23.322 339-1089/? D/audio_hw_primary: out_set_parameters: enter: usecase(1: low-latency-playback) kvpairs: routing=2
12-23 10:58:23.333 339-1087/? D/audio_hw_primary: start_output_stream: enter: stream(0xb8f4ea48)usecase(1: low-latency-playback) devices(0x2)
12-23 10:58:23.333 339-1087/? D/audio_hw_primary: select_devices: out_snd_device(36: speaker) in_snd_device(0: )
12-23 10:58:23.333 339-1087/? D/hardware_info: hw_info_append_hw_type : device_name = speaker-lite
12-23 10:58:23.333 339-1087/? D/ACDB-LOADER: ACDB -> send_audio_cal, acdb_id = 14, path =  0
12-23 10:58:23.333 339-1087/? D/ACDB-LOADER: ACDB -> send_adm_topology
12-23 10:58:23.333 339-1087/? D/ACDB-LOADER: ACDB -> ACDB_CMD_GET_AUDPROC_COMMON_TOPOLOGY_ID
12-23 10:58:23.333 339-1087/? D/ACDB-LOADER: ACDB -> send_asm_topology
12-23 10:58:23.333 339-1087/? D/ACDB-LOADER: ACDB -> ACDB_CMD_GET_AUDPROC_STREAM_TOPOLOGY_ID
12-23 10:58:23.333 339-1087/? D/ACDB-LOADER: ACDB -> send_audtable
12-23 10:58:23.333 339-1087/? D/ACDB-LOADER: ACDB -> ACDB_CMD_GET_AUDPROC_COMMON_TABLE
12-23 10:58:23.334 339-1087/? D/ACDB-LOADER: ACDB -> AUDIO_SET_AUDPROC_CAL
12-23 10:58:23.334 339-1087/? D/ACDB-LOADER: ACDB -> send_audvoltable
12-23 10:58:23.334 339-1087/? D/ACDB-LOADER: ACDB -> ACDB_CMD_GET_AUDPROC_GAIN_DEP_STEP_TABLE
12-23 10:58:23.334 339-1087/? D/ACDB-LOADER: ACDB -> AUDIO_SET_AUDPROC_VOL_CAL
12-23 10:58:23.334 339-1087/? D/ACDB-LOADER: ACDB -> send_afe_cal
12-23 10:58:23.334 339-1087/? D/ACDB-LOADER: ACDB -> ACDB_CMD_GET_AFE_COMMON_TABLE
12-23 10:58:23.334 339-1087/? D/ACDB-LOADER: ACDB -> AUDIO_SET_AFE_CAL
12-23 10:58:23.337 339-1087/? D/audio_hw_primary: select_devices: done
12-23 10:58:23.385 939-1884/? I/ActivityManager: Start proc 22812:com.sonymobile.autopairing/u0a148 for broadcast com.sonymobile.autopairing/.AndroidPackageIntentReceiver
12-23 10:58:23.387 939-2447/? I/ActivityManager: START u0 {act=android.intent.action.VIEW dat=market://details?id=com.google.android.gms&pcampaignid=gcore_8115000-d-com.sonymobile.entrance-7208967 flg=0x80000 pkg=com.android.vending cmp=com.android.vending/com.google.android.finsky.activities.LaunchUrlHandlerActivity} from uid 10069 on display 0
12-23 10:58:23.392 939-2447/? W/ResourceType: Found multiple library tables, ignoring...
12-23 10:58:23.409 939-2447/? V/WindowManager: addAppToken: AppWindowToken{1cc864d token=Token{151651e4 ActivityRecord{31364177 u0 com.android.vending/com.google.android.finsky.activities.LaunchUrlHandlerActivity t16}}} to stack=1 task=16 at 1
12-23 10:58:23.429 22537-22754/? D/OpenGLRenderer: endAllStagingAnimators on 0xb7ecae60 (RippleDrawable) with handle 0xb7fb4af8
12-23 10:58:23.459 22812-22812/? W/ResourceType: Found multiple library tables, ignoring...
12-23 10:58:23.466 22811-22811/? I/dex2oat: /system/bin/dex2oat --zip-fd=6 --zip-location=/data/app/com.sonyericsson.video-1/base.apk --oat-fd=7 --oat-location=/data/dalvik-cache/arm/data@app@com.sonyericsson.video-1@base.apk@classes.dex --instruction-set=arm --instruction-set-features=div --runtime-arg -Xms64m --runtime-arg -Xmx512m --swap-fd=8
12-23 10:58:23.471 22812-22812/? W/ResourceType: Found multiple library tables, ignoring...
12-23 10:58:23.489 22812-22812/? W/ResourcesManager: Asset path '/system/framework/com.sonymobile.tvout.wifidisplay_impl.jar' does not exist or contains no resources.
12-23 10:58:23.490 22812-22812/? W/ResourceType: Found multiple library tables, ignoring...
12-23 10:58:23.505 22470-22470/? W/Finsky: [1] FinskyApp.getCurrentAccount: No account configured on this device.
