12-20 22:55:02.773 5071-5130/? W/BroadcastQueue: Permission Denial: receiving Intent { act=android.intent.action.PHONE_STATE flg=0x10 (has extras) } to ProcessRecord{c40e1e3 22308:com.avira.android/u0a98} (pid=22308, uid=10098) requires android.permission.READ_PRIVILEGED_PHONE_STATE due to sender android (uid 1000)
12-20 22:55:02.773 5071-5130/? W/BroadcastQueue: Permission Denial: receiving Intent { act=android.intent.action.PHONE_STATE flg=0x10 (has extras) } to ProcessRecord{c40e1e3 22308:com.avira.android/u0a98} (pid=22308, uid=10098) requires android.permission.READ_PRIVILEGED_PHONE_STATE due to sender android (uid 1000)
12-20 22:55:02.773 5071-5130/? W/BroadcastQueue: Permission Denial: receiving Intent { act=android.intent.action.PHONE_STATE flg=0x10 (has extras) } to ProcessRecord{c40e1e3 22308:com.avira.android/u0a98} (pid=22308, uid=10098) requires android.permission.READ_PRIVILEGED_PHONE_STATE due to sender android (uid 1000)
12-20 22:55:02.773 5071-5130/? W/BroadcastQueue: Permission Denial: receiving Intent { act=android.intent.action.PHONE_STATE flg=0x10 (has extras) } to ProcessRecord{c40e1e3 22308:com.avira.android/u0a98} (pid=22308, uid=10098) requires android.permission.READ_PRIVILEGED_PHONE_STATE due to sender android (uid 1000)
12-20 22:55:02.774 5071-5130/? W/BroadcastQueue: Permission Denial: receiving Intent { act=android.intent.action.PHONE_STATE flg=0x10 (has extras) } to ProcessRecord{c40e1e3 22308:com.avira.android/u0a98} (pid=22308, uid=10098) requires android.permission.READ_PRIVILEGED_PHONE_STATE due to sender android (uid 1000)
12-20 22:55:02.774 5071-5130/? W/BroadcastQueue: Permission Denial: receiving Intent { act=android.intent.action.PHONE_STATE flg=0x10 (has extras) } to ProcessRecord{c40e1e3 22308:com.avira.android/u0a98} (pid=22308, uid=10098) requires android.permission.READ_PRIVILEGED_PHONE_STATE due to sender android (uid 1000)
12-20 22:55:02.774 5071-5130/? W/BroadcastQueue: Permission Denial: receiving Intent { act=android.intent.action.PHONE_STATE flg=0x10 (has extras) } to ProcessRecord{c40e1e3 22308:com.avira.android/u0a98} (pid=22308, uid=10098) requires android.permission.READ_PRIVILEGED_PHONE_STATE due to sender android (uid 1000)
12-20 22:55:02.774 5071-5130/? W/BroadcastQueue: Permission Denial: receiving Intent { act=android.intent.action.PHONE_STATE flg=0x10 (has extras) } to ProcessRecord{c40e1e3 22308:com.avira.android/u0a98} (pid=22308, uid=10098) requires android.permission.READ_PRIVILEGED_PHONE_STATE due to sender android (uid 1000)
12-20 22:55:02.774 5071-5130/? W/BroadcastQueue: Permission Denial: receiving Intent { act=android.intent.action.PHONE_STATE flg=0x10 (has extras) } to ProcessRecord{c40e1e3 22308:com.avira.android/u0a98} (pid=22308, uid=10098) requires android.permission.READ_PRIVILEGED_PHONE_STATE due to sender android (uid 1000)
12-20 22:55:02.774 5071-5130/? W/BroadcastQueue: Permission Denial: receiving Intent { act=android.intent.action.PHONE_STATE flg=0x10 (has extras) } to ProcessRecord{c40e1e3 22308:com.avira.android/u0a98} (pid=22308, uid=10098) requires android.permission.READ_PRIVILEGED_PHONE_STATE due to sender android (uid 1000)
12-20 22:55:02.774 5071-5130/? W/BroadcastQueue: Permission Denial: receiving Intent { act=android.intent.action.PHONE_STATE flg=0x10 (has extras) } to ProcessRecord{c40e1e3 22308:com.avira.android/u0a98} (pid=22308, uid=10098) requires android.permission.READ_PRIVILEGED_PHONE_STATE due to sender android (uid 1000)
12-20 22:55:02.774 5071-5130/? W/BroadcastQueue: Permission Denial: receiving Intent { act=android.intent.action.PHONE_STATE flg=0x10 (has extras) } to ProcessRecord{c40e1e3 22308:com.avira.android/u0a98} (pid=22308, uid=10098) requires android.permission.READ_PRIVILEGED_PHONE_STATE due to sender android (uid 1000)
12-20 22:55:02.774 5071-5130/? W/BroadcastQueue: Permission Denial: receiving Intent { act=android.intent.action.PHONE_STATE flg=0x10 (has extras) } to ProcessRecord{c40e1e3 22308:com.avira.android/u0a98} (pid=22308, uid=10098) requires android.permission.READ_PRIVILEGED_PHONE_STATE due to sender android (uid 1000)
12-20 22:55:02.774 5071-5130/? W/BroadcastQueue: Permission Denial: receiving Intent { act=android.intent.action.PHONE_STATE flg=0x10 (has extras) } to ProcessRecord{c40e1e3 22308:com.avira.android/u0a98} (pid=22308, uid=10098) requires android.permission.READ_PRIVILEGED_PHONE_STATE due to sender android (uid 1000)
12-20 22:55:02.774 5071-5130/? W/BroadcastQueue: Permission Denial: receiving Intent { act=android.intent.action.PHONE_STATE flg=0x10 (has extras) } to ProcessRecord{c40e1e3 22308:com.avira.android/u0a98} (pid=22308, uid=10098) requires android.permission.READ_PRIVILEGED_PHONE_STATE due to sender android (uid 1000)
12-20 22:55:02.774 5071-5130/? W/BroadcastQueue: Permission Denial: receiving Intent { act=android.intent.action.PHONE_STATE flg=0x10 (has extras) } to ProcessRecord{c40e1e3 22308:com.avira.android/u0a98} (pid=22308, uid=10098) requires android.permission.READ_PRIVILEGED_PHONE_STATE due to sender android (uid 1000)
12-20 22:55:02.774 5071-5130/? W/BroadcastQueue: Permission Denial: receiving Intent { act=android.intent.action.PHONE_STATE flg=0x10 (has extras) } to ProcessRecord{c40e1e3 22308:com.avira.android/u0a98} (pid=22308, uid=10098) requires android.permission.READ_PRIVILEGED_PHONE_STATE due to sender android (uid 1000)
12-20 22:55:02.774 5071-5130/? W/BroadcastQueue: Permission Denial: receiving Intent { act=android.intent.action.PHONE_STATE flg=0x10 (has extras) } to ProcessRecord{c40e1e3 22308:com.avira.android/u0a98} (pid=22308, uid=10098) requires android.permission.READ_PRIVILEGED_PHONE_STATE due to sender android (uid 1000)
12-20 22:55:02.775 5071-5130/? W/BroadcastQueue: Permission Denial: receiving Intent { act=android.intent.action.PHONE_STATE flg=0x10 (has extras) } to ProcessRecord{c40e1e3 22308:com.avira.android/u0a98} (pid=22308, uid=10098) requires android.permission.READ_PRIVILEGED_PHONE_STATE due to sender android (uid 1000)
12-20 22:55:02.775 5071-5130/? W/BroadcastQueue: Permission Denial: receiving Intent { act=android.intent.action.PHONE_STATE flg=0x10 (has extras) } to ProcessRecord{c40e1e3 22308:com.avira.android/u0a98} (pid=22308, uid=10098) requires android.permission.READ_PRIVILEGED_PHONE_STATE due to sender android (uid 1000)
12-20 22:55:02.775 5071-5130/? W/BroadcastQueue: Permission Denial: receiving Intent { act=android.intent.action.PHONE_STATE flg=0x10 (has extras) } to ProcessRecord{c40e1e3 22308:com.avira.android/u0a98} (pid=22308, uid=10098) requires android.permission.READ_PRIVILEGED_PHONE_STATE due to sender android (uid 1000)
12-20 22:55:02.775 5071-5130/? W/BroadcastQueue: Permission Denial: receiving Intent { act=android.intent.action.PHONE_STATE flg=0x10 (has extras) } to ProcessRecord{c40e1e3 22308:com.avira.android/u0a98} (pid=22308, uid=10098) requires android.permission.READ_PRIVILEGED_PHONE_STATE due to sender android (uid 1000)
12-20 22:55:02.775 5071-5130/? W/BroadcastQueue: Permission Denial: receiving Intent { act=android.intent.action.PHONE_STATE flg=0x10 (has extras) } to ProcessRecord{c40e1e3 22308:com.avira.android/u0a98} (pid=22308, uid=10098) requires android.permission.READ_PRIVILEGED_PHONE_STATE due to sender android (uid 1000)
12-20 22:55:02.775 5071-5130/? W/BroadcastQueue: Permission Denial: receiving Intent { act=android.intent.action.PHONE_STATE flg=0x10 (has extras) } to ProcessRecord{c40e1e3 22308:com.avira.android/u0a98} (pid=22308, uid=10098) requires android.permission.READ_PRIVILEGED_PHONE_STATE due to sender android (uid 1000)
12-20 22:55:02.775 5071-5130/? W/BroadcastQueue: Permission Denial: receiving Intent { act=android.intent.action.PHONE_STATE flg=0x10 (has extras) } to ProcessRecord{c40e1e3 22308:com.avira.android/u0a98} (pid=22308, uid=10098) requires android.permission.READ_PRIVILEGED_PHONE_STATE due to sender android (uid 1000)
12-20 22:55:02.775 5071-5130/? W/BroadcastQueue: Permission Denial: receiving Intent { act=android.intent.action.PHONE_STATE flg=0x10 (has extras) } to ProcessRecord{c40e1e3 22308:com.avira.android/u0a98} (pid=22308, uid=10098) requires android.permission.READ_PRIVILEGED_PHONE_STATE due to sender android (uid 1000)
12-20 22:55:02.775 5071-5130/? W/BroadcastQueue: Permission Denial: receiving Intent { act=android.intent.action.PHONE_STATE flg=0x10 (has extras) } to ProcessRecord{c40e1e3 22308:com.avira.android/u0a98} (pid=22308, uid=10098) requires android.permission.READ_PRIVILEGED_PHONE_STATE due to sender android (uid 1000)
12-20 22:55:02.775 5071-5130/? W/BroadcastQueue: Permission Denial: receiving Intent { act=android.intent.action.PHONE_STATE flg=0x10 (has extras) } to ProcessRecord{c40e1e3 22308:com.avira.android/u0a98} (pid=22308, uid=10098) requires android.permission.READ_PRIVILEGED_PHONE_STATE due to sender android (uid 1000)
12-20 22:55:02.775 5071-5130/? W/BroadcastQueue: Permission Denial: receiving Intent { act=android.intent.action.PHONE_STATE flg=0x10 (has extras) } to ProcessRecord{c40e1e3 22308:com.avira.android/u0a98} (pid=22308, uid=10098) requires android.permission.READ_PRIVILEGED_PHONE_STATE due to sender android (uid 1000)
12-20 22:55:02.775 5071-5130/? W/BroadcastQueue: Permission Denial: receiving Intent { act=android.intent.action.PHONE_STATE flg=0x10 (has extras) } to ProcessRecord{c40e1e3 22308:com.avira.android/u0a98} (pid=22308, uid=10098) requires android.permission.READ_PRIVILEGED_PHONE_STATE due to sender android (uid 1000)
12-20 22:55:02.775 5071-5130/? W/BroadcastQueue: Permission Denial: receiving Intent { act=android.intent.action.PHONE_STATE flg=0x10 (has extras) } to ProcessRecord{c40e1e3 22308:com.avira.android/u0a98} (pid=22308, uid=10098) requires android.permission.READ_PRIVILEGED_PHONE_STATE due to sender android (uid 1000)
12-20 22:55:02.775 5071-5130/? W/BroadcastQueue: Permission Denial: receiving Intent { act=android.intent.action.PHONE_STATE flg=0x10 (has extras) } to ProcessRecord{c40e1e3 22308:com.avira.android/u0a98} (pid=22308, uid=10098) requires android.permission.READ_PRIVILEGED_PHONE_STATE due to sender android (uid 1000)
12-20 22:55:02.775 5071-5130/? W/BroadcastQueue: Permission Denial: receiving Intent { act=android.intent.action.PHONE_STATE flg=0x10 (has extras) } to ProcessRecord{c40e1e3 22308:com.avira.android/u0a98} (pid=22308, uid=10098) requires android.permission.READ_PRIVILEGED_PHONE_STATE due to sender android (uid 1000)
12-20 22:55:02.775 5071-5130/? W/BroadcastQueue: Permission Denial: receiving Intent { act=android.intent.action.PHONE_STATE flg=0x10 (has extras) } to ProcessRecord{c40e1e3 22308:com.avira.android/u0a98} (pid=22308, uid=10098) requires android.permission.READ_PRIVILEGED_PHONE_STATE due to sender android (uid 1000)
12-20 22:55:02.775 5071-5130/? W/BroadcastQueue: Permission Denial: receiving Intent { act=android.intent.action.PHONE_STATE flg=0x10 (has extras) } to ProcessRecord{c40e1e3 22308:com.avira.android/u0a98} (pid=22308, uid=10098) requires android.permission.READ_PRIVILEGED_PHONE_STATE due to sender android (uid 1000)
12-20 22:55:02.775 5071-5130/? W/BroadcastQueue: Permission Denial: receiving Intent { act=android.intent.action.PHONE_STATE flg=0x10 (has extras) } to ProcessRecord{c40e1e3 22308:com.avira.android/u0a98} (pid=22308, uid=10098) requires android.permission.READ_PRIVILEGED_PHONE_STATE due to sender android (uid 1000)
12-20 22:55:02.775 5071-5130/? W/BroadcastQueue: Permission Denial: receiving Intent { act=android.intent.action.PHONE_STATE flg=0x10 (has extras) } to ProcessRecord{c40e1e3 22308:com.avira.android/u0a98} (pid=22308, uid=10098) requires android.permission.READ_PRIVILEGED_PHONE_STATE due to sender android (uid 1000)
12-20 22:55:02.775 5071-5130/? W/BroadcastQueue: Permission Denial: receiving Intent { act=android.intent.action.PHONE_STATE flg=0x10 (has extras) } to ProcessRecord{c40e1e3 22308:com.avira.android/u0a98} (pid=22308, uid=10098) requires android.permission.READ_PRIVILEGED_PHONE_STATE due to sender android (uid 1000)
12-20 22:55:02.775 5071-5130/? W/BroadcastQueue: Permission Denial: receiving Intent { act=android.intent.action.PHONE_STATE flg=0x10 (has extras) } to ProcessRecord{c40e1e3 22308:com.avira.android/u0a98} (pid=22308, uid=10098) requires android.permission.READ_PRIVILEGED_PHONE_STATE due to sender android (uid 1000)
12-20 22:55:02.776 5071-5130/? W/BroadcastQueue: Permission Denial: receiving Intent { act=android.intent.action.PHONE_STATE flg=0x10 (has extras) } to ProcessRecord{c40e1e3 22308:com.avira.android/u0a98} (pid=22308, uid=10098) requires android.permission.READ_PRIVILEGED_PHONE_STATE due to sender android (uid 1000)
12-20 22:55:02.776 5071-5130/? W/BroadcastQueue: Permission Denial: receiving Intent { act=android.intent.action.PHONE_STATE flg=0x10 (has extras) } to ProcessRecord{c40e1e3 22308:com.avira.android/u0a98} (pid=22308, uid=10098) requires android.permission.READ_PRIVILEGED_PHONE_STATE due to sender android (uid 1000)
12-20 22:55:02.776 5071-5130/? W/BroadcastQueue: Permission Denial: receiving Intent { act=android.intent.action.PHONE_STATE flg=0x10 (has extras) } to ProcessRecord{c40e1e3 22308:com.avira.android/u0a98} (pid=22308, uid=10098) requires android.permission.READ_PRIVILEGED_PHONE_STATE due to sender android (uid 1000)
12-20 22:55:02.776 5071-5130/? W/BroadcastQueue: Permission Denial: receiving Intent { act=android.intent.action.PHONE_STATE flg=0x10 (has extras) } to ProcessRecord{c40e1e3 22308:com.avira.android/u0a98} (pid=22308, uid=10098) requires android.permission.READ_PRIVILEGED_PHONE_STATE due to sender android (uid 1000)
12-20 22:55:02.776 5071-5130/? W/BroadcastQueue: Permission Denial: receiving Intent { act=android.intent.action.PHONE_STATE flg=0x10 (has extras) } to ProcessRecord{c40e1e3 22308:com.avira.android/u0a98} (pid=22308, uid=10098) requires android.permission.READ_PRIVILEGED_PHONE_STATE due to sender android (uid 1000)
12-20 22:55:02.776 5071-5130/? W/BroadcastQueue: Permission Denial: receiving Intent { act=android.intent.action.PHONE_STATE flg=0x10 (has extras) } to ProcessRecord{c40e1e3 22308:com.avira.android/u0a98} (pid=22308, uid=10098) requires android.permission.READ_PRIVILEGED_PHONE_STATE due to sender android (uid 1000)
12-20 22:55:02.776 5071-5130/? W/BroadcastQueue: Permission Denial: receiving Intent { act=android.intent.action.PHONE_STATE flg=0x10 (has extras) } to ProcessRecord{c40e1e3 22308:com.avira.android/u0a98} (pid=22308, uid=10098) requires android.permission.READ_PRIVILEGED_PHONE_STATE due to sender android (uid 1000)
12-20 22:55:02.776 5071-5130/? W/BroadcastQueue: Permission Denial: receiving Intent { act=android.intent.action.PHONE_STATE flg=0x10 (has extras) } to ProcessRecord{c40e1e3 22308:com.avira.android/u0a98} (pid=22308, uid=10098) requires android.permission.READ_PRIVILEGED_PHONE_STATE due to sender android (uid 1000)
12-20 22:55:02.776 5071-5130/? W/BroadcastQueue: Permission Denial: receiving Intent { act=android.intent.action.PHONE_STATE flg=0x10 (has extras) } to ProcessRecord{c40e1e3 22308:com.avira.android/u0a98} (pid=22308, uid=10098) requires android.permission.READ_PRIVILEGED_PHONE_STATE due to sender android (uid 1000)
12-20 22:55:02.776 5071-5130/? W/BroadcastQueue: Permission Denial: receiving Intent { act=android.intent.action.PHONE_STATE flg=0x10 (has extras) } to ProcessRecord{c40e1e3 22308:com.avira.android/u0a98} (pid=22308, uid=10098) requires android.permission.READ_PRIVILEGED_PHONE_STATE due to sender android (uid 1000)
12-20 22:55:02.776 5071-5130/? W/BroadcastQueue: Permission Denial: receiving Intent { act=android.intent.action.PHONE_STATE flg=0x10 (has extras) } to ProcessRecord{c40e1e3 22308:com.avira.android/u0a98} (pid=22308, uid=10098) requires android.permission.READ_PRIVILEGED_PHONE_STATE due to sender android (uid 1000)
12-20 22:55:02.776 5071-5130/? W/BroadcastQueue: Permission Denial: receiving Intent { act=android.intent.action.PHONE_STATE flg=0x10 (has extras) } to ProcessRecord{c40e1e3 22308:com.avira.android/u0a98} (pid=22308, uid=10098) requires android.permission.READ_PRIVILEGED_PHONE_STATE due to sender android (uid 1000)
12-20 22:55:02.776 5071-5130/? W/BroadcastQueue: Permission Denial: receiving Intent { act=android.intent.action.PHONE_STATE flg=0x10 (has extras) } to ProcessRecord{c40e1e3 22308:com.avira.android/u0a98} (pid=22308, uid=10098) requires android.permission.READ_PRIVILEGED_PHONE_STATE due to sender android (uid 1000)
12-20 22:55:02.776 5071-5130/? W/BroadcastQueue: Permission Denial: receiving Intent { act=android.intent.action.PHONE_STATE flg=0x10 (has extras) } to ProcessRecord{c40e1e3 22308:com.avira.android/u0a98} (pid=22308, uid=10098) requires android.permission.READ_PRIVILEGED_PHONE_STATE due to sender android (uid 1000)
12-20 22:55:02.776 5071-5130/? W/BroadcastQueue: Permission Denial: receiving Intent { act=android.intent.action.PHONE_STATE flg=0x10 (has extras) } to ProcessRecord{c40e1e3 22308:com.avira.android/u0a98} (pid=22308, uid=10098) requires android.permission.READ_PRIVILEGED_PHONE_STATE due to sender android (uid 1000)
12-20 22:55:02.776 5071-5130/? W/BroadcastQueue: Permission Denial: receiving Intent { act=android.intent.action.PHONE_STATE flg=0x10 (has extras) } to ProcessRecord{c40e1e3 22308:com.avira.android/u0a98} (pid=22308, uid=10098) requires android.permission.READ_PRIVILEGED_PHONE_STATE due to sender android (uid 1000)
12-20 22:55:02.776 5071-5130/? W/BroadcastQueue: Permission Denial: receiving Intent { act=android.intent.action.PHONE_STATE flg=0x10 (has extras) } to ProcessRecord{c40e1e3 22308:com.avira.android/u0a98} (pid=22308, uid=10098) requires android.permission.READ_PRIVILEGED_PHONE_STATE due to sender android (uid 1000)
12-20 22:55:02.776 5071-5130/? W/BroadcastQueue: Permission Denial: receiving Intent { act=android.intent.action.PHONE_STATE flg=0x10 (has extras) } to ProcessRecord{c40e1e3 22308:com.avira.android/u0a98} (pid=22308, uid=10098) requires android.permission.READ_PRIVILEGED_PHONE_STATE due to sender android (uid 1000)
12-20 22:55:02.776 5071-5130/? W/BroadcastQueue: Permission Denial: receiving Intent { act=android.intent.action.PHONE_STATE flg=0x10 (has extras) } to ProcessRecord{c40e1e3 22308:com.avira.android/u0a98} (pid=22308, uid=10098) requires android.permission.READ_PRIVILEGED_PHONE_STATE due to sender android (uid 1000)
12-20 22:55:02.776 5071-5130/? W/BroadcastQueue: Permission Denial: receiving Intent { act=android.intent.action.PHONE_STATE flg=0x10 (has extras) } to ProcessRecord{c40e1e3 22308:com.avira.android/u0a98} (pid=22308, uid=10098) requires android.permission.READ_PRIVILEGED_PHONE_STATE due to sender android (uid 1000)
12-20 22:55:02.777 5071-5130/? W/BroadcastQueue: Permission Denial: receiving Intent { act=android.intent.action.PHONE_STATE flg=0x10 (has extras) } to ProcessRecord{c40e1e3 22308:com.avira.android/u0a98} (pid=22308, uid=10098) requires android.permission.READ_PRIVILEGED_PHONE_STATE due to sender android (uid 1000)
12-20 22:55:02.777 5071-5130/? W/BroadcastQueue: Permission Denial: receiving Intent { act=android.intent.action.PHONE_STATE flg=0x10 (has extras) } to ProcessRecord{c40e1e3 22308:com.avira.android/u0a98} (pid=22308, uid=10098) requires android.permission.READ_PRIVILEGED_PHONE_STATE due to sender android (uid 1000)
12-20 22:55:02.777 5071-5130/? W/BroadcastQueue: Permission Denial: receiving Intent { act=android.intent.action.PHONE_STATE flg=0x10 (has extras) } to ProcessRecord{c40e1e3 22308:com.avira.android/u0a98} (pid=22308, uid=10098) requires android.permission.READ_PRIVILEGED_PHONE_STATE due to sender android (uid 1000)
12-20 22:55:02.777 5071-5130/? W/BroadcastQueue: Permission Denial: receiving Intent { act=android.intent.action.PHONE_STATE flg=0x10 (has extras) } to ProcessRecord{c40e1e3 22308:com.avira.android/u0a98} (pid=22308, uid=10098) requires android.permission.READ_PRIVILEGED_PHONE_STATE due to sender android (uid 1000)
12-20 22:55:02.777 5071-5130/? W/BroadcastQueue: Permission Denial: receiving Intent { act=android.intent.action.PHONE_STATE flg=0x10 (has extras) } to ProcessRecord{c40e1e3 22308:com.avira.android/u0a98} (pid=22308, uid=10098) requires android.permission.READ_PRIVILEGED_PHONE_STATE due to sender android (uid 1000)
12-20 22:55:02.777 5071-5130/? W/BroadcastQueue: Permission Denial: receiving Intent { act=android.intent.action.PHONE_STATE flg=0x10 (has extras) } to ProcessRecord{c40e1e3 22308:com.avira.android/u0a98} (pid=22308, uid=10098) requires android.permission.READ_PRIVILEGED_PHONE_STATE due to sender android (uid 1000)
12-20 22:55:02.777 5071-5130/? W/BroadcastQueue: Permission Denial: receiving Intent { act=android.intent.action.PHONE_STATE flg=0x10 (has extras) } to ProcessRecord{c40e1e3 22308:com.avira.android/u0a98} (pid=22308, uid=10098) requires android.permission.READ_PRIVILEGED_PHONE_STATE due to sender android (uid 1000)
12-20 22:55:02.777 5071-5130/? W/BroadcastQueue: Permission Denial: receiving Intent { act=android.intent.action.PHONE_STATE flg=0x10 (has extras) } to ProcessRecord{c40e1e3 22308:com.avira.android/u0a98} (pid=22308, uid=10098) requires android.permission.READ_PRIVILEGED_PHONE_STATE due to sender android (uid 1000)
12-20 22:55:02.777 5071-5130/? W/BroadcastQueue: Permission Denial: receiving Intent { act=android.intent.action.PHONE_STATE flg=0x10 (has extras) } to ProcessRecord{c40e1e3 22308:com.avira.android/u0a98} (pid=22308, uid=10098) requires android.permission.READ_PRIVILEGED_PHONE_STATE due to sender android (uid 1000)
12-20 22:55:02.777 5071-5130/? W/BroadcastQueue: Permission Denial: receiving Intent { act=android.intent.action.PHONE_STATE flg=0x10 (has extras) } to ProcessRecord{c40e1e3 22308:com.avira.android/u0a98} (pid=22308, uid=10098) requires android.permission.READ_PRIVILEGED_PHONE_STATE due to sender android (uid 1000)
12-20 22:55:02.777 5071-5130/? W/BroadcastQueue: Permission Denial: receiving Intent { act=android.intent.action.PHONE_STATE flg=0x10 (has extras) } to ProcessRecord{c40e1e3 22308:com.avira.android/u0a98} (pid=22308, uid=10098) requires android.permission.READ_PRIVILEGED_PHONE_STATE due to sender android (uid 1000)
12-20 22:55:02.777 5071-5130/? W/BroadcastQueue: Permission Denial: receiving Intent { act=android.intent.action.PHONE_STATE flg=0x10 (has extras) } to ProcessRecord{c40e1e3 22308:com.avira.android/u0a98} (pid=22308, uid=10098) requires android.permission.READ_PRIVILEGED_PHONE_STATE due to sender android (uid 1000)
12-20 22:55:02.777 5071-5130/? W/BroadcastQueue: Permission Denial: receiving Intent { act=android.intent.action.PHONE_STATE flg=0x10 (has extras) } to ProcessRecord{c40e1e3 22308:com.avira.android/u0a98} (pid=22308, uid=10098) requires android.permission.READ_PRIVILEGED_PHONE_STATE due to sender android (uid 1000)
12-20 22:55:02.777 5071-5130/? W/BroadcastQueue: Permission Denial: receiving Intent { act=android.intent.action.PHONE_STATE flg=0x10 (has extras) } to ProcessRecord{c40e1e3 22308:com.avira.android/u0a98} (pid=22308, uid=10098) requires android.permission.READ_PRIVILEGED_PHONE_STATE due to sender android (uid 1000)
12-20 22:55:02.777 5071-5130/? W/BroadcastQueue: Permission Denial: receiving Intent { act=android.intent.action.PHONE_STATE flg=0x10 (has extras) } to ProcessRecord{c40e1e3 22308:com.avira.android/u0a98} (pid=22308, uid=10098) requires android.permission.READ_PRIVILEGED_PHONE_STATE due to sender android (uid 1000)
12-20 22:55:02.777 5071-5130/? W/BroadcastQueue: Permission Denial: receiving Intent { act=android.intent.action.PHONE_STATE flg=0x10 (has extras) } to ProcessRecord{c40e1e3 22308:com.avira.android/u0a98} (pid=22308, uid=10098) requires android.permission.READ_PRIVILEGED_PHONE_STATE due to sender android (uid 1000)
12-20 22:55:02.777 5071-5130/? W/BroadcastQueue: Permission Denial: receiving Intent { act=android.intent.action.PHONE_STATE flg=0x10 (has extras) } to ProcessRecord{c40e1e3 22308:com.avira.android/u0a98} (pid=22308, uid=10098) requires android.permission.READ_PRIVILEGED_PHONE_STATE due to sender android (uid 1000)
12-20 22:55:02.777 5071-5130/? W/BroadcastQueue: Permission Denial: receiving Intent { act=android.intent.action.PHONE_STATE flg=0x10 (has extras) } to ProcessRecord{c40e1e3 22308:com.avira.android/u0a98} (pid=22308, uid=10098) requires android.permission.READ_PRIVILEGED_PHONE_STATE due to sender android (uid 1000)
12-20 22:55:02.777 5071-5130/? W/BroadcastQueue: Permission Denial: receiving Intent { act=android.intent.action.PHONE_STATE flg=0x10 (has extras) } to ProcessRecord{c40e1e3 22308:com.avira.android/u0a98} (pid=22308, uid=10098) requires android.permission.READ_PRIVILEGED_PHONE_STATE due to sender android (uid 1000)
12-20 22:55:02.778 5071-5130/? W/BroadcastQueue: Permission Denial: receiving Intent { act=android.intent.action.PHONE_STATE flg=0x10 (has extras) } to ProcessRecord{c40e1e3 22308:com.avira.android/u0a98} (pid=22308, uid=10098) requires android.permission.READ_PRIVILEGED_PHONE_STATE due to sender android (uid 1000)
12-20 22:55:02.778 5071-5130/? W/BroadcastQueue: Permission Denial: receiving Intent { act=android.intent.action.PHONE_STATE flg=0x10 (has extras) } to ProcessRecord{c40e1e3 22308:com.avira.android/u0a98} (pid=22308, uid=10098) requires android.permission.READ_PRIVILEGED_PHONE_STATE due to sender android (uid 1000)
12-20 22:55:02.778 5071-5130/? W/BroadcastQueue: Permission Denial: receiving Intent { act=android.intent.action.PHONE_STATE flg=0x10 (has extras) } to com.avira.android/.blacklist.receivers.BLOnCallBroadcastReceiver requires android.permission.READ_PRIVILEGED_PHONE_STATE due to sender android (uid 1000)
12-20 22:55:02.783 5071-22696/? I/Telecom: PhoneStateBroadcaster: Broadcasted state change: 0: CSW.sDc@IG0
12-20 22:55:02.783 5071-22696/? I/Telecom: TelecomWakeLock: WakeLock already released with id: 26: CSW.sDc@IG0
12-20 22:55:02.783 5071-22696/? I/Telecom: InCallWakeLockController: Releasing full wake lock: CSW.sDc@IG0
12-20 22:55:02.784 5071-22696/? I/Telecom: InCallController: Sending updateCall [TC@45, DISCONNECTED, com.android.phone/com.android.services.telephony.TelephonyConnectionService, tel:*************, A, childs(0), has_parent(false), [Capabilities: CAPABILITY_HOLD CAPABILITY_SUPPORT_HOLD CAPABILITY_MUTE CAPABILITY_CANNOT_DOWNGRADE_VIDEO_TO_AUDIO CAPABILITY_SPEED_UP_MT_AUDIO], [Properties:]]: CSW.sDc@IG0
12-20 22:55:02.789 5071-22696/? I/Telecom: InCallController: Components updated: [ComponentInfo{com.google.android.dialer/com.android.incallui.InCallServiceImpl}]: CSW.sDc@IG0
12-20 22:55:02.789 5071-7321/? I/Telecom: CallAudioRouteStateMachine: setSystemAudioState: changing from [AudioState isMuted: false, route: EARPIECE, supportedRouteMask: EARPIECE, SPEAKER] to [AudioState isMuted: false, route: EARPIECE, supportedRouteMask: EARPIECE, SPEAKER]: CSW.sDc->CARSM.pM_UPDATE_SYSTEM_AUDIO_ROUTE@IG0_0
12-20 22:55:02.790 5071-7321/? I/Telecom: InCallController: Calling onAudioStateChanged, audioState: [AudioState isMuted: false, route: EARPIECE, supportedRouteMask: EARPIECE, SPEAKER] -> [AudioState isMuted: false, route: EARPIECE, supportedRouteMask: EARPIECE, SPEAKER]: CSW.sDc->CARSM.pM_UPDATE_SYSTEM_AUDIO_ROUTE@IG0_0
12-20 22:55:02.791 5071-22696/? I/Telecom: InCallController: Sending updateCall [TC@45, DISCONNECTED, com.android.phone/com.android.services.telephony.TelephonyConnectionService, tel:*************, A, childs(0), has_parent(false), [Capabilities: CAPABILITY_HOLD CAPABILITY_SUPPORT_HOLD CAPABILITY_MUTE CAPABILITY_CANNOT_DOWNGRADE_VIDEO_TO_AUDIO CAPABILITY_SPEED_UP_MT_AUDIO], [Properties:]]: CSW.sCC@IHE
12-20 22:55:02.795 5071-22696/? I/Telecom: InCallController: Components updated: [ComponentInfo{com.google.android.dialer/com.android.incallui.InCallServiceImpl}]: CSW.sCC@IHE
12-20 22:55:02.797 5071-22696/? I/Telecom: ConnectionServiceWrapper: Service unbound ComponentInfo{com.android.phone/com.android.services.telephony.TelephonyConnectionService}, from unbind.: CSW.rC@IHU
12-20 22:55:02.808 5071-5130/? W/BroadcastQueue: Permission Denial: receiving Intent { act=android.intent.action.PHONE_STATE flg=0x10 (has extras) } to ProcessRecord{d89be35 7043:com.android.systemui/u0a27} (pid=7043, uid=10027) requires android.permission.READ_PHONE_STATE due to sender android (uid 1000)
12-20 22:55:02.815 5071-22696/? I/Telecom: Event: Call TC@45: DESTROYED, null: CSW.rC@IHU
12-20 22:55:02.815 5071-22696/? I/Telecom: ProximitySensorManager: All calls removed, resetting proximity sensor to default state: CSW.rC@IHU
12-20 22:55:02.815 5071-22696/? I/Telecom: TelecomWakeLock: WakeLock already released with id: 32: CSW.rC@IHU
12-20 22:55:02.815 5071-22696/? I/Telecom: TelecomWakeLock: WakeLock already released with id: 26: CSW.rC@IHU
12-20 22:55:02.815 5071-22696/? I/Telecom: InCallWakeLockController: Releasing full wake lock: CSW.rC@IHU
12-20 22:55:02.815 5071-22696/? I/Telecom: InCallController: onCallRemoved: [TC@45, DISCONNECTED, null, tel:*************, A, childs(0), has_parent(false), [Capabilities: CAPABILITY_HOLD CAPABILITY_SUPPORT_HOLD CAPABILITY_MUTE CAPABILITY_CANNOT_DOWNGRADE_VIDEO_TO_AUDIO CAPABILITY_SPEED_UP_MT_AUDIO], [Properties:]]: CSW.rC@IHU
12-20 22:55:02.818 5071-7321/? I/Telecom: CallAudioRouteStateMachine: Message received: SWITCH_FOCUS=4001, arg1=2: CSW.sDc->CAMSM.pM_1001->CARSM.pM_SWITCH_FOCUS@IG0_3_2
12-20 22:55:02.818 5071-7321/? I/Telecom: CallAudioRouteStateMachine: setNotificationsSuppressed: on=yes; suppressed=yes: CSW.sDc->CAMSM.pM_1001->CARSM.pM_SWITCH_FOCUS@IG0_3_2
12-20 22:55:02.976 5071-5130/? I/ActivityManager: Start proc 11709:com.android.calllogbackup/u0a2 for broadcast com.android.calllogbackup/.CallLogChangeReceiver
12-20 22:55:03.015 5071-7322/? I/Telecom: CallAudioModeStateMachine: Message received: TONE_STOPPED_PLAYING.: CSW.sDc->ICTP.r->ICTP.cUTP->CAMSM.pM_3002@IG0_2_0_0
12-20 22:55:03.015 5071-7322/? I/Telecom: CallAudioModeStateMachine: Abandoning audio focus: now UNFOCUSED: CSW.sDc->ICTP.r->ICTP.cUTP->CAMSM.pM_3002@IG0_2_0_0
12-20 22:55:03.039 5071-7321/? I/Telecom: CallAudioRouteStateMachine: Message received: SWITCH_FOCUS=4001, arg1=1: CSW.sDc->ICTP.r->ICTP.cUTP->CAMSM.pM_3002->CARSM.pM_SWITCH_FOCUS@IG0_2_0_0_2
12-20 22:55:03.040 5071-7321/? I/Telecom: Telecom: Non-call EVENT: UNMUTE, null: CSW.sDc->ICTP.r->ICTP.cUTP->CAMSM.pM_3002->CARSM.pM_SWITCH_FOCUS@IG0_2_0_0_2
12-20 22:55:03.041 5071-7321/? I/Telecom: Telecom: Non-call EVENT: AUDIO_ROUTE, Leaving state ActiveEarpieceRoute: CSW.sDc->ICTP.r->ICTP.cUTP->CAMSM.pM_3002->CARSM.pM_SWITCH_FOCUS@IG0_2_0_0_2
12-20 22:55:03.041 5071-7321/? I/Telecom: CallAudioRouteStateMachine: setNotificationsSuppressed: on=no; suppressed=yes: CSW.sDc->ICTP.r->ICTP.cUTP->CAMSM.pM_3002->CARSM.pM_SWITCH_FOCUS@IG0_2_0_0_2
12-20 22:55:03.042 5071-7321/? I/Telecom: Telecom: Non-call EVENT: AUDIO_ROUTE, Entering state QuiescentEarpieceRoute: CSW.sDc->ICTP.r->ICTP.cUTP->CAMSM.pM_3002->CARSM.pM_SWITCH_FOCUS@IG0_2_0_0_2
12-20 22:55:04.181 5071-28671/? I/Telecom: PhoneAccountRegistrar: [ComponentInfo{com.android.phone/com.android.services.telephony.TelephonyConnectionService}, [fbecf5bf831d83fdb1095e2d0bfb117af08f8292], UserHandle{0}(icon: Icon(typ=BITMAP size=67x84) -> Icon(typ=BITMAP size=67x84))(lbl: Telenor SRB -> Telenor)(desc: Telenor SRB -> Telenor)]: TSI.rPA@IIQ
12-20 22:55:04.187 5071-28671/? I/Telecom: : Sending phone-account registered intent as user: TSI.rPA@IIQ
12-20 22:55:04.225 5071-3221/? I/Telecom: PhoneAccountRegistrar: [ComponentInfo{com.android.phone/com.android.services.telephony.TelephonyConnectionService}, [fbecf5bf831d83fdb1095e2d0bfb117af08f8292], UserHandle{0}(icon: Icon(typ=BITMAP size=67x84) -> Icon(typ=BITMAP size=67x84))]: TSI.rPA@IIc
12-20 22:55:04.229 5071-3221/? I/Telecom: : Sending phone-account registered intent as user: TSI.rPA@IIc
12-20 22:55:04.702 5071-19627/? W/Telecom: InCallAdapter: disconnectCall, unknown call id: TC@45: ICA.dC(InCall package: com.google.android.dialer)@IIw
12-20 22:55:04.816 5071-5071/? I/Telecom: EmergencyInCallServiceConnection: Disconnect forced!: CSW.rC->ICC.oCR@IHU_0
12-20 22:55:05.004 5071-5124/? I/ActivityManager: Setting hasTopUi=true for pid=7043
12-20 22:55:05.051 5071-5071/? V/FingerprintService: startAuthentication(com.android.systemui)
12-20 22:55:05.051 5071-5071/? V/FingerprintService: starting client AuthenticationClient(com.android.systemui), initiatedByClient = true)
12-20 22:55:05.051 5071-5071/? W/FingerprintService: client com.android.systemui is authenticating...
12-20 22:55:05.057 5071-5130/? I/ActivityManager: Killing 9881:com.google.android.apps.plus/u0a77 (adj 906): empty #17
12-20 22:55:05.057 5071-5130/? I/ActivityManager: Killing 7390:com.wunderground.android.weather/u0a124 (adj 906): empty #18
12-20 22:55:05.128 5071-5123/? D/ActivityManager: cleanUpApplicationRecord -- 7390
12-20 22:55:05.132 5071-12739/? D/ActivityManager: cleanUpApplicationRecord -- 9881
12-20 22:55:05.993 5071-3584/? D/ConnectivityService: Returning unblocked NetworkInfo to uid=10162
12-20 22:55:07.258 5071-5071/? V/FingerprintService: onAuthenticated(owner=com.android.systemui, id=-760729356, gp=0)
12-20 22:55:07.261 5071-5071/? V/FingerprintService: Done with client: com.android.systemui
12-20 22:55:07.676 5071-19630/? I/ActivityManager: Start proc 11804:com.instagram.android/u0a156 for broadcast com.instagram.android/com.instagram.push.fbns.FbnsInitBroadcastReceiver
12-20 22:55:07.975 5071-3584/? D/ConnectivityService: Returning unblocked NetworkInfo to uid=10156
12-20 22:55:07.983 5071-6968/? I/ActivityManager: Setting hasTopUi=false for pid=7043
12-20 22:55:08.116 5071-8137/? I/ActivityManager: Start proc 11834:com.wunderground.android.weather/u0a124 for broadcast com.wunderground.android.weather/.widgets.refresh.receivers.ScreenReceiver
12-20 22:55:09.684 5071-8155/? I/ActivityManager: Killing 7470:com.google.android.talk/u0a53 (adj 906): empty #17
12-20 22:55:09.753 5071-28670/? D/ActivityManager: cleanUpApplicationRecord -- 7470
12-20 22:55:09.933 5071-19633/? I/ActivityManager: START u0 {act=android.intent.action.MAIN cat=[android.intent.category.LAUNCHER] flg=0x10200000 cmp=com.facebook.katana/.LoginActivity (has extras)} from uid 10185 on display 0
12-20 22:55:10.258 5071-8106/? D/ConnectivityService: Returning unblocked NetworkInfo to uid=10149
12-20 22:55:10.533 5071-19632/? I/ActivityManager: Start proc 11885:com.facebook.katana:videoplayer/u0a149 for service com.facebook.katana/com.facebook.video.vps.VideoPlayerService
12-20 22:55:10.641 5071-28672/? W/BroadcastQueue: Permission Denial: broadcasting Intent { act=android.intent.action.USER_PRESENT flg=0x24000010 } from com.android.systemui (pid=7043, uid=10027) is not exported from uid 10361 due to receiver rs.telenor.mymenu/.widgets.widget21.Widget21
12-20 22:55:10.642 5071-5130/? W/BroadcastQueue: Permission Denial: broadcasting Intent { act=android.intent.action.USER_PRESENT flg=0x24000010 } from com.android.systemui (pid=7043, uid=10027) is not exported from uid 10361 due to receiver rs.telenor.mymenu/.widgets.widget41.Widget41
12-20 22:55:10.642 5071-5130/? W/BroadcastQueue: Permission Denial: broadcasting Intent { act=android.intent.action.USER_PRESENT flg=0x24000010 } from com.android.systemui (pid=7043, uid=10027) is not exported from uid 10361 due to receiver rs.telenor.mymenu/.widgets.widget51.Widget51
12-20 22:55:10.642 5071-5130/? W/BroadcastQueue: Permission Denial: broadcasting Intent { act=android.intent.action.USER_PRESENT flg=0x24000010 } from com.android.systemui (pid=7043, uid=10027) is not exported from uid 10361 due to receiver rs.telenor.mymenu/.widgets.widget42.Widget42
12-20 22:55:10.642 5071-5130/? W/BroadcastQueue: Permission Denial: broadcasting Intent { act=android.intent.action.USER_PRESENT flg=0x24000010 } from com.android.systemui (pid=7043, uid=10027) is not exported from uid 10361 due to receiver rs.telenor.mymenu/.widgets.widget52.Widget52
12-20 22:55:10.671 5071-19632/? I/ActivityManager: Killing 10395:com.google.android.calendar/u0a36 (adj 906): empty #17
12-20 22:55:10.747 5071-3221/? D/ActivityManager: cleanUpApplicationRecord -- 10395
12-20 22:55:12.037 5071-22696/? W/ActivityManager: Permission Denial: Accessing service ComponentInfo{com.google.android.music/com.google.android.music.dial.DialMediaRouteProviderService} from pid=31474, uid=10149 that is not exported from uid 10059
12-20 22:55:12.908 5071-5071/? I/ActivityManager: Start proc 11985:com.google.android.contacts/u0a13 for service com.google.android.contacts/com.android.contacts.ContactsJobService
12-20 22:55:14.482 5071-8102/? I/ActivityManager: Start proc 12068:com.facebook.katana:browser/u0a149 for service com.facebook.katana/com.facebook.browser.lite.BrowserLiteIntentService
12-20 22:55:17.990 5071-5133/? E/BatteryStatsService: no controller energy info supplied
12-20 22:55:32.900 5071-12073/? I/ActivityManager: Killing 11181:com.qualcomm.timeservice/1000 (adj 906): empty #17
12-20 22:55:32.936 5071-8102/? D/ActivityManager: cleanUpApplicationRecord -- 11181
12-20 22:55:33.113 5071-21581/? I/ActivityManager: Killing 11228:com.amazon.kindle/u0a1597 (adj 906): empty #17
12-20 22:55:33.189 5071-8106/? D/ActivityManager: cleanUpApplicationRecord -- 11228
12-20 22:55:36.192 5071-5129/? I/ActivityManager: Start proc 12226:com.google.process.gapps/u0a46 for service com.google.android.syncadapters.contacts/.ContactsSyncAdapterService
12-20 22:55:36.244 5071-5129/? I/ActivityManager: Start proc 12239:com.google.android.apps.plus/u0a77 for service com.google.android.apps.plus/.service.EsSyncAdapterService
12-20 22:55:36.462 5071-12739/? W/ActivityManager: Permission Denial: opening provider com.android.providers.contacts.ContactsProvider2 from ProcessRecord{ff14293 12239:com.google.android.apps.plus/u0a77} (pid=12239, uid=10077) requires android.permission.READ_CONTACTS or android.permission.WRITE_CONTACTS
12-20 22:55:36.472 5071-28670/? W/ActivityManager: Permission Denial: opening provider com.android.providers.contacts.ContactsProvider2 from ProcessRecord{ff14293 12239:com.google.android.apps.plus/u0a77} (pid=12239, uid=10077) requires android.permission.READ_CONTACTS or android.permission.WRITE_CONTACTS
12-20 22:55:36.493 5071-19630/? W/ActivityManager: Permission Denial: opening provider com.android.providers.contacts.ContactsProvider2 from ProcessRecord{ff14293 12239:com.google.android.apps.plus/u0a77} (pid=12239, uid=10077) requires android.permission.READ_CONTACTS or android.permission.WRITE_CONTACTS
12-20 22:55:36.540 5071-12739/? D/CryptdConnector: SND -> {305 cryptfs getpwtype}
12-20 22:55:36.540 376-383/? D/VoldCryptCmdListener: cryptfs getpwtype
12-20 22:55:36.542 5071-6780/? D/CryptdConnector: RCV <- {213 305 pin}
12-20 22:55:48.093 5071-12073/? W/InputMethodManagerService: Window already focused, ignoring focus gain of: com.android.internal.view.IInputMethodClient$Stub$Proxy@1de16cf attribute=null, token = android.os.BinderProxy@76b37fd
12-20 22:56:00.004 5071-5071/? I/ActivityManager: Killing 11502:com.amazon.mShop.android.shopping/u0a1217 (adj 906): empty #17
12-20 22:56:00.077 5071-3584/? D/ActivityManager: cleanUpApplicationRecord -- 11502
12-20 22:56:00.077 5071-21582/? D/ConnectivityService: ConnectivityService NetworkRequestInfo binderDied(NetworkRequest [ LISTEN id=479, [ Capabilities: INTERNET&NOT_RESTRICTED&TRUSTED&FOREGROUND] ], android.os.BinderProxy@1728851)
12-20 22:56:00.077 5071-6968/? D/ConnectivityService: ConnectivityService NetworkRequestInfo binderDied(NetworkRequest [ LISTEN id=480, [ Capabilities: INTERNET&NOT_RESTRICTED&TRUSTED&FOREGROUND] ], android.os.BinderProxy@2f2e8b6)
12-20 22:56:00.078 5071-6958/? E/ConnectivityService: RemoteException caught trying to send a callback msg for NetworkRequest [ LISTEN id=479, [ Capabilities: INTERNET&NOT_RESTRICTED&TRUSTED&FOREGROUND] ]
12-20 22:56:00.079 5071-6958/? E/ConnectivityService: RemoteException caught trying to send a callback msg for NetworkRequest [ LISTEN id=480, [ Capabilities: INTERNET&NOT_RESTRICTED&TRUSTED&FOREGROUND] ]
12-20 22:56:36.586 5071-28671/? I/ActivityManager: Killing 11095:com.google.android.deskclock/u0a66 (adj 906): empty #17
12-20 22:56:36.638 5071-28671/? D/ActivityManager: cleanUpApplicationRecord -- 11095
12-20 22:56:50.696 5071-8153/? I/ActivityManager: START u0 {act=android.intent.action.VIEW dat=https://goo.gl/... cmp=com.facebook.katana/com.facebook.browser.lite.BrowserLiteActivity (has extras)} from uid 10149 on display 0
12-20 22:56:51.134 5071-5145/? D/BluetoothManagerService: Message: 20
12-20 22:56:51.134 5071-5145/? D/BluetoothManagerService: Added callback: android.bluetooth.IBluetoothManagerCallback$Stub$Proxy@fec13d1:true
12-20 22:57:11.044 5071-5133/? E/BatteryStatsService: no controller energy info supplied
12-20 22:57:11.227 5071-28672/? W/InputMethodManagerService: Window already focused, ignoring focus gain of: com.android.internal.view.IInputMethodClient$Stub$Proxy@ce5fbe1 attribute=null, token = android.os.BinderProxy@9bf6a28
12-20 22:57:34.237 5071-5130/? I/ProcessStatsService: Prepared write state in 12ms
12-20 22:57:34.253 5071-5129/? I/ProcessStatsService: Pruning old procstats: /data/system/procstats/state-2016-12-18-22-20-04.bin
12-20 22:57:41.540 5071-28671/? W/InputMethodManagerService: Window already focused, ignoring focus gain of: com.android.internal.view.IInputMethodClient$Stub$Proxy@2cfe392 attribute=null, token = android.os.BinderProxy@9bf6a28
12-20 22:58:20.659 5071-6776/? I/ActivityManager: START u0 {act=android.intent.action.MAIN cat=[android.intent.category.HOME] flg=0x10200000 cmp=com.teslacoilsw.launcher/.NovaLauncher (has extras)} from uid 1000 on display 0
12-20 22:58:24.651 5071-6968/? I/ActivityManager: START u0 {act=android.intent.action.MAIN cat=[android.intent.category.LAUNCHER] flg=0x10200000 cmp=hr.asseco.android.jimba.intesars.prod/hr.asseco.android.ActivitySplash (has extras)} from uid 10185 on display 0
12-20 22:58:24.712 5071-7283/? I/ActivityManager: Start proc 12843:hr.asseco.android.jimba.intesars.prod/u0a115 for activity hr.asseco.android.jimba.intesars.prod/hr.asseco.android.ActivitySplash
12-20 22:58:26.983 5071-19628/? I/ActivityManager: START u0 {cmp=hr.asseco.android.jimba.intesars.prod/hr.asseco.android.ActivityLogin} from uid 10115 on display 0
12-20 22:58:30.746 5071-12073/? W/InputMethodManagerService: Window already focused, ignoring focus gain of: com.android.internal.view.IInputMethodClient$Stub$Proxy@ddad4f3 attribute=null, token = android.os.BinderProxy@22f92b9
12-20 22:58:36.702 5071-3584/? I/ActivityManager: START u0 {cmp=hr.asseco.android.jimba.intesars.prod/hr.asseco.android.jimba.ActivityHome} from uid 10115 on display 0
12-20 22:58:42.126 5071-12073/? I/ActivityManager: START u0 {flg=0x10804000 cmp=com.android.systemui/.recents.RecentsActivity} from uid 10027 on display 0
12-20 22:58:43.469 5071-12073/? I/ActivityManager: Killing 10380:com.android.providers.calendar/u0a1 (adj 906): empty #17
12-20 22:58:43.470 5071-12073/? I/ActivityManager: Killing 12843:hr.asseco.android.jimba.intesars.prod/u0a115 (adj 900): remove task
12-20 22:58:43.525 5071-8102/? D/ActivityManager: cleanUpApplicationRecord -- 10380
12-20 22:58:43.535 5071-16202/? I/WindowManager: WIN DEATH: Window{899ef6b u0 hr.asseco.android.jimba.intesars.prod/hr.asseco.android.jimba.ActivityHome}
12-20 22:58:43.536 5071-8155/? D/ActivityManager: cleanUpApplicationRecord -- 12843
12-20 22:58:44.350 5071-8153/? E/ActivityManager: applyOptionsLocked: Unknown animationType=0
12-20 22:59:10.745 5071-7283/? D/ConnectivityService: Returning unblocked NetworkInfo to uid=10177
12-20 22:59:10.767 5071-6968/? I/ActivityManager: Start proc 12991:ru.yandex.disk:aviary_cds/u0a128 for broadcast ru.yandex.disk/com.aviary.android.feather.sdk.internal.cds.AviaryCdsReceiver
12-20 22:59:10.927 5071-3221/? I/ActivityManager: Start proc 13012:ru.yandex.disk:Metrica/u0a128 for service ru.yandex.disk/com.yandex.metrica.MetricaService
12-20 22:59:11.144 5071-19628/? I/ActivityManager: Killing 11709:com.android.calllogbackup/u0a2 (adj 906): empty #17
12-20 22:59:11.224 5071-8151/? D/ActivityManager: cleanUpApplicationRecord -- 11709
12-20 22:59:11.227 5071-5132/? W/libprocessgroup: failed to kill pid 11709: No such process
12-20 22:59:24.153 5071-5133/? E/BatteryStatsService: no controller energy info supplied
12-20 23:00:11.236 5071-6775/? I/ActivityManager: Start proc 13362:com.android.chrome/u0a39 for service com.android.chrome/org.chromium.chrome.browser.omaha.OmahaClient
12-20 23:00:11.557 5071-12900/? I/ActivityManager: Killing 11044:com.android.cellbroadcastreceiver/u0a4 (adj 906): empty #17
12-20 23:00:11.571 5071-7238/? D/ActivityManager: cleanUpApplicationRecord -- 11044
12-20 23:00:30.652 5071-8137/? D/ConnectivityService: reportNetworkConnectivity(190, false) by 10012
12-20 23:00:30.864 5071-6958/? D/NetworkNotificationManager: clearNotification id=190
12-20 23:00:30.864 5071-6958/? D/ConnectivityService: NetworkAgentInfo [WIFI () - 190] validation passed
12-20 23:00:35.977 5071-5130/? I/ActivityManager: Start proc 13467:com.google.android.talk/u0a53 for broadcast com.google.android.talk/com.google.android.apps.hangouts.service.broadcastreceiver.GcmStateReceiver
12-20 23:00:38.063 5071-3584/? D/CryptdConnector: SND -> {306 cryptfs getpwtype}
12-20 23:00:38.064 376-383/? D/VoldCryptCmdListener: cryptfs getpwtype
12-20 23:00:38.067 5071-6780/? D/CryptdConnector: RCV <- {213 306 pin}
12-20 23:00:52.909 5071-19631/? I/Telecom: PhoneAccountRegistrar: SimCallManager queried, returning: null: TSI.gSCM@IJM
12-20 23:00:52.944 5071-19628/? I/Telecom: PhoneAccountRegistrar: SimCallManager queried, returning: null: TSI.gSCM@IJU
12-20 23:01:14.307 5071-8155/? I/ActivityManager: Killing 11162:com.google.android.dialer/u0a14 (adj 906): empty #17
12-20 23:01:14.353 5071-16202/? D/ActivityManager: cleanUpApplicationRecord -- 11162
12-20 23:01:24.633 5071-5130/? I/ActivityManager: Start proc 13684:me.bluemail.mail/u0a1873 for broadcast me.bluemail.mail/com.trtf.blue.gcm.GcmBroadcastReceiver
12-20 23:01:25.377 5071-5123/? W/ActivityManager: Unable to start service Intent { cmp=me.bluemail.mail/com.android.emaileas.service.AttachmentService } U=0: not found
12-20 23:01:29.742 5071-8106/? I/ActivityManager: Setting hasTopUi=true for pid=7043
12-20 23:01:31.041 5071-3584/? I/ActivityManager: START u0 {flg=0x1400c000 cmp=me.bluemail.mail/com.trtf.blue.activity.MessageList (has extras)} from uid 11873 on display 0
12-20 23:01:31.054 5071-8137/? W/InputMethodManagerService: Window already focused, ignoring focus gain of: com.android.internal.view.IInputMethodClient$Stub$Proxy@fff9fe7 attribute=android.view.inputmethod.EditorInfo@639a794, token = android.os.BinderProxy@9bf6a28
12-20 23:01:31.059 5071-3584/? I/ActivityManager: START u0 {flg=0x4000000 cmp=me.bluemail.mail/com.trtf.blue.activity.MessageList (has extras)} from uid 11873 on display 0
12-20 23:01:31.502 5071-21581/? I/ActivityManager: Setting hasTopUi=false for pid=7043
12-20 23:01:52.299 5071-12739/? I/ActivityManager: START u0 {act=android.intent.action.MAIN cat=[android.intent.category.LAUNCHER] flg=0x10200000 cmp=me.bluemail.mail/com.trtf.blue.activity.Accounts (has extras)} from uid 10185 on display 0
12-20 23:01:52.388 5071-12900/? I/ActivityManager: START u0 {act=android.intent.action.MAIN cmp=me.bluemail.mail/com.trtf.blue.activity.MessageList (has extras)} from uid 11873 on display 0
12-20 23:02:00.295 5071-8100/? I/ActivityManager: START u0 {flg=0x10804000 cmp=com.android.systemui/.recents.RecentsActivity} from uid 10027 on display 0
12-20 23:02:01.665 5071-21581/? I/ActivityManager: Killing 13684:me.bluemail.mail/u0a1873 (adj 900): remove task
12-20 23:02:01.818 5071-8102/? D/ActivityManager: cleanUpApplicationRecord -- 13684
12-20 23:02:01.818 5071-19630/? D/ConnectivityService: ConnectivityService NetworkRequestInfo binderDied(NetworkRequest [ LISTEN id=484, [ Capabilities: INTERNET&NOT_RESTRICTED&TRUSTED&FOREGROUND] ], android.os.BinderProxy@4e57547)
12-20 23:02:01.822 5071-6958/? E/ConnectivityService: RemoteException caught trying to send a callback msg for NetworkRequest [ LISTEN id=484, [ Capabilities: INTERNET&NOT_RESTRICTED&TRUSTED&FOREGROUND] ]
12-20 23:02:02.030 5071-22696/? I/ActivityManager: Killing 12068:com.facebook.katana:browser/u0a149 (adj 901): remove task
12-20 23:02:02.049 5071-7283/? I/ActivityManager: Killing 11885:com.facebook.katana:videoplayer/u0a149 (adj 0): remove task
12-20 23:02:02.088 5071-12739/? D/ActivityManager: cleanUpApplicationRecord -- 11885
12-20 23:02:02.101 5071-5123/? I/ActivityManager: Killing 31474:com.facebook.katana/u0a149 (adj 1001): remove task
12-20 23:02:02.139 5071-8137/? I/WindowManager: WIN DEATH: Window{bc89341 u0 com.facebook.katana/com.facebook.browser.lite.BrowserLiteActivity}
12-20 23:02:02.139 5071-8102/? D/ConnectivityService: ConnectivityService NetworkRequestInfo binderDied(NetworkRequest [ LISTEN id=482, [ Capabilities: INTERNET&NOT_RESTRICTED&TRUSTED] ], android.os.BinderProxy@373e69d)
12-20 23:02:02.140 5071-12073/? D/ConnectivityService: ConnectivityService NetworkRequestInfo binderDied(NetworkRequest [ LISTEN id=481, [ Capabilities: INTERNET&NOT_RESTRICTED&TRUSTED] ], android.os.BinderProxy@30b3712)
12-20 23:02:02.140 5071-28671/? D/ActivityManager: cleanUpApplicationRecord -- 12068
12-20 23:02:02.140 5071-6958/? E/ConnectivityService: RemoteException caught trying to send a callback msg for NetworkRequest [ LISTEN id=482, [ Capabilities: INTERNET&NOT_RESTRICTED&TRUSTED] ]
12-20 23:02:02.141 5071-6958/? E/ConnectivityService: RemoteException caught trying to send a callback msg for NetworkRequest [ LISTEN id=481, [ Capabilities: INTERNET&NOT_RESTRICTED&TRUSTED] ]
12-20 23:02:02.185 5071-3584/? D/ActivityManager: cleanUpApplicationRecord -- 31474
12-20 23:02:02.186 5071-3584/? W/ActivityManager: Scheduling restart of crashed service com.facebook.katana/com.facebook.mqttlite.MqttService in 1000ms
