12-21 06:53:51.061 5071-19627/? I/ActivityManager: Start proc 22729:com.google.android.deskclock/u0a66 for broadcast com.google.android.deskclock/com.android.deskclock.AlarmInitReceiver
12-21 06:53:51.348 5071-5071/? D/ConditionProviders.SCP: onReceive android.app.action.NEXT_ALARM_CLOCK_CHANGED
12-21 06:53:51.351 5071-5071/? D/ConditionProviders.SCP: notifyCondition condition://android/schedule?days=6.7&start=23.30&end=10.0 STATE_FALSE reason=!meetsSchedule
12-21 06:53:51.352 5071-5071/? D/ConditionProviders.SCP: notifyCondition condition://android/schedule?days=1.2.3.4.5&start=22.0&end=7.0 STATE_TRUE reason=meetsSchedule
12-21 06:53:51.353 5071-5071/? D/ConditionProviders.SCP: Scheduling evaluate for Wed Dec 21 07:00:00 GMT+01:00 2016 (1482300000000), in +6m8s652ms, now=Wed Dec 21 06:53:51 GMT+01:00 2016 (1482299631348)
12-21 06:53:51.714 5071-8151/? I/ActivityManager: Start proc 22755:com.qualcomm.timeservice/1000 for broadcast com.qualcomm.timeservice/.TimeServiceBroadcastReceiver
12-21 06:53:51.802 5071-8100/? I/ActivityManager: Start proc 22771:com.amazon.kindle/u0a1597 for broadcast com.amazon.kindle/com.amazon.identity.auth.device.storage.LambortishClock$ChangeTimestampsBroadcastReceiver
12-21 06:53:51.803 5071-8100/? I/ActivityManager: Killing 19342:ru.yandex.disk:Metrica/u0a128 (adj 906): empty #17
12-21 06:53:51.845 5071-21581/? D/ActivityManager: cleanUpApplicationRecord -- 19342
12-21 06:54:00.069 5071-5123/? W/BackupManagerService: dataChanged but no participant pkg='com.amazon.kindle' uid=11597
12-21 06:54:00.242 5071-12073/? I/ActivityManager: Start proc 22958:com.amazon.mShop.android.shopping/u0a1217 for broadcast com.amazon.mShop.android.shopping/com.amazon.identity.auth.device.storage.LambortishClock$ChangeTimestampsBroadcastReceiver
12-21 06:54:00.471 22771-22978/? W/ActivityThread: ClassLoader.getResources: The class loader returned by Thread.getContextClassLoader() may fail for processes that host multiple applications. You should explicitly specify a context class loader. For example: Thread.setContextClassLoader(getClass().getClassLoader());
12-21 06:54:01.055 5071-23586/? W/BackupManagerService: dataChanged but no participant pkg='com.amazon.kindle' uid=11597
12-21 06:54:02.187 5071-21582/? I/ActivityManager: Killing 20881:com.xing.android/u0a308 (adj 906): empty #17
12-21 06:54:02.188 5071-21582/? I/ActivityManager: Killing 19875:android.process.media/u0a8 (adj 906): empty #18
12-21 06:54:02.213 5071-19630/? I/ActivityManager: Start proc 23042:com.google.android.keep/u0a81 for broadcast com.google.android.keep/.notification.AlertReceiver
12-21 06:54:02.296 5071-22696/? D/ActivityManager: cleanUpApplicationRecord -- 20881
12-21 06:54:02.438 5071-21582/? D/ActivityManager: cleanUpApplicationRecord -- 19875
12-21 06:54:02.889 5071-23586/? I/ActivityManager: Killing 22304:com.Slack/u0a188 (adj 906): empty #17
12-21 06:54:02.953 5071-8137/? I/ActivityManager: Start proc 23063:com.android.cellbroadcastreceiver/u0a4 for broadcast com.android.cellbroadcastreceiver/.CellBroadcastReceiver
12-21 06:54:02.955 5071-28671/? D/ActivityManager: cleanUpApplicationRecord -- 22304
12-21 06:54:03.750 5071-5129/? I/UsageStatsService: User[0] Flushing usage stats to disk
12-21 06:54:06.316 5071-5130/? I/ActivityManager: Waited long enough for: ServiceRecord{54a0be8 u0 com.google.android.deskclock/com.android.deskclock.WearableSyncService}
12-21 06:54:08.332 5071-28671/? I/ActivityManager: Killing 18779:com.foursquare.robin/u0a1538 (adj 906): empty #17
12-21 06:54:08.360 5071-21582/? D/ActivityManager: cleanUpApplicationRecord -- 18779
12-21 06:54:11.775 5071-5130/? I/ActivityManager: Killing 19363:com.google.android.apps.magazines/u0a148 (adj 906): empty #17
12-21 06:54:11.815 5071-8155/? D/ActivityManager: cleanUpApplicationRecord -- 19363
12-21 06:54:14.654 5071-6954/? D/ConnectivityService: registerNetworkAgent NetworkAgentInfo{ ni{[type: WIFI[], state: CONNECTING/CONNECTING, reason: (unspecified), extra: "remoteOffice", failover: false, available: true, roaming: false, metered: false]}  network{196}  nethandle{841830025950}  lp{{LinkAddresses: []  Routes: [] DnsAddresses: [] Domains: null MTU: 0}}  nc{[ Transports: WIFI Capabilities: NOT_METERED&INTERNET&NOT_RESTRICTED&TRUSTED&NOT_VPN LinkUpBandwidth>=1048576Kbps LinkDnBandwidth>=1048576Kbps]}  Score{20}  everValidated{false}  lastValidated{false}  created{false} lingering{false} explicitlySelected{false} acceptUnvalidated{false} everCaptivePortalDetected{false} lastCaptivePortalDetected{false} }
12-21 06:54:14.654 5071-6958/? D/ConnectivityService: NetworkAgentInfo [WIFI () - 196] EVENT_NETWORK_INFO_CHANGED, going from null to CONNECTING
12-21 06:54:14.755 5071-5130/? I/ActivityManager: Start proc 23127:com.foursquare.robin/u0a1538 for broadcast com.foursquare.robin/com.foursquare.pilgrim.app.service.ReceiverPilgrimLocationClientFire
12-21 06:54:16.030 5071-6958/? D/ConnectivityService: NetworkAgentInfo [WIFI () - 196] EVENT_NETWORK_INFO_CHANGED, going from CONNECTING to CONNECTED
12-21 06:54:16.031 5071-6958/? D/ConnectivityService: Adding iface wlan0 to network 196
12-21 06:54:16.079 5071-6958/? D/ConnectivityService: Setting DNS servers for network 196 to [/212.121.128.10, /8.8.8.8]
12-21 06:54:16.542 5071-6958/? D/NetworkNotificationManager: clearNotification id=196
12-21 06:54:16.542 5071-6958/? D/ConnectivityService: NetworkAgentInfo [WIFI () - 196] validation passed
12-21 06:54:16.544 5071-6958/? D/ConnectivityService: Switching to new default network: NetworkAgentInfo{ ni{[type: WIFI[], state: CONNECTED/CONNECTED, reason: (unspecified), extra: "remoteOffice", failover: false, available: true, roaming: false, metered: false]}  network{196}  nethandle{841830025950}  lp{{InterfaceName: wlan0 LinkAddresses: [fe80::1e67:58ff:fe7e:a92d/64,10.1.1.45/21,]  Routes: [fe80::/64 -> :: wlan0,10.1.0.0/21 -> 0.0.0.0 wlan0,0.0.0.0/0 -> 10.1.0.1 wlan0,] DnsAddresses: [212.121.128.10,8.8.8.8,] Domains: mome MTU: 0 TcpBufferSizes: 524288,2097152,4194304,262144,524288,1048576}}  nc{[ Transports: WIFI Capabilities: NOT_METERED&INTERNET&NOT_RESTRICTED&TRUSTED&NOT_VPN&VALIDATED&FOREGROUND LinkUpBandwidth>=1048576Kbps LinkDnBandwidth>=1048576Kbps SignalStrength: -75]}  Score{60}  everValidated{true}  lastValidated{true}  created{true} lingering{false} explicitlySelected{false} acceptUnvalidated{false} everCaptivePortalDetected{false} lastCaptivePortalDetected{false} }
12-21 06:54:16.546 5071-6958/? D/ConnectivityService: sending Proxy Broadcast for [] 0 xl=
12-21 06:54:16.551 5071-6958/? D/ConnectivityService: Lingering NetworkAgentInfo [MOBILE (LTE) - 195] for 30000ms
12-21 06:54:16.553 5071-6958/? D/ConnectivityService: Sending DISCONNECTED broadcast for type 0 NetworkAgentInfo [MOBILE (LTE) - 195] isDefaultNetwork=true
12-21 06:54:16.556 5071-6958/? D/ConnectivityService: Sending CONNECTED broadcast for type 1 NetworkAgentInfo [WIFI () - 196] isDefaultNetwork=true
12-21 06:54:16.916 5071-19630/? I/ActivityManager: Start proc 23323:com.google.android.apps.magazines/u0a148 for broadcast com.google.android.apps.magazines/com.google.apps.dots.android.newsstand.appwidget.NewsWidgetProvider
12-21 06:54:19.459 5071-3221/? I/ActivityManager: Killing 19662:com.wunderground.android.weather/u0a124 (adj 906): empty #17
12-21 06:54:19.466 5071-28671/? W/BroadcastQueue: Exception when sending broadcast to ComponentInfo{com.wunderground.android.weather/com.wunderground.android.weather.widgets.refresh.receivers.NetworkReceiver}
                                                  android.os.DeadObjectException: Transaction failed on small parcel; remote process probably died
                                                      at android.os.BinderProxy.transactNative(Native Method)
                                                      at android.os.BinderProxy.transact(Binder.java:615)
                                                      at android.app.ApplicationThreadProxy.scheduleReceiver(ApplicationThreadNative.java:951)
                                                      at com.android.server.am.BroadcastQueue.processCurBroadcastLocked(BroadcastQueue.java:284)
                                                      at com.android.server.am.BroadcastQueue.processNextBroadcast(BroadcastQueue.java:1222)
                                                      at com.android.server.am.ActivityManagerService.finishReceiver(ActivityManagerService.java:18615)
                                                      at android.app.ActivityManagerNative.onTransact(ActivityManagerNative.java:528)
                                                      at com.android.server.am.ActivityManagerService.onTransact(ActivityManagerService.java:2794)
                                                      at android.os.Binder.execTransact(Binder.java:565)
12-21 06:54:19.466 5071-28671/? D/ActivityManager: cleanUpApplicationRecord -- 19662
12-21 06:54:19.490 5071-28671/? I/ActivityManager: Start proc 23415:com.wunderground.android.weather/u0a124 for broadcast com.wunderground.android.weather/.widgets.refresh.receivers.NetworkReceiver
12-21 06:54:19.682 5071-5132/? E/libprocessgroup: failed to kill 1 processes for processgroup 19662
12-21 06:54:20.824 5071-8100/? I/ActivityManager: Killing 17646:com.google.android.talk/u0a53 (adj 906): empty #17
12-21 06:54:20.971 5071-8155/? W/BroadcastQueue: Exception when sending broadcast to ComponentInfo{com.google.android.talk/com.google.android.apps.hangouts.service.broadcastreceiver.GcmStateReceiver}
                                                 android.os.DeadObjectException: Transaction failed on small parcel; remote process probably died
                                                     at android.os.BinderProxy.transactNative(Native Method)
                                                     at android.os.BinderProxy.transact(Binder.java:615)
                                                     at android.app.ApplicationThreadProxy.scheduleReceiver(ApplicationThreadNative.java:951)
                                                     at com.android.server.am.BroadcastQueue.processCurBroadcastLocked(BroadcastQueue.java:284)
                                                     at com.android.server.am.BroadcastQueue.processNextBroadcast(BroadcastQueue.java:1222)
                                                     at com.android.server.am.ActivityManagerService.finishReceiver(ActivityManagerService.java:18615)
                                                     at android.app.ActivityManagerNative.onTransact(ActivityManagerNative.java:528)
                                                     at com.android.server.am.ActivityManagerService.onTransact(ActivityManagerService.java:2794)
                                                     at android.os.Binder.execTransact(Binder.java:565)
12-21 06:54:20.971 5071-8155/? D/ActivityManager: cleanUpApplicationRecord -- 17646
12-21 06:54:20.991 5071-8155/? I/ActivityManager: Start proc 23456:com.google.android.talk/u0a53 for broadcast com.google.android.talk/com.google.android.apps.hangouts.service.broadcastreceiver.GcmStateReceiver
12-21 06:54:20.997 5071-5132/? W/libprocessgroup: failed to open /acct/uid_10053/pid_17646/cgroup.procs: No such file or directory
12-21 06:54:21.335 5071-12900/? I/ActivityManager: Killing 18252:com.google.android.googlequicksearchbox:search/u0a29 (adj 906): empty #17
12-21 06:54:21.403 5071-23586/? D/ConnectivityService: ConnectivityService NetworkRequestInfo binderDied(NetworkRequest [ LISTEN id=444, [ Capabilities: INTERNET&NOT_RESTRICTED&TRUSTED] ], android.os.BinderProxy@eb206de)
12-21 06:54:21.403 5071-8100/? D/ActivityManager: cleanUpApplicationRecord -- 18252
12-21 06:54:21.404 5071-6958/? E/ConnectivityService: RemoteException caught trying to send a callback msg for NetworkRequest [ LISTEN id=444, [ Capabilities: INTERNET&NOT_RESTRICTED&TRUSTED] ]
12-21 06:54:23.312 5071-8153/? D/CryptdConnector: SND -> {312 cryptfs getpwtype}
12-21 06:54:23.312 376-383/? D/VoldCryptCmdListener: cryptfs getpwtype
12-21 06:54:23.316 5071-6780/? D/CryptdConnector: RCV <- {213 312 pin}
12-21 06:54:23.378 5071-28670/? I/ActivityManager: Killing 22755:com.qualcomm.timeservice/1000 (adj 906): empty #17
12-21 06:54:23.446 5071-19633/? I/ActivityManager: Start proc 23503:com.google.android.googlequicksearchbox:search/u0a29 for broadcast com.google.android.googlequicksearchbox/com.google.android.apps.gsa.search.core.location.ActivityDetectionReceiver
12-21 06:54:23.446 5071-21581/? D/ActivityManager: cleanUpApplicationRecord -- 22755
12-21 06:54:24.199 5071-3221/? I/ActivityManager: Killing 22771:com.amazon.kindle/u0a1597 (adj 906): empty #17
12-21 06:54:24.280 5071-28671/? D/ActivityManager: cleanUpApplicationRecord -- 22771
12-21 06:54:24.340 5071-12073/? I/ActivityManager: Start proc 23534:com.google.android.partnersetup/u0a18 for content provider com.google.android.partnersetup/.RlzAppProvider
12-21 06:54:38.189 5071-5124/? I/Telecom: PhoneAccountRegistrar: SimCallManager queried, returning: null: TSI.gSCM@ILQ
12-21 06:54:38.226 5071-7238/? I/Telecom: PhoneAccountRegistrar: SimCallManager queried, returning: null: TSI.gSCM@ILY
12-21 06:54:38.269 5071-8137/? I/ActivityManager: Killing 22647:com.android.providers.calendar/u0a1 (adj 906): empty #17
12-21 06:54:38.306 5071-8106/? D/ActivityManager: cleanUpApplicationRecord -- 22647
12-21 06:54:46.544 5071-6958/? D/ConnectivityService: handleLingerComplete for NetworkAgentInfo [MOBILE (LTE) - 195]
12-21 06:54:46.545 5071-6958/? D/ConnectivityService: NetworkAgentInfo [MOBILE (LTE) - 195] got DISCONNECTED, was satisfying 11
12-21 06:54:46.624 5071-8137/? I/ActivityManager: Killing 22958:com.amazon.mShop.android.shopping/u0a1217 (adj 906): empty #17
12-21 06:54:46.669 5071-3584/? D/ConnectivityService: ConnectivityService NetworkRequestInfo binderDied(NetworkRequest [ LISTEN id=501, [ Capabilities: INTERNET&NOT_RESTRICTED&TRUSTED&FOREGROUND] ], android.os.BinderProxy@7dcc47f)
12-21 06:54:46.669 5071-5123/? D/ConnectivityService: ConnectivityService NetworkRequestInfo binderDied(NetworkRequest [ LISTEN id=502, [ Capabilities: INTERNET&NOT_RESTRICTED&TRUSTED&FOREGROUND] ], android.os.BinderProxy@6188c4c)
12-21 06:54:46.669 5071-8106/? D/ActivityManager: cleanUpApplicationRecord -- 22958
12-21 06:54:46.686 5071-6958/? E/ConnectivityService: RemoteException caught trying to send a callback msg for NetworkRequest [ LISTEN id=501, [ Capabilities: INTERNET&NOT_RESTRICTED&TRUSTED&FOREGROUND] ]
12-21 06:54:46.687 5071-6958/? E/ConnectivityService: RemoteException caught trying to send a callback msg for NetworkRequest [ LISTEN id=502, [ Capabilities: INTERNET&NOT_RESTRICTED&TRUSTED&FOREGROUND] ]
12-21 06:55:01.804 5071-8155/? I/ActivityManager: Killing 22635:com.google.android.calendar/u0a36 (adj 906): empty #17
12-21 06:55:01.856 5071-19631/? D/ActivityManager: cleanUpApplicationRecord -- 22635
12-21 06:57:10.683 5071-5133/? E/BatteryStatsService: no controller energy info supplied
12-21 06:59:43.068 5071-6777/? I/PowerManagerService: Waking up from sleep (uid 1000)...
12-21 06:59:43.097 5071-5150/? I/DisplayPowerController: Blocking screen on until initial contents have been drawn.
12-21 06:59:43.114 5071-5146/? I/DisplayManagerService: Display device changed state: "Built-in Screen", ON
12-21 06:59:43.333 5071-19627/? D/ConnectivityService: Returning unblocked NetworkInfo to uid=10149
12-21 06:59:43.472 5071-5150/? I/DisplayPowerController: Unblocked screen on after 375 ms
12-21 06:59:44.986 5071-3584/? D/ConnectivityService: Returning unblocked NetworkInfo to uid=10187
12-21 06:59:45.215 5071-16202/? I/ActivityManager: Start proc 23834:com.android.providers.calendar/u0a1 for content provider com.android.providers.calendar/.CalendarProvider2
12-21 06:59:45.707 5071-28670/? I/LockSettingsService: Unlocking user 0 with token length 69
12-21 06:59:45.708 5071-28670/? W/ActivityManager: Expected user 0 in state RUNNING_LOCKED but was in state RUNNING_UNLOCKED
12-21 06:59:46.059 5071-23586/? D/ConnectivityService: Returning unblocked NetworkInfo to uid=10098
12-21 06:59:46.220 5071-21581/? D/ConnectivityService: Returning unblocked NetworkInfo to uid=10162
12-21 06:59:46.225 5071-5071/? V/FingerprintService: stop client com.android.systemui
12-21 06:59:46.229 5071-8151/? D/ConnectivityService: Returning unblocked NetworkInfo to uid=10156
12-21 06:59:46.237 5071-5071/? W/FingerprintService: client com.android.systemui is no longer authenticating
12-21 06:59:46.237 5071-5071/? V/FingerprintService: Done with client: com.android.systemui
12-21 06:59:46.237 5071-5071/? V/FingerprintService: handleError(client=com.android.systemui, error = 5)
12-21 06:59:46.359 5071-7238/? W/BroadcastQueue: Permission Denial: broadcasting Intent { act=android.intent.action.USER_PRESENT flg=0x24000010 } from com.android.systemui (pid=7043, uid=10027) is not exported from uid 10361 due to receiver rs.telenor.mymenu/.widgets.widget21.Widget21
12-21 06:59:46.360 5071-5130/? W/BroadcastQueue: Permission Denial: broadcasting Intent { act=android.intent.action.USER_PRESENT flg=0x24000010 } from com.android.systemui (pid=7043, uid=10027) is not exported from uid 10361 due to receiver rs.telenor.mymenu/.widgets.widget41.Widget41
12-21 06:59:46.360 5071-5130/? W/BroadcastQueue: Permission Denial: broadcasting Intent { act=android.intent.action.USER_PRESENT flg=0x24000010 } from com.android.systemui (pid=7043, uid=10027) is not exported from uid 10361 due to receiver rs.telenor.mymenu/.widgets.widget51.Widget51
12-21 06:59:46.361 5071-5130/? W/BroadcastQueue: Permission Denial: broadcasting Intent { act=android.intent.action.USER_PRESENT flg=0x24000010 } from com.android.systemui (pid=7043, uid=10027) is not exported from uid 10361 due to receiver rs.telenor.mymenu/.widgets.widget42.Widget42
12-21 06:59:46.361 5071-5130/? W/BroadcastQueue: Permission Denial: broadcasting Intent { act=android.intent.action.USER_PRESENT flg=0x24000010 } from com.android.systemui (pid=7043, uid=10027) is not exported from uid 10361 due to receiver rs.telenor.mymenu/.widgets.widget52.Widget52
12-21 06:59:46.490 5071-12073/? I/ActivityManager: Setting hasTopUi=false for pid=7043
12-21 06:59:46.730 5071-21581/? I/ActivityManager: Start proc 23876:com.google.android.calendar/u0a36 for broadcast com.google.android.calendar/.alerts.AlertReceiver
12-21 06:59:47.944 5071-8106/? I/ActivityManager: START u0 {act=android.intent.action.MAIN cat=[android.intent.category.LAUNCHER] flg=0x10200000 cmp=com.textra/com.mplus.lib.ui.main.Main bnds=[413,2143][618,2392] (has extras)} from uid 10185 on display 0
12-21 06:59:49.330 5071-8102/? I/ActivityManager: START u0 {cmp=com.textra/com.mplus.lib.ui.convo.ConvoActivity (has extras)} from uid 10087 on display 0
12-21 06:59:49.501 5071-8106/? I/ActivityManager: Start proc 23933:android.process.acore/u0a2 for content provider com.android.providers.contacts/.ContactsProvider2
12-21 06:59:50.687 5071-8153/? I/ActivityManager: Start proc 23958:com.facebook.katana:videoplayer/u0a149 for service com.facebook.katana/com.facebook.video.vps.VideoPlayerService
12-21 06:59:55.768 5071-5124/? W/ActivityManager: Permission Denial: Accessing service ComponentInfo{com.google.android.music/com.google.android.music.dial.DialMediaRouteProviderService} from pid=21570, uid=10149 that is not exported from uid 10059
12-21 07:00:00.001 5071-5071/? D/ConditionProviders.SCP: onReceive ScheduleConditionProvider.EVALUATE
12-21 07:00:00.002 5071-5071/? D/ConditionProviders.SCP: notifyCondition condition://android/schedule?days=6.7&start=23.30&end=10.0 STATE_FALSE reason=!meetsSchedule
12-21 07:00:00.002 5071-5071/? D/ConditionProviders.SCP: notifyCondition condition://android/schedule?days=1.2.3.4.5&start=22.0&end=7.0 STATE_FALSE reason=!meetsSchedule
12-21 07:00:00.003 5071-5071/? D/ConditionProviders.SCP: Scheduling evaluate for Wed Dec 21 10:00:00 GMT+01:00 2016 (1482310800000), in +2h59m59s999ms, now=Wed Dec 21 07:00:00 GMT+01:00 2016 (1482300000001)
12-21 07:00:11.740 5071-5130/? I/ActivityManager: Killing 23063:com.android.cellbroadcastreceiver/u0a4 (adj 906): empty #17
12-21 07:00:11.741 5071-5130/? I/ActivityManager: Killing 22729:com.google.android.deskclock/u0a66 (adj 906): empty #18
12-21 07:00:11.824 5071-28671/? D/ActivityManager: cleanUpApplicationRecord -- 23063
12-21 07:00:11.826 5071-19627/? D/ActivityManager: cleanUpApplicationRecord -- 22729
12-21 07:00:14.770 5071-8137/? I/ActivityManager: Killing 23323:com.google.android.apps.magazines/u0a148 (adj 906): empty #17
12-21 07:00:14.795 5071-19628/? D/ActivityManager: cleanUpApplicationRecord -- 23323
12-21 07:00:31.209 5071-6776/? I/ActivityManager: START u0 {act=android.intent.action.MAIN cat=[android.intent.category.HOME] flg=0x10200000 cmp=com.teslacoilsw.launcher/.NovaLauncher (has extras)} from uid 1000 on display 0
12-21 07:00:32.175 5071-6777/? I/PowerManagerService: Going to sleep due to power button (uid 1000)...
12-21 07:00:32.187 5071-5071/? V/FingerprintService: startAuthentication(com.android.systemui)
12-21 07:00:32.187 5071-5071/? V/FingerprintService: starting client AuthenticationClient(com.android.systemui), initiatedByClient = true)
12-21 07:00:32.188 5071-5071/? W/FingerprintService: client com.android.systemui is authenticating...
12-21 07:00:32.787 5071-5146/? I/DisplayManagerService: Display device changed state: "Built-in Screen", OFF
12-21 07:00:33.128 5071-5150/? I/PowerManagerService: Sleeping (uid 1000)...
12-21 07:00:33.148 5071-5123/? I/ActivityManager: Setting hasTopUi=true for pid=7043
12-21 07:01:00.719 5071-8137/? I/ActivityManager: Start proc 24242:android.process.media/u0a8 for content provider com.android.providers.media/.MediaProvider
12-21 07:02:34.661 5071-3221/? D/ConnectivityService: Returning unblocked NetworkInfo to uid=10177
12-21 07:03:18.433 5071-8137/? I/ActivityManager: Start proc 24278:com.Slack/u0a188 for broadcast com.Slack/.push.SlackGcmReceiver
12-21 07:03:19.829 5071-12073/? W/ActivityManager: Unable to start service Intent { act=com.google.firebase.MESSAGING_EVENT pkg=com.Slack (has extras) } U=0: not found
12-21 07:03:48.564 5071-5130/? I/ActivityManager: Waited long enough for: ServiceRecord{6f2bc39 u0 ru.yandex.disk/.MediaMonitoringService}
12-21 07:04:28.775 5071-5071/? I/ActivityManager: Killing 14915:com.google.android.apps.plus/u0a77 (adj 906): empty #17
12-21 07:04:28.874 5071-28670/? D/ConnectivityService: ConnectivityService NetworkRequestInfo binderDied(NetworkRequest [ LISTEN id=488, [ Capabilities: INTERNET&NOT_RESTRICTED&TRUSTED&FOREGROUND] ], android.os.BinderProxy@a415a38)
12-21 07:04:28.875 5071-19633/? D/ActivityManager: cleanUpApplicationRecord -- 14915
12-21 07:04:28.878 5071-6958/? E/ConnectivityService: RemoteException caught trying to send a callback msg for NetworkRequest [ LISTEN id=488, [ Capabilities: INTERNET&NOT_RESTRICTED&TRUSTED&FOREGROUND] ]
12-21 07:05:29.908 5071-5129/? I/ActivityManager: Start proc 24351:com.google.android.apps.plus/u0a77 for service com.google.android.apps.plus/.service.EsSyncAdapterService
12-21 07:05:30.497 5071-5123/? W/ActivityManager: Permission Denial: opening provider com.android.providers.contacts.ContactsProvider2 from ProcessRecord{5562646 24351:com.google.android.apps.plus/u0a77} (pid=24351, uid=10077) requires android.permission.READ_CONTACTS or android.permission.WRITE_CONTACTS
12-21 07:05:30.504 5071-23586/? W/ActivityManager: Permission Denial: opening provider com.android.providers.contacts.ContactsProvider2 from ProcessRecord{5562646 24351:com.google.android.apps.plus/u0a77} (pid=24351, uid=10077) requires android.permission.READ_CONTACTS or android.permission.WRITE_CONTACTS
12-21 07:05:30.509 5071-3221/? W/ActivityManager: Permission Denial: opening provider com.android.providers.contacts.ContactsProvider2 from ProcessRecord{5562646 24351:com.google.android.apps.plus/u0a77} (pid=24351, uid=10077) requires android.permission.READ_CONTACTS or android.permission.WRITE_CONTACTS
12-21 07:05:30.574 5071-5123/? D/CryptdConnector: SND -> {313 cryptfs getpwtype}
12-21 07:05:30.575 376-383/? D/VoldCryptCmdListener: cryptfs getpwtype
12-21 07:05:30.577 5071-6780/? D/CryptdConnector: RCV <- {213 313 pin}
12-21 07:05:41.698 5071-5129/? E/SyncManager: Job params not found for 109717
12-21 07:05:41.710 5071-5129/? E/SyncManager: Job params not found for 105508
12-21 07:05:41.723 5071-5129/? E/SyncManager: Job params not found for 101470
12-21 07:05:41.735 5071-5129/? E/SyncManager: Job params not found for 106138
12-21 07:05:41.773 5071-8153/? D/ConnectivityService: Returning blocked NetworkInfo to uid=10162
12-21 07:05:41.812 5071-8102/? D/ConnectivityService: Returning blocked NetworkInfo to uid=10156
12-21 07:05:41.829 5071-12073/? D/ConnectivityService: Returning blocked NetworkInfo to uid=10177
12-21 07:05:41.835 5071-23586/? D/ConnectivityService: Returning blocked NetworkInfo to uid=10149
12-21 07:06:43.802 5071-6968/? D/ConnectivityService: Returning blocked NetworkInfo to uid=10089
12-21 07:07:11.673 5071-5133/? E/BatteryStatsService: no controller energy info supplied
12-21 07:09:42.744 5071-19628/? I/ActivityManager: Killing 19595:com.pinterest/u0a155 (adj 906): empty #17
12-21 07:09:42.828 5071-6968/? D/ActivityManager: cleanUpApplicationRecord -- 19595
12-21 07:14:44.762 5071-8100/? D/ConnectivityService: Returning unblocked NetworkInfo to uid=10177
12-21 07:14:44.809 5071-7283/? D/ConnectivityService: Returning unblocked NetworkInfo to uid=10149
12-21 07:21:34.479 5071-6958/? D/ConnectivityService: NetworkAgentInfo [WIFI () - 196] EVENT_NETWORK_INFO_CHANGED, going from CONNECTED to DISCONNECTED
12-21 07:21:34.479 5071-6958/? D/ConnectivityService: NetworkAgentInfo [WIFI () - 196] got DISCONNECTED, was satisfying 11
12-21 07:21:34.514 5071-6958/? D/ConnectivityService: Sending DISCONNECTED broadcast for type 1 NetworkAgentInfo [WIFI () - 196] isDefaultNetwork=true
12-21 07:21:34.763 5071-7238/? I/ActivityManager: Start proc 24668:com.google.android.apps.magazines/u0a148 for broadcast com.google.android.apps.magazines/com.google.apps.dots.android.newsstand.appwidget.NewsWidgetProvider
12-21 07:21:35.865 5071-3584/? D/ConnectivityService: registerNetworkAgent NetworkAgentInfo{ ni{[type: MOBILE[LTE], state: CONNECTED/CONNECTED, reason: connected, extra: internet, failover: false, available: true, roaming: false, metered: true]}  network{197}  nethandle{846124993246}  lp{{InterfaceName: rmnet_data0 LinkAddresses: [10.39.59.33/30,]  Routes: [0.0.0.0/0 -> 10.39.59.34 rmnet_data0,] DnsAddresses: [217.65.192.102,217.65.192.101,] Domains: null MTU: 1430 TcpBufferSizes: 524288,1048576,8388608,262144,524288,4194304}}  nc{[ Transports: CELLULAR Capabilities: SUPL&INTERNET&NOT_RESTRICTED&TRUSTED&NOT_VPN LinkUpBandwidth>=51200Kbps LinkDnBandwidth>=102400Kbps Specifier: <1>]}  Score{10}  everValidated{false}  lastValidated{false}  created{false} lingering{false} explicitlySelected{false} acceptUnvalidated{false} everCaptivePortalDetected{false} lastCaptivePortalDetected{false} }
12-21 07:21:35.865 5071-6958/? D/ConnectivityService: NetworkAgentInfo [MOBILE (LTE) - 197] EVENT_NETWORK_INFO_CHANGED, going from null to CONNECTED
12-21 07:21:35.869 5071-6958/? D/ConnectivityService: Adding iface rmnet_data0 to network 197
12-21 07:21:35.870 5071-3221/? D/NetworkNotificationManager: clearNotification id=65537
12-21 07:21:35.916 5071-6958/? D/ConnectivityService: Setting DNS servers for network 197 to [/217.65.192.102, /217.65.192.101]
12-21 07:21:35.953 5071-6958/? D/ConnectivityService: Switching to new default network: NetworkAgentInfo{ ni{[type: MOBILE[LTE], state: CONNECTED/CONNECTED, reason: connected, extra: internet, failover: false, available: true, roaming: false, metered: true]}  network{197}  nethandle{846124993246}  lp{{InterfaceName: rmnet_data0 LinkAddresses: [10.39.59.33/30,]  Routes: [0.0.0.0/0 -> 10.39.59.34 rmnet_data0,] DnsAddresses: [217.65.192.102,217.65.192.101,] Domains: null MTU: 1430 TcpBufferSizes: 524288,1048576,8388608,262144,524288,4194304}}  nc{[ Transports: CELLULAR Capabilities: SUPL&INTERNET&NOT_RESTRICTED&TRUSTED&NOT_VPN&FOREGROUND LinkUpBandwidth>=51200Kbps LinkDnBandwidth>=102400Kbps Specifier: <1>]}  Score{10}  everValidated{false}  lastValidated{false}  created{true} lingering{false} explicitlySelected{false} acceptUnvalidated{false} everCaptivePortalDetected{false} lastCaptivePortalDetected{false} }
12-21 07:21:35.960 5071-6958/? D/ConnectivityService: Sending CONNECTED broadcast for type 0 NetworkAgentInfo [MOBILE (LTE) - 197] isDefaultNetwork=true
12-21 07:21:35.966 5071-6958/? D/ConnectivityService: sending Proxy Broadcast for [217.65.192.33] 8080
12-21 07:21:36.005 5071-12900/? D/ConnectivityService: Returning blocked NetworkInfo to uid=10187
12-21 07:21:36.009 5071-16202/? D/ConnectivityService: Returning blocked NetworkInfo to uid=10098
12-21 07:21:36.011 5071-3584/? D/ConnectivityService: Returning blocked NetworkInfo to uid=10177
12-21 07:21:36.021 5071-19627/? D/ConnectivityService: Returning blocked NetworkInfo to uid=10149
12-21 07:21:36.327 5071-6958/? D/NetworkNotificationManager: clearNotification id=197
12-21 07:21:36.327 5071-6958/? D/ConnectivityService: NetworkAgentInfo [MOBILE (LTE) - 197] validation passed
12-21 07:21:37.010 5071-5130/? I/ActivityManager: Start proc 24789:com.pinterest/u0a155 for broadcast com.pinterest/.receiver.NetworkStatusReceiver
12-21 07:21:37.012 5071-5124/? I/ActivityManager: Killing 19695:me.bluemail.mail/u0a1873 (adj 906): empty #17
12-21 07:21:37.068 5071-12073/? D/ActivityManager: cleanUpApplicationRecord -- 19695
12-21 07:21:37.586 5071-6954/? D/ConnectivityService: registerNetworkAgent NetworkAgentInfo{ ni{[type: WIFI[], state: CONNECTING/CONNECTING, reason: (unspecified), extra: "remoteOffice", failover: false, available: true, roaming: false, metered: false]}  network{198}  nethandle{850419960542}  lp{{LinkAddresses: []  Routes: [] DnsAddresses: [] Domains: null MTU: 0}}  nc{[ Transports: WIFI Capabilities: NOT_METERED&INTERNET&NOT_RESTRICTED&TRUSTED&NOT_VPN LinkUpBandwidth>=1048576Kbps LinkDnBandwidth>=1048576Kbps]}  Score{20}  everValidated{false}  lastValidated{false}  created{false} lingering{false} explicitlySelected{false} acceptUnvalidated{false} everCaptivePortalDetected{false} lastCaptivePortalDetected{false} }
12-21 07:21:37.587 5071-6958/? D/ConnectivityService: NetworkAgentInfo [WIFI () - 198] EVENT_NETWORK_INFO_CHANGED, going from null to CONNECTING
12-21 07:21:38.116 5071-28671/? I/ActivityManager: Killing 23534:com.google.android.partnersetup/u0a18 (adj 906): empty #17
12-21 07:21:38.141 5071-8137/? I/ActivityManager: Start proc 24858:me.bluemail.mail/u0a1873 for broadcast me.bluemail.mail/com.trtf.blue.service.BootReceiver
12-21 07:21:38.148 5071-21581/? D/ActivityManager: cleanUpApplicationRecord -- 23534
12-21 07:21:38.461 24858-24877/? D/ActivityThread: Loading provider me.bluemail.mail.provider;me.bluemail.mail.notifier: com.android.emaileas.provider.EmailProvider
12-21 07:21:38.622 5071-5123/? W/ActivityManager: Unable to start service Intent { cmp=me.bluemail.mail/com.android.emaileas.service.AttachmentService } U=0: not found
12-21 07:21:38.625 5071-8100/? W/ActivityManager: Unable to start service Intent { cmp=me.bluemail.mail/com.android.emaileas.service.AttachmentService } U=0: not found
12-21 07:21:38.934 5071-6958/? D/ConnectivityService: NetworkAgentInfo [WIFI () - 198] EVENT_NETWORK_INFO_CHANGED, going from CONNECTING to CONNECTED
12-21 07:21:38.937 5071-6958/? D/ConnectivityService: Adding iface wlan0 to network 198
12-21 07:21:39.057 5071-6958/? D/ConnectivityService: Setting DNS servers for network 198 to [/212.121.128.10, /8.8.8.8]
12-21 07:21:39.808 5071-5123/? I/ActivityManager: Killing 23456:com.google.android.talk/u0a53 (adj 906): empty #17
12-21 07:21:39.908 5071-19631/? D/ActivityManager: cleanUpApplicationRecord -- 23456
12-21 07:21:39.940 5071-19628/? I/ActivityManager: Killing 23042:com.google.android.keep/u0a81 (adj 906): empty #17
12-21 07:21:39.998 5071-19632/? D/ActivityManager: cleanUpApplicationRecord -- 23042
12-21 07:21:40.114 5071-3221/? I/ActivityManager: Start proc 24949:com.google.android.talk/u0a53 for broadcast com.google.android.talk/com.google.android.apps.hangouts.service.broadcastreceiver.GcmStateReceiver
12-21 07:21:41.199 5071-5123/? D/ConnectivityService: Returning unblocked NetworkInfo to uid=10149
12-21 07:21:41.800 5071-28671/? D/ConnectivityService: Returning unblocked NetworkInfo to uid=10187
12-21 07:21:42.769 5071-8151/? D/CryptdConnector: SND -> {314 cryptfs getpwtype}
12-21 07:21:42.770 376-383/? D/VoldCryptCmdListener: cryptfs getpwtype
12-21 07:21:42.774 5071-6780/? D/CryptdConnector: RCV <- {213 314 pin}
12-21 07:21:44.502 5071-6958/? D/NetworkNotificationManager: clearNotification id=198
12-21 07:21:44.504 5071-6958/? D/ConnectivityService: NetworkAgentInfo [WIFI () - 198] validation passed
12-21 07:21:44.507 5071-6958/? D/ConnectivityService: Switching to new default network: NetworkAgentInfo{ ni{[type: WIFI[], state: CONNECTED/CONNECTED, reason: (unspecified), extra: "remoteOffice", failover: false, available: true, roaming: false, metered: false]}  network{198}  nethandle{850419960542}  lp{{InterfaceName: wlan0 LinkAddresses: [10.1.1.45/21,fe80::1e67:58ff:fe7e:a92d/64,]  Routes: [fe80::/64 -> :: wlan0,10.1.0.0/21 -> 0.0.0.0 wlan0,0.0.0.0/0 -> 10.1.0.1 wlan0,] DnsAddresses: [212.121.128.10,8.8.8.8,] Domains: mome MTU: 0 TcpBufferSizes: 524288,2097152,4194304,262144,524288,1048576}}  nc{[ Transports: WIFI Capabilities: NOT_METERED&INTERNET&NOT_RESTRICTED&TRUSTED&NOT_VPN&VALIDATED&FOREGROUND LinkUpBandwidth>=1048576Kbps LinkDnBandwidth>=1048576Kbps SignalStrength: -57]}  Score{60}  everValidated{true}  lastValidated{true}  created{true} lingering{false} explicitlySelected{false} acceptUnvalidated{false} everCaptivePortalDetected{false} lastCaptivePortalDetected{false} }
12-21 07:21:44.515 5071-6958/? D/ConnectivityService: sending Proxy Broadcast for [] 0 xl=
12-21 07:21:44.525 5071-6958/? D/ConnectivityService: Lingering NetworkAgentInfo [MOBILE (LTE) - 197] for 30000ms
12-21 07:21:44.526 5071-6958/? D/ConnectivityService: Sending DISCONNECTED broadcast for type 0 NetworkAgentInfo [MOBILE (LTE) - 197] isDefaultNetwork=true
12-21 07:21:44.529 5071-6958/? D/ConnectivityService: Sending CONNECTED broadcast for type 1 NetworkAgentInfo [WIFI () - 198] isDefaultNetwork=true
12-21 07:21:44.579 5071-6968/? D/ConnectivityService: Returning unblocked NetworkInfo to uid=10156
12-21 07:21:44.580 5071-19628/? D/ConnectivityService: Returning unblocked NetworkInfo to uid=10177
12-21 07:21:44.580 5071-28671/? D/ConnectivityService: Returning unblocked NetworkInfo to uid=10022
12-21 07:21:44.581 5071-3221/? D/ConnectivityService: Returning unblocked NetworkInfo to uid=10162
12-21 07:21:44.581 5071-8155/? D/ConnectivityService: Returning unblocked NetworkInfo to uid=10098
12-21 07:21:44.644 5071-5130/? W/ProcessCpuTracker: Skipping unknown process pid 25019
12-21 07:21:44.957 5071-22696/? D/ConnectivityService: Returning unblocked NetworkInfo to uid=11538
12-21 07:21:44.967 5071-8137/? D/ConnectivityService: Returning unblocked NetworkInfo to uid=10077
12-21 07:21:45.096 5071-8102/? D/ConnectivityService: Returning unblocked NetworkInfo to uid=10155
12-21 07:21:45.102 5071-3584/? D/ConnectivityService: Returning unblocked NetworkInfo to uid=10087
12-21 07:21:45.112 5071-19633/? D/ConnectivityService: Returning unblocked NetworkInfo to uid=10124
12-21 07:21:45.164 5071-8153/? D/ConnectivityService: Returning unblocked NetworkInfo to uid=11873

                                                      --------- beginning of main
12-21 07:21:46.205 3836-1077/? I/Netd: Destroyed 8 sockets for UidRanges{ 10000-2147483647 } skip={1001 1027 10006 10008 10012 10027 10029 10071 10083 10093 10101 10110 10170} in 1.9 ms
12-21 07:21:46.207 23221-23278/? I/tnet-jni: 3317 - [SpdySessionCallBack.getSSLMeta] - org.android.spdy.SpdySession@7084a73
12-21 07:21:46.209 25889-26149/? W/com.facebook.orca:m: onError=errType=READ_ERRORerrMsg=READ_ERROR Software caused connection abort
12-21 07:21:46.259 23221-23278/? I/tnet-jni: 3317 - [spdySessionFailedError] -
12-21 07:21:46.259 23221-23278/? I/tnet-jni: 3317 - [SpdySessionCallBack.spdySessionFailedError] - org.android.spdy.SpdySession@7084a73
12-21 07:21:46.259 23221-23278/? D/tnet-jni: 3317 - [SpdySession.cleanUp] -
12-21 07:21:46.276 5071-12739/? D/ConnectivityService: Returning blocked NetworkInfo to uid=10162
12-21 07:21:46.293 23221-23281/? D/tnet-jni: 3319 - [SpdySession.closeSession] -
12-21 07:21:46.294 23221-23278/? D/tnet-jni: 3317 - [SpdySession.clearAllStreamCb] -
12-21 07:21:46.295 23221-23278/? D/tnet-jni: 3317 - [SpdySession.cleanUp] -
12-21 07:21:46.430 5071-6968/? D/ConnectivityService: Returning blocked NetworkInfo to uid=10149
12-21 07:21:46.626 5071-21581/? D/ConnectivityService: Returning blocked NetworkInfo to uid=11873
12-21 07:21:49.954 22790-22834/? I/PlayCommon: [2123] com.google.android.play.a.g.e(900): Preparing logs for uploading
12-21 07:21:49.954 22790-22834/? I/PlayCommon: [2123] com.google.android.play.a.g.e(902): No file ready to send
12-21 07:21:50.099 24858-25110/? I/chatty: uid=11873(me.bluemail.mail) expire 2 lines
12-21 07:21:50.433 19774-19819/? I/downloadWifiLock: wifi lock released WifiLock{ a4ffb55; not refcounted }
12-21 07:21:50.447 19774-19813/? I/uploadWifiLock: wifi lock acquired WifiLock{ 64d055e; held; not refcounted }
12-21 07:21:50.510 19774-19813/? I/uploadWifiLock: wifi lock released WifiLock{ 64d055e; not refcounted }
12-21 07:21:53.734 25889-26214/? D/omnistore: AlarmManager::mainLoop calling alarm callbacks
12-21 07:21:54.283 19774-19813/? I/uploadWifiLock: wifi lock acquired WifiLock{ 64d055e; held; not refcounted }
12-21 07:21:54.328 19774-19813/? I/uploadWifiLock: wifi lock released WifiLock{ 64d055e; not refcounted }
12-21 07:21:56.531 25889-26214/? D/omnistore: AlarmManager::mainLoop calling alarm callbacks
12-21 07:21:56.531 25889-26214/? D/omnistore: Handling alarm for rate limited event SyncProtocol::onConnectionEstablished
12-21 07:21:56.531 25889-26214/? D/omnistore: SyncProtocol calling onConnectionEstablished callbacks
12-21 07:21:56.535 25889-26214/? D/omnistore: SendQueue::onConnectionEstablished: sending 0 transaction(s)
12-21 07:21:56.535 25889-26214/? D/omnistore: Start integrity check process
12-21 07:21:56.535 25889-26214/? D/omnistore: SharedQueueSubscriptionManager::onConnectionEstablished is called back
12-21 07:21:56.540 25889-26214/? I/omnistore: Connect message: queueName: messenger_contacts_android:829873811_5725CFBE6E926FBD76D4961B4DC19C5F, gvid: 6104
12-21 07:21:56.541 25889-26214/? I/omnistore: Connect message: queueName: messenger_user_prefs:829873811, gvid: 0
12-21 07:21:56.557 25889-26214/? I/omnistore: Connect message: queueName: mobile_config:829873811_5725CFBE6E926FBD76D4961B4DC19C5F, gvid: 916
12-21 07:21:56.557 25889-26214/? I/omnistore: Connect message: queueName: tincan_msg:829873811_AULGH7RA6BL6DQN4MUPLQ7H5KNRLCWWYCRLBIPLVYTKOKAW4VYLHM, gvid: 2
12-21 07:21:56.569 25889-26214/? I/omnistore: Client sent connect message
12-21 07:21:56.571 25889-26214/? D/omnistore: AlarmManager::clearAlarmTimer for key=SyncProtocol::onConnectionEstablished
12-21 07:21:56.582 25889-25980/? W/msgr.OmnistoreMqttJniHandler: Publish on topic /omni_c failed
                                                                 com.facebook.omnistore.mqtt.MessagePublisher$FailedToPublishException: Failed to publish and receive ack for message.
                                                                     at com.facebook.omnistore.mqtt.MessagePublisher$1.call(:423973)
                                                                     at com.facebook.omnistore.mqtt.MessagePublisher$1.call(:423970)
                                                                     at java.util.concurrent.FutureTask.run(FutureTask.java:237)
                                                                     at com.facebook.common.executors.ab.run(:62722)
                                                                     at java.util.concurrent.Executors$RunnableAdapter.call(Executors.java:428)
                                                                     at com.facebook.common.executors.es.run(:63290)
                                                                     at com.facebook.common.executors.ab.run(:62722)
                                                                     at java.util.concurrent.ThreadPoolExecutor.runWorker(ThreadPoolExecutor.java:1133)
                                                                     at java.util.concurrent.ThreadPoolExecutor$Worker.run(ThreadPoolExecutor.java:607)
                                                                     at com.facebook.common.executors.dm.run(:125566)
                                                                     at java.lang.Thread.run(Thread.java:761)
12-21 07:21:56.582 25889-25980/? D/omnistore: Publish failed for callback 0xd045b560
12-21 07:21:56.582 25889-25980/? I/omnistore: Error in sending connect payload.
12-21 07:22:10.875 6990-6990/? I/wpa_supplicant: wlan0: CTRL-EVENT-DISCONNECTED bssid=94:b4:0f:1b:5e:80 reason=3
12-21 07:22:10.883 5071-6954/? I/chatty: uid=1000(system) WifiStateMachin expire 46 lines
12-21 07:22:10.898 25889-26214/? D/omnistore: AlarmManager::mainLoop calling alarm callbacks
12-21 07:22:10.911 5071-6958/? D/ConnectivityService: NetworkAgentInfo [WIFI () - 198] EVENT_NETWORK_INFO_CHANGED, going from CONNECTED to DISCONNECTED
12-21 07:22:10.911 5071-6958/? D/ConnectivityService: NetworkAgentInfo [WIFI () - 198] got DISCONNECTED, was satisfying 11
12-21 07:22:10.914 3836-5188/? D/CommandListener: Setting iface cfg
12-21 07:22:10.924 13484-13484/? V/ConnectivityActionReceiver: action: android.net.wifi.STATE_CHANGE
12-21 07:22:10.924 13484-13484/? V/ConnectivityActionReceiver: component: ComponentInfo{com.owncloud.android/com.owncloud.android.broadcastreceivers.ConnectivityActionReceiver}
12-21 07:22:10.924 13484-13484/? V/ConnectivityActionReceiver: key [networkInfo]: [type: WIFI[], state: DISCONNECTED/DISCONNECTED, reason: (unspecified), extra: <unknown ssid>, failover: false, available: true, roaming: false, metered: false]
12-21 07:22:10.924 13484-13484/? V/ConnectivityActionReceiver: key [linkProperties]: {InterfaceName: wlan0 LinkAddresses: [10.1.1.45/21,fe80::1e67:58ff:fe7e:a92d/64,]  Routes: [fe80::/64 -> :: wlan0,10.1.0.0/21 -> 0.0.0.0 wlan0,0.0.0.0/0 -> 10.1.0.1 wlan0,] DnsAddresses: [212.121.128.10,8.8.8.8,] Domains: mome MTU: 0 TcpBufferSizes: 524288,2097152,4194304,262144,524288,1048576}
12-21 07:22:10.925 13484-13484/? D/ConnectivityActionReceiver: WiFi disconnected ... but don't know if right now
12-21 07:22:10.927 19317-19317/? I/AviaryCdsReceiver: ACTION: android.net.wifi.STATE_CHANGE
12-21 07:22:10.928 19317-19317/? V/AviaryCdsReceiver: not connected
12-21 07:22:10.930 13484-13484/? V/ConnectivityActionReceiver: action: android.net.wifi.STATE_CHANGE
12-21 07:22:10.931 13484-13484/? V/ConnectivityActionReceiver: component: ComponentInfo{com.owncloud.android/com.owncloud.android.broadcastreceivers.ConnectivityActionReceiver}
12-21 07:22:10.931 13484-13484/? V/ConnectivityActionReceiver: key [networkInfo]: [type: WIFI[], state: DISCONNECTED/DISCONNECTED, reason: (unspecified), extra: <unknown ssid>, failover: false, available: true, roaming: false, metered: false]
12-21 07:22:10.931 13484-13484/? V/ConnectivityActionReceiver: key [linkProperties]: {LinkAddresses: []  Routes: [] DnsAddresses: [] Domains: null MTU: 0}
12-21 07:22:10.931 13484-13484/? V/ConnectivityActionReceiver: key [bssid]: 94:b4:0f:1b:5e:80
12-21 07:22:10.931 13484-13484/? D/ConnectivityActionReceiver: WiFi disconnected ... but don't know if right now
12-21 07:22:10.934 19317-19317/? I/AviaryCdsReceiver: ACTION: android.net.wifi.STATE_CHANGE
12-21 07:22:10.934 19317-19317/? V/AviaryCdsReceiver: not connected
12-21 07:22:10.965 6990-6990/? I/wpa_supplicant: wlan0: CTRL-EVENT-REGDOM-CHANGE init=USER type=COUNTRY alpha2=RS
12-21 07:22:10.968 3836-5180/? I/Netd: Destroyed 18 sockets on 10.1.1.45 in 1.7 ms
12-21 07:22:10.969 8011-25030/? I/chatty: uid=10012 com.google.android.gms.persistent expire 3 lines
12-21 07:22:10.973 3836-5188/? D/CommandListener: Clearing all IP addresses on wlan0
12-21 07:22:10.977 24858-25136/? I/chatty: uid=11873(me.bluemail.mail) expire 1 line
12-21 07:22:10.980 24858-25142/? I/chatty: uid=11873(me.bluemail.mail) expire 2 lines
12-21 07:22:10.984 24858-25119/? I/chatty: uid=11873(me.bluemail.mail) expire 2 lines
12-21 07:22:10.986 24858-25139/? I/chatty: uid=11873(me.bluemail.mail) expire 1 line
12-21 07:22:10.988 24858-25124/? I/chatty: uid=11873(me.bluemail.mail) expire 3 lines
12-21 07:22:10.990 24858-25133/? I/chatty: uid=11873(me.bluemail.mail) expire 1 line
12-21 07:22:10.991 8072-8185/? W/QCNEJ: |CORE| network lost: 198
12-21 07:22:10.992 5071-6958/? D/ConnectivityService: Sending DISCONNECTED broadcast for type 1 NetworkAgentInfo [WIFI () - 198] isDefaultNetwork=true
12-21 07:22:10.992 8072-8185/? W/QCNEJ: |CORE| onLost: unbind the process to WIFI
12-21 07:22:10.994 24858-25130/? I/chatty: uid=11873(me.bluemail.mail) expire 2 lines
12-21 07:22:10.995 5071-6958/? D/ConnectivityService: Switching to new default network: NetworkAgentInfo{ ni{[type: MOBILE[LTE], state: CONNECTED/CONNECTED, reason: connected, extra: internet, failover: false, available: true, roaming: false, metered: true]}  network{197}  nethandle{846124993246}  lp{{InterfaceName: rmnet_data0 LinkAddresses: [10.39.59.33/30,]  Routes: [0.0.0.0/0 -> 10.39.59.34 rmnet_data0,] DnsAddresses: [217.65.192.102,217.65.192.101,] Domains: null MTU: 1430 TcpBufferSizes: 524288,1048576,8388608,262144,524288,4194304 HttpProxy: [217.65.192.33] 8080 }}  nc{[ Transports: CELLULAR Capabilities: SUPL&INTERNET&NOT_RESTRICTED&TRUSTED&NOT_VPN&VALIDATED&FOREGROUND LinkUpBandwidth>=51200Kbps LinkDnBandwidth>=102400Kbps Specifier: <1>]}  Score{50}  everValidated{true}  lastValidated{true}  created{true} lingering{true} explicitlySelected{false} acceptUnvalidated{false} everCaptivePortalDetected{false} lastCaptivePortalDetected{false} }
12-21 07:22:10.995 24858-25116/? I/chatty: uid=11873(me.bluemail.mail) expire 3 lines
12-21 07:22:10.997 5071-6958/? D/ConnectivityService: sending Proxy Broadcast for [217.65.192.33] 8080
12-21 07:22:11.003 5071-6958/? D/ConnectivityService: Unlingering NetworkAgentInfo [MOBILE (LTE) - 197]
12-21 07:22:11.003 5071-6958/? D/ConnectivityService: Sending CONNECTED broadcast for type 0 NetworkAgentInfo [MOBILE (LTE) - 197] isDefaultNetwork=true
12-21 07:22:11.017 5071-6968/? D/ConnectivityService: Returning blocked NetworkInfo to uid=10022
12-21 07:22:11.017 5071-5123/? D/ConnectivityService: Returning blocked NetworkInfo to uid=10156
12-21 07:22:11.020 5071-5124/? D/ConnectivityService: Returning blocked NetworkInfo to uid=10177
12-21 07:22:11.035 5071-8100/? D/ConnectivityService: Returning blocked NetworkInfo to uid=10098
12-21 07:22:11.038 23221-23221/? I/TLog.TLogInitializer: The network is not WiFi and cancel the upload Task!
12-21 07:22:11.061 11685-11708/? D/RcsStack: a: processConnectivityIntent(): mNetworkInfo=[type: WIFI[], state: DISCONNECTED/BLOCKED, reason: (unspecified), extra: (none), failover: false, available: true, roaming: false, metered: false] isConnected=false mState=DISCONNECTED
12-21 07:22:11.070 12621-12656/? I/SarControlServiceFlow: resetSARRuleDataList, the sar rule has been switched to boot mode
12-21 07:22:11.070 12621-12656/? I/SarControlServiceFlow: getSARControlOperation:searchKey is 0,1,0,0,0,0,0
12-21 07:22:11.070 12621-12656/? E/SarControlService: no key has been found,reset the power
12-21 07:22:11.071 5071-8100/? D/ConnectivityService: Returning blocked NetworkInfo to uid=10187
12-21 07:22:11.078 10009-10009/? D/HomePageNetwork: updateIsLowNetworkMode:currentConnectType = CONNECT_TYPE_DISCONNECT
12-21 07:22:11.078 10009-10009/? D/HomePageNetwork: setLowNetworkMode:GOOD
12-21 07:22:11.086 11685-11708/? D/RcsStack: a: processConnectivityIntent(): mNetworkInfo=[type: MOBILE[LTE], state: DISCONNECTED/BLOCKED, reason: (unspecified), extra: (none), failover: false, available: true, roaming: false, metered: true] isConnected=false mState=DISCONNECTED
12-21 07:22:11.089 23503-23503/? D/NetworkChangeNotifierAutoDetect: Network connectivity changed, type is: 5
12-21 07:22:11.090 12621-12659/? I/QcRilHookFlow: invoke the qcRilSetSarDsi method,power:0
12-21 07:22:11.090 12621-12659/? D/QC_RIL_OEM_HOOK: qcRilSetSarDsi: index : 0,compatibilityKey : 0
12-21 07:22:11.090 12621-12659/? V/QC_RIL_OEM_HOOK: sendRilOemHookMsgAsync: Outgoing Data is 514f454d484f4f4bc9000800080000000000000000000000
12-21 07:22:11.091 12621-12659/? I/QcRilHookFlow: invoke the qcRilSetSarWifiTxPower method,power:127
12-21 07:22:11.091 12621-12659/? D/QC_RIL_OEM_HOOK: qcRilSetSarWifiTxPower: power : 127
12-21 07:22:11.091 12621-12659/? V/QC_RIL_OEM_HOOK: sendRilOemHookMsgAsync: Outgoing Data is 514f454d484f4f4b12200900040000007f000000
12-21 07:22:11.095 12621-12637/? D/QC_RIL_OEM_HOOK: qcRilSetSarDsi DONE!
12-21 07:22:11.096 23221-23221/? I/TLog.TLogInitializer: The network is not WiFi and cancel the upload Task!
12-21 07:22:11.107 10009-10009/? I/TLog.TLogInitializer: The network is not WiFi and cancel the upload Task!
12-21 07:22:11.123 24668-24668/? D/NSConnectivityManager: Network type changed to: 8
12-21 07:22:11.153 12621-5104/? D/QC_RIL_OEM_HOOK: qcRilSetSarWifiTxPower DONE!
12-21 07:22:11.169 10009-10009/? I/TLog.TLogInitializer: The network is not WiFi and cancel the upload Task!
12-21 07:22:11.215 24668-24668/? D/NSConnectivityManager: Network type changed to: 8
12-21 07:22:11.247 3836-5188/? E/Netd: netlink response contains error (No such file or directory)
