12-23 10:56:00.030 939-1880/? I/ActivityManager: Delay finish: com.google.android.partnersetup/.RlzPingBroadcastReceiver
12-23 10:56:00.068 939-2447/? I/ActivityManager: Killing 19034:android.process.acore/u0a46 (adj 15): empty #9
12-23 10:56:00.261 939-1884/? I/ActivityManager: Start proc 19410:com.google.android.gms.wearable/u0a28 for service com.google.android.gms/.wearable.service.WearableControlService
12-23 10:56:00.301 19410-19410/? W/ResourcesManager: Asset path '/system/framework/com.android.media.remotedisplay.jar' does not exist or contains no resources.
12-23 10:56:00.301 19410-19410/? W/ResourcesManager: Asset path '/system/framework/com.android.location.provider.jar' does not exist or contains no resources.
12-23 10:56:00.360 939-1882/? I/ActivityManager: Resuming delayed broadcast
12-23 10:56:00.367 939-1790/? I/ActivityManager: Delay finish: com.google.android.partnersetup/.AppInstalledReceiver
12-23 10:56:00.383 939-2447/? I/ActivityManager: Resuming delayed broadcast
12-23 10:56:00.420 939-2447/? I/ActivityManager: Start proc 19435:com.android.musicfx/u0a34 for broadcast com.android.musicfx/.Compatibility$Receiver
12-23 10:56:00.421 939-1880/? I/ActivityManager: Killing 19195:com.google.android.gm.exchange/u0a93 (adj 15): empty #9
12-23 10:56:00.520 939-960/? I/ActivityManager: Start proc 19455:com.android.vending/u0a39 for broadcast com.android.vending/com.google.android.finsky.receivers.PackageMonitorReceiver$RegisteredReceiver
12-23 10:56:00.526 939-1883/? I/ActivityManager: Killing 19221:com.google.android.gm/u0a97 (adj 15): empty #9
12-23 10:56:00.608 939-2256/? I/ActivityManager: Killing 19309:com.android.keychain/1000 (adj 15): empty #9
12-23 10:56:00.784 939-1881/? I/ActivityManager: Start proc 19491:com.google.android.gms:car/u0a28 for service com.google.android.gms/.car.CarService
12-23 10:56:00.832 19491-19491/? W/ResourcesManager: Asset path '/system/framework/com.android.media.remotedisplay.jar' does not exist or contains no resources.
12-23 10:56:00.832 19491-19491/? W/ResourcesManager: Asset path '/system/framework/com.android.location.provider.jar' does not exist or contains no resources.
12-23 10:56:00.888 939-1368/? I/ActivityManager: Start proc 19512:com.sonymobile.social.services/u0a27 for broadcast com.sonyericsson.facebook.proxylogin/.permissions.PackageChangedReceiver
12-23 10:56:00.889 939-1368/? I/ActivityManager: Killing 19333:com.realvnc.android.remote/u0a130 (adj 15): empty #9
12-23 10:56:01.034 939-2457/? I/ActivityManager: Start proc 19540:com.sonyericsson.album/u0a43 for broadcast com.sonyericsson.album/.online.UpdateReceiver
12-23 10:56:01.049 939-961/? I/ActivityManager: Killing 19354:com.sonyericsson.updatecenter/u0a61 (adj 15): empty #9
12-23 10:56:01.086 19540-19540/? W/ResourcesManager: Asset path '/system/framework/com.sonymobile.playanywhere.jar' does not exist or contains no resources.
12-23 10:56:01.086 19540-19540/? W/ResourcesManager: Asset path '/system/framework/com.sonymobile.remotefileaccess.jar' does not exist or contains no resources.
12-23 10:56:01.087 19540-19540/? W/ResourcesManager: Asset path '/system/framework/com.google.android.maps.jar' does not exist or contains no resources.
12-23 10:56:01.087 19540-19540/? W/ResourcesManager: Asset path '/system/framework/com.sonyericsson.dlna_impl.jar' does not exist or contains no resources.
12-23 10:56:01.087 19540-19540/? W/ResourcesManager: Asset path '/system/framework/com.sonymobile.drmstream_impl.jar' does not exist or contains no resources.
12-23 10:56:01.087 19540-19540/? W/ResourcesManager: Asset path '/system/framework/com.sonymobile.photoanalyzer_impl.jar' does not exist or contains no resources.
12-23 10:56:01.087 19540-19540/? W/ResourcesManager: Asset path '/system/framework/com.sonyericsson.colorextraction_impl.jar' does not exist or contains no resources.
12-23 10:56:01.087 19540-19540/? W/ResourcesManager: Asset path '/system/framework/com.sony.device.jar' does not exist or contains no resources.
12-23 10:56:01.088 19540-19540/? W/ResourcesManager: Asset path '/system/framework/com.sonyericsson.illumination.jar' does not exist or contains no resources.
12-23 10:56:01.088 19540-19540/? W/ResourcesManager: Asset path '/system/framework/com.sonymobile.settings.illumination.jar' does not exist or contains no resources.
12-23 10:56:01.123 939-2457/? I/ActivityManager: Killing 18943:com.android.exchange/u0a25 (adj 15): empty #9
12-23 10:56:01.259 939-1810/? I/ActivityManager: Start proc 19564:android.process.acore/u0a46 for broadcast com.android.providers.contacts/.PackageIntentReceiver
12-23 10:56:01.260 939-1810/? I/ActivityManager: Killing 19410:com.google.android.gms.wearable/u0a28 (adj 15): empty #9
12-23 10:56:01.425 939-1790/? I/ActivityManager: Start proc 19585:com.google.android.googlequicksearchbox:search/u0a62 for broadcast com.google.android.googlequicksearchbox/com.google.android.search.core.icingsync.IcingCorporaChangedReceiver
12-23 10:56:01.426 939-1790/? I/ActivityManager: Killing 19384:com.google.android.partnersetup/u0a31 (adj 15): empty #9
12-23 10:56:01.579 939-1790/? I/ActivityManager: Delay finish: com.sonyericsson.extras.liveware/.aef.service.InstallEventReceiver
12-23 10:56:01.588 939-2447/? I/ActivityManager: Resuming delayed broadcast
12-23 10:56:01.627 939-2447/? I/ActivityManager: Start proc 19611:com.sonymobile.entrance/u0a69 for broadcast com.sonymobile.entrance/.logging.PackageInstallationReceiver
12-23 10:56:01.678 19611-19611/? W/ResourcesManager: Asset path '/system/framework/com.sonyericsson.updatecenter.jar' does not exist or contains no resources.
12-23 10:56:01.740 939-1884/? I/ActivityManager: Start proc 19635:com.google.android.partnersetup/u0a31 for content provider com.google.android.partnersetup/.RlzAppProvider
12-23 10:56:01.808 939-1883/? I/ActivityManager: Killing 19435:com.android.musicfx/u0a34 (adj 15): empty #9
12-23 10:56:01.875 939-1881/? I/ActivityManager: Killing 18891:com.android.defcontainer/u0a23 (adj 15): empty #9
12-23 10:56:01.917 939-1881/? I/ActivityManager: Killing 19491:com.google.android.gms:car/u0a28 (adj 15): empty #9
12-23 10:56:01.947 939-2256/? W/ActivityManager: Scheduling restart of crashed service com.google.android.gms/.car.CarService in 1000ms
12-23 10:56:02.050 939-1880/? I/ActivityManager: Start proc 19672:com.sonymobile.autopairing/u0a148 for broadcast com.sonymobile.autopairing/.AndroidPackageIntentReceiver
12-23 10:56:02.106 19672-19672/? W/ResourcesManager: Asset path '/system/framework/com.sonymobile.tvout.wifidisplay_impl.jar' does not exist or contains no resources.
12-23 10:56:02.172 939-1879/? I/ActivityManager: Killing 19455:com.android.vending/u0a39 (adj 15): empty #9
12-23 10:56:02.258 939-960/? I/ActivityManager: Start proc 19698:com.android.musicfx/u0a34 for broadcast com.android.musicfx/.Compatibility$Receiver
12-23 10:56:02.343 939-2256/? I/ActivityManager: Delay finish: com.sonyericsson.facebook.proxylogin/.permissions.PackageChangedReceiver
12-23 10:56:02.354 939-2416/? I/ActivityManager: Resuming delayed broadcast
12-23 10:56:02.422 939-1790/? I/ActivityManager: Start proc 19724:com.google.android.apps.magazines/u0a112 for broadcast com.google.android.apps.magazines/com.google.apps.dots.android.app.receiver.FirstInstallNotificationReceiver
12-23 10:56:02.427 939-1790/? I/ActivityManager: Killing 19611:com.sonymobile.entrance/u0a69 (adj 15): empty #9
12-23 10:56:02.576 939-960/? W/ActivityManager: getRunningAppProcesses: caller 10112 does not hold REAL_GET_TASKS; limiting output
12-23 10:56:03.149 939-960/? W/ActivityManager: getRunningAppProcesses: caller 10112 does not hold REAL_GET_TASKS; limiting output
12-23 10:56:03.151 939-1882/? W/ActivityManager: getRunningAppProcesses: caller 10112 does not hold REAL_GET_TASKS; limiting output
12-23 10:56:03.204 939-2415/? I/ActivityManager: Killing 19635:com.google.android.partnersetup/u0a31 (adj 15): empty #9
12-23 10:56:03.331 939-2415/? I/ActivityManager: Start proc 19801:com.sonyericsson.xhs/u0a178 for broadcast com.sonyericsson.xhs/com.sonymobile.xhs.receivers.XLPackageUpdateReceiver
12-23 10:56:03.333 939-2415/? I/ActivityManager: Killing 19246:com.google.android.apps.docs/u0a90 (adj 15): empty #9
12-23 10:56:03.734 939-2256/? I/ActivityManager: Start proc 19842:com.sony.nfx.app.sfrc/u0a185 for broadcast com.sony.nfx.app.sfrc/.SocialifeUpdateReceiver
12-23 10:56:03.775 939-960/? I/ActivityManager: Killing 19698:com.android.musicfx/u0a34 (adj 15): empty #9
12-23 10:56:03.957 939-961/? I/ActivityManager: Start proc 19865:com.sonyericsson.updatecenter/u0a61 for broadcast com.sonyericsson.updatecenter/.launcher.UpdateCenterLauncher
12-23 10:56:03.958 939-961/? I/ActivityManager: Killing 19512:com.sonymobile.social.services/u0a27 (adj 15): empty #9
12-23 10:56:04.064 19865-19865/? W/ResourcesManager: Asset path '/system/framework/com.sonyericsson.uxpres.jar' does not exist or contains no resources.
12-23 10:56:04.064 19865-19865/? W/ResourcesManager: Asset path '/system/framework/com.sonymobile.devicesecurity_impl.jar' does not exist or contains no resources.
12-23 10:56:04.064 19865-19865/? W/ResourcesManager: Asset path '/system/framework/com.sonymobile.help.jar' does not exist or contains no resources.
12-23 10:56:04.065 19865-19865/? W/ResourcesManager: Asset path '/system/framework/com.sonyericsson.updatecenter.jar' does not exist or contains no resources.
12-23 10:56:04.065 19865-19865/? W/ResourcesManager: Asset path '/system/framework/com.sonymobile.fota.jar' does not exist or contains no resources.
12-23 10:56:04.261 939-2256/? I/ActivityManager: Start proc 19898:com.android.exchange/u0a25 for broadcast com.android.exchange/.ExchangeBroadcastReceiver
12-23 10:56:04.325 939-1879/? I/ActivityManager: Killing 19540:com.sonyericsson.album/u0a43 (adj 15): empty #9
12-23 10:56:04.473 19898-19898/? W/ResourcesManager: Asset path '/system/framework/com.sonymobile.provider.tasks.jar' does not exist or contains no resources.
12-23 10:56:04.473 19898-19898/? W/ResourcesManager: Asset path '/system/framework/com.sonymobile.smime.jar' does not exist or contains no resources.
12-23 10:56:04.474 19898-19898/? W/ResourcesManager: Asset path '/system/framework/jcifs.jar' does not exist or contains no resources.
12-23 10:56:04.474 19898-19898/? W/ResourcesManager: Asset path '/system/framework/com.google.protobuf-2.3.0.jar' does not exist or contains no resources.
12-23 10:56:04.474 19898-19898/? W/ResourcesManager: Asset path '/system/framework/com.sonyericsson.idd.jar' does not exist or contains no resources.
12-23 10:56:04.558 939-2457/? I/ActivityManager: Killing 19564:android.process.acore/u0a46 (adj 15): empty #9
12-23 10:56:04.828 939-1881/? I/ActivityManager: Start proc 19929:com.google.android.partnersetup/u0a31 for broadcast com.google.android.partnersetup/.RlzPingBroadcastReceiver
12-23 10:56:04.967 939-1882/? I/ActivityManager: Start proc 19948:com.android.vending/u0a39 for broadcast com.android.vending/com.google.android.finsky.receivers.AccountsChangedReceiver
12-23 10:56:04.990 939-2416/? I/ActivityManager: Killing 19585:com.google.android.googlequicksearchbox:search/u0a62 (adj 15): empty #9
12-23 10:56:05.309 939-960/? I/ActivityManager: Start proc 19988:com.google.android.gms:car/u0a28 for service com.google.android.gms/.car.CarService
12-23 10:56:05.355 19988-19988/? W/ResourcesManager: Asset path '/system/framework/com.android.media.remotedisplay.jar' does not exist or contains no resources.
12-23 10:56:05.356 19988-19988/? W/ResourcesManager: Asset path '/system/framework/com.android.location.provider.jar' does not exist or contains no resources.
12-23 10:56:05.414 939-1879/? I/ActivityManager: Start proc 20011:com.sonymobile.social.services/u0a27 for broadcast com.sonyericsson.facebook.proxylogin/.AccountChecker
12-23 10:56:05.415 939-1879/? I/ActivityManager: Killing 19724:com.google.android.apps.magazines/u0a112 (adj 15): empty #9
12-23 10:56:05.416 939-1879/? I/libprocessgroup: Killing pid 19769 in uid 10112 as part of process group 19724
12-23 10:56:05.416 939-1879/? I/libprocessgroup: Killing pid 19769 in uid 10112 as part of process group 19724
12-23 10:56:05.417 939-1879/? I/libprocessgroup: Killing pid 19769 in uid 10112 as part of process group 19724
12-23 10:56:05.417 939-1879/? I/libprocessgroup: Killing pid 19769 in uid 10112 as part of process group 19724
12-23 10:56:05.418 939-1879/? I/libprocessgroup: Killing pid 19769 in uid 10112 as part of process group 19724
12-23 10:56:05.420 939-1879/? I/libprocessgroup: Killing pid 19769 in uid 10112 as part of process group 19724
12-23 10:56:05.423 939-1879/? I/libprocessgroup: Killing pid 19769 in uid 10112 as part of process group 19724
12-23 10:56:05.430 939-1879/? I/libprocessgroup: Killing pid 19769 in uid 10112 as part of process group 19724
12-23 10:56:05.443 939-1879/? I/libprocessgroup: Killing pid 19769 in uid 10112 as part of process group 19724
12-23 10:56:05.590 939-2447/? I/ActivityManager: Start proc 20035:com.sonyericsson.album/u0a43 for broadcast com.sonyericsson.album/.online.accounts.AccountReceiver
12-23 10:56:05.617 939-2415/? I/ActivityManager: Killing 19672:com.sonymobile.autopairing/u0a148 (adj 15): empty #9
12-23 10:56:05.694 20035-20035/? W/ResourcesManager: Asset path '/system/framework/com.sonymobile.playanywhere.jar' does not exist or contains no resources.
12-23 10:56:05.694 20035-20035/? W/ResourcesManager: Asset path '/system/framework/com.sonymobile.remotefileaccess.jar' does not exist or contains no resources.
12-23 10:56:05.695 20035-20035/? W/ResourcesManager: Asset path '/system/framework/com.google.android.maps.jar' does not exist or contains no resources.
12-23 10:56:05.695 20035-20035/? W/ResourcesManager: Asset path '/system/framework/com.sonyericsson.dlna_impl.jar' does not exist or contains no resources.
12-23 10:56:05.695 20035-20035/? W/ResourcesManager: Asset path '/system/framework/com.sonymobile.drmstream_impl.jar' does not exist or contains no resources.
12-23 10:56:05.695 20035-20035/? W/ResourcesManager: Asset path '/system/framework/com.sonymobile.photoanalyzer_impl.jar' does not exist or contains no resources.
12-23 10:56:05.695 20035-20035/? W/ResourcesManager: Asset path '/system/framework/com.sonyericsson.colorextraction_impl.jar' does not exist or contains no resources.
12-23 10:56:05.695 20035-20035/? W/ResourcesManager: Asset path '/system/framework/com.sony.device.jar' does not exist or contains no resources.
12-23 10:56:05.696 20035-20035/? W/ResourcesManager: Asset path '/system/framework/com.sonyericsson.illumination.jar' does not exist or contains no resources.
12-23 10:56:05.696 20035-20035/? W/ResourcesManager: Asset path '/system/framework/com.sonymobile.settings.illumination.jar' does not exist or contains no resources.
12-23 10:56:05.729 939-1880/? I/ActivityManager: Killing 19801:com.sonyericsson.xhs/u0a178 (adj 15): empty #9
12-23 10:56:05.919 939-1368/? I/ActivityManager: Start proc 20063:com.sonymobile.socialengine.plugins/u0a53 for broadcast com.sonyericsson.socialengine.plugins.facebook/.sync.AccountChecker
12-23 10:56:05.928 939-1882/? I/ActivityManager: Killing 19842:com.sony.nfx.app.sfrc/u0a185 (adj 15): empty #9
12-23 10:56:06.205 939-1368/? I/ActivityManager: Start proc 20086:com.google.android.googlequicksearchbox:search/u0a62 for broadcast com.google.android.googlequicksearchbox/com.google.android.sidekick.main.AccountsChangedReceiver
12-23 10:56:06.210 939-2415/? I/ActivityManager: Killing 19865:com.sonyericsson.updatecenter/u0a61 (adj 15): empty #9
12-23 10:56:06.480 939-1810/? I/ActivityManager: Start proc 20114:com.android.chrome/u0a85 for broadcast com.android.chrome/com.google.android.apps.chrome.minutemaid.ChainedAccountsChangedReceiver
12-23 10:56:06.623 939-1882/? I/ActivityManager: Start proc 20146:com.google.android.apps.docs/u0a90 for broadcast com.google.android.apps.docs/.storagebackend.LoginAccountsChangedReceiver
12-23 10:56:06.625 939-1882/? I/ActivityManager: Killing 19898:com.android.exchange/u0a25 (adj 15): empty #9
12-23 10:56:06.662 939-961/? I/ActivityManager: Killing 19988:com.google.android.gms:car/u0a28 (adj 15): empty #9
12-23 10:56:06.696 939-1884/? W/ActivityManager: getRunningAppProcesses: caller 10090 does not hold REAL_GET_TASKS; limiting output
12-23 10:56:06.716 939-1880/? W/ActivityManager: Scheduling restart of crashed service com.google.android.gms/.car.CarService in 1000ms
12-23 10:56:06.717 939-1790/? W/ActivityManager: getRunningAppProcesses: caller 10090 does not hold REAL_GET_TASKS; limiting output
12-23 10:56:06.727 939-2415/? W/ActivityManager: getRunningAppProcesses: caller 10090 does not hold REAL_GET_TASKS; limiting output
12-23 10:56:06.746 939-2447/? W/ActivityManager: getRunningAppProcesses: caller 10090 does not hold REAL_GET_TASKS; limiting output
12-23 10:56:06.828 939-939/? W/ResourcesManager: Asset path '/system/framework/com.sonyericsson.uxpres.jar' does not exist or contains no resources.
12-23 10:56:06.829 939-939/? W/ResourcesManager: Asset path '/system/framework/com.sonymobile.smime.jar' does not exist or contains no resources.
12-23 10:56:06.829 939-939/? W/ResourcesManager: Asset path '/system/framework/com.google.protobuf-2.3.0.jar' does not exist or contains no resources.
12-23 10:56:06.829 939-939/? W/ResourcesManager: Asset path '/system/framework/com.sonyericsson.idd.jar' does not exist or contains no resources.
12-23 10:56:06.862 939-2457/? I/ActivityManager: Start proc 20169:com.sony.smallapp.launcher/u0a146 for content provider com.sony.smallapp.launcher/.SmallAppInfoProvider
12-23 10:56:06.938 20169-20169/? W/ResourcesManager: Asset path '/system/framework/com.sony.smallapp.jar' does not exist or contains no resources.
12-23 10:56:07.070 939-963/? W/ResourcesManager: Asset path '/system/framework/com.google.android.maps.jar' does not exist or contains no resources.
12-23 10:56:07.071 939-963/? W/ResourcesManager: Asset path '/system/framework/com.sonymobile.settings.illumination.jar' does not exist or contains no resources.
12-23 10:56:07.095 939-939/? D/BackupManagerService: Received broadcast Intent { act=android.intent.action.PACKAGE_CHANGED dat=package:com.sonyericsson.soundenhancement flg=0x4000010 (has extras) }
12-23 10:56:07.141 939-939/? D/BackupManagerService: Received broadcast Intent { act=android.intent.action.PACKAGE_CHANGED dat=package:com.android.musicfx flg=0x4000010 (has extras) }
12-23 10:56:07.170 939-961/? I/ActivityManager: Killing 19948:com.android.vending/u0a39 (adj 15): empty #9
12-23 10:56:07.486 939-2416/? I/ActivityManager: Start proc 20218:com.google.android.gm.exchange/u0a93 for broadcast com.google.android.gm.exchange/com.android.exchange.ExchangeBroadcastReceiver
12-23 10:56:07.590 939-2416/? I/ActivityManager: Start proc 20236:com.google.android.gm/u0a97 for content provider com.google.android.gm/com.android.email.provider.EmailProvider
12-23 10:56:07.711 20236-20261/? D/ActivityThread: Loading provider com.google.android.gmail.provider;com.android.mail.notifier;com.google.android.gm.email.provider;com.google.android.gm.email.notifier: com.android.email.provider.EmailProvider
12-23 10:56:07.947 939-960/? W/ActivityManager: Unable to start service Intent { cmp=com.google.android.gm/com.android.email.service.AttachmentService } U=0: not found
12-23 10:56:08.028 939-1880/? I/ActivityManager: Delay finish: com.google.android.gm/.AccountsChangedReceiver
12-23 10:56:08.041 939-2457/? I/ActivityManager: Resuming delayed broadcast
12-23 10:56:08.043 939-2415/? I/ActivityManager: Killing 20011:com.sonymobile.social.services/u0a27 (adj 15): empty #9
12-23 10:56:08.147 939-2256/? I/ActivityManager: Delay finish: com.google.android.gm/com.android.email.service.EmailBroadcastReceiver
12-23 10:56:08.159 939-1880/? I/ActivityManager: Resuming delayed broadcast
12-23 10:56:08.205 939-1880/? I/ActivityManager: Start proc 20293:com.google.android.syncadapters.calendar/u0a98 for broadcast com.google.android.syncadapters.calendar/.CalendarSyncAdapterBroadcastReceiver
12-23 10:56:08.249 939-1790/? I/ActivityManager: Killing 20035:com.sonyericsson.album/u0a43 (adj 15): empty #9
12-23 10:56:08.326 939-960/? I/ActivityManager: Start proc 20316:com.google.android.talk/u0a102 for broadcast com.google.android.talk/com.google.android.apps.hangouts.service.AccountsChangedReceiver
12-23 10:56:08.374 939-1881/? I/ActivityManager: Start proc 20334:android.process.acore/u0a46 for content provider com.android.providers.contacts/.SemcContactsProvider2
12-23 10:56:08.420 939-961/? I/ActivityManager: Start proc 20352:com.android.providers.calendar/u0a18 for content provider com.android.providers.calendar/.CalendarProvider2
12-23 10:56:08.467 20316-20316/? W/ResourcesManager: Asset path '/system/framework/com.google.android.media.effects.jar' does not exist or contains no resources.
12-23 10:56:08.491 20352-20352/? W/ResourcesManager: Asset path '/system/framework/android.test.runner.jar' does not exist or contains no resources.
12-23 10:56:08.552 939-1368/? I/ActivityManager: Killing 20063:com.sonymobile.socialengine.plugins/u0a53 (adj 15): empty #9
12-23 10:56:08.717 20316-20316/? W/ResourcesManager: Asset path '/system/framework/com.google.android.maps.jar' does not exist or contains no resources.
12-23 10:56:08.717 20316-20316/? W/ResourcesManager: Asset path '/system/framework/com.sonymobile.settings.illumination.jar' does not exist or contains no resources.
12-23 10:56:08.723 939-2256/? I/ActivityManager: Killing 19929:com.google.android.partnersetup/u0a31 (adj 15): empty #9
12-23 10:56:08.872 939-1879/? W/Telecom: TelecomServiceImpl: null is not visible for the calling user
12-23 10:56:08.882 939-2457/? W/Telecom: TelecomServiceImpl: null is not visible for the calling user
12-23 10:56:08.897 939-1883/? I/ActivityManager: Delay finish: com.google.android.talk/com.google.android.apps.hangouts.service.AccountsChangedReceiver
12-23 10:56:09.015 939-1790/? I/ActivityManager: Resuming delayed broadcast
12-23 10:56:09.061 939-1790/? I/ActivityManager: Start proc 20396:com.google.android.apps.photos/u0a123 for broadcast com.google.android.apps.photos/com.google.android.libraries.social.account.refresh.receiver.AccountsChangedReceiver
12-23 10:56:09.062 939-1883/? I/ActivityManager: Killing 20086:com.google.android.googlequicksearchbox:search/u0a62 (adj 15): empty #9
12-23 10:56:09.313 939-2256/? I/ActivityManager: Delay finish: com.google.android.apps.photos/com.google.android.libraries.social.account.refresh.receiver.AccountsChangedReceiver
12-23 10:56:09.332 939-1883/? I/ActivityManager: Resuming delayed broadcast
12-23 10:56:09.335 939-1884/? I/ActivityManager: Killing 20114:com.android.chrome/u0a85 (adj 15): empty #9
12-23 10:56:09.379 939-1881/? I/ActivityManager: Delay finish: com.google.android.apps.plus/com.google.android.libraries.social.account.refresh.receiver.AccountsChangedReceiver
12-23 10:56:09.399 939-1880/? I/ActivityManager: Resuming delayed broadcast
12-23 10:56:09.446 939-1880/? I/ActivityManager: Start proc 20422:com.google.android.youtube/u0a175 for broadcast com.google.android.youtube/com.google.android.apps.youtube.core.identity.AccountsChangedReceiver
12-23 10:56:09.503 939-1881/? W/ActivityManager: getRunningAppProcesses: caller 10175 does not hold REAL_GET_TASKS; limiting output
12-23 10:56:09.519 20422-20440/? W/ResourcesManager: Asset path '/system/framework/com.android.media.remotedisplay.jar' does not exist or contains no resources.
12-23 10:56:09.519 20422-20440/? W/ResourcesManager: Asset path '/system/framework/com.android.location.provider.jar' does not exist or contains no resources.
12-23 10:56:09.578 939-1368/? I/ActivityManager: Killing 20169:com.sony.smallapp.launcher/u0a146 (adj 15): empty #9
12-23 10:56:10.187 939-961/? I/ActivityManager: Start proc 20506:com.google.android.gms.wearable/u0a28 for service com.google.android.gms/.wearable.service.WearableService
12-23 10:56:10.197 939-1883/? I/ActivityManager: Delay finish: com.google.android.gms/.init.InitializeGmsReceiver
12-23 10:56:10.197 939-1879/? W/ActivityManager: getRunningAppProcesses: caller 10175 does not hold REAL_GET_TASKS; limiting output
12-23 10:56:10.207 939-1881/? I/ActivityManager: Resuming delayed broadcast
12-23 10:56:10.217 939-1884/? I/ActivityManager: Delay finish: com.google.android.gm/.widget.GmailWidgetProvider
12-23 10:56:10.226 939-2447/? I/ActivityManager: Resuming delayed broadcast
12-23 10:56:10.238 939-1883/? I/ActivityManager: Delay finish: com.google.android.gm/.widget.GmailWidgetProvider
12-23 10:56:10.239 20506-20506/? W/ResourcesManager: Asset path '/system/framework/com.android.media.remotedisplay.jar' does not exist or contains no resources.
12-23 10:56:10.239 20506-20506/? W/ResourcesManager: Asset path '/system/framework/com.android.location.provider.jar' does not exist or contains no resources.
12-23 10:56:10.246 939-2447/? I/ActivityManager: Resuming delayed broadcast
12-23 10:56:10.251 939-2256/? I/ActivityManager: Delay finish: com.google.android.gm/.MailIntentReceiver
12-23 10:56:10.257 939-1879/? I/ActivityManager: Resuming delayed broadcast
12-23 10:56:10.267 939-1883/? I/ActivityManager: Killing 20218:com.google.android.gm.exchange/u0a93 (adj 15): empty #9
12-23 10:56:10.397 939-1358/? I/ActivityManager: Start proc 20540:com.android.vending/u0a39 for service com.android.vending/com.google.android.finsky.services.DailyHygiene
12-23 10:56:10.520 939-1884/? I/ActivityManager: Start proc 20560:com.sonymobile.runtimeskinning.picker/u0a184 for broadcast com.sonymobile.runtimeskinning.picker/.SkinVerifiedReceiver
12-23 10:56:10.750 939-2447/? I/ActivityManager: Start proc 20606:com.google.android.gms:car/u0a28 for service com.google.android.gms/.car.CarService
12-23 10:56:10.830 20606-20606/? W/ResourcesManager: Asset path '/system/framework/com.android.media.remotedisplay.jar' does not exist or contains no resources.
12-23 10:56:10.830 20606-20606/? W/ResourcesManager: Asset path '/system/framework/com.android.location.provider.jar' does not exist or contains no resources.
12-23 10:56:10.903 939-1880/? I/ActivityManager: Start proc 20642:com.sonyericsson.xhs/u0a178 for broadcast com.sonyericsson.xhs/com.sonymobile.xhs.gcm.XLGcmBroadcastReceiver
12-23 10:56:10.906 939-1880/? I/ActivityManager: Killing 20293:com.google.android.syncadapters.calendar/u0a98 (adj 15): empty #9
12-23 10:56:11.223 939-2415/? I/ActivityManager: Start proc 20684:com.sonyericsson.updatecenter/u0a61 for broadcast com.sonyericsson.updatecenter/.update.sync.SynchronizationReceiver
12-23 10:56:11.277 939-2416/? I/ActivityManager: Killing 20334:android.process.acore/u0a46 (adj 15): empty #9
12-23 10:56:11.376 20684-20684/? W/ResourcesManager: Asset path '/system/framework/com.sonyericsson.uxpres.jar' does not exist or contains no resources.
12-23 10:56:11.376 20684-20684/? W/ResourcesManager: Asset path '/system/framework/com.sonymobile.devicesecurity_impl.jar' does not exist or contains no resources.
12-23 10:56:11.376 20684-20684/? W/ResourcesManager: Asset path '/system/framework/com.sonymobile.help.jar' does not exist or contains no resources.
12-23 10:56:11.376 20684-20684/? W/ResourcesManager: Asset path '/system/framework/com.sonyericsson.updatecenter.jar' does not exist or contains no resources.
12-23 10:56:11.376 20684-20684/? W/ResourcesManager: Asset path '/system/framework/com.sonymobile.fota.jar' does not exist or contains no resources.
12-23 10:56:11.403 939-961/? I/ActivityManager: Killing 20146:com.google.android.apps.docs/u0a90 (adj 15): empty #9
12-23 10:56:11.497 939-961/? I/ActivityManager: Killing 20316:com.google.android.talk/u0a102 (adj 15): empty #9
12-23 10:56:11.575 939-961/? I/ActivityManager: Killing 20352:com.android.providers.calendar/u0a18 (adj 15): empty #10
12-23 10:56:11.761 939-1883/? I/ActivityManager: Delay finish: com.android.vending/com.google.android.finsky.receivers.PackageMonitorReceiver$RegisteredReceiver
12-23 10:56:11.764 939-1790/? I/ActivityManager: Resuming delayed broadcast
12-23 10:56:11.814 939-1880/? I/ActivityManager: Start proc 20732:com.sonymobile.social.services/u0a27 for broadcast com.sonyericsson.facebook.proxylogin/.permissions.PackageChangedReceiver
12-23 10:56:11.883 939-960/? I/ActivityManager: Delay finish: com.sonyericsson.facebook.proxylogin/.permissions.PackageChangedReceiver
12-23 10:56:11.933 939-960/? I/ActivityManager: Killing 20396:com.google.android.apps.photos/u0a123 (adj 15): empty #9
12-23 10:56:12.002 939-2415/? I/ActivityManager: Resuming delayed broadcast
12-23 10:56:12.008 1925-1925/? W/ResourcesManager: Asset path '/system/framework/com.sonyericsson.uxpres.jar' does not exist or contains no resources.
12-23 10:56:12.009 1925-1925/? W/ResourcesManager: Asset path '/system/framework/com.sonymobile.devicesecurity_impl.jar' does not exist or contains no resources.
12-23 10:56:12.009 1925-1925/? W/ResourcesManager: Asset path '/system/framework/com.sonymobile.help.jar' does not exist or contains no resources.
12-23 10:56:12.009 1925-1925/? W/ResourcesManager: Asset path '/system/framework/com.sonyericsson.updatecenter.jar' does not exist or contains no resources.
12-23 10:56:12.009 1925-1925/? W/ResourcesManager: Asset path '/system/framework/com.sonymobile.fota.jar' does not exist or contains no resources.
12-23 10:56:12.039 939-2415/? I/ActivityManager: Start proc 20757:android.process.acore/u0a46 for broadcast com.android.providers.contacts/.PackageIntentReceiver
12-23 10:56:12.172 939-1882/? I/ActivityManager: Start proc 20775:com.sonymobile.devicesecurity.service/1000 for service com.sonymobile.devicesecurity.service/.DeviceSecurityService
12-23 10:56:12.351 20684-20796/? W/ActivityThread: ClassLoader.loadClass: The class loader returned by Thread.getContextClassLoader() may fail for processes that host multiple applications. You should explicitly specify a context class loader. For example: Thread.setContextClassLoader(getClass().getClassLoader());
12-23 10:56:12.383 939-2415/? I/ActivityManager: Start proc 20799:com.google.android.googlequicksearchbox:search/u0a62 for broadcast com.google.android.googlequicksearchbox/com.google.android.search.core.icingsync.IcingCorporaChangedReceiver
12-23 10:56:12.384 939-2415/? I/ActivityManager: Killing 20422:com.google.android.youtube/u0a175 (adj 15): empty #9
12-23 10:56:12.700 939-1884/? I/ActivityManager: Killing 20560:com.sonymobile.runtimeskinning.picker/u0a184 (adj 15): empty #9
12-23 10:56:12.785 939-1884/? I/ActivityManager: Killing 20236:com.google.android.gm/u0a97 (adj 15): empty #10
12-23 10:56:12.815 939-1884/? I/ActivityManager: Delay finish: com.google.android.apps.plus/.service.PhotosAppTransitionMonitor
12-23 10:56:12.860 939-1881/? I/ActivityManager: Start proc 20825:com.google.android.partnersetup/u0a31 for content provider com.google.android.partnersetup/.RlzAppProvider
12-23 10:56:12.861 939-2416/? I/ActivityManager: Resuming delayed broadcast
12-23 10:56:12.907 939-2416/? I/ActivityManager: Delay finish: com.android.vending/com.google.android.finsky.receivers.PackageMonitorReceiver$RegisteredReceiver
12-23 10:56:12.911 939-2447/? I/ActivityManager: Resuming delayed broadcast
12-23 10:56:12.919 939-2256/? I/ActivityManager: Delay finish: com.sonyericsson.facebook.proxylogin/.permissions.PackageChangedReceiver
12-23 10:56:12.934 939-1880/? I/ActivityManager: Resuming delayed broadcast
12-23 10:56:12.952 939-961/? I/ActivityManager: Delay finish: com.google.android.apps.plus/.service.PackagesMediaMonitor
12-23 10:56:12.963 939-1882/? I/ActivityManager: Resuming delayed broadcast
12-23 10:56:12.970 939-2416/? I/ActivityManager: Delay finish: com.google.android.apps.plus/.service.PhotosAppTransitionMonitor
12-23 10:56:12.976 939-1883/? I/ActivityManager: Resuming delayed broadcast
12-23 10:56:12.979 939-2447/? I/ActivityManager: Killing 20642:com.sonyericsson.xhs/u0a178 (adj 15): empty #9
12-23 10:56:13.085 939-1368/? I/ActivityManager: Start proc 20856:com.google.android.gm/u0a97 for broadcast com.google.android.gm/.widget.GmailWidgetProvider
12-23 10:56:13.149 939-2416/? I/ActivityManager: Killing 20775:com.sonymobile.devicesecurity.service/1000 (adj 15): empty #9
12-23 10:56:13.196 939-1810/? W/ActivityManager: Scheduling restart of crashed service com.sonymobile.devicesecurity.service/.DeviceSecurityService in 1000ms
12-23 10:56:13.198 20856-20878/? D/ActivityThread: Loading provider com.google.android.gmail.provider;com.android.mail.notifier;com.google.android.gm.email.provider;com.google.android.gm.email.notifier: com.android.email.provider.EmailProvider
12-23 10:56:13.304 939-1879/? I/ActivityManager: Start proc 20886:com.google.android.gm.exchange/u0a93 for service com.google.android.gm.exchange/com.android.exchange.service.EasService
12-23 10:56:13.430 939-1810/? W/ActivityManager: Unable to start service Intent { cmp=com.google.android.gm/com.android.email.service.AttachmentService } U=0: not found
12-23 10:56:13.501 939-1880/? I/ActivityManager: Start proc 20929:com.android.calendar/u0a134 for broadcast com.android.calendar/.alerts.AlertReceiver
12-23 10:56:13.522 939-1881/? I/ActivityManager: Killing 20606:com.google.android.gms:car/u0a28 (adj 15): empty #9
12-23 10:56:13.537 939-1881/? I/ActivityManager: Killing 20684:com.sonyericsson.updatecenter/u0a61 (adj 15): empty #10
12-23 10:56:13.560 939-2416/? W/ActivityManager: Scheduling restart of crashed service com.google.android.gms/.car.CarService in 10635ms
12-23 10:56:13.570 20929-20929/? W/ResourcesManager: Asset path '/system/framework/android.test.runner.jar' does not exist or contains no resources.
12-23 10:56:13.570 20929-20929/? W/ResourcesManager: Asset path '/system/framework/com.sonyericsson.uxpres.jar' does not exist or contains no resources.
12-23 10:56:13.570 20929-20929/? W/ResourcesManager: Asset path '/system/framework/com.sonymobile.provider.tasks.jar' does not exist or contains no resources.
12-23 10:56:13.670 939-961/? I/ActivityManager: Start proc 20956:com.android.providers.calendar/u0a18 for content provider com.android.providers.calendar/.CalendarProvider2
12-23 10:56:13.734 20956-20956/? W/ResourcesManager: Asset path '/system/framework/android.test.runner.jar' does not exist or contains no resources.
12-23 10:56:13.807 939-1790/? I/ActivityManager: Killing 20825:com.google.android.partnersetup/u0a31 (adj 15): empty #9
12-23 10:56:13.878 939-2447/? W/ActivityManager: getRunningAppProcesses: caller 10134 does not hold REAL_GET_TASKS; limiting output
12-23 10:56:14.064 939-1368/? I/ActivityManager: Start proc 20989:com.sonyericsson.updatecenter/u0a61 for broadcast com.sonyericsson.updatecenter/.content.core.ContentHandlerProxy
12-23 10:56:14.096 20989-20989/? W/ResourcesManager: Asset path '/system/framework/com.sonyericsson.uxpres.jar' does not exist or contains no resources.
12-23 10:56:14.096 20989-20989/? W/ResourcesManager: Asset path '/system/framework/com.sonymobile.devicesecurity_impl.jar' does not exist or contains no resources.
12-23 10:56:14.096 20989-20989/? W/ResourcesManager: Asset path '/system/framework/com.sonymobile.help.jar' does not exist or contains no resources.
12-23 10:56:14.096 20989-20989/? W/ResourcesManager: Asset path '/system/framework/com.sonyericsson.updatecenter.jar' does not exist or contains no resources.
12-23 10:56:14.097 20989-20989/? W/ResourcesManager: Asset path '/system/framework/com.sonymobile.fota.jar' does not exist or contains no resources.
12-23 10:56:14.235 939-960/? I/ActivityManager: Delay finish: com.google.android.gm/.widget.GmailWidgetProvider
12-23 10:56:14.245 939-960/? I/ActivityManager: Resuming delayed broadcast
12-23 10:56:14.250 939-1884/? I/ActivityManager: Delay finish: com.google.android.gm/.widget.GmailWidgetProvider
12-23 10:56:14.259 939-1368/? I/ActivityManager: Resuming delayed broadcast
12-23 10:56:14.263 939-1884/? I/ActivityManager: Delay finish: com.google.android.gm/.MailIntentReceiver
12-23 10:56:14.267 939-1883/? I/ActivityManager: Resuming delayed broadcast
12-23 10:56:14.271 939-1881/? I/ActivityManager: Delay finish: com.google.android.gm/.widget.GmailWidgetProvider
12-23 10:56:14.276 939-2457/? I/ActivityManager: Resuming delayed broadcast
12-23 10:56:14.314 939-1880/? I/ActivityManager: Killing 20540:com.android.vending/u0a39 (adj 15): empty #9
12-23 10:56:14.818 939-1884/? I/ActivityManager: Killing 20732:com.sonymobile.social.services/u0a27 (adj 15): empty #9
12-23 10:56:18.929 939-1881/? I/ActivityManager: Killing 20757:android.process.acore/u0a46 (adj 15): empty #9
12-23 10:56:26.327 939-1358/? I/ActivityManager: Start proc 21051:com.android.vending/u0a39 for service com.android.vending/com.google.android.finsky.services.ContentSyncService
12-23 10:56:26.707 939-1879/? I/ActivityManager: Start proc 21087:com.google.android.gms:car/u0a28 for service com.google.android.gms/.car.CarService
12-23 10:56:26.763 21087-21087/? W/ResourcesManager: Asset path '/system/framework/com.android.media.remotedisplay.jar' does not exist or contains no resources.
12-23 10:56:26.763 21087-21087/? W/ResourcesManager: Asset path '/system/framework/com.android.location.provider.jar' does not exist or contains no resources.
12-23 10:56:27.085 939-1790/? I/ActivityManager: Killing 20799:com.google.android.googlequicksearchbox:search/u0a62 (adj 15): empty #9
12-23 10:56:31.883 939-2416/? I/ActivityManager: Killing 20886:com.google.android.gm.exchange/u0a93 (adj 15): empty #9
12-23 10:56:56.189 939-971/? I/PowerManagerService: Going to sleep due to screen timeout (uid 1000)...
12-23 10:56:56.190 939-971/? I/PowerManagerService: Sleeping (uid 1000)...
12-23 10:56:56.293 939-2256/? I/ActivityManager: Start proc 21159:com.sony.smallapp.managerservice/u0a143 for service com.sony.smallapp.managerservice/.SmallAppManagerService
12-23 10:56:56.432 939-1368/? I/ActivityManager: Killing 20956:com.android.providers.calendar/u0a18 (adj 15): empty #9
12-23 10:56:57.377 939-969/? I/DisplayManagerService: Display device changed: DisplayDeviceInfo{"Built-in Screen": uniqueId="local:0", 540 x 960, 60.0 fps, supportedRefreshRates [60.0], density 240, 232.474 x 234.461 dpi, appVsyncOff 0, presDeadline 17666667, touch INTERNAL, rotation 0, type BUILT_IN, state OFF, FLAG_DEFAULT_DISPLAY, FLAG_ROTATES_WITH_CONTENT, FLAG_SECURE, FLAG_SUPPORTS_PROTECTED_BUFFERS}
12-23 10:56:57.378 939-939/? V/ActivityManager: Display changed displayId=0
12-23 10:57:16.674 939-1362/? I/PowerManagerService: Waking up from sleep (uid 1000)...
12-23 10:57:16.674 939-971/? I/DisplayPowerController: Blocking screen on until initial contents have been drawn.
12-23 10:57:16.689 939-969/? I/DisplayManagerService: Display device changed: DisplayDeviceInfo{"Built-in Screen": uniqueId="local:0", 540 x 960, 60.0 fps, supportedRefreshRates [60.0], density 240, 232.474 x 234.461 dpi, appVsyncOff 0, presDeadline 17666667, touch INTERNAL, rotation 0, type BUILT_IN, state ON, FLAG_DEFAULT_DISPLAY, FLAG_ROTATES_WITH_CONTENT, FLAG_SECURE, FLAG_SUPPORTS_PROTECTED_BUFFERS}
12-23 10:57:16.700 939-939/? V/ActivityManager: Display changed displayId=0
12-23 10:57:17.039 939-971/? I/DisplayPowerController: Unblocked screen on after 365 ms
12-23 10:57:17.793 939-1881/? W/BroadcastQueue: Permission Denial: broadcasting Intent { act=android.intent.action.USER_PRESENT flg=0x24000010 } from com.android.systemui (pid=1925, uid=10059) is not exported from uid 10035 due to receiver com.sonymobile.mx.android/.receivers.StopMessageReceiver
12-23 10:57:17.828 3133-3133/? W/ContextImpl: Calling a method in the system process without a qualified user: android.app.ContextImpl.startService:1713 android.content.ContextWrapper.startService:516 android.content.ContextWrapper.startService:516 com.sonyericsson.usbux.service.UsbServiceReceiver.onReceive:73 android.app.ActivityThread.handleReceiver:2673
12-23 10:57:17.844 939-2447/? W/InputMethodManagerService: Window already focused, ignoring focus gain of: com.android.internal.view.IInputMethodClient$Stub$Proxy@b958acc attribute=android.view.inputmethod.EditorInfo@24be7115, token = android.os.BinderProxy@338be9b6
12-23 10:57:25.128 939-1790/? I/ActivityManager: START u0 {act=android.intent.action.MAIN cat=[android.intent.category.LAUNCHER] flg=0x10200000 cmp=com.facebook.katana/.LoginActivity bnds=[144,414][270,564]} from uid 10087 on display 0
12-23 10:57:25.218 939-1790/? W/ResourcesManager: Asset path '/system/framework/com.google.android.maps.jar' does not exist or contains no resources.
12-23 10:57:25.227 939-1790/? V/WindowManager: addAppToken: AppWindowToken{40e70f6 token=Token{2da20991 ActivityRecord{33f687b8 u0 com.facebook.katana/.LoginActivity t12}}} to stack=1 task=12 at 0
12-23 10:57:25.234 939-969/? V/WindowManager: Adding window Window{3196b193 u0 Starting com.facebook.katana} at 2 of 8 (after Window{c8c26b7 u0 com.sonyericsson.home/com.sonymobile.home.HomeActivity})
12-23 10:57:25.306 939-2256/? I/ActivityManager: Start proc 21259:com.facebook.katana:nodex/u0a192 for activity com.facebook.katana/.LoginActivity
12-23 10:57:25.515 21259-21259/? W/ResourcesManager: Asset path '/system/framework/com.google.android.maps.jar' does not exist or contains no resources.
12-23 10:57:25.652 939-1810/? W/ActivityManager: getRunningAppProcesses: caller 10192 does not hold REAL_GET_TASKS; limiting output
12-23 10:57:25.710 939-2415/? W/ActivityManager: getRunningAppProcesses: caller 10192 does not hold REAL_GET_TASKS; limiting output
12-23 10:57:25.823 939-1884/? W/ActivityManager: getRunningAppProcesses: caller 10192 does not hold REAL_GET_TASKS; limiting output
12-23 10:57:25.857 939-1879/? V/WindowManager: Adding window Window{ef74ee8 u0 com.facebook.katana/com.facebook.katana.LoginActivity} at 2 of 9 (before Window{3196b193 u0 Starting com.facebook.katana})
12-23 10:57:25.953 939-1368/? I/ActivityManager: Start proc 21296:com.facebook.katana/u0a192 for content provider com.facebook.katana/.generated_content_providers.com.facebook.nodex.startup.warmup.NodexWarmupContentProvider
12-23 10:57:26.105 21296-21296/? W/ResourcesManager: Asset path '/system/framework/com.google.android.maps.jar' does not exist or contains no resources.
12-23 10:57:26.189 939-1883/? W/ActivityManager: getRunningAppProcesses: caller 10192 does not hold REAL_GET_TASKS; limiting output
12-23 10:57:26.216 939-960/? W/ActivityManager: getRunningAppProcesses: caller 10192 does not hold REAL_GET_TASKS; limiting output
12-23 10:57:26.237 939-1880/? W/ActivityManager: getRunningAppProcesses: caller 10192 does not hold REAL_GET_TASKS; limiting output
12-23 10:57:26.541 939-960/? W/ActivityManager: getRunningAppProcesses: caller 10192 does not hold REAL_GET_TASKS; limiting output
12-23 10:57:27.127 939-2447/? W/ActivityManager: getRunningAppProcesses: caller 10192 does not hold REAL_GET_TASKS; limiting output
12-23 10:57:27.327 939-1583/? D/WifiService: New client listening to asynchronous messages
12-23 10:57:27.678 939-2447/? I/ActivityManager: START u0 {flg=0x4000000 cmp=com.facebook.katana/.activity.FbMainTabActivity} from uid 10192 on display 0
12-23 10:57:27.689 939-2447/? V/WindowManager: addAppToken: AppWindowToken{1da71feb token=Token{2486f73a ActivityRecord{1f936e65 u0 com.facebook.katana/.activity.FbMainTabActivity t12}}} to stack=1 task=12 at 1
12-23 10:57:27.701 939-1884/? I/ActivityManager: Killing 20989:com.sonyericsson.updatecenter/u0a61 (adj 15): empty #9
12-23 10:57:28.270 939-2415/? I/ActivityManager: START u0 {act=android.intent.action.VIEW flg=0x4000000 cmp=com.facebook.katana/.FacebookLoginActivity (has extras)} from uid 10192 on display 0
12-23 10:57:28.274 939-2415/? V/WindowManager: addAppToken: AppWindowToken{2f5d4d06 token=Token{f518be1 ActivityRecord{26a46148 u0 com.facebook.katana/.FacebookLoginActivity t12}}} to stack=1 task=12 at 2
12-23 10:57:28.279 939-1810/? W/ActivityManager: Duplicate finish request for ActivityRecord{1f936e65 u0 com.facebook.katana/.activity.FbMainTabActivity t12 f}
12-23 10:57:28.652 939-1368/? V/WindowManager: Adding window Window{66af6de u0 com.facebook.katana/com.facebook.katana.FacebookLoginActivity} at 3 of 9 (after Window{ef74ee8 u0 com.facebook.katana/com.facebook.katana.LoginActivity})
12-23 10:57:32.819 939-964/? I/ActivityManager: Killing 20856:com.google.android.gm/u0a97 (adj 15): empty #9
12-23 10:57:33.581 939-1810/? I/ActivityManager: START u0 {act=com.android.systemui.recents.SHOW_RECENTS flg=0x10804000 cmp=com.android.systemui/.recents.RecentsActivity} from uid 10059 on display 0
12-23 10:57:33.585 939-1810/? V/WindowManager: addAppToken: AppWindowToken{2431d254 token=Token{16e6bda7 ActivityRecord{2547c666 u0 com.android.systemui/.recents.RecentsActivity t13}}} to stack=0 task=13 at 0
12-23 10:57:33.661 939-1882/? V/WindowManager: Adding window Window{aa45e97 u0 com.android.systemui/com.android.systemui.recents.RecentsActivity} at 2 of 8 (after Window{c8c26b7 u0 com.sonyericsson.home/com.sonymobile.home.HomeActivity EXITING})
12-23 10:57:33.687 939-964/? W/BroadcastQueue: Permission Denial: broadcasting Intent { act=android.net.conn.INET_CONDITION_ACTION flg=0x4000010 (has extras) } from null (pid=-1, uid=-1) requires com.facebook.permission.prod.FB_APP_COMMUNICATION due to registered receiver BroadcastFilter{d130ee u0 ReceiverList{36e86e69 21296 com.facebook.katana/10192/u0 remote:2b6698f0}}
12-23 10:57:33.687 939-964/? W/BroadcastQueue: Permission Denial: broadcasting Intent { act=android.net.conn.CONNECTIVITY_CHANGE flg=0x4000010 (has extras) } from null (pid=-1, uid=-1) requires com.facebook.permission.prod.FB_APP_COMMUNICATION due to registered receiver BroadcastFilter{d130ee u0 ReceiverList{36e86e69 21296 com.facebook.katana/10192/u0 remote:2b6698f0}}
12-23 10:57:34.171 939-964/? W/BroadcastQueue: Permission Denial: broadcasting Intent { act=android.net.conn.CONNECTIVITY_CHANGE flg=0x4000010 (has extras) } from null (pid=-1, uid=-1) requires com.facebook.permission.prod.FB_APP_COMMUNICATION due to registered receiver BroadcastFilter{30c99138 u0 ReceiverList{5c4599b 21296 com.facebook.katana/10192/u0 remote:1c3349aa}}
12-23 10:57:34.904 939-2256/? I/ActivityManager: Killing 21259:com.facebook.katana:nodex/u0a192 (adj 11): remove task
12-23 10:57:34.932 939-2256/? I/ActivityManager: Killing 21296:com.facebook.katana/u0a192 (adj 9): remove task
12-23 10:57:34.960 939-1583/? D/WifiService: Client connection lost with reason: 4
12-23 10:57:35.095 939-1609/? D/TaskPersister: removeObsoleteFile: deleting file=12_task.xml
12-23 10:57:35.096 939-1609/? D/TaskPersister: removeObsoleteFile: deleting file=11_task_thumbnail.png
12-23 10:57:35.096 939-1609/? D/TaskPersister: removeObsoleteFile: deleting file=12_task_thumbnail.png
12-23 10:57:35.351 939-1609/? D/TaskPersister: removeObsoleteFile: deleting file=10_task.xml
12-23 10:57:35.351 939-1609/? D/TaskPersister: removeObsoleteFile: deleting file=10_task_thumbnail.png
12-23 10:57:35.352 939-1883/? I/ActivityManager: START u0 {act=android.intent.action.MAIN cat=[android.intent.category.HOME] flg=0x10200000 cmp=com.sonyericsson.home/com.sonymobile.home.HomeActivity} from uid 10059 on display 0
12-23 10:57:37.669 939-939/? W/ResourcesManager: Asset path '/system/framework/com.sonyericsson.uxpres.jar' does not exist or contains no resources.
12-23 10:57:37.670 939-939/? W/ResourcesManager: Asset path '/system/framework/com.sonymobile.smime.jar' does not exist or contains no resources.
12-23 10:57:37.670 939-939/? W/ResourcesManager: Asset path '/system/framework/com.google.protobuf-2.3.0.jar' does not exist or contains no resources.
12-23 10:57:37.670 939-939/? W/ResourcesManager: Asset path '/system/framework/com.sonyericsson.idd.jar' does not exist or contains no resources.
12-23 10:57:37.749 939-2256/? I/ActivityManager: Start proc 21502:com.sony.smallapp.launcher/u0a146 for content provider com.sony.smallapp.launcher/.SmallAppInfoProvider
12-23 10:57:37.764 939-963/? W/ResourcesManager: Asset path '/system/framework/com.google.android.maps.jar' does not exist or contains no resources.
12-23 10:57:37.764 939-963/? W/ResourcesManager: Asset path '/system/framework/com.sonymobile.settings.illumination.jar' does not exist or contains no resources.
12-23 10:57:37.818 21502-21502/? W/ResourcesManager: Asset path '/system/framework/com.sony.smallapp.jar' does not exist or contains no resources.
12-23 10:57:37.821 939-939/? D/BackupManagerService: Received broadcast Intent { act=android.intent.action.PACKAGE_CHANGED dat=package:com.facebook.katana flg=0x4000010 (has extras) }
12-23 10:57:37.905 939-1881/? I/ActivityManager: Start proc 21525:com.sonymobile.social.services/u0a27 for broadcast com.sonyericsson.facebook.proxylogin/.permissions.PackageChangedReceiver
12-23 10:57:38.051 939-1883/? I/ActivityManager: Start proc 21550:android.process.acore/u0a46 for broadcast com.android.providers.contacts/.PackageIntentReceiver
12-23 10:57:38.293 939-2256/? I/ActivityManager: Start proc 21575:com.google.android.googlequicksearchbox:search/u0a62 for broadcast com.google.android.googlequicksearchbox/com.google.android.search.core.icingsync.IcingCorporaChangedReceiver
12-23 10:57:38.294 939-2256/? I/ActivityManager: Killing 20929:com.android.calendar/u0a134 (adj 15): empty #9
12-23 10:57:38.607 939-960/? I/ActivityManager: Start proc 21601:com.google.android.partnersetup/u0a31 for content provider com.google.android.partnersetup/.RlzAppProvider
12-23 10:57:38.672 939-960/? I/ActivityManager: Killing 21087:com.google.android.gms:car/u0a28 (adj 15): empty #9
12-23 10:57:38.865 939-1810/? I/ActivityManager: Killing 20506:com.google.android.gms.wearable/u0a28 (adj 15): empty #9
12-23 10:57:40.574 939-2447/? W/InputMethodManagerService: Window already focused, ignoring focus gain of: com.android.internal.view.IInputMethodClient$Stub$Proxy@19fe7a9 attribute=null, token = android.os.BinderProxy@338be9b6
