12-23 10:58:23.506 22470-22470/? E/Finsky: [1] LaunchUrlHandlerActivity.handleUrl: Launch URL without continue URL
12-23 10:58:23.514 22470-22470/? I/Timeline: Timeline: Activity_launch_request id:com.android.vending time:1263179
12-23 10:58:23.515 939-1882/? I/ActivityManager: START u0 {act=android.intent.action.VIEW dat=http://market.android.com/details?id=com.google.android.gms&pcampaignid=gcore_8115000-d-com.sonymobile.entrance-7208967 cmp=com.android.vending/com.google.android.finsky.activities.MainActivity (has extras)} from uid 10039 on display 0
12-23 10:58:23.519 939-1882/? V/WindowManager: addAppToken: AppWindowToken{26993f4e token=Token{27683a49 ActivityRecord{32d8a850 u0 com.android.vending/com.google.android.finsky.activities.MainActivity t17}}} to stack=1 task=17 at 0
12-23 10:58:23.526 939-969/? V/WindowManager: Adding window Window{457e981 u0 Starting com.android.vending} at 5 of 11 (after Window{1c40af4a u0 com.sonymobile.entrance/com.sonymobile.entrance.EntranceActivity EXITING})
12-23 10:58:23.600 2276-2798/? I/Icing: Indexing DC04B53071F44FFC17350CBEEF6FE821BF613A67 from com.google.android.googlequicksearchbox
12-23 10:58:23.660 939-1882/? I/ActivityManager: Delay finish: com.sonymobile.runtimeskinning.core/com.sonymobile.runtimeskinning.verification.install.PackageInstallReceiver
12-23 10:58:23.662 939-960/? I/ActivityManager: Resuming delayed broadcast
12-23 10:58:23.674 3163-22835/? W/ResourceType: Found multiple library tables, ignoring...
12-23 10:58:23.676 22470-22593/? D/Volley: [3161] DiskBasedCache.clear: Cache cleared.
12-23 10:58:23.677 939-1810/? I/ActivityManager: Delay finish: com.sonyericsson.updatecenter/.update.ApplicationInstalledReceiver
12-23 10:58:23.678 22470-22583/? D/Volley: [3154] DiskBasedCache.clear: Cache cleared.
12-23 10:58:23.679 939-1881/? I/ActivityManager: Resuming delayed broadcast
12-23 10:58:23.687 2510-2510/? E/NetworkScheduler.SchedulerReceiver: Invalid parameter app
12-23 10:58:23.687 2510-2510/? E/NetworkScheduler.SchedulerReceiver: Invalid package name : Perhaps you didn't include a PendingIntent in the extras?
12-23 10:58:23.690 21631-22836/? E/SQLiteLog: (284) automatic index on install_element(parent_id)
12-23 10:58:23.707 2276-22837/? D/PackageBroadcastService: Received broadcast action=android.intent.action.PACKAGE_REPLACED and uri=com.sonymobile.entrance
12-23 10:58:23.724 22537-22537/? I/Timeline: Timeline: Activity_idle id: android.os.BinderProxy@1e34befa time:1263389
12-23 10:58:23.750 939-2117/? D/Ulp_jni: Location CB invoked
12-23 10:58:23.763 939-2415/? I/ActivityManager: Start proc 22838:com.android.musicfx/u0a34 for broadcast com.android.musicfx/.Compatibility$Receiver
12-23 10:58:23.781 22470-22470/? I/ViewUtils: app:theme is now deprecated. Please move to using android:theme instead.
12-23 10:58:23.796 2276-22844/? I/PeopleContactsSync: CP2 sync disabled
12-23 10:58:23.814 22470-22470/? W/Finsky: [1] FinskyApp.getCurrentAccount: No account configured on this device.
12-23 10:58:23.832 22838-22838/? W/ResourceType: Found multiple library tables, ignoring...
12-23 10:58:23.839 22838-22838/? W/ResourceType: Found multiple library tables, ignoring...
12-23 10:58:23.842 22838-22838/? W/ResourceType: Found multiple library tables, ignoring...
12-23 10:58:23.863 939-961/? I/ActivityManager: Delay finish: com.sonyericsson.facebook.proxylogin/.permissions.PackageChangedReceiver
12-23 10:58:23.876 939-1883/? I/ActivityManager: Resuming delayed broadcast
12-23 10:58:23.936 939-2447/? I/ActivityManager: Start proc 22860:com.google.android.apps.magazines/u0a112 for broadcast com.google.android.apps.magazines/com.google.apps.dots.android.app.receiver.FirstInstallNotificationReceiver
12-23 10:58:23.989 22470-22470/? W/Finsky: [1] FinskyApp.getCurrentAccount: No account configured on this device.
12-23 10:58:24.028 22860-22860/? W/ResourceType: Found multiple library tables, ignoring...
12-23 10:58:24.034 22860-22860/? W/ResourceType: Found multiple library tables, ignoring...
12-23 10:58:24.055 22470-22470/? W/Finsky: [1] FinskyApp.getCurrentAccount: No account configured on this device.
12-23 10:58:24.058 22470-22470/? W/ActionBarDrawerToggle: DrawerToggle may not show up because NavigationIcon is not visible. You may need to call actionbar.setDisplayHomeAsUpEnabled(true);
12-23 10:58:24.063 22860-22860/? W/ResourceType: Found multiple library tables, ignoring...
12-23 10:58:24.089 22470-22879/? D/OpenGLRenderer: Use EGL_SWAP_BEHAVIOR_PRESERVED: true
12-23 10:58:24.100 22470-22470/? D/Atlas: Validating map...
12-23 10:58:24.106 939-1880/? V/WindowManager: Adding window Window{5c89244 u0 com.android.vending/com.google.android.finsky.activities.MainActivity} at 4 of 11 (before Window{457e981 u0 Starting com.android.vending})
12-23 10:58:24.109 22470-22470/? W/Finsky: [1] FinskyApp.getCurrentAccount: No account configured on this device.
12-23 10:58:24.128 2510-2510/? V/GLSActivity: AuthDelegateWrapperCreated with selected intent: Intent { cmp=com.google.android.gms/.auth.DefaultAuthDelegateService }
12-23 10:58:24.155 22470-22879/? I/Adreno-EGL: <qeglDrvAPI_eglInitialize:410>: EGL 1.4 QUALCOMM build: AU_LINUX_ANDROID_LA.BF.1.1.1_RB1.05.01.00.042.030_msm8226_LA.BF.1.1.1_RB1__release_AU ()
                                               OpenGL ES Shader Compiler Version: E031.25.03.06
                                               Build Date: 06/10/15 Wed
                                               Local Branch:
                                               Remote Branch: quic/LA.BF.1.1.1_rb1.24
                                               Local Patches: NONE
                                               Reconstruct Branch: AU_LINUX_ANDROID_LA.BF.1.1.1_RB1.05.01.00.042.030 + 6151be1 +  NOTHING
12-23 10:58:24.156 22470-22879/? I/OpenGLRenderer: Initialized EGL, version 1.4
12-23 10:58:24.175 22470-22879/? D/OpenGLRenderer: Enabling debug mode 0
12-23 10:58:24.176 2510-2540/? I/Auth: [DefaultAuthDelegateService] Returning intent to add account for account type: com.google
12-23 10:58:24.225 2366-3132/? W/SQLiteConnectionPool: The connection pool for database '/data/data/com.android.providers.media/databases/external.db' has been unable to grant a connection to thread 179 (MediaScannerService) with flags 0x1 for 991.31506 seconds.
                                                       Connections: 0 active, 1 idle, 0 available.
12-23 10:58:24.234 939-2256/? W/ActivityManager: getRunningAppProcesses: caller 10112 does not hold REAL_GET_TASKS; limiting output
12-23 10:58:24.288 939-969/? I/ActivityManager: Displayed com.android.vending/com.google.android.finsky.activities.MainActivity: +677ms (total +853ms)
12-23 10:58:24.288 939-969/? I/Timeline: Timeline: Activity_windows_visible id: ActivityRecord{32d8a850 u0 com.android.vending/com.google.android.finsky.activities.MainActivity t17} time:1263953
12-23 10:58:24.361 22470-22470/? I/Timeline: Timeline: Activity_launch_request id:com.google.android.gms time:1264026
12-23 10:58:24.362 939-2457/? I/ActivityManager: START u0 {cat=[categoryhack:829fde6f-2052-4a95-89a8-b5f3b8a1b7b0] cmp=com.google.android.gms/.common.ui.UnpackingRedirectActivity (has extras)} from uid 10039 on display 0
12-23 10:58:24.364 939-2457/? V/WindowManager: addAppToken: AppWindowToken{23094212 token=Token{9c73d9d ActivityRecord{3a171474 u0 com.google.android.gms/.common.ui.UnpackingRedirectActivity t17}}} to stack=1 task=17 at 1
12-23 10:58:24.449 939-2416/? I/ActivityManager: Start proc 22886:com.google.android.gms.ui/u0a28 for activity com.google.android.gms/.common.ui.UnpackingRedirectActivity
12-23 10:58:24.478 475-475/? D/charger_monitor: vchg_loop stable: 0, is_settled = 0,usb_target_ua = 500000, usbin_current_now = 500000,fastchg_sts = 1, num_attempts = 0
12-23 10:58:24.522 2230-2230/? D/Dormancy: prepareMoniterDataDormancy: start_moniter_dormancy = false
12-23 10:58:24.538 22886-22886/? W/ResourceType: Found multiple library tables, ignoring...
12-23 10:58:24.544 22886-22886/? W/ResourceType: Found multiple library tables, ignoring...
12-23 10:58:24.552 22886-22886/? W/ResourcesManager: Asset path '/system/framework/com.android.media.remotedisplay.jar' does not exist or contains no resources.
12-23 10:58:24.552 22886-22886/? W/ResourcesManager: Asset path '/system/framework/com.android.location.provider.jar' does not exist or contains no resources.
12-23 10:58:24.554 2230-2230/? D/Dormancy: prepareMoniterDataDormancy: start_moniter_dormancy = false
12-23 10:58:24.555 22886-22886/? W/ResourceType: Found multiple library tables, ignoring...
12-23 10:58:24.598 22886-22886/? I/MultiDex: VM with version 2.1.0 has multidex support
12-23 10:58:24.598 22886-22886/? I/MultiDex: install
12-23 10:58:24.598 22886-22886/? I/MultiDex: VM has multidex support, MultiDex support library is disabled.
12-23 10:58:24.613 22886-22886/? I/ProviderInstaller: Insert disabled by gate 'gms:security:enable_conscrypt_in_gms_application'
12-23 10:58:24.651 939-1790/? I/ActivityManager: START u0 {cat=[categoryhack:03f8c482-b07a-40d2-b31c-3d53cce8874a] flg=0x2000000 cmp=com.google.android.gms/.auth.accounts.AccountIntroActivity (has extras)} from uid 10028 on display 0
12-23 10:58:24.655 939-1790/? V/WindowManager: addAppToken: AppWindowToken{1546165b token=Token{3967016a ActivityRecord{2018355 u0 com.google.android.gms/.auth.accounts.AccountIntroActivity t17}}} to stack=1 task=17 at 2
12-23 10:58:24.661 2276-2798/? I/Icing: Indexing done DC04B53071F44FFC17350CBEEF6FE821BF613A67
12-23 10:58:24.714 22886-22886/? I/Timeline: Timeline: Activity_launch_request id:com.google.android.gms time:1264379
12-23 10:58:24.715 939-2256/? I/ActivityManager: START u0 {flg=0x2000000 cmp=com.google.android.gms/.auth.accounts.addaccount.PreAddAccountActivity (has extras)} from uid 10028 on display 0
12-23 10:58:24.718 939-2256/? V/WindowManager: addAppToken: AppWindowToken{9172510 token=Token{3a2ef5d3 ActivityRecord{1c2253c2 u0 com.google.android.gms/.auth.accounts.addaccount.PreAddAccountActivity t17}}} to stack=1 task=17 at 3
12-23 10:58:24.789 22886-22886/? I/Timeline: Timeline: Activity_idle id: android.os.BinderProxy@16a8f328 time:1264454
12-23 10:58:24.845 22886-22886/? I/Timeline: Timeline: Activity_launch_request id:com.google.android.gms time:1264510
12-23 10:58:24.846 939-1368/? I/ActivityManager: START u0 {flg=0x2000000 cmp=com.google.android.gms/.auth.accounts.minutemaid.MinuteMaidActivity (has extras)} from uid 10028 on display 0
12-23 10:58:24.849 939-1368/? V/WindowManager: addAppToken: AppWindowToken{2777f26c token=Token{25f6f1f ActivityRecord{2686f2be u0 com.google.android.gms/.auth.accounts.minutemaid.MinuteMaidActivity t17}}} to stack=1 task=17 at 2
12-23 10:58:24.908 22811-22811/? I/dex2oat: Decided to run without swap.
12-23 10:58:24.965 22886-22886/? I/WebViewFactory: Loading com.google.android.webview version 43.0.2357.121 (code 2357121)
12-23 10:58:24.970 22860-22860/? I/WebViewFactory: Loading com.google.android.webview version 43.0.2357.121 (code 2357121)
12-23 10:58:24.982 22886-22886/? W/ResourceType: Found multiple library tables, ignoring...
12-23 10:58:24.982 22860-22860/? W/ResourceType: Found multiple library tables, ignoring...
12-23 10:58:24.982 22860-22860/? W/ResourceType: Found multiple library tables, ignoring...
12-23 10:58:24.982 22886-22886/? W/ResourceType: Found multiple library tables, ignoring...
12-23 10:58:25.035 22886-22886/? I/LibraryLoader: Time to load native libraries: 12 ms (timestamps 4688-4700)
12-23 10:58:25.035 22860-22860/? I/LibraryLoader: Time to load native libraries: 9 ms (timestamps 4691-4700)
12-23 10:58:25.035 22860-22860/? I/LibraryLoader: Expected native library version number "",actual native library version number ""
12-23 10:58:25.037 22886-22886/? I/LibraryLoader: Expected native library version number "",actual native library version number ""
12-23 10:58:25.048 22886-22886/? W/art: Attempt to remove local handle scope entry from IRT, ignoring
12-23 10:58:25.056 22860-22860/? V/WebViewChromiumFactoryProvider: Binding Chromium to main looper Looper (main, tid 1) {22bf5782}
12-23 10:58:25.057 22860-22860/? I/LibraryLoader: Expected native library version number "",actual native library version number ""
12-23 10:58:25.059 22860-22860/? I/chromium: [INFO:library_loader_hooks.cc(112)] Chromium logging enabled: level = 0, default verbosity = 0
12-23 10:58:25.071 939-2415/? I/ActivityManager: Start proc 22942:com.google.android.gms.unstable/u0a28 for service com.google.android.gms/.droidguard.DroidGuardService
12-23 10:58:25.076 22860-22860/? I/BrowserStartupController: Initializing chromium process, singleProcess=true
12-23 10:58:25.078 22860-22860/? W/art: Attempt to remove local handle scope entry from IRT, ignoring
12-23 10:58:25.086 22860-22860/? E/SysUtils: ApplicationContext is null in ApplicationStatus
12-23 10:58:25.122 22886-22886/? W/ResourceType: Found multiple library tables, ignoring...
12-23 10:58:25.123 22886-22886/? V/WebViewChromiumFactoryProvider: Binding Chromium to main looper Looper (main, tid 1) {28389096}
12-23 10:58:25.123 22886-22886/? I/LibraryLoader: Expected native library version number "",actual native library version number ""
12-23 10:58:25.124 22886-22886/? I/chromium: [INFO:library_loader_hooks.cc(112)] Chromium logging enabled: level = 0, default verbosity = 0
12-23 10:58:25.132 22942-22942/? W/ResourceType: Found multiple library tables, ignoring...
12-23 10:58:25.136 22942-22942/? W/ResourceType: Found multiple library tables, ignoring...
12-23 10:58:25.139 22886-22886/? I/BrowserStartupController: Initializing chromium process, singleProcess=true
12-23 10:58:25.139 22886-22886/? W/art: Attempt to remove local handle scope entry from IRT, ignoring
12-23 10:58:25.141 22886-22886/? E/SysUtils: ApplicationContext is null in ApplicationStatus
12-23 10:58:25.142 22942-22942/? W/ResourcesManager: Asset path '/system/framework/com.android.media.remotedisplay.jar' does not exist or contains no resources.
12-23 10:58:25.142 22942-22942/? W/ResourcesManager: Asset path '/system/framework/com.android.location.provider.jar' does not exist or contains no resources.
12-23 10:58:25.143 22942-22942/? W/ResourceType: Found multiple library tables, ignoring...
12-23 10:58:25.174 22942-22942/? I/MultiDex: VM with version 2.1.0 has multidex support
12-23 10:58:25.174 22942-22942/? I/MultiDex: install
12-23 10:58:25.174 22942-22942/? I/MultiDex: VM has multidex support, MultiDex support library is disabled.
12-23 10:58:25.184 22942-22942/? I/ProviderInstaller: Insert disabled by gate 'gms:security:enable_conscrypt_in_gms_application'
12-23 10:58:25.219 22886-22886/? W/chromium: [WARNING:resource_bundle.cc(286)] locale_file_path.empty()
12-23 10:58:25.219 22886-22886/? I/chromium: [INFO:aw_browser_main_parts.cc(63)] Load from apk succesful, fd=39 off=50556 len=3379
12-23 10:58:25.220 22886-22886/? I/chromium: [INFO:aw_browser_main_parts.cc(76)] Loading webviewchromium.pak from, fd:40 off:7638088 len:1165478
12-23 10:58:25.229 22860-22860/? W/chromium: [WARNING:resource_bundle.cc(286)] locale_file_path.empty()
12-23 10:58:25.230 22860-22860/? I/chromium: [INFO:aw_browser_main_parts.cc(63)] Load from apk succesful, fd=40 off=50556 len=3379
12-23 10:58:25.232 22860-22860/? I/chromium: [INFO:aw_browser_main_parts.cc(76)] Loading webviewchromium.pak from, fd:41 off:7638088 len:1165478
12-23 10:58:25.243 22886-22886/? I/Adreno-EGL: <qeglDrvAPI_eglInitialize:410>: EGL 1.4 QUALCOMM build: AU_LINUX_ANDROID_LA.BF.1.1.1_RB1.05.01.00.042.030_msm8226_LA.BF.1.1.1_RB1__release_AU ()
                                               OpenGL ES Shader Compiler Version: E031.25.03.06
                                               Build Date: 06/10/15 Wed
                                               Local Branch:
                                               Remote Branch: quic/LA.BF.1.1.1_rb1.24
                                               Local Patches: NONE
                                               Reconstruct Branch: AU_LINUX_ANDROID_LA.BF.1.1.1_RB1.05.01.00.042.030 + 6151be1 +  NOTHING
12-23 10:58:25.248 22860-22860/? I/Adreno-EGL: <qeglDrvAPI_eglInitialize:410>: EGL 1.4 QUALCOMM build: AU_LINUX_ANDROID_LA.BF.1.1.1_RB1.05.01.00.042.030_msm8226_LA.BF.1.1.1_RB1__release_AU ()
                                               OpenGL ES Shader Compiler Version: E031.25.03.06
                                               Build Date: 06/10/15 Wed
                                               Local Branch:
                                               Remote Branch: quic/LA.BF.1.1.1_rb1.24
                                               Local Patches: NONE
                                               Reconstruct Branch: AU_LINUX_ANDROID_LA.BF.1.1.1_RB1.05.01.00.042.030 + 6151be1 +  NOTHING
12-23 10:58:25.265 22811-22939/? W/dex2oat: Before Android 4.1, method int android.support.v7.internal.widget.ListViewCompat.lookForSelectablePosition(int, boolean) would have incorrectly overridden the package-private method in android.widget.ListView
12-23 10:58:25.324 22860-22991/? W/AudioManagerAndroid: Requires BLUETOOTH permission
12-23 10:58:25.329 939-968/? D/BluetoothManagerService: Message: 20
12-23 10:58:25.329 939-968/? D/BluetoothManagerService: Added callback: android.bluetooth.IBluetoothManagerCallback$Stub$Proxy@144c3888:true
12-23 10:58:25.330 22886-22986/? D/BluetoothAdapter: 980322797: getState() :  mService = null. Returning STATE_OFF
12-23 10:58:25.357 22860-22860/? I/NSApplication: Starting up...
12-23 10:58:25.358 939-2457/? W/ActivityManager: getRunningAppProcesses: caller 10112 does not hold REAL_GET_TASKS; limiting output
12-23 10:58:25.363 939-1879/? W/ActivityManager: getRunningAppProcesses: caller 10112 does not hold REAL_GET_TASKS; limiting output
12-23 10:58:25.380 2276-2298/? E/JavaBinder: *** Uncaught remote exception!  (Exceptions are not yet supported across processes.)
                                             java.lang.RuntimeException: android.os.RemoteException
                                                 at android.os.Parcel.writeException(Parcel.java:1436)
                                                 at android.os.Binder.execTransact(Binder.java:452)
                                              Caused by: android.os.RemoteException
                                                 at com.google.android.gms.ads.identifier.service.b.a(SourceFile:77)
                                                 at com.google.android.gms.ads.identifier.a.e.onTransact(SourceFile:63)
                                                 at android.os.Binder.execTransact(Binder.java:446)
12-23 10:58:25.401 22886-22982/? W/chromium: [WARNING:data_reduction_proxy_config.cc(318)] SPDY proxy OFF at startup
12-23 10:58:25.446 22886-22886/? W/art: Attempt to remove local handle scope entry from IRT, ignoring
12-23 10:58:25.454 939-960/? I/ActivityManager: Start proc 22998:com.sonyericsson.xhs/u0a178 for broadcast com.sonyericsson.xhs/com.sonymobile.xhs.receivers.XLPackageUpdateReceiver
12-23 10:58:25.480 22886-22886/? W/AwContents: onDetachedFromWindow called when already detached. Ignoring
12-23 10:58:25.503 22998-22998/? W/ResourceType: Found multiple library tables, ignoring...
12-23 10:58:25.507 22998-22998/? W/ResourceType: Found multiple library tables, ignoring...
12-23 10:58:25.530 22998-22998/? W/ResourceType: Found multiple library tables, ignoring...
12-23 10:58:25.641 22886-23018/? D/OpenGLRenderer: Use EGL_SWAP_BEHAVIOR_PRESERVED: true
12-23 10:58:25.660 22886-22886/? D/Atlas: Validating map...
12-23 10:58:25.666 939-1884/? V/WindowManager: Adding window Window{3316f8f7 u0 com.google.android.gms/com.google.android.gms.auth.accounts.minutemaid.MinuteMaidActivity} at 5 of 11 (after Window{5c89244 u0 com.android.vending/com.google.android.finsky.activities.MainActivity})
12-23 10:58:25.738 22886-23018/? I/OpenGLRenderer: Initialized EGL, version 1.4
12-23 10:58:25.745 22886-23018/? D/OpenGLRenderer: Enabling debug mode 0
12-23 10:58:25.747 22998-22998/? I/Fabric: Initializing Crashlytics 2.2.4.42
12-23 10:58:25.857 22998-22998/? W/GAV4: Thread[main,5,main]: int configuration name not recognized:  ga_dispatchPeriod
12-23 10:58:25.871 1925-1925/? W/ResourceType: Found multiple library tables, ignoring...
12-23 10:58:25.872 1925-1925/? W/ResourceType: No package identifier when getting value for resource number 0x00000000
12-23 10:58:25.880 1925-1925/? W/PackageManager: Failure retrieving resources for com.sonymobile.entrance: Resource ID #0x0
12-23 10:58:25.927 939-968/? D/BluetoothManagerService: Message: 20
12-23 10:58:25.928 939-968/? D/BluetoothManagerService: Added callback: android.bluetooth.IBluetoothManagerCallback$Stub$Proxy@2c392fa6:true
12-23 10:58:25.974 22998-22998/? I/EstimoteSDK: com.estimote.sdk.service.BeaconService.onCreate:186 Creating service
12-23 10:58:25.976 2276-14396/? E/JavaBinder: *** Uncaught remote exception!  (Exceptions are not yet supported across processes.)
                                              java.lang.RuntimeException: android.os.RemoteException
                                                  at android.os.Parcel.writeException(Parcel.java:1436)
                                                  at android.os.Binder.execTransact(Binder.java:452)
                                               Caused by: android.os.RemoteException
                                                  at com.google.android.gms.ads.identifier.service.b.a(SourceFile:77)
                                                  at com.google.android.gms.ads.identifier.a.e.onTransact(SourceFile:63)
                                                  at android.os.Binder.execTransact(Binder.java:446)
12-23 10:58:26.004 339-1096/? D/WVCdm: Instantiating CDM.
12-23 10:58:26.007 339-339/? I/WVCdm: CdmEngine::OpenSession
12-23 10:58:26.007 339-339/? I/WVCdm: Level3 Library Dec 11 2014 16:13:16
12-23 10:58:26.037 939-2416/? I/ActivityManager: Start proc 23041:com.sony.nfx.app.sfrc/u0a185 for broadcast com.sony.nfx.app.sfrc/.SocialifeUpdateReceiver
12-23 10:58:26.062 939-1368/? I/ActivityManager: Killing 22838:com.android.musicfx/u0a34 (adj 15): empty #9
12-23 10:58:26.076 339-339/? W/WVCdm: Could not read /data/mediadrm/IDM1013/ay64.dat2: No such file or directory
12-23 10:58:26.076 339-339/? W/WVCdm: Could not load liboemcrypto.so. Falling Back to L3.  dlopen failed: library "liboemcrypto.so" not found
12-23 10:58:26.163 339-339/? I/WVCdm: CdmEngine::QueryKeyControlInfo
12-23 10:58:26.167 339-13855/? W/WVCdm: BufferReader::Read<T> : Failure during parse: Not enough bytes (4)
12-23 10:58:26.167 339-13855/? W/WVCdm: CdmEngine::ExtractWidevinePssh: Unable to read PSSH atom size
12-23 10:58:26.167 339-13855/? I/WVCdm: CdmEngine::GenerateKeyRequest
12-23 10:58:26.173 339-13855/? D/WVCdm: PrepareKeyRequest: nonce=1292478728
12-23 10:58:26.209 939-969/? I/ActivityManager: Displayed com.google.android.gms/.auth.accounts.minutemaid.MinuteMaidActivity: +1s355ms (total +1s813ms)
12-23 10:58:26.230 22470-22470/? I/Timeline: Timeline: Activity_idle id: android.os.BinderProxy@1c10be63 time:1265895
12-23 10:58:26.241 2230-2933/? E/PhoneInterfaceManager: [PhoneIntfMgr] getIccId: ICC ID is null or empty.
12-23 10:58:26.242 2276-18751/? E/JavaBinder: *** Uncaught remote exception!  (Exceptions are not yet supported across processes.)
                                              java.lang.RuntimeException: android.os.RemoteException
                                                  at android.os.Parcel.writeException(Parcel.java:1436)
                                                  at android.os.Binder.execTransact(Binder.java:452)
                                               Caused by: android.os.RemoteException
                                                  at com.google.android.gms.ads.identifier.service.b.a(SourceFile:77)
                                                  at com.google.android.gms.ads.identifier.a.e.onTransact(SourceFile:63)
                                                  at android.os.Binder.execTransact(Binder.java:446)
12-23 10:58:26.247 23041-23041/? W/ResourceType: Found multiple library tables, ignoring...
12-23 10:58:26.273 23041-23041/? W/ResourceType: Found multiple library tables, ignoring...
12-23 10:58:26.274 2276-2753/? E/JavaBinder: *** Uncaught remote exception!  (Exceptions are not yet supported across processes.)
                                             java.lang.RuntimeException: android.os.RemoteException
                                                 at android.os.Parcel.writeException(Parcel.java:1436)
                                                 at android.os.Binder.execTransact(Binder.java:452)
                                              Caused by: android.os.RemoteException
                                                 at com.google.android.gms.ads.identifier.service.b.a(SourceFile:77)
                                                 at com.google.android.gms.ads.identifier.a.e.onTransact(SourceFile:63)
                                                 at android.os.Binder.execTransact(Binder.java:446)
12-23 10:58:26.316 22886-22886/? W/Auth: [MinuteMaid,MinuteMaidFragment] com.google.android.androidforwork is not installed on system.
12-23 10:58:26.325 22942-22960/? I/GoogleURLConnFactory: Using platform SSLCertificateSocketFactory
12-23 10:58:26.330 23041-23041/? W/ResourceType: Found multiple library tables, ignoring...
12-23 10:58:26.404 22886-22886/? I/Timeline: Timeline: Activity_idle id: android.os.BinderProxy@9b33e85 time:1266068
12-23 10:58:26.436 339-1089/? D/audio_hw_primary: out_standby: enter: stream (0xb8f4ea48) usecase(1: low-latency-playback)
12-23 10:58:26.474 939-2447/? I/ActivityManager: Killing 22626:com.sonymobile.social.services/u0a27 (adj 15): empty #9
12-23 10:58:26.487 339-1089/? D/hardware_info: hw_info_append_hw_type : device_name = speaker-lite
12-23 10:58:26.662 939-1810/? I/ActivityManager: Killing 22660:com.sonyericsson.album/u0a43 (adj 15): empty #9
12-23 10:58:26.724 22886-22886/? I/Auth: [BrowserSignInFragment] onPageStarted: Host: accounts.google.com Path: /EmbeddedSetup
12-23 10:58:26.727 22886-22886/? W/art: Attempt to remove local handle scope entry from IRT, ignoring
12-23 10:58:26.727 22886-22886/? W/art: Attempt to remove local handle scope entry from IRT, ignoring
12-23 10:58:26.830 939-969/? I/Timeline: Timeline: Activity_windows_visible id: ActivityRecord{2686f2be u0 com.google.android.gms/.auth.accounts.minutemaid.MinuteMaidActivity t17} time:1266494
12-23 10:58:26.863 22470-22470/? W/Finsky: [1] FinskyApp.getCurrentAccount: No account configured on this device.
12-23 10:58:26.864 939-2361/? I/art: Explicit concurrent mark sweep GC freed 71318(3MB) AllocSpace objects, 11(591KB) LOS objects, 33% free, 20MB/30MB, paused 3.787ms total 341.067ms
12-23 10:58:26.993 22470-22470/? E/MediaPlayer-JNI: QCMediaPlayer mediaplayer NOT present
12-23 10:58:27.027 22743-22743/? W/GAV2: Thread[main,5,main]: dispatch call queued.  Need to call GAServiceManager.getInstance().initialize().
12-23 10:58:27.029 939-960/? I/ActivityManager: Killing 22743:com.google.android.apps.docs/u0a90 (adj 15): empty #9
12-23 10:58:27.073 22886-22886/? W/BindingManager: Cannot call determinedVisibility() - never saw a connection for the pid: 22886
12-23 10:58:27.194 2366-3274/? W/SQLiteConnectionPool: The connection pool for database '/data/data/com.android.providers.media/databases/external.db' has been unable to grant a connection to thread 183 (Binder_6) with flags 0x1 for 90.129005 seconds.
                                                       Connections: 0 active, 1 idle, 0 available.
12-23 10:58:27.229 2510-4478/? D/GCM: GcmService start Intent { act=com.google.android.gms.INITIALIZE flg=0x10 pkg=com.google.android.gms cmp=com.google.android.gms/.gcm.GcmService } com.google.android.gms.INITIALIZE
12-23 10:58:27.247 2510-2510/? D/AuthorizationBluetoothService: Received GmsCore event: Intent { act=com.google.android.gms.INITIALIZE flg=0x10 pkg=com.google.android.gms cmp=com.google.android.gms/.auth.be.proximity.authorization.bt.AuthorizationBluetoothService$AutoStarter }.
12-23 10:58:27.261 2276-2276/? V/GmsCoreStatsServiceLauncher: Received broadcast intent Intent { act=com.google.android.gms.INITIALIZE flg=0x10 pkg=com.google.android.gms cmp=com.google.android.gms/.common.stats.GmsCoreStatsServiceLauncher }
12-23 10:58:27.282 939-1609/? D/TaskPersister: removeObsoleteFile: deleting file=14_task.xml
12-23 10:58:27.283 939-1609/? D/TaskPersister: removeObsoleteFile: deleting file=14_task_thumbnail.png
12-23 10:58:27.381 939-1368/? I/ActivityManager: Start proc 23087:com.google.android.gms.wearable/u0a28 for service com.google.android.gms/.wearable.service.WearableService
12-23 10:58:27.387 2276-23084/? D/LocationInitializer: Restart initialization of location
12-23 10:58:27.412 23085-23085/? I/dex2oat: /system/bin/dex2oat --runtime-arg -classpath --runtime-arg  --instruction-set=arm --instruction-set-features=div --runtime-arg -Xrelocate --boot-image=/system/framework/boot.art --dex-file=/data/data/com.google.android.gms/app_fb/f.apk --oat-fd=37 --oat-location=/data/data/com.google.android.gms/app_fb/f.dex --runtime-arg -Xms64m --runtime-arg -Xmx512m
12-23 10:58:27.497 22470-22470/? D/Finsky: [1] PackageVerificationReceiver.onReceive: Verification requested, id = 1
12-23 10:58:27.522 2510-2510/? D/AuthorizationBluetoothService: Received GmsCore event: Intent { act=com.google.android.gms.INITIALIZE flg=0x10 pkg=com.google.android.gms cmp=com.google.android.gms/.auth.be.proximity.authorization.bt.AuthorizationBluetoothService$AutoStarter }.
12-23 10:58:27.534 2276-2276/? V/GmsCoreStatsServiceLauncher: Received broadcast intent Intent { act=com.google.android.gms.INITIALIZE flg=0x10 pkg=com.google.android.gms cmp=com.google.android.gms/.common.stats.GmsCoreStatsServiceLauncher }
12-23 10:58:27.571 2510-4335/? D/GCM: GcmService start Intent { act=com.google.android.gms.INITIALIZE flg=0x10 pkg=com.google.android.gms cmp=com.google.android.gms/.gcm.GcmService } com.google.android.gms.INITIALIZE
12-23 10:58:27.593 23087-23087/? W/ResourceType: Found multiple library tables, ignoring...
12-23 10:58:27.594 23085-23085/? I/dex2oat: dex2oat took 182.188ms (threads: 4) arena alloc=141KB java alloc=18KB native alloc=1172KB free=23KB
12-23 10:58:27.600 23087-23087/? W/ResourceType: Found multiple library tables, ignoring...
12-23 10:58:27.622 23087-23087/? W/ResourcesManager: Asset path '/system/framework/com.android.media.remotedisplay.jar' does not exist or contains no resources.
12-23 10:58:27.622 23087-23087/? W/ResourcesManager: Asset path '/system/framework/com.android.location.provider.jar' does not exist or contains no resources.
12-23 10:58:27.626 22942-22960/? I/Adreno-EGL: <qeglDrvAPI_eglInitialize:410>: EGL 1.4 QUALCOMM build: AU_LINUX_ANDROID_LA.BF.1.1.1_RB1.05.01.00.042.030_msm8226_LA.BF.1.1.1_RB1__release_AU ()
                                               OpenGL ES Shader Compiler Version: E031.25.03.06
                                               Build Date: 06/10/15 Wed
                                               Local Branch:
                                               Remote Branch: quic/LA.BF.1.1.1_rb1.24
                                               Local Patches: NONE
                                               Reconstruct Branch: AU_LINUX_ANDROID_LA.BF.1.1.1_RB1.05.01.00.042.030 + 6151be1 +  NOTHING
12-23 10:58:27.629 23087-23087/? W/ResourceType: Found multiple library tables, ignoring...
12-23 10:58:27.702 23087-23087/? I/MultiDex: VM with version 2.1.0 has multidex support
12-23 10:58:27.702 23087-23087/? I/MultiDex: install
12-23 10:58:27.702 23087-23087/? I/MultiDex: VM has multidex support, MultiDex support library is disabled.
12-23 10:58:27.713 939-1879/? I/ActivityManager: Start proc 23111:com.sonymobile.runtimeskinning.picker/u0a184 for broadcast com.sonymobile.runtimeskinning.picker/.SkinVerifiedReceiver
12-23 10:58:27.733 22537-22552/? I/art: Background partial concurrent mark sweep GC freed 15831(799KB) AllocSpace objects, 7(347KB) LOS objects, 40% free, 11MB/18MB, paused 1.535ms total 203.705ms
12-23 10:58:27.779 2276-23109/? D/LocationInitializer: Restart initialization of location
12-23 10:58:27.836 23087-23087/? I/ProviderInstaller: Insert disabled by gate 'gms:security:enable_conscrypt_in_gms_application'
12-23 10:58:27.869 23111-23111/? W/ResourceType: Found multiple library tables, ignoring...
12-23 10:58:27.876 23111-23111/? W/ResourceType: Found multiple library tables, ignoring...
12-23 10:58:27.877 23087-23087/? D/WearableService: callingUid 10028, callindPid: 23087
12-23 10:58:27.892 23111-23111/? W/ResourceType: Found multiple library tables, ignoring...
12-23 10:58:27.957 3377-4670/? E/MDM: [332] b.run: Couldn't connect to Google API client: ConnectionResult{statusCode=API_UNAVAILABLE, resolution=null}
12-23 10:58:27.962 3377-4670/? E/MDM: [332] b.run: Couldn't connect to Google API client: ConnectionResult{statusCode=API_UNAVAILABLE, resolution=null}
12-23 10:58:27.965 21631-21652/? E/SQLiteLog: (284) automatic index on install_element(parent_id)
12-23 10:58:28.018 22960-22960/? W/Binder_1: type=1400 audit(0.0:11): avc: denied { read } for name="/" dev="tmpfs" ino=6145 scontext=u:r:untrusted_app:s0 tcontext=u:object_r:device:s0 tclass=dir op_res=-13 ppid=360 pcomm="main" tgid=22942 tgcomm="id.gms.unstable"
12-23 10:58:28.048 22811-22811/? W/dex2oat: Verification of void android.support.v4.app.BackStackState.<init>(android.support.v4.app.BackStackRecord) took 108.927ms
12-23 10:58:28.057 22537-22718/? D/UpdateCenterObserver: itemObserver.onStateChanged itemId=10 state=0 curSize=0 totSize=3202163 isUserInitiatedInstall=null
12-23 10:58:28.220 23111-23111/? W/GoogleTagManager: Failed to extract the container from the resource file. Resource is a UTF-8 encoded string but doesn't contain a JSON container
12-23 10:58:28.306 22811-22811/? W/dex2oat: Verification of android.os.Bundle android.support.v4.app.NotificationCompatApi21.getBundleForUnreadConversation(android.support.v4.app.NotificationCompatBase$UnreadConversation) took 115.273ms
12-23 10:58:28.347 22811-22939/? W/dex2oat: Verification of android.os.Bundle android.support.v4.app.NotificationCompatJellybean.getExtras(android.app.Notification) took 156.549ms
12-23 10:58:28.380 22537-22718/? D/UpdateCenterObserver: itemObserver.onStateChanged itemId=10 state=0 curSize=0 totSize=3202163 isUserInitiatedInstall=null
12-23 10:58:28.389 339-1089/? D/audio_hw_primary: out_set_parameters: enter: usecase(1: low-latency-playback) kvpairs: routing=2
12-23 10:58:28.393 1925-1925/? W/ResourceType: No package identifier when getting value for resource number 0x00000000
12-23 10:58:28.394 1925-1925/? W/PackageManager: Failure retrieving resources for com.android.vending: Resource ID #0x0
12-23 10:58:28.402 339-1087/? D/audio_hw_primary: start_output_stream: enter: stream(0xb8f4ea48)usecase(1: low-latency-playback) devices(0x2)
12-23 10:58:28.402 339-1087/? D/audio_hw_primary: select_devices: out_snd_device(36: speaker) in_snd_device(0: )
12-23 10:58:28.402 339-1087/? D/hardware_info: hw_info_append_hw_type : device_name = speaker-lite
12-23 10:58:28.402 339-1087/? D/ACDB-LOADER: ACDB -> send_audio_cal, acdb_id = 14, path =  0
12-23 10:58:28.402 339-1087/? D/ACDB-LOADER: ACDB -> send_adm_topology
12-23 10:58:28.402 339-1087/? D/ACDB-LOADER: ACDB -> ACDB_CMD_GET_AUDPROC_COMMON_TOPOLOGY_ID
12-23 10:58:28.402 339-1087/? D/ACDB-LOADER: ACDB -> send_asm_topology
12-23 10:58:28.402 339-1087/? D/ACDB-LOADER: ACDB -> ACDB_CMD_GET_AUDPROC_STREAM_TOPOLOGY_ID
12-23 10:58:28.402 339-1087/? D/ACDB-LOADER: ACDB -> send_audtable
12-23 10:58:28.402 339-1087/? D/ACDB-LOADER: ACDB -> ACDB_CMD_GET_AUDPROC_COMMON_TABLE
12-23 10:58:28.402 339-1087/? D/ACDB-LOADER: ACDB -> AUDIO_SET_AUDPROC_CAL
12-23 10:58:28.402 339-1087/? D/ACDB-LOADER: ACDB -> send_audvoltable
12-23 10:58:28.402 339-1087/? D/ACDB-LOADER: ACDB -> ACDB_CMD_GET_AUDPROC_GAIN_DEP_STEP_TABLE
12-23 10:58:28.402 339-1087/? D/ACDB-LOADER: ACDB -> AUDIO_SET_AUDPROC_VOL_CAL
12-23 10:58:28.402 339-1087/? D/ACDB-LOADER: ACDB -> send_afe_cal
12-23 10:58:28.402 339-1087/? D/ACDB-LOADER: ACDB -> ACDB_CMD_GET_AFE_COMMON_TABLE
12-23 10:58:28.402 339-1087/? D/ACDB-LOADER: ACDB -> AUDIO_SET_AFE_CAL
12-23 10:58:28.407 339-1087/? D/audio_hw_primary: select_devices: done
12-23 10:58:28.419 22942-22960/? I/Adreno-EGL: <qeglDrvAPI_eglInitialize:410>: EGL 1.4 QUALCOMM build: AU_LINUX_ANDROID_LA.BF.1.1.1_RB1.05.01.00.042.030_msm8226_LA.BF.1.1.1_RB1__release_AU ()
                                               OpenGL ES Shader Compiler Version: E031.25.03.06
                                               Build Date: 06/10/15 Wed
                                               Local Branch:
                                               Remote Branch: quic/LA.BF.1.1.1_rb1.24
                                               Local Patches: NONE
                                               Reconstruct Branch: AU_LINUX_ANDROID_LA.BF.1.1.1_RB1.05.01.00.042.030 + 6151be1 +  NOTHING
12-23 10:58:28.447 939-1790/? I/ActivityManager: START u0 {act=com.android.systemui.recents.SHOW_RECENTS flg=0x10804000 cmp=com.android.systemui/.recents.RecentsActivity} from uid 10059 on display 0
12-23 10:58:28.509 22942-22960/? I/Adreno-EGL: <qeglDrvAPI_eglInitialize:410>: EGL 1.4 QUALCOMM build: AU_LINUX_ANDROID_LA.BF.1.1.1_RB1.05.01.00.042.030_msm8226_LA.BF.1.1.1_RB1__release_AU ()
                                               OpenGL ES Shader Compiler Version: E031.25.03.06
                                               Build Date: 06/10/15 Wed
                                               Local Branch:
                                               Remote Branch: quic/LA.BF.1.1.1_rb1.24
                                               Local Patches: NONE
                                               Reconstruct Branch: AU_LINUX_ANDROID_LA.BF.1.1.1_RB1.05.01.00.042.030 + 6151be1 +  NOTHING
12-23 10:58:28.597 22811-22939/? W/dex2oat: Verification of float android.support.v4.graphics.ColorUtils.constrain(float, float, float) took 244.363ms
12-23 10:58:28.599 22811-22937/? W/dex2oat: Verification of void android.support.v4.app.ShareCompat$IntentBuilder.<init>(android.app.Activity) took 324.468ms
12-23 10:58:28.642 939-1882/? I/ActivityManager: Start proc 23143:com.sony.smallapp.managerservice/u0a143 for service com.sony.smallapp.managerservice/.SmallAppManagerService
12-23 10:58:28.652 21631-21805/? E/SQLiteLog: (284) automatic index on install_element(parent_id)
12-23 10:58:28.667 360-360/? I/art: Explicit concurrent mark sweep GC freed 706(30KB) AllocSpace objects, 0(0B) LOS objects, 49% free, 4MB/8MB, paused 430us total 25.436ms
12-23 10:58:28.692 22811-22938/? W/dex2oat: Verification of void android.support.v4.hardware.fingerprint.FingerprintManagerCompat$CryptoObject.<init>(java.security.Signature) took 327.457ms
12-23 10:58:28.715 23111-23111/? W/ResourceType: Found multiple library tables, ignoring...
12-23 10:58:28.728 22811-22937/? W/dex2oat: Verification of void android.support.v4.hardware.fingerprint.FingerprintManagerCompatApi23$CryptoObject.<init>(java.security.Signature) took 121.276ms
12-23 10:58:28.729 22811-22939/? W/dex2oat: Verification of android.support.v4.hardware.fingerprint.FingerprintManagerCompatApi23$CryptoObject android.support.v4.hardware.fingerprint.FingerprintManagerCompatApi23.unwrapCryptoObject(android.hardware.fingerprint.FingerprintManager$CryptoObject) took 114.457ms
12-23 10:58:28.747 23143-23143/? W/ResourceType: Found multiple library tables, ignoring...
12-23 10:58:28.753 23143-23143/? W/ResourceType: Found multiple library tables, ignoring...
12-23 10:58:28.759 939-2416/? I/ActivityManager: Killing 22693:android.process.acore/u0a46 (adj 15): empty #9
12-23 10:58:28.773 23143-23143/? W/ResourceType: Found multiple library tables, ignoring...
12-23 10:58:28.805 2276-18751/? E/JavaBinder: *** Uncaught remote exception!  (Exceptions are not yet supported across processes.)
                                              java.lang.RuntimeException: android.os.RemoteException
                                                  at android.os.Parcel.writeException(Parcel.java:1436)
                                                  at android.os.Binder.execTransact(Binder.java:452)
                                               Caused by: android.os.RemoteException
                                                  at com.google.android.gms.ads.identifier.service.b.a(SourceFile:77)
                                                  at com.google.android.gms.ads.identifier.a.e.onTransact(SourceFile:63)
                                                  at android.os.Binder.execTransact(Binder.java:446)
12-23 10:58:28.876 22886-22886/? W/IInputConnectionWrapper: showStatusIcon on inactive InputConnection
12-23 10:58:28.940 2510-4438/? D/GCM: GcmService start Intent { act=com.google.android.gms.INITIALIZE flg=0x10 pkg=com.google.android.gms cmp=com.google.android.gms/.gcm.GcmService } com.google.android.gms.INITIALIZE
12-23 10:58:28.980 2510-2510/? D/AuthorizationBluetoothService: Received GmsCore event: Intent { act=com.google.android.gms.INITIALIZE flg=0x10 pkg=com.google.android.gms cmp=com.google.android.gms/.auth.be.proximity.authorization.bt.AuthorizationBluetoothService$AutoStarter }.
12-23 10:58:28.990 2276-2276/? V/GmsCoreStatsServiceLauncher: Received broadcast intent Intent { act=com.google.android.gms.INITIALIZE flg=0x10 pkg=com.google.android.gms cmp=com.google.android.gms/.common.stats.GmsCoreStatsServiceLauncher }
12-23 10:58:29.008 23143-23143/? W/GAV2: Thread[main,5,main]: Need to call initialize() and be in fallback mode to start dispatch.
12-23 10:58:29.027 3377-9096/? E/MDM: [344] b.run: Couldn't connect to Google API client: ConnectionResult{statusCode=API_UNAVAILABLE, resolution=null}
12-23 10:58:29.041 339-15012/? I/WVCdm: CdmEngine::CloseSession
12-23 10:58:29.045 2276-23171/? D/LocationInitializer: Restart initialization of location
12-23 10:58:29.047 339-15012/? I/WVCdm: L3 Terminate.
12-23 10:58:29.063 939-2415/? I/ActivityManager: Killing 22860:com.google.android.apps.magazines/u0a112 (adj 15): empty #9
12-23 10:58:29.092 1925-1925/? I/Timeline: Timeline: Activity_idle id: android.os.BinderProxy@171768d2 time:1268757
12-23 10:58:29.167 248-248/? W/SurfaceFlinger: couldn't log to binary event log: overflow.
12-23 10:58:29.255 22886-22886/? I/Auth: [BrowserSignInFragment] onPageFinished: Host: accounts.google.com Path: /EmbeddedSetup
12-23 10:58:29.354 939-969/? I/Timeline: Timeline: Activity_windows_visible id: ActivityRecord{2547c666 u0 com.android.systemui/.recents.RecentsActivity t13} time:1269018
12-23 10:58:29.362 2510-4491/? D/GCM: GcmService start Intent { act=com.google.android.gms.INITIALIZE flg=0x10 pkg=com.google.android.gms cmp=com.google.android.gms/.gcm.GcmService } com.google.android.gms.INITIALIZE
12-23 10:58:29.399 2510-2510/? D/AuthorizationBluetoothService: Received GmsCore event: Intent { act=com.google.android.gms.INITIALIZE flg=0x10 pkg=com.google.android.gms cmp=com.google.android.gms/.auth.be.proximity.authorization.bt.AuthorizationBluetoothService$AutoStarter }.
12-23 10:58:29.410 2276-2276/? V/GmsCoreStatsServiceLauncher: Received broadcast intent Intent { act=com.google.android.gms.INITIALIZE flg=0x10 pkg=com.google.android.gms cmp=com.google.android.gms/.common.stats.GmsCoreStatsServiceLauncher }
12-23 10:58:29.423 2276-23173/? I/CheckinService: Checking schedule, now: 1482487109423 next: 1482486308621
12-23 10:58:29.423 2276-23173/? I/CheckinService: active receiver: enabled
12-23 10:58:29.437 2276-22503/? V/ConfigFetchTask: ConfigFetchTask getDeviceDataVersionInfo(): ABFEt1V_95h-tju1-VW7kEfWfRaJcpT1UUWHZ79ECFxGx93xHxUe_O94N0HfW4ZRPUeUvBFDH9jLubxuTrntVCBJGiA3y74yLdZQmwph0yJJVsLv4RmlVaE5cB50CSjFTgPqHPY717TB19eJEXdlyfm4XPWgWnRPaXtKwv7cn79mNv7Z5KPnjeRdroQIUAHRQ-McErBdZ77acoUlky4P1Qmw33aWf9Tyz06L3lAemlaUxCXpI1ZZG54mr6y2Hg1emveGp9cgvF4xPkJtQ-W9G0W1uD0Lc-x8eVsUNcebbPUyXj7YSDg9xvFOvisIqst1e59XBLay8jcrX_c0hWTU_lRlWs2m7BrClkR0S_9tHZvsZm6if0ZUpRE
12-23 10:58:29.459 3377-4495/? E/MDM: [330] b.run: Couldn't connect to Google API client: ConnectionResult{statusCode=API_UNAVAILABLE, resolution=null}
12-23 10:58:29.459 2276-23173/? I/CheckinService: Preparing to send checkin request
12-23 10:58:29.459 2276-23173/? I/EventLogService: Accumulating logs since 1482486272728
12-23 10:58:29.468 2276-23174/? D/LocationInitializer: Restart initialization of location
12-23 10:58:29.479 2276-22503/? I/GoogleURLConnFactory: Using platform SSLCertificateSocketFactory
12-23 10:58:29.503 2510-4577/? D/GCM: GcmService start Intent { act=com.google.android.gms.INITIALIZE flg=0x10 pkg=com.google.android.gms cmp=com.google.android.gms/.gcm.GcmService } com.google.android.gms.INITIALIZE
12-23 10:58:29.514 22537-22552/? W/art: Suspending all threads took: 5.366ms
12-23 10:58:29.517 1925-1925/? W/ResourceType: No package identifier when getting value for resource number 0x00000000
12-23 10:58:29.518 1925-1925/? W/PackageManager: Failure retrieving resources for com.android.vending: Resource ID #0x0
12-23 10:58:29.520 22537-22552/? I/art: Background sticky concurrent mark sweep GC freed 2557(113KB) AllocSpace objects, 5(144KB) LOS objects, 21% free, 14MB/18MB, paused 9.115ms total 25.113ms
12-23 10:58:29.522 2510-2510/? D/AuthorizationBluetoothService: Received GmsCore event: Intent { act=com.google.android.gms.INITIALIZE flg=0x10 pkg=com.google.android.gms cmp=com.google.android.gms/.auth.be.proximity.authorization.bt.AuthorizationBluetoothService$AutoStarter }.
12-23 10:58:29.536 2276-2276/? V/GmsCoreStatsServiceLauncher: Received broadcast intent Intent { act=com.google.android.gms.INITIALIZE flg=0x10 pkg=com.google.android.gms cmp=com.google.android.gms/.common.stats.GmsCoreStatsServiceLauncher }
12-23 10:58:29.564 2276-23180/? D/LocationInitializer: Restart initialization of location
12-23 10:58:29.564 3377-4475/? E/MDM: [327] b.run: Couldn't connect to Google API client: ConnectionResult{statusCode=API_UNAVAILABLE, resolution=null}
12-23 10:58:29.713 22886-22886/? W/BindingManager: Cannot call determinedVisibility() - never saw a connection for the pid: 22886
12-23 10:58:29.713 22886-22886/? I/Auth: [BrowserSignInFragment] onPageFinished: Host: accounts.google.com Path: /EmbeddedSetup
12-23 10:58:29.759 2276-23173/? I/GoogleURLConnFactory: Using platform SSLCertificateSocketFactory
12-23 10:58:29.760 2276-23173/? I/CheckinRequestBuilder: Checkin reason type: 9 attempt count: 1
12-23 10:58:29.765 22811-22937/? W/dex2oat: Verification of java.lang.String com.google.android.gms.common.stats.zzg.zza(android.os.PowerManager$WakeLock, java.lang.String) took 116.937ms
12-23 10:58:29.807 939-1883/? I/ActivityManager: Killing 22721:com.google.android.googlequicksearchbox:search/u0a62 (adj 15): empty #9
12-23 10:58:29.879 939-1883/? I/ActivityManager: Killing 22998:com.sonyericsson.xhs/u0a178 (adj 15): empty #9
12-23 10:58:29.935 939-1883/? I/ActivityManager: Killing 22812:com.sonymobile.autopairing/u0a148 (adj 15): empty #10
12-23 10:58:30.021 939-1883/? I/ActivityManager: Killing 22470:com.android.vending/u0a39 (adj 11): remove task
12-23 10:58:30.044 939-1881/? I/WindowState: WIN DEATH: Window{5c89244 u0 com.android.vending/com.google.android.finsky.activities.MainActivity}
12-23 10:58:30.142 2276-2276/? I/ConfigFetchService: fetch service done; releasing wakelock
12-23 10:58:30.145 2276-2276/? I/ConfigFetchService: stopping self
12-23 10:58:30.189 939-1609/? D/TaskPersister: removeObsoleteFile: deleting file=17_task.xml
12-23 10:58:30.189 939-1609/? D/TaskPersister: removeObsoleteFile: deleting file=17_task_thumbnail.png
12-23 10:58:30.198 1925-1925/? D/PhoneStatusBar: disable: < expand ICONS* alerts SYSTEM_INFO* back home recent clock search >
12-23 10:58:30.446 339-13855/? I/WVCdm: CdmEngine::OpenSession
12-23 10:58:30.446 339-13855/? I/WVCdm: Level3 Library Dec 11 2014 16:13:16
12-23 10:58:30.475 339-13855/? W/WVCdm: Could not read /data/mediadrm/IDM1013/ay64.dat2: No such file or directory
12-23 10:58:30.476 339-13855/? W/WVCdm: Could not load liboemcrypto.so. Falling Back to L3.  dlopen failed: library "liboemcrypto.so" not found
12-23 10:58:30.551 339-13855/? I/WVCdm: CdmEngine::QueryKeyControlInfo
12-23 10:58:30.552 339-15012/? W/WVCdm: BufferReader::Read<T> : Failure during parse: Not enough bytes (4)
12-23 10:58:30.552 339-15012/? W/WVCdm: CdmEngine::ExtractWidevinePssh: Unable to read PSSH atom size
12-23 10:58:30.552 339-15012/? I/WVCdm: CdmEngine::GenerateKeyRequest
12-23 10:58:30.557 339-15012/? D/WVCdm: PrepareKeyRequest: nonce=2120347223
12-23 10:58:30.659 1925-1925/? D/ConnectivityManager: getMobileDataEnabled()+ subId=2147483643
12-23 10:58:30.660 2230-2933/? D/PhoneInterfaceManager: [PhoneIntfMgr] getDataEnabled: subId=2147483643 phoneId=0
12-23 10:58:30.660 2230-2933/? D/PhoneInterfaceManager: [PhoneIntfMgr] getDataEnabled: subId=2147483643 retVal=true
12-23 10:58:30.660 1925-1925/? D/ConnectivityManager: getMobileDataEnabled()- subId=2147483643 retVal=true
12-23 10:58:30.683 1925-2363/? D/BluetoothAdapter: 869974520: getState() :  mService = null. Returning STATE_OFF
12-23 10:58:30.683 1925-2363/? D/BluetoothAdapter: 869974520: getState() :  mService = null. Returning STATE_OFF
12-23 10:58:30.686 1925-2363/? D/ConnectivityManager: getMobileDataEnabled()+ subId=2147483643
12-23 10:58:30.696 2230-2247/? D/PhoneInterfaceManager: [PhoneIntfMgr] getDataEnabled: subId=2147483643 phoneId=0
12-23 10:58:30.696 2230-2247/? D/PhoneInterfaceManager: [PhoneIntfMgr] getDataEnabled: subId=2147483643 retVal=true
12-23 10:58:30.696 1925-2363/? D/ConnectivityManager: getMobileDataEnabled()- subId=2147483643 retVal=true
