12-20 12:25:50.604 5071-5124/? I/chatty: uid=1000(system) Binder:5071_2 expire 4 lines
12-20 12:25:51.284 5071-8102/? I/chatty: uid=1000(system) Binder:5071_7 expire 4 lines
12-20 12:25:52.520 5071-3221/? I/chatty: uid=1000(system) Binder:5071_19 expire 1 line
12-20 12:26:17.477 5071-5123/? I/chatty: uid=1000(system) Binder:5071_1 expire 2 lines
12-20 12:26:44.789 376-383/? D/VoldCryptCmdListener: cryptfs getpwtype
12-20 12:26:44.792 5071-6780/? I/chatty: uid=1000(system) CryptdConnector expire 1 line
12-20 12:27:04.625 5071-8137/? I/chatty: uid=1000(system) Binder:5071_9 expire 1 line
12-20 12:27:09.563 5071-23586/? I/chatty: uid=1000(system) Binder:5071_11 expire 2 lines
12-20 12:27:14.877 8156-8156/? W/ViewRootImpl[NovaLauncher]: Dropping event due to no window focus: KeyEvent { action=ACTION_DOWN, keyCode=KEYCODE_BACK, scanCode=0, metaState=0, flags=0x48, repeatCount=0, eventTime=107917178, downTime=107917178, deviceId=-1, source=0x101 }
12-20 12:27:15.187 5071-5130/? I/chatty: uid=1000(system) ActivityManager expire 2 lines
12-20 12:27:39.852 5071-5150/? I/chatty: uid=1000(system) PowerManagerSer expire 10 lines
12-20 12:31:59.061 5071-5146/? I/chatty: uid=1000(system) android.display expire 10 lines
12-20 12:31:59.236 5071-19630/? I/chatty: uid=1000(system) Binder:5071_1C expire 1 line
12-20 12:31:59.237 5071-5130/? I/chatty: uid=1000(system) ActivityManager expire 16 lines
12-20 12:31:59.518 5071-21582/? I/chatty: uid=1000(system) Binder:5071_18 expire 2 lines
12-20 12:31:59.593 5071-23586/? I/chatty: uid=1000(system) Binder:5071_11 expire 7 lines
12-20 12:32:00.759 5071-6776/? I/chatty: uid=1000(system) InputDispatcher expire 1 line
12-20 12:32:01.258 5071-7283/? I/chatty: uid=1000(system) Binder:5071_5 expire 7 lines
12-20 12:32:02.074 5071-8106/? I/chatty: uid=1000(system) Binder:5071_8 expire 3 lines
12-20 12:32:02.240 5071-28672/? I/chatty: uid=1000(system) Binder:5071_14 expire 4 lines
12-20 12:32:02.490 5071-8137/? I/chatty: uid=1000(system) Binder:5071_9 expire 3 lines
12-20 12:32:45.408 5071-19632/? I/chatty: uid=1000(system) Binder:5071_1E expire 3 lines
12-20 12:32:45.453 5071-8102/? I/chatty: uid=1000(system) Binder:5071_7 expire 2 lines
12-20 12:32:45.629 5071-19627/? I/chatty: uid=1000(system) Binder:5071_1A expire 3 lines
12-20 12:32:46.974 5071-8153/? I/chatty: uid=1000(system) Binder:5071_B expire 4 lines
12-20 12:32:48.522 5071-16202/? I/chatty: uid=1000(system) Binder:5071_16 expire 3 lines
12-20 12:32:49.544 5071-3584/? I/chatty: uid=1000(system) Binder:5071_10 expire 5 lines
12-20 12:32:49.674 5071-12073/? I/chatty: uid=1000(system) Binder:5071_D expire 2 lines
12-20 12:32:51.229 5071-21581/? I/chatty: uid=1000(system) Binder:5071_17 expire 5 lines
12-20 12:32:52.499 5071-8100/? I/chatty: uid=1000(system) Binder:5071_6 expire 4 lines
12-20 12:32:52.529 5071-6968/? I/chatty: uid=1000(system) Binder:5071_3 expire 2 lines
12-20 12:32:52.542 5071-3221/? I/chatty: uid=1000(system) Binder:5071_19 expire 10 lines
12-20 12:32:52.854 5071-5071/? I/chatty: uid=1000 system_server expire 10 lines
12-20 12:32:54.549 5071-12900/? I/chatty: uid=1000(system) Binder:5071_15 expire 3 lines
12-20 12:32:54.596 5071-5123/? I/chatty: uid=1000(system) Binder:5071_1 expire 10 lines
12-20 12:32:54.708 5071-8155/? I/chatty: uid=1000(system) Binder:5071_C expire 4 lines
12-20 12:32:55.021 5071-6777/? I/chatty: uid=1000(system) InputReader expire 4 lines
12-20 12:32:55.930 5071-28671/? I/chatty: uid=1000(system) Binder:5071_13 expire 2 lines
12-20 12:40:59.758 5071-6775/? I/chatty: uid=1000(system) AlarmManager expire 1 line
12-20 12:42:19.493 5071-19633/? I/chatty: uid=1000(system) Binder:5071_1F expire 2 lines
12-20 12:42:19.593 5071-28670/? I/chatty: uid=1000(system) Binder:5071_12 expire 3 lines
12-20 12:42:19.601 5071-8151/? I/chatty: uid=1000(system) Binder:5071_A expire 3 lines
12-20 12:42:20.130 5071-19631/? I/chatty: uid=1000(system) Binder:5071_1D expire 1 line
12-20 12:42:20.475 5071-5129/? I/chatty: uid=1000(system) android.bg expire 3 lines
12-20 12:42:22.314 5071-19628/? I/chatty: uid=1000(system) Binder:5071_1B expire 4 lines
12-20 12:42:22.355 5071-5124/? I/chatty: uid=1000(system) Binder:5071_2 expire 1 line
12-20 12:42:24.737 5071-5145/? I/chatty: uid=1000(system) android.io expire 2 lines
12-20 12:42:25.139 5071-5132/? I/chatty: uid=1000(system) ActivityManager expire 1 line
12-20 12:42:25.186 5071-12739/? I/chatty: uid=1000(system) Binder:5071_E expire 1 line
12-20 12:42:36.844 5071-6958/? I/chatty: uid=1000(system) ConnectivitySer expire 1 line
12-20 12:44:32.775 5071-7238/? I/chatty: uid=1000(system) Binder:5071_4 expire 2 lines
12-20 12:47:32.633 376-383/? D/VoldCryptCmdListener: cryptfs getpwtype
12-20 12:47:32.635 5071-6780/? I/chatty: uid=1000(system) CryptdConnector expire 1 line
12-20 12:48:54.125 5071-5071/? I/chatty: uid=1000 system_server expire 4 lines
12-20 12:48:54.145 5071-5123/? I/chatty: uid=1000(system) Binder:5071_1 expire 2 lines
12-20 12:48:54.166 5071-5150/? I/chatty: uid=1000(system) PowerManagerSer expire 2 lines
12-20 12:48:54.248 5071-22696/? I/chatty: uid=1000(system) Binder:5071_F expire 1 line
12-20 12:48:54.328 5071-5130/? I/chatty: uid=1000(system) ActivityManager expire 29 lines
12-20 12:50:09.054 5071-3221/? I/chatty: uid=1000(system) Binder:5071_19 expire 6 lines
12-20 12:50:12.002 5071-19633/? I/chatty: uid=1000(system) Binder:5071_1F expire 5 lines
12-20 12:50:13.304 5071-19628/? I/chatty: uid=1000(system) Binder:5071_1B expire 4 lines
12-20 12:50:13.350 5071-8106/? I/chatty: uid=1000(system) Binder:5071_8 expire 3 lines
12-20 12:50:13.794 5071-12900/? I/chatty: uid=1000(system) Binder:5071_15 expire 4 lines
12-20 12:50:17.204 5071-21581/? I/chatty: uid=1000(system) Binder:5071_17 expire 2 lines
12-20 12:50:17.397 5071-7283/? I/chatty: uid=1000(system) Binder:5071_5 expire 5 lines
12-20 12:50:29.857 5071-12739/? I/chatty: uid=1000(system) Binder:5071_E expire 3 lines
12-20 12:50:31.118 5071-8100/? I/chatty: uid=1000(system) Binder:5071_6 expire 3 lines
12-20 12:50:31.801 5071-6777/? I/chatty: uid=1000(system) InputReader expire 5 lines
12-20 12:50:31.813 5071-5071/? I/chatty: uid=1000 system_server expire 25 lines
12-20 12:50:32.380 5071-5146/? I/chatty: uid=1000(system) android.display expire 14 lines
12-20 12:50:32.703 5071-5150/? I/chatty: uid=1000(system) PowerManagerSer expire 14 lines
12-20 12:50:32.716 5071-12073/? I/chatty: uid=1000(system) Binder:5071_D expire 3 lines
12-20 12:50:32.976 5071-28671/? I/chatty: uid=1000(system) Binder:5071_13 expire 2 lines
12-20 12:56:02.074 5071-5123/? I/chatty: uid=1000(system) Binder:5071_1 expire 3 lines
12-20 12:56:02.080 5071-19630/? I/chatty: uid=1000(system) Binder:5071_1C expire 5 lines
12-20 12:58:42.546 5071-6968/? I/chatty: uid=1000(system) Binder:5071_3 expire 3 lines
12-20 13:01:29.139 5071-8155/? I/chatty: uid=1000(system) Binder:5071_C expire 5 lines
12-20 13:06:28.405 5071-8102/? I/chatty: uid=1000(system) Binder:5071_7 expire 3 lines
12-20 13:06:32.255 5071-7238/? I/chatty: uid=1000(system) Binder:5071_4 expire 2 lines
12-20 13:06:32.270 5071-28670/? I/chatty: uid=1000(system) Binder:5071_12 expire 2 lines
12-20 13:06:37.415 5071-8137/? I/chatty: uid=1000(system) Binder:5071_9 expire 3 lines
12-20 13:06:37.468 5071-8153/? I/chatty: uid=1000(system) Binder:5071_B expire 2 lines
12-20 13:06:38.526 5071-21582/? I/chatty: uid=1000(system) Binder:5071_18 expire 4 lines
12-20 13:06:54.168 5071-16202/? I/chatty: uid=1000(system) Binder:5071_16 expire 3 lines
12-20 13:07:18.668 5071-5124/? I/chatty: uid=1000(system) Binder:5071_2 expire 2 lines
12-20 13:07:19.840 5071-3584/? I/chatty: uid=1000(system) Binder:5071_10 expire 3 lines
12-20 13:07:19.922 5071-6958/? I/chatty: uid=1000(system) ConnectivitySer expire 2 lines
12-20 13:07:19.922 5071-19631/? I/chatty: uid=1000(system) Binder:5071_1D expire 2 lines
12-20 13:13:06.915 5071-19627/? I/chatty: uid=1000(system) Binder:5071_1A expire 3 lines
12-20 13:13:06.953 5071-23586/? I/chatty: uid=1000(system) Binder:5071_11 expire 3 lines
12-20 13:14:35.757 5071-22696/? I/chatty: uid=1000(system) Binder:5071_F expire 2 lines
12-20 13:15:22.938 5071-28672/? I/chatty: uid=1000(system) Binder:5071_14 expire 2 lines
12-20 13:18:09.869 5071-5146/? I/chatty: uid=1000(system) android.display expire 11 lines
12-20 13:18:10.214 5071-12739/? I/chatty: uid=1000(system) Binder:5071_E expire 1 line
12-20 13:18:10.228 5071-5150/? I/chatty: uid=1000(system) PowerManagerSer expire 11 lines
12-20 13:18:10.327 5071-28671/? I/chatty: uid=1000(system) Binder:5071_13 expire 5 lines
12-20 13:18:10.327 5071-5130/? I/chatty: uid=1000(system) ActivityManager expire 20 lines
12-20 13:18:10.476 5071-23586/? I/chatty: uid=1000(system) Binder:5071_11 expire 3 lines
12-20 13:18:11.128 5071-8153/? I/chatty: uid=1000(system) Binder:5071_B expire 2 lines
12-20 13:18:11.839 5071-21581/? I/chatty: uid=1000(system) Binder:5071_17 expire 4 lines
12-20 13:18:11.853 5071-8102/? I/chatty: uid=1000(system) Binder:5071_7 expire 3 lines
12-20 13:18:12.283 5071-7238/? I/chatty: uid=1000(system) Binder:5071_4 expire 3 lines
12-20 13:18:14.849 5071-5129/? I/chatty: uid=1000(system) android.bg expire 8 lines
12-20 13:18:19.891 5071-6777/? I/chatty: uid=1000(system) InputReader expire 4 lines
12-20 13:18:19.899 5071-5071/? I/chatty: uid=1000 system_server expire 21 lines
12-20 13:18:20.794 5071-19627/? I/chatty: uid=1000(system) Binder:5071_1A expire 3 lines
12-20 13:18:24.995 5071-5124/? I/chatty: uid=1000(system) Binder:5071_2 expire 4 lines
12-20 13:18:25.425 5071-6958/? I/chatty: uid=1000(system) ConnectivitySer expire 3 lines
12-20 13:18:26.245 5071-19633/? I/chatty: uid=1000(system) Binder:5071_1F expire 4 lines
12-20 13:18:26.682 5071-22696/? I/chatty: uid=1000(system) Binder:5071_F expire 2 lines
12-20 13:18:30.348 5071-19632/? I/chatty: uid=1000(system) Binder:5071_1E expire 3 lines
12-20 13:18:30.361 5071-5145/? I/chatty: uid=1000(system) android.io expire 7 lines
12-20 13:18:30.512 5071-5123/? I/chatty: uid=1000(system) Binder:5071_1 expire 3 lines
12-20 13:18:33.607 5071-8151/? I/chatty: uid=1000(system) Binder:5071_A expire 1 line
12-20 13:18:33.608 376-383/? D/VoldCryptCmdListener: cryptfs getpwtype
12-20 13:18:33.612 5071-6780/? I/chatty: uid=1000(system) CryptdConnector expire 2 lines
12-20 13:18:33.858 5071-19630/? I/chatty: uid=1000(system) Binder:5071_1C expire 1 line
12-20 13:18:42.788 5071-3221/? I/chatty: uid=1000(system) Binder:5071_19 expire 2 lines
12-20 13:18:43.736 5071-19628/? I/chatty: uid=1000(system) Binder:5071_1B expire 5 lines
12-20 13:18:43.868 5071-8100/? I/chatty: uid=1000(system) Binder:5071_6 expire 1 line
12-20 13:18:46.102 5071-12073/? I/chatty: uid=1000(system) Binder:5071_D expire 3 lines
12-20 13:18:46.321 5071-5132/? I/chatty: uid=1000(system) ActivityManager expire 2 lines
12-20 13:18:47.717 5071-3584/? I/chatty: uid=1000(system) Binder:5071_10 expire 1 line
12-20 13:19:39.221 5071-12900/? I/chatty: uid=1000(system) Binder:5071_15 expire 3 lines
12-20 13:19:39.254 5071-8137/? I/chatty: uid=1000(system) Binder:5071_9 expire 1 line
12-20 13:19:39.254 5071-8106/? I/chatty: uid=1000(system) Binder:5071_8 expire 4 lines
12-20 13:19:41.324 5071-21582/? I/chatty: uid=1000(system) Binder:5071_18 expire 2 lines
12-20 13:19:42.215 5071-7283/? I/chatty: uid=1000(system) Binder:5071_5 expire 3 lines
12-20 13:20:00.090 5071-16202/? I/chatty: uid=1000(system) Binder:5071_16 expire 3 lines
12-20 13:21:19.403 5071-6968/? I/chatty: uid=1000(system) Binder:5071_3 expire 1 line
12-20 13:22:40.781 5071-6775/? I/chatty: uid=1000(system) AlarmManager expire 1 line
12-20 13:27:03.137 5071-28670/? I/chatty: uid=1000(system) Binder:5071_12 expire 1 line
12-20 13:32:59.819 376-383/? D/VoldCryptCmdListener: cryptfs getpwtype
12-20 13:33:10.528 5071-5071/? I/chatty: uid=1000 system_server expire 20 lines
12-20 13:33:10.550 5071-5123/? I/chatty: uid=1000(system) Binder:5071_1 expire 2 lines
12-20 13:33:10.572 5071-5150/? I/chatty: uid=1000(system) PowerManagerSer expire 12 lines
12-20 13:33:10.594 5071-5146/? I/chatty: uid=1000(system) android.display expire 12 lines
12-20 13:33:10.669 5071-8137/? I/chatty: uid=1000(system) Binder:5071_9 expire 2 lines
12-20 13:33:10.679 5071-8155/? I/chatty: uid=1000(system) Binder:5071_C expire 4 lines
12-20 13:33:10.737 5071-21581/? I/chatty: uid=1000(system) Binder:5071_17 expire 1 line
12-20 13:33:10.743 5071-8102/? I/chatty: uid=1000(system) Binder:5071_7 expire 2 lines
12-20 13:33:10.762 5071-5130/? I/chatty: uid=1000(system) ActivityManager expire 19 lines
12-20 13:33:10.928 5071-22696/? I/chatty: uid=1000(system) Binder:5071_F expire 7 lines
12-20 13:33:11.155 5071-28671/? I/chatty: uid=1000(system) Binder:5071_13 expire 3 lines
12-20 13:33:11.559 5071-28672/? I/chatty: uid=1000(system) Binder:5071_14 expire 4 lines
12-20 13:33:15.257 5071-12073/? I/chatty: uid=1000(system) Binder:5071_D expire 4 lines
12-20 13:33:19.595 5071-3584/? I/chatty: uid=1000(system) Binder:5071_10 expire 6 lines
12-20 13:33:19.725 5071-8153/? I/chatty: uid=1000(system) Binder:5071_B expire 3 lines
12-20 13:33:19.726 5071-5124/? I/chatty: uid=1000(system) Binder:5071_2 expire 3 lines
12-20 13:33:19.772 5071-21582/? I/chatty: uid=1000(system) Binder:5071_18 expire 2 lines
12-20 13:33:20.444 5071-7238/? I/chatty: uid=1000(system) Binder:5071_4 expire 1 line
12-20 13:33:27.713 5071-8106/? I/chatty: uid=1000(system) Binder:5071_8 expire 2 lines
12-20 13:33:27.750 5071-28670/? I/chatty: uid=1000(system) Binder:5071_12 expire 2 lines
12-20 13:33:27.780 5071-19633/? I/chatty: uid=1000(system) Binder:5071_1F expire 2 lines
12-20 13:33:27.790 5071-19632/? I/chatty: uid=1000(system) Binder:5071_1E expire 3 lines
12-20 13:33:33.555 5071-12739/? I/chatty: uid=1000(system) Binder:5071_E expire 4 lines
12-20 13:33:33.649 5071-6958/? I/chatty: uid=1000(system) ConnectivitySer expire 3 lines
12-20 13:33:33.674 5071-3221/? I/chatty: uid=1000(system) Binder:5071_19 expire 4 lines
12-20 13:33:33.674 5071-8100/? I/chatty: uid=1000(system) Binder:5071_6 expire 4 lines
12-20 13:33:33.674 5071-6968/? I/chatty: uid=1000(system) Binder:5071_3 expire 6 lines
12-20 13:33:35.996 5071-7283/? I/chatty: uid=1000(system) Binder:5071_5 expire 5 lines
12-20 13:33:36.956 5071-19631/? I/chatty: uid=1000(system) Binder:5071_1D expire 2 lines
12-20 13:33:37.034 5071-5145/? I/chatty: uid=1000(system) android.io expire 2 lines
12-20 13:33:37.494 5071-19627/? I/chatty: uid=1000(system) Binder:5071_1A expire 1 line
12-20 13:33:37.647 5071-6777/? I/chatty: uid=1000(system) InputReader expire 4 lines
12-20 13:40:07.896 5071-16202/? I/chatty: uid=1000(system) Binder:5071_16 expire 2 lines
12-20 13:40:14.139 5071-8151/? I/chatty: uid=1000(system) Binder:5071_A expire 1 line
12-20 13:44:28.892 5071-23586/? I/chatty: uid=1000(system) Binder:5071_11 expire 8 lines
12-20 13:56:40.135 5071-5124/? I/chatty: uid=1000(system) Binder:5071_2 expire 4 lines
12-20 13:56:40.178 5071-16202/? I/chatty: uid=1000(system) Binder:5071_16 expire 2 lines
12-20 13:56:42.973 5071-5130/? I/chatty: uid=1000(system) ActivityManager expire 11 lines
12-20 13:56:43.443 5071-8100/? I/chatty: uid=1000(system) Binder:5071_6 expire 3 lines
12-20 14:05:27.799 5071-6775/? I/chatty: uid=1000(system) AlarmManager expire 1 line
12-20 14:05:49.070 5071-19633/? I/chatty: uid=1000(system) Binder:5071_1F expire 2 lines
12-20 14:05:49.157 5071-3584/? I/chatty: uid=1000(system) Binder:5071_10 expire 4 lines
12-20 14:05:49.532 5071-8137/? I/chatty: uid=1000(system) Binder:5071_9 expire 4 lines
12-20 14:06:01.429 5071-5071/? I/chatty: uid=1000 system_server expire 10 lines
12-20 14:06:01.436 5071-8102/? I/chatty: uid=1000(system) Binder:5071_7 expire 3 lines
12-20 14:06:01.458 5071-5150/? I/chatty: uid=1000(system) PowerManagerSer expire 6 lines
12-20 14:06:01.473 5071-5146/? I/chatty: uid=1000(system) android.display expire 6 lines
12-20 14:06:01.857 5071-21582/? I/chatty: uid=1000(system) Binder:5071_18 expire 3 lines
12-20 14:06:01.858 5071-8151/? I/chatty: uid=1000(system) Binder:5071_A expire 3 lines
12-20 14:06:01.885 5071-28671/? I/chatty: uid=1000(system) Binder:5071_13 expire 3 lines
12-20 14:06:01.973 5071-7238/? I/chatty: uid=1000(system) Binder:5071_4 expire 2 lines
12-20 14:06:02.001 5071-12900/? I/chatty: uid=1000(system) Binder:5071_15 expire 2 lines
12-20 14:06:03.422 5071-19630/? I/chatty: uid=1000(system) Binder:5071_1C expire 4 lines
12-20 14:06:06.554 5071-19628/? I/chatty: uid=1000(system) Binder:5071_1B expire 2 lines
12-20 14:06:17.721 5071-19632/? I/chatty: uid=1000(system) Binder:5071_1E expire 1 line
12-20 14:06:18.845 5071-3221/? I/chatty: uid=1000(system) Binder:5071_19 expire 1 line
12-20 14:07:23.155 5071-21581/? I/chatty: uid=1000(system) Binder:5071_17 expire 1 line
12-20 14:07:33.743 5071-28672/? I/chatty: uid=1000(system) Binder:5071_14 expire 1 line
12-20 14:08:07.728 5071-19631/? I/chatty: uid=1000(system) Binder:5071_1D expire 2 lines
12-20 14:08:07.728 5071-19627/? I/chatty: uid=1000(system) Binder:5071_1A expire 1 line
12-20 14:08:07.731 5071-6958/? I/chatty: uid=1000(system) ConnectivitySer expire 2 lines
12-20 14:08:07.978 5071-8155/? I/chatty: uid=1000(system) Binder:5071_C expire 1 line
12-20 14:08:08.641 5071-6777/? I/chatty: uid=1000(system) InputReader expire 2 lines
12-20 14:11:58.847 5071-22696/? I/chatty: uid=1000(system) Binder:5071_F expire 3 lines
12-20 14:12:04.602 5071-12739/? I/chatty: uid=1000(system) Binder:5071_E expire 1 line
12-20 14:12:05.432 5071-5123/? I/chatty: uid=1000(system) Binder:5071_1 expire 1 line
12-20 14:12:07.705 5071-5145/? I/chatty: uid=1000(system) android.io expire 35 lines
12-20 14:12:08.161 9066-9066/? W/ContextImpl: Calling a method in the system process without a qualified user: android.app.ContextImpl.startService:1357 android.content.ContextWrapper.startService:613 android.content.ContextWrapper.startService:613 com.android.settings.bluetooth.DockEventReceiver.beginStartingService:134 com.android.settings.bluetooth.DockEventReceiver.onReceive:115
12-20 14:12:08.369 5071-7283/? I/chatty: uid=1000(system) Binder:5071_5 expire 1 line
12-20 14:12:08.400 5071-28670/? I/chatty: uid=1000(system) Binder:5071_12 expire 1 line
12-20 14:12:09.454 5071-6776/? I/chatty: uid=1000(system) InputDispatcher expire 1 line
12-20 14:12:09.520 9066-9066/? W/ContextImpl: Calling a method in the system process without a qualified user: android.app.ContextImpl.startService:1357 android.content.ContextWrapper.startService:613 android.content.ContextWrapper.startService:613 com.android.settings.bluetooth.DockEventReceiver.beginStartingService:134 com.android.settings.bluetooth.DockEventReceiver.onReceive:115
12-20 14:13:24.182 5071-5130/? I/chatty: uid=1000(system) ActivityManager expire 2 lines
12-20 14:14:24.670 5071-5129/? I/chatty: uid=1000(system) android.bg expire 14 lines
12-20 14:17:11.415 5071-7283/? I/chatty: uid=1000(system) Binder:5071_5 expire 4 lines
12-20 14:17:11.419 5071-8106/? I/chatty: uid=1000(system) Binder:5071_8 expire 10 lines
12-20 14:17:18.854 5071-5133/? I/chatty: uid=1000(system) batterystats-sy expire 1 line
12-20 14:17:52.913 5071-5130/? I/chatty: uid=1000(system) ActivityManager expire 11 lines
12-20 14:17:54.648 5071-28670/? I/chatty: uid=1000(system) Binder:5071_12 expire 5 lines
12-20 14:17:55.016 5071-8137/? I/chatty: uid=1000(system) Binder:5071_9 expire 2 lines
12-20 14:22:34.792 5071-21581/? I/chatty: uid=1000(system) Binder:5071_17 expire 4 lines
12-20 14:22:34.808 5071-21582/? I/chatty: uid=1000(system) Binder:5071_18 expire 1 line
12-20 14:22:56.950 5071-12073/? I/chatty: uid=1000(system) Binder:5071_D expire 2 lines
12-20 14:23:14.657 5071-3221/? I/chatty: uid=1000(system) Binder:5071_19 expire 3 lines
12-20 14:24:54.680 5071-8155/? I/chatty: uid=1000(system) Binder:5071_C expire 5 lines
12-20 14:24:55.066 5071-8153/? I/chatty: uid=1000(system) Binder:5071_B expire 1 line
12-20 14:24:58.711 5071-12739/? I/chatty: uid=1000(system) Binder:5071_E expire 4 lines
12-20 14:25:06.131 5071-12900/? I/chatty: uid=1000(system) Binder:5071_15 expire 2 lines
12-20 14:25:07.577 5071-19633/? I/chatty: uid=1000(system) Binder:5071_1F expire 3 lines
12-20 14:25:07.578 5071-28672/? I/chatty: uid=1000(system) Binder:5071_14 expire 3 lines
12-20 14:25:07.579 5071-6958/? I/chatty: uid=1000(system) ConnectivitySer expire 3 lines
12-20 14:25:25.075 5071-5071/? I/chatty: uid=1000 system_server expire 12 lines
12-20 14:25:25.081 5071-19632/? I/chatty: uid=1000(system) Binder:5071_1E expire 5 lines
12-20 14:25:25.100 5071-5150/? I/chatty: uid=1000(system) PowerManagerSer expire 6 lines
12-20 14:25:25.126 5071-5146/? I/chatty: uid=1000(system) android.display expire 6 lines
12-20 14:25:25.480 5071-3584/? I/chatty: uid=1000(system) Binder:5071_10 expire 4 lines
12-20 14:25:26.218 5071-5124/? I/chatty: uid=1000(system) Binder:5071_2 expire 2 lines
12-20 14:25:27.245 5071-22696/? I/chatty: uid=1000(system) Binder:5071_F expire 2 lines
12-20 14:25:29.739 5071-5145/? I/chatty: uid=1000(system) android.io expire 4 lines
12-20 14:25:33.607 5071-19628/? I/chatty: uid=1000(system) Binder:5071_1B expire 1 line
12-20 14:25:33.659 5071-8151/? I/chatty: uid=1000(system) Binder:5071_A expire 3 lines
12-20 14:25:34.417 5071-6777/? I/chatty: uid=1000(system) InputReader expire 2 lines
12-20 14:25:41.078 5071-5123/? I/chatty: uid=1000(system) Binder:5071_1 expire 3 lines
12-20 14:25:41.131 5071-19630/? I/chatty: uid=1000(system) Binder:5071_1C expire 5 lines
12-20 14:25:42.744 5071-16202/? I/chatty: uid=1000(system) Binder:5071_16 expire 2 lines
12-20 14:25:42.960 5071-5132/? I/chatty: uid=1000(system) ActivityManager expire 1 line
12-20 14:25:44.594 5071-8102/? I/chatty: uid=1000(system) Binder:5071_7 expire 1 line
12-20 14:25:44.680 5071-8100/? I/chatty: uid=1000(system) Binder:5071_6 expire 1 line
12-20 14:26:47.599 5071-19631/? I/chatty: uid=1000(system) Binder:5071_1D expire 2 lines
12-20 14:26:47.820 5071-19627/? I/chatty: uid=1000(system) Binder:5071_1A expire 1 line
12-20 14:26:48.990 5071-23586/? I/chatty: uid=1000(system) Binder:5071_11 expire 2 lines
12-20 14:29:25.649 5071-6968/? I/chatty: uid=1000(system) Binder:5071_3 expire 4 lines
12-20 14:36:09.594 5071-5150/? I/chatty: uid=1000(system) PowerManagerSer expire 9 lines
12-20 14:36:09.606 5071-5146/? I/chatty: uid=1000(system) android.display expire 9 lines
12-20 14:36:09.685 5071-8102/? I/chatty: uid=1000(system) Binder:5071_7 expire 3 lines
12-20 14:36:10.049 5071-12900/? I/chatty: uid=1000(system) Binder:5071_15 expire 3 lines
12-20 14:36:10.069 5071-22696/? I/chatty: uid=1000(system) Binder:5071_F expire 2 lines
12-20 14:36:10.104 5071-12073/? I/chatty: uid=1000(system) Binder:5071_D expire 4 lines
12-20 14:36:10.127 5071-5130/? I/chatty: uid=1000(system) ActivityManager expire 15 lines
12-20 14:36:10.197 5071-8153/? I/chatty: uid=1000(system) Binder:5071_B expire 3 lines
12-20 14:36:12.031 5071-8106/? I/chatty: uid=1000(system) Binder:5071_8 expire 3 lines
12-20 14:36:13.525 5071-7238/? I/chatty: uid=1000(system) Binder:5071_4 expire 2 lines
12-20 14:36:13.526 5071-8137/? I/chatty: uid=1000(system) Binder:5071_9 expire 4 lines
12-20 14:36:13.548 5071-5124/? I/chatty: uid=1000(system) Binder:5071_2 expire 1 line
12-20 14:36:14.490 5071-19633/? I/chatty: uid=1000(system) Binder:5071_1F expire 6 lines
12-20 14:36:15.510 5071-6776/? I/chatty: uid=1000(system) InputDispatcher expire 1 line
12-20 14:36:16.404 5071-6777/? I/chatty: uid=1000(system) InputReader expire 3 lines
12-20 14:36:16.417 5071-5071/? I/chatty: uid=1000 system_server expire 10 lines
12-20 14:36:32.002 5071-19631/? I/chatty: uid=1000(system) Binder:5071_1D expire 1 line
12-20 14:36:41.621 5071-8151/? I/chatty: uid=1000(system) Binder:5071_A expire 2 lines
12-20 14:37:13.142 5071-7283/? I/chatty: uid=1000(system) Binder:5071_5 expire 5 lines
12-20 14:40:26.541 5071-3584/? I/chatty: uid=1000(system) Binder:5071_10 expire 3 lines
12-20 14:40:27.782 5071-19628/? I/chatty: uid=1000(system) Binder:5071_1B expire 4 lines
12-20 14:40:29.065 5071-28670/? I/chatty: uid=1000(system) Binder:5071_12 expire 2 lines
12-20 14:40:30.451 5071-5133/? I/chatty: uid=1000(system) batterystats-sy expire 1 line
12-20 14:40:47.639 5071-5145/? I/chatty: uid=1000(system) android.io expire 2 lines
12-20 14:41:04.698 5071-23586/? I/chatty: uid=1000(system) Binder:5071_11 expire 4 lines
12-20 14:41:04.726 5071-3221/? I/chatty: uid=1000(system) Binder:5071_19 expire 2 lines
12-20 14:41:19.038 5071-21581/? I/chatty: uid=1000(system) Binder:5071_17 expire 2 lines
12-20 14:41:19.080 5071-19632/? I/chatty: uid=1000(system) Binder:5071_1E expire 1 line
12-20 14:41:38.489 5071-21582/? I/chatty: uid=1000(system) Binder:5071_18 expire 2 lines
12-20 14:41:39.096 5071-19630/? I/chatty: uid=1000(system) Binder:5071_1C expire 2 lines
12-20 14:42:24.042 5071-8155/? I/chatty: uid=1000(system) Binder:5071_C expire 1 line
12-20 14:42:24.500 5071-28671/? I/chatty: uid=1000(system) Binder:5071_13 expire 1 line
12-20 14:43:16.157 5071-28672/? I/chatty: uid=1000(system) Binder:5071_14 expire 1 line
12-20 14:43:16.384 5071-12739/? I/chatty: uid=1000(system) Binder:5071_E expire 2 lines
12-20 14:43:24.659 5071-5123/? I/chatty: uid=1000(system) Binder:5071_1 expire 2 lines
12-20 14:43:39.827 5071-5129/? I/chatty: uid=1000(system) android.bg expire 1 line
12-20 14:43:40.136 376-383/? D/VoldCryptCmdListener: cryptfs getpwtype
12-20 14:43:40.139 5071-6780/? I/chatty: uid=1000(system) CryptdConnector expire 1 line
12-20 14:44:18.939 7043-7043/? V/DeadZone: consuming errant click: (927.0,3.0)
12-20 14:44:41.550 5071-5071/? I/chatty: uid=1000 system_server expire 3 lines
12-20 14:46:23.830 5071-6775/? I/chatty: uid=1000(system) AlarmManager expire 1 line
12-20 14:50:21.053 5071-23586/? I/chatty: uid=1000(system) Binder:5071_11 expire 2 lines
12-20 14:51:04.865 5071-21581/? I/chatty: uid=1000(system) Binder:5071_17 expire 3 lines
12-20 14:51:33.676 5071-5071/? I/chatty: uid=1000 system_server expire 12 lines
12-20 14:51:33.684 5071-3584/? I/chatty: uid=1000(system) Binder:5071_10 expire 2 lines
12-20 14:51:33.705 5071-5150/? I/chatty: uid=1000(system) PowerManagerSer expire 6 lines
12-20 14:51:33.731 5071-5146/? I/chatty: uid=1000(system) android.display expire 6 lines
12-20 14:51:34.122 5071-28670/? I/chatty: uid=1000(system) Binder:5071_12 expire 1 line
12-20 14:51:34.206 5071-19630/? I/chatty: uid=1000(system) Binder:5071_1C expire 2 lines
12-20 14:51:34.224 5071-28671/? I/chatty: uid=1000(system) Binder:5071_13 expire 4 lines
12-20 14:51:34.243 5071-5130/? I/chatty: uid=1000(system) ActivityManager expire 8 lines
12-20 14:51:59.400 5071-19631/? I/chatty: uid=1000(system) Binder:5071_1D expire 1 line
12-20 14:52:00.445 5071-6776/? I/chatty: uid=1000(system) InputDispatcher expire 5 lines
12-20 14:52:02.163 5071-19632/? I/chatty: uid=1000(system) Binder:5071_1E expire 3 lines
12-20 14:52:03.328 5071-12739/? I/chatty: uid=1000(system) Binder:5071_E expire 2 lines
12-20 14:52:21.246 5071-6777/? I/chatty: uid=1000(system) InputReader expire 4 lines
12-20 14:52:28.368 5071-8100/? I/chatty: uid=1000(system) Binder:5071_6 expire 1 line
12-20 14:52:34.263 5071-8102/? I/chatty: uid=1000(system) Binder:5071_7 expire 4 lines
12-20 14:52:34.395 5071-8153/? I/chatty: uid=1000(system) Binder:5071_B expire 2 lines
12-20 14:52:34.696 5071-21582/? I/chatty: uid=1000(system) Binder:5071_18 expire 2 lines
12-20 14:52:34.839 5071-8155/? I/chatty: uid=1000(system) Binder:5071_C expire 1 line
12-20 14:52:35.420 5071-19633/? I/chatty: uid=1000(system) Binder:5071_1F expire 2 lines
12-20 14:52:36.355 5071-12073/? I/chatty: uid=1000(system) Binder:5071_D expire 1 line
12-20 14:52:36.366 5071-8151/? I/chatty: uid=1000(system) Binder:5071_A expire 2 lines
12-20 14:52:36.819 5071-7238/? I/chatty: uid=1000(system) Binder:5071_4 expire 1 line
12-20 14:52:37.829 7043-7043/? V/DeadZone: consuming errant click: (95.0,25.0)
12-20 14:52:38.185 7043-7043/? V/DeadZone: consuming errant click: (55.0,8.0)
12-20 14:53:03.187 5071-12900/? I/chatty: uid=1000(system) Binder:5071_15 expire 1 line
12-20 14:53:03.203 5071-6968/? I/chatty: uid=1000(system) Binder:5071_3 expire 1 line
12-20 14:57:18.848 5071-5133/? I/chatty: uid=1000(system) batterystats-sy expire 1 line
12-20 14:59:19.022 5071-5123/? I/chatty: uid=1000(system) Binder:5071_1 expire 1 line
12-20 15:01:11.291 5071-7321/? I/chatty: uid=1000(system) uteStateMachine expire 5 lines
12-20 15:01:24.330 5071-5129/? I/chatty: uid=1000(system) android.bg expire 3 lines
12-20 15:01:24.749 5071-5124/? I/chatty: uid=1000(system) Binder:5071_2 expire 1 line
12-20 15:01:24.750 5071-6958/? I/chatty: uid=1000(system) ConnectivitySer expire 21 lines
12-20 15:01:24.752 5071-19628/? I/chatty: uid=1000(system) Binder:5071_1B expire 1 line
12-20 15:02:22.145 5071-7283/? I/chatty: uid=1000(system) Binder:5071_5 expire 2 lines
12-20 15:02:22.789 5071-16202/? I/chatty: uid=1000(system) Binder:5071_16 expire 2 lines
12-20 15:02:22.832 5071-28672/? I/chatty: uid=1000(system) Binder:5071_14 expire 2 lines
12-20 15:02:23.405 5071-5132/? I/chatty: uid=1000(system) ActivityManager expire 1 line
12-20 15:02:23.535 5071-22696/? I/chatty: uid=1000(system) Binder:5071_F expire 5 lines
12-20 15:02:23.670 5071-19631/? I/chatty: uid=1000(system) Binder:5071_1D expire 2 lines
12-20 15:02:23.674 5071-6968/? I/chatty: uid=1000(system) Binder:5071_3 expire 6 lines
12-20 15:02:24.054 5071-6958/? I/chatty: uid=1000(system) ConnectivitySer expire 14 lines
12-20 15:02:25.112 5071-8102/? I/chatty: uid=1000(system) Binder:5071_7 expire 2 lines
12-20 15:02:25.655 5071-5130/? I/chatty: uid=1000(system) ActivityManager expire 8 lines
12-20 15:02:25.673 5071-21581/? I/chatty: uid=1000(system) Binder:5071_17 expire 4 lines
12-20 15:02:25.674 5071-12900/? I/chatty: uid=1000(system) Binder:5071_15 expire 3 lines
12-20 15:02:26.071 5071-6954/? I/chatty: uid=1000(system) WifiStateMachin expire 1 line
12-20 15:02:26.221 5071-8137/? I/chatty: uid=1000(system) Binder:5071_9 expire 4 lines
12-20 15:02:26.869 5071-21582/? I/chatty: uid=1000(system) Binder:5071_18 expire 2 lines
12-20 15:02:26.995 5071-5124/? I/chatty: uid=1000(system) Binder:5071_2 expire 5 lines
12-20 15:02:27.534 5071-8106/? I/chatty: uid=1000(system) Binder:5071_8 expire 4 lines
12-20 15:02:29.870 376-383/? D/VoldCryptCmdListener: cryptfs getpwtype
12-20 15:02:29.873 5071-6780/? I/chatty: uid=1000(system) CryptdConnector expire 1 line
12-20 15:02:30.366 5071-3584/? I/chatty: uid=1000(system) Binder:5071_10 expire 3 lines
12-20 15:02:30.584 5071-28671/? I/chatty: uid=1000(system) Binder:5071_13 expire 2 lines
12-20 15:02:30.830 5071-5071/? I/chatty: uid=1000 system_server expire 13 lines
12-20 15:02:30.855 5071-5150/? I/chatty: uid=1000(system) PowerManagerSer expire 3 lines
12-20 15:02:30.874 5071-5146/? I/chatty: uid=1000(system) android.display expire 3 lines
12-20 15:02:31.347 5071-19630/? I/chatty: uid=1000(system) Binder:5071_1C expire 1 line
12-20 15:02:31.379 5071-12739/? I/chatty: uid=1000(system) Binder:5071_E expire 2 lines
12-20 15:02:31.449 5071-19627/? I/chatty: uid=1000(system) Binder:5071_1A expire 3 lines
12-20 15:02:32.854 5071-28670/? I/chatty: uid=1000(system) Binder:5071_12 expire 5 lines
12-20 15:02:34.930 13352-13352/? W/ViewRootImpl[TopLevelActivity]: Dropping event due to no window focus: KeyEvent { action=ACTION_DOWN, keyCode=KEYCODE_VOLUME_UP, scanCode=115, metaState=0, flags=0x8, repeatCount=0, eventTime=110570882, downTime=110570882, deviceId=6, source=0x101 }
12-20 15:02:35.289 5071-7283/? I/chatty: uid=1000(system) Binder:5071_5 expire 3 lines
12-20 15:02:36.479 5071-6958/? I/chatty: uid=1000(system) ConnectivitySer expire 9 lines
12-20 15:02:36.664 5071-23586/? I/chatty: uid=1000(system) Binder:5071_11 expire 3 lines
12-20 15:02:36.687 5071-7238/? I/chatty: uid=1000(system) Binder:5071_4 expire 1 line
12-20 15:02:36.782 5071-16202/? I/chatty: uid=1000(system) Binder:5071_16 expire 1 line
12-20 15:02:37.107 5071-19633/? I/chatty: uid=1000(system) Binder:5071_1F expire 2 lines
12-20 15:02:37.372 5071-8153/? I/chatty: uid=1000(system) Binder:5071_B expire 1 line
12-20 15:02:45.246 5071-5132/? I/chatty: uid=1000(system) ActivityManager expire 1 line
12-20 15:02:46.059 5071-6777/? I/chatty: uid=1000(system) InputReader expire 1 line
12-20 15:02:47.055 5071-6964/? I/chatty: uid=1000(system) onProviders.ECP expire 1 line
12-20 15:02:58.473 5071-12073/? I/chatty: uid=1000(system) Binder:5071_D expire 4 lines
12-20 15:02:58.637 13968-14121/? W/ActivityThread: ClassLoader.getResources: The class loader returned by Thread.getContextClassLoader() may fail for processes that host multiple applications. You should explicitly specify a context class loader. For example: Thread.setContextClassLoader(getClass().getClassLoader());
12-20 15:03:01.101 5071-8106/? I/chatty: uid=1000(system) Binder:5071_8 expire 1 line
12-20 15:03:01.102 5071-6958/? I/chatty: uid=1000(system) ConnectivitySer expire 5 lines
12-20 15:03:01.150 5071-5132/? I/chatty: uid=1000(system) ActivityManager expire 1 line
12-20 15:03:01.601 5071-19628/? I/chatty: uid=1000(system) Binder:5071_1B expire 4 lines
12-20 15:03:01.879 5071-5123/? I/chatty: uid=1000(system) Binder:5071_1 expire 5 lines
12-20 15:03:01.929 5071-19633/? I/chatty: uid=1000(system) Binder:5071_1F expire 3 lines
12-20 15:03:02.098 5071-8102/? I/chatty: uid=1000(system) Binder:5071_7 expire 7 lines
12-20 15:03:02.291 5071-3584/? I/chatty: uid=1000(system) Binder:5071_10 expire 2 lines
12-20 15:03:02.567 5071-19632/? I/chatty: uid=1000(system) Binder:5071_1E expire 4 lines
12-20 15:03:02.825 5071-21582/? I/chatty: uid=1000(system) Binder:5071_18 expire 3 lines
12-20 15:03:02.842 5071-6968/? I/chatty: uid=1000(system) Binder:5071_3 expire 2 lines
12-20 15:03:03.489 5071-5130/? I/chatty: uid=1000(system) ActivityManager expire 13 lines
12-20 15:03:05.302 5071-21581/? I/chatty: uid=1000(system) Binder:5071_17 expire 3 lines
12-20 15:03:05.377 5071-8137/? I/chatty: uid=1000(system) Binder:5071_9 expire 3 lines
12-20 15:03:32.462 5071-19631/? I/chatty: uid=1000(system) Binder:5071_1D expire 3 lines
12-20 15:04:02.376 5071-23586/? I/chatty: uid=1000(system) Binder:5071_11 expire 1 line
12-20 15:05:03.734 5071-7238/? I/chatty: uid=1000(system) Binder:5071_4 expire 2 lines
12-20 15:05:04.738 5071-19627/? I/chatty: uid=1000(system) Binder:5071_1A expire 2 lines
12-20 15:06:08.766 5071-12900/? I/chatty: uid=1000(system) Binder:5071_15 expire 9 lines
12-20 15:07:16.119 5071-5133/? I/chatty: uid=1000(system) batterystats-sy expire 1 line
12-20 15:07:27.844 5071-5071/? I/chatty: uid=1000 system_server expire 9 lines
12-20 15:07:27.851 5071-8100/? I/chatty: uid=1000(system) Binder:5071_6 expire 2 lines
12-20 15:07:27.872 5071-5150/? I/chatty: uid=1000(system) PowerManagerSer expire 3 lines
12-20 15:07:27.881 5071-5146/? I/chatty: uid=1000(system) android.display expire 3 lines
12-20 15:07:28.137 5071-28670/? I/chatty: uid=1000(system) Binder:5071_12 expire 2 lines
12-20 15:07:30.328 5071-5124/? I/chatty: uid=1000(system) Binder:5071_2 expire 2 lines
12-20 15:07:45.045 5071-6777/? I/chatty: uid=1000(system) InputReader expire 1 line
12-20 15:08:04.109 5071-3221/? I/chatty: uid=1000(system) Binder:5071_19 expire 2 lines
12-20 15:09:07.789 5071-8151/? I/chatty: uid=1000(system) Binder:5071_A expire 2 lines
12-20 15:09:07.858 5071-7283/? I/chatty: uid=1000(system) Binder:5071_5 expire 1 line
12-20 15:10:03.171 5071-19630/? I/chatty: uid=1000(system) Binder:5071_1C expire 6 lines
12-20 15:10:03.267 5071-15335/? I/chatty: uid=1000 system_server expire 1 line
12-20 15:10:03.308 5071-5071/? I/chatty: uid=1000 system_server expire 8 lines
12-20 15:10:03.317 5071-7321/? I/chatty: uid=1000(system) uteStateMachine expire 1 line
12-20 15:10:03.319 5071-7322/? I/chatty: uid=1000(system) CallAudioModeSt expire 3 lines
12-20 15:10:03.324 5071-5130/? I/chatty: uid=1000(system) ActivityManager expire 91 lines
12-20 15:10:03.328 5071-15340/? I/chatty: uid=1000 system_server expire 1 line
12-20 15:10:03.331 5071-5130/? I/chatty: uid=1000(system) ActivityManager expire 154 lines
12-20 15:10:03.354 5071-5071/? I/chatty: uid=1000 system_server expire 24 lines
12-20 15:10:03.369 5071-15340/? I/chatty: uid=1000 system_server expire 3 lines
12-20 15:10:03.400 5071-7321/? I/chatty: uid=1000(system) uteStateMachine expire 8 lines
12-20 15:10:05.158 5071-7238/? I/chatty: uid=1000(system) Binder:5071_4 expire 1 line
12-20 15:10:05.318 5071-8100/? I/chatty: uid=1000(system) Binder:5071_6 expire 1 line
12-20 15:10:05.385 5071-5123/? I/chatty: uid=1000(system) Binder:5071_1 expire 1 line
12-20 15:10:05.386 376-383/? D/VoldCryptCmdListener: cryptfs getpwtype
12-20 15:10:05.387 5071-6780/? I/chatty: uid=1000(system) CryptdConnector expire 1 line
12-20 15:10:05.713 5071-21581/? I/chatty: uid=1000(system) Binder:5071_17 expire 2 lines
12-20 15:10:05.796 13352-13352/? E/ActivityThread: Performing stop of activity that is already stopped: {com.google.android.music/com.android.music.activitymanagement.TopLevelActivity}
                                                   java.lang.RuntimeException: Performing stop of activity that is already stopped: {com.google.android.music/com.android.music.activitymanagement.TopLevelActivity}
                                                       at android.app.ActivityThread.performStopActivityInner(ActivityThread.java:3827)
                                                       at android.app.ActivityThread.handleStopActivity(ActivityThread.java:3915)
                                                       at android.app.ActivityThread.-wrap25(ActivityThread.java)
                                                       at android.app.ActivityThread$H.handleMessage(ActivityThread.java:1511)
                                                       at android.os.Handler.dispatchMessage(Handler.java:102)
                                                       at android.os.Looper.loop(Looper.java:154)
                                                       at android.app.ActivityThread.main(ActivityThread.java:6119)
                                                       at java.lang.reflect.Method.invoke(Native Method)
                                                       at com.android.internal.os.ZygoteInit$MethodAndArgsCaller.run(ZygoteInit.java:886)
                                                       at com.android.internal.os.ZygoteInit.main(ZygoteInit.java:776)
12-20 15:10:05.796 13352-13352/? E/ActivityThread: ActivityClientRecord{paused=true, stopped=true, hideForNow=false, startsNotResumed=false, isForward=true, pendingConfigChanges=0, onlyLocalRequest=false, preserveWindow=false, Activity{resumed=false, stopped=true, finished=false, destroyed=false, startedActivity=false, temporaryPause=false, changingConfigurations=false, visibleBehind=false}}
12-20 15:10:06.209 5071-5146/? I/chatty: uid=1000(system) android.display expire 2 lines
12-20 15:10:06.221 5071-5150/? I/chatty: uid=1000(system) PowerManagerSer expire 2 lines
12-20 15:10:06.248 5071-12073/? I/chatty: uid=1000(system) Binder:5071_D expire 2 lines
12-20 15:10:06.461 5071-8151/? I/chatty: uid=1000(system) Binder:5071_A expire 5 lines
12-20 15:10:08.600 5071-7322/? I/chatty: uid=1000(system) CallAudioModeSt expire 3 lines
12-20 15:10:08.606 5071-5130/? I/chatty: uid=1000(system) ActivityManager expire 191 lines
12-20 15:10:08.630 5071-8151/? I/chatty: uid=1000(system) Binder:5071_A expire 12 lines
12-20 15:10:09.190 5071-7322/? I/chatty: uid=1000(system) CallAudioModeSt expire 1 line
12-20 15:10:09.191 5071-7321/? I/chatty: uid=1000(system) uteStateMachine expire 1 line
12-20 15:10:16.472 5071-3221/? I/chatty: uid=1000(system) Binder:5071_19 expire 1 line
12-20 15:10:16.633 5071-28670/? I/chatty: uid=1000(system) Binder:5071_12 expire 1 line
12-20 15:10:16.857 15520-15744/? W/ActivityThread: ClassLoader.getResources: The class loader returned by Thread.getContextClassLoader() may fail for processes that host multiple applications. You should explicitly specify a context class loader. For example: Thread.setContextClassLoader(getClass().getClassLoader());
12-20 15:10:17.526 5071-7283/? I/chatty: uid=1000(system) Binder:5071_5 expire 1 line
12-20 15:10:19.071 5071-19627/? I/chatty: uid=1000(system) Binder:5071_1A expire 1 line
12-20 15:10:26.403 5071-23586/? I/chatty: uid=1000(system) Binder:5071_11 expire 1 line
12-20 15:10:26.406 5071-21581/? I/chatty: uid=1000(system) Binder:5071_17 expire 1 line
12-20 15:10:26.420 5071-8137/? I/chatty: uid=1000(system) Binder:5071_9 expire 3 lines
12-20 15:10:26.458 5071-12900/? I/chatty: uid=1000(system) Binder:5071_15 expire 2 lines
12-20 15:10:26.553 5071-8155/? I/chatty: uid=1000(system) Binder:5071_C expire 1 line
12-20 15:10:33.884 5071-19633/? I/chatty: uid=1000(system) Binder:5071_1F expire 1 line
12-20 15:10:34.845 5071-12739/? I/chatty: uid=1000(system) Binder:5071_E expire 2 lines
12-20 15:10:35.184 5071-12073/? I/chatty: uid=1000(system) Binder:5071_D expire 7 lines
12-20 15:10:35.214 5071-7322/? I/chatty: uid=1000(system) CallAudioModeSt expire 3 lines
12-20 15:10:35.215 5071-7321/? I/chatty: uid=1000(system) uteStateMachine expire 1 line
12-20 15:10:35.220 5071-5130/? I/chatty: uid=1000(system) ActivityManager expire 222 lines
12-20 15:10:35.232 5071-12073/? I/chatty: uid=1000(system) Binder:5071_D expire 14 lines
12-20 15:10:35.246 5071-7321/? I/chatty: uid=1000(system) uteStateMachine expire 14 lines
12-20 15:10:35.560 5071-7322/? I/chatty: uid=1000(system) CallAudioModeSt expire 4 lines
12-20 15:10:35.607 5071-7283/? I/chatty: uid=1000(system) Binder:5071_5 expire 1 line
12-20 15:10:35.632 5071-19627/? I/chatty: uid=1000(system) Binder:5071_1A expire 1 line
12-20 15:10:35.696 5071-5071/? I/chatty: uid=1000 system_server expire 23 lines
12-20 15:10:35.824 5071-8100/? I/chatty: uid=1000(system) Binder:5071_6 expire 1 line
12-20 15:10:37.270 5071-19630/? I/chatty: uid=1000(system) Binder:5071_1C expire 2 lines
12-20 15:10:37.305 5071-6968/? I/chatty: uid=1000(system) Binder:5071_3 expire 1 line
12-20 15:10:38.949 5071-8137/? I/chatty: uid=1000(system) Binder:5071_9 expire 1 line
12-20 15:10:39.152 5071-28672/? I/chatty: uid=1000(system) Binder:5071_14 expire 1 line
12-20 15:10:39.179 5071-22696/? I/chatty: uid=1000(system) Binder:5071_F expire 1 line
12-20 15:10:39.424 5071-7238/? I/chatty: uid=1000(system) Binder:5071_4 expire 1 line
12-20 15:10:39.633 5071-6776/? I/chatty: uid=1000(system) InputDispatcher expire 1 line
12-20 15:10:40.920 5071-19632/? I/chatty: uid=1000(system) Binder:5071_1E expire 1 line
12-20 15:10:41.070 5071-23586/? I/chatty: uid=1000(system) Binder:5071_11 expire 1 line
12-20 15:10:41.996 5071-21581/? I/chatty: uid=1000(system) Binder:5071_17 expire 1 line
12-20 15:10:42.349 5071-28670/? I/chatty: uid=1000(system) Binder:5071_12 expire 1 line
12-20 15:10:42.471 5071-5593/? I/chatty: uid=1000(system) ContactsAsyncWo expire 2 lines
12-20 15:10:42.923 5071-5071/? I/chatty: uid=1000 system_server expire 13 lines
12-20 15:10:42.975 5071-16202/? I/chatty: uid=1000(system) Binder:5071_16 expire 1 line
12-20 15:10:43.071 5071-12739/? I/chatty: uid=1000(system) Binder:5071_E expire 17 lines
12-20 15:10:43.082 5071-7322/? I/chatty: uid=1000(system) CallAudioModeSt expire 2 lines
12-20 15:10:43.093 5071-5130/? I/chatty: uid=1000(system) ActivityManager expire 168 lines
12-20 15:10:43.096 5071-12739/? I/chatty: uid=1000(system) Binder:5071_E expire 4 lines
12-20 15:10:43.098 5071-7321/? I/chatty: uid=1000(system) uteStateMachine expire 4 lines
12-20 15:10:43.100 5071-5130/? I/chatty: uid=1000(system) ActivityManager expire 75 lines
12-20 15:10:43.225 5071-8151/? I/chatty: uid=1000(system) Binder:5071_A expire 2 lines
12-20 15:10:45.049 5071-5133/? I/chatty: uid=1000(system) batterystats-sy expire 1 line
12-20 15:10:45.384 5071-5071/? I/chatty: uid=1000 system_server expire 1 line
12-20 15:10:46.142 5071-21582/? I/chatty: uid=1000(system) Binder:5071_18 expire 2 lines
12-20 15:10:59.240 5071-19628/? I/chatty: uid=1000(system) Binder:5071_1B expire 16 lines
12-20 15:10:59.263 5071-7322/? I/chatty: uid=1000(system) CallAudioModeSt expire 4 lines
12-20 15:11:01.356 5071-28671/? I/chatty: uid=1000(system) Binder:5071_13 expire 15 lines
12-20 15:11:01.392 5071-5130/? I/chatty: uid=1000(system) ActivityManager expire 163 lines
12-20 15:11:01.429 5071-28671/? I/chatty: uid=1000(system) Binder:5071_13 expire 6 lines
12-20 15:11:01.434 5071-7321/? I/chatty: uid=1000(system) uteStateMachine expire 14 lines
12-20 15:11:01.673 5071-7322/? I/chatty: uid=1000(system) CallAudioModeSt expire 5 lines
12-20 15:11:03.432 5071-5071/? I/chatty: uid=1000 system_server expire 31 lines
12-20 15:11:04.718 5071-8100/? I/chatty: uid=1000(system) Binder:5071_6 expire 1 line
12-20 15:11:04.827 5071-5593/? I/chatty: uid=1000(system) ContactsAsyncWo expire 2 lines
12-20 15:11:05.359 5071-7238/? I/chatty: uid=1000(system) Binder:5071_4 expire 1 line
12-20 15:11:05.434 5071-5123/? I/chatty: uid=1000(system) Binder:5071_1 expire 13 lines
12-20 15:11:05.456 5071-7322/? I/chatty: uid=1000(system) CallAudioModeSt expire 1 line
12-20 15:11:05.459 5071-5130/? I/chatty: uid=1000(system) ActivityManager expire 176 lines
12-20 15:11:05.473 5071-5123/? I/chatty: uid=1000(system) Binder:5071_1 expire 8 lines
12-20 15:11:05.476 5071-7321/? I/chatty: uid=1000(system) uteStateMachine expire 4 lines
12-20 15:11:05.611 5071-21582/? I/chatty: uid=1000(system) Binder:5071_18 expire 2 lines
12-20 15:11:12.704 5071-5129/? I/chatty: uid=1000(system) android.bg expire 1 line
12-20 15:11:12.707 5071-8151/? I/chatty: uid=1000(system) Binder:5071_A expire 1 line
12-20 15:11:14.083 5071-3584/? I/chatty: uid=1000(system) Binder:5071_10 expire 2 lines
12-20 15:11:23.463 5071-8153/? I/chatty: uid=1000(system) Binder:5071_B expire 16 lines
12-20 15:11:23.480 5071-7322/? I/chatty: uid=1000(system) CallAudioModeSt expire 4 lines
12-20 15:11:30.104 5071-22696/? I/chatty: uid=1000(system) Binder:5071_F expire 2 lines
12-20 15:11:30.516 5071-7283/? I/chatty: uid=1000(system) Binder:5071_5 expire 9 lines
12-20 15:11:30.547 5071-5130/? I/chatty: uid=1000(system) ActivityManager expire 211 lines
12-20 15:11:30.560 5071-7283/? I/chatty: uid=1000(system) Binder:5071_5 expire 12 lines
12-20 15:11:30.586 5071-7321/? I/chatty: uid=1000(system) uteStateMachine expire 7 lines
12-20 15:11:30.854 5071-7322/? I/chatty: uid=1000(system) CallAudioModeSt expire 2 lines
12-20 15:11:32.589 5071-5071/? I/chatty: uid=1000 system_server expire 2 lines
12-20 15:11:33.107 5071-3221/? I/chatty: uid=1000(system) Binder:5071_19 expire 1 line
12-20 15:11:35.131 5071-6777/? I/chatty: uid=1000(system) InputReader expire 1 line
12-20 15:11:35.146 5071-5071/? I/chatty: uid=1000 system_server expire 4 lines
12-20 15:11:35.723 5071-5146/? I/chatty: uid=1000(system) android.display expire 3 lines
12-20 15:11:36.053 5071-5150/? I/chatty: uid=1000(system) PowerManagerSer expire 3 lines
12-20 15:11:46.398 5071-5129/? I/chatty: uid=1000(system) android.bg expire 1 line
12-20 15:11:51.588 5071-5130/? I/chatty: uid=1000(system) ActivityManager expire 11 lines
12-20 15:11:53.194 5071-3584/? I/chatty: uid=1000(system) Binder:5071_10 expire 3 lines
12-20 15:11:53.257 5071-12073/? I/chatty: uid=1000(system) Binder:5071_D expire 5 lines
12-20 15:12:55.130 5071-6968/? I/chatty: uid=1000(system) Binder:5071_3 expire 1 line
12-20 15:12:55.130 5071-8102/? I/chatty: uid=1000(system) Binder:5071_7 expire 2 lines
12-20 15:12:55.131 5071-7283/? I/chatty: uid=1000(system) Binder:5071_5 expire 5 lines
12-20 15:12:55.132 5071-6958/? I/chatty: uid=1000(system) ConnectivitySer expire 15 lines
12-20 15:13:15.832 5071-19633/? I/chatty: uid=1000(system) Binder:5071_1F expire 1 line
12-20 15:13:19.173 5071-12900/? I/chatty: uid=1000(system) Binder:5071_15 expire 3 lines
12-20 15:17:18.399 5071-7238/? I/chatty: uid=1000(system) Binder:5071_4 expire 2 lines
12-20 15:17:18.409 5071-28671/? I/chatty: uid=1000(system) Binder:5071_13 expire 5 lines
12-20 15:17:18.436 5071-3221/? I/chatty: uid=1000(system) Binder:5071_19 expire 3 lines
12-20 15:17:18.519 5071-16202/? I/chatty: uid=1000(system) Binder:5071_16 expire 2 lines
12-20 15:17:18.546 5071-5123/? I/chatty: uid=1000(system) Binder:5071_1 expire 3 lines
12-20 15:19:10.680 5071-19630/? I/chatty: uid=1000(system) Binder:5071_1C expire 3 lines
12-20 15:19:10.681 376-383/? D/VoldCryptCmdListener: cryptfs getpwtype
12-20 15:19:10.685 5071-6780/? I/chatty: uid=1000(system) CryptdConnector expire 2 lines
12-20 15:19:25.532 5071-12739/? I/chatty: uid=1000(system) Binder:5071_E expire 5 lines
12-20 15:19:25.579 5071-22696/? I/chatty: uid=1000(system) Binder:5071_F expire 2 lines
12-20 15:19:25.615 5071-19628/? I/chatty: uid=1000(system) Binder:5071_1B expire 3 lines
12-20 15:19:34.121 5071-21581/? I/chatty: uid=1000(system) Binder:5071_17 expire 2 lines
12-20 15:19:34.166 5071-28672/? I/chatty: uid=1000(system) Binder:5071_14 expire 3 lines
12-20 15:19:44.966 5071-5133/? I/chatty: uid=1000(system) batterystats-sy expire 1 line
12-20 15:20:00.573 5071-8155/? I/chatty: uid=1000(system) Binder:5071_C expire 1 line
12-20 15:20:03.309 5071-6954/? I/chatty: uid=1000(system) WifiStateMachin expire 1 line
12-20 15:20:03.537 5071-19632/? I/chatty: uid=1000(system) Binder:5071_1E expire 3 lines
12-20 15:20:03.834 5071-19627/? I/chatty: uid=1000(system) Binder:5071_1A expire 2 lines
12-20 15:20:04.200 5071-19631/? I/chatty: uid=1000(system) Binder:5071_1D expire 2 lines
12-20 15:20:06.308 5071-8106/? I/chatty: uid=1000(system) Binder:5071_8 expire 2 lines
12-20 15:20:09.501 5071-23586/? I/chatty: uid=1000(system) Binder:5071_11 expire 1 line
12-20 15:20:10.539 5071-8153/? I/chatty: uid=1000(system) Binder:5071_B expire 2 lines
12-20 15:20:10.571 5071-21582/? I/chatty: uid=1000(system) Binder:5071_18 expire 1 line
12-20 15:20:10.572 376-383/? D/VoldCryptCmdListener: cryptfs getpwtype
12-20 15:20:11.784 5071-28670/? I/chatty: uid=1000(system) Binder:5071_12 expire 2 lines
