12-22 12:22:18.455 649-705/? W/InputReader: outer ID:0, tracking ID:-1, pointer count:16
12-22 12:22:18.455 649-705/? W/InputReader: inCount:16, pointer count:1
12-22 12:22:18.465 649-701/? D/PowerManagerDisplayState: setElectronBeamLevel: level=0.039577305
12-22 12:22:18.466 649-701/? D/ElectronBeam: drawFrame: level=0.039577305
12-22 12:22:18.468 649-705/? W/InputReader: outer ID:0, tracking ID:-1, pointer count:16
12-22 12:22:18.468 649-705/? W/InputReader: inCount:16, pointer count:1
12-22 12:22:18.479 649-705/? W/InputReader: outer ID:0, tracking ID:-1, pointer count:16
12-22 12:22:18.479 649-705/? W/InputReader: inCount:16, pointer count:1
12-22 12:22:18.483 649-701/? D/PowerManagerDisplayState: setElectronBeamLevel: level=0.017721295
12-22 12:22:18.483 649-701/? D/ElectronBeam: drawFrame: level=0.017721295
12-22 12:22:18.491 649-705/? W/InputReader: outer ID:0, tracking ID:-1, pointer count:16
12-22 12:22:18.491 649-705/? W/InputReader: inCount:16, pointer count:1
12-22 12:22:18.500 649-701/? D/PowerManagerDisplayState: setElectronBeamLevel: level=0.003942609
12-22 12:22:18.501 649-701/? D/ElectronBeam: drawFrame: level=0.003942609
12-22 12:22:18.504 649-705/? W/InputReader: outer ID:0, tracking ID:-1, pointer count:16
12-22 12:22:18.504 649-705/? W/InputReader: inCount:16, pointer count:1
12-22 12:22:18.515 649-705/? W/InputReader: outer ID:0, tracking ID:-1, pointer count:16
12-22 12:22:18.515 649-705/? W/InputReader: inCount:16, pointer count:1
12-22 12:22:18.518 649-701/? D/PowerManagerDisplayState: setElectronBeamLevel: level=0.0
12-22 12:22:18.518 649-701/? D/ElectronBeam: drawFrame: level=0.0
12-22 12:22:18.519 649-701/? D/PowerManagerDisplayState: Requesting new screen state: on=true, backlight=0, mChangeInProgress=false
12-22 12:22:18.520 649-701/? D/PowerManagerDisplayController: mProximity = -1, mWaitingForNegativeProximity = false, mScreenOffBecauseOfProximity = false, mPowerRequest.useProximitySensor = false, mPowerRequest.forceProximitySensorEnable = false, mPowerRequest.forceWakeUpEnable = false
12-22 12:22:18.520 649-701/? D/PowerManagerDisplayState: setScreenOn: on=false
12-22 12:22:18.520 649-701/? D/PowerManagerNotifier: onScreenOff
12-22 12:22:18.520 649-701/? D/PowerManagerDisplayController: setScreenOn false
12-22 12:22:18.520 649-701/? D/PowerManagerDisplayController: updatePowerState: mustNotify=true, mScreenOnWasBlocked=false, mElectronBeamOnAnimator=false, mElectronBeamOffAnimator=false, waitUntilClean=false
12-22 12:22:18.520 649-701/? D/PowerManagerDisplayState: on mTask
12-22 12:22:18.520 649-701/? D/PowerManagerDisplayState: mTask: on = true, mActualOn = true, backlight = 0, mActualBacklight = 102
12-22 12:22:18.521 649-701/? D/PowerManagerDisplayState: mTask: on = true, onChanged = false, backlightChanged = true, backlight = 0
12-22 12:22:18.521 649-701/? D/LightsService: setLight_native: light=0, colorARGB=0xff000000, flashMode=0, onMS=0, offMS=0, brightnessMode=0
12-22 12:22:18.521 649-701/? D/lights: write_int open fd=178
12-22 12:22:18.523 649-701/? D/MessageMonitorLogger: Monitor message handler is null
12-22 12:22:18.523 649-701/? D/PowerManagerDisplayState: mTask: on = true, mActualOn = true, backlight = 0, mActualBacklight = 0
12-22 12:22:18.523 649-701/? D/PowerManagerDisplayState: Requesting new screen state: on=false, backlight=0, mChangeInProgress=false
12-22 12:22:18.523 649-701/? D/PowerManagerDisplayState: on mTask
12-22 12:22:18.524 649-701/? D/PowerManagerDisplayState: mTask: on = false, mActualOn = true, backlight = 0, mActualBacklight = 0
12-22 12:22:18.524 649-701/? D/PowerManagerDisplayState: mTask: on = false, onChanged = true, backlightChanged = false, backlight = 0
12-22 12:22:18.524 649-701/? D/PowerManagerService: blankAllDisplays in ...
12-22 12:22:18.524 649-701/? D/DisplayManagerService: updateDisplayBlankingLocked for  , flag=15
12-22 12:22:18.524 649-701/? D/DisplayManagerService: mAllDisplayBlankStateFromPowerManager: 1
12-22 12:22:18.525 135-135/? D/SurfaceFlinger: Screen released, type=0 flinger=0xb704e500
12-22 12:22:18.525 135-135/? I/hwcomposer: [HWC] Blank(1) Display(0)
12-22 12:22:18.527 649-701/? D/PowerManagerService: blankAllDisplays  ...
12-22 12:22:18.529 649-705/? W/InputReader: outer ID:0, tracking ID:-1, pointer count:16
12-22 12:22:18.529 649-705/? W/InputReader: inCount:16, pointer count:1
12-22 12:22:18.547 649-705/? W/InputReader: inCount:16, pointer count:0
12-22 12:22:18.547 649-705/? D/InputReader: AP_PROF:AppLaunch_dispatchPtr:Up:745330, ID:0, Index:1637835192
12-22 12:22:18.554 858-858/? D/StatusBar.NetworkController: PhoneStateListener:onSignalStrengthsChanged, sim0 before.
12-22 12:22:18.554 858-858/? D/StatusBar.NetworkController: PhoneStateListener:onSignalStrengthsChanged, signalStrength=4
12-22 12:22:18.554 858-858/? D/StatusBar.NetworkController: updateDataNetType(0), DataNetType=0 / 0
12-22 12:22:18.554 858-858/? D/SIMHelper: isSimInserted(0), SimInserted=false
12-22 12:22:18.554 858-858/? D/SIMHelper: isSimInserted(0), SimInserted=false
12-22 12:22:18.554 858-858/? D/StatusBar.NetworkController: updateTelephonySignalStrength(0), is null signal.
12-22 12:22:18.554 858-858/? D/StatusBar.NetworkController: updateTelephonySignalStrength(0), null signal
12-22 12:22:18.555 858-858/? D/StatusBar.NetworkController:  updateTelephonySignalStrength(0) tempSIMCUSignVisible= true
12-22 12:22:18.555 858-858/? D/SIMHelper: isSimInserted(0), SimInserted=false
12-22 12:22:18.555 858-858/? D/StatusBar.NetworkController: refreshViews(0), DataConnected=false simColorId = -1
12-22 12:22:18.555 858-858/? V/MobileDataChecked: onMobileDataChanged()
12-22 12:22:18.555 858-858/? V/Provider/Settings:  from settings cache , name = mobile_data , value = 1
12-22 12:22:18.555 858-858/? V/MobileDataChecked: isMobileDataEnabled() MOBILE_DATA=1
12-22 12:22:18.557 649-667/? V/ActivityManager: Broadcast sticky: Intent { act=android.intent.action.SIG_STR flg=0x20000010 (has extras) } ordered=false userid=-1 callerApp=ProcessRecord{41f69f08 649:system/1000}
12-22 12:22:18.559 649-659/? V/Provider/Settings:  from settings cache , name = mobile_data , value = 1
12-22 12:22:18.559 649-659/? D/ConnectivityService: getMobileDataEnabled returning true
12-22 12:22:18.560 858-858/? V/QS: DataConnection | getMobileDataEnabled():true
12-22 12:22:18.561 649-4402/? V/Provider/Settings:  from settings cache , name = mobile_data , value = 1
12-22 12:22:18.561 649-4402/? D/ConnectivityService: getMobileDataEnabled returning true
12-22 12:22:18.561 858-858/? V/Provider/Settings:  from settings cache , name = gprs_connection_sim_setting , value = 0
12-22 12:22:18.562 649-2044/? D/ActivityManager: getContentProviderImpl: from callerandroid.app.ApplicationThreadProxy@4241be88 (pid=858) to get content provider telephony
12-22 12:22:18.562 649-2044/? D/ActivityManager: getContentProviderImpl: updateLruProcessLocked cpr.proc=ProcessRecord{42231450 1092:com.android.phone/1001}
12-22 12:22:18.563 858-858/? D/ActivityThread: hoder:android.app.IActivityManager$ContentProviderHolder@42491dd8,provider,holder.Provider:android.content.ContentProviderProxy@420fc410
12-22 12:22:18.564 1092-1103/? I/TelephonyProvider: initDatabaseIfNeeded begin content://telephony/siminfo
12-22 12:22:18.564 1092-1103/? I/TelephonyProvider:  mInitAPNGemini[0]: true,uricontent://telephony/siminfo
12-22 12:22:18.564 1092-1103/? I/TelephonyProvider:  mInitAPNGemini[0] unlock: true,uricontent://telephony/siminfo
12-22 12:22:18.565 1092-1103/? I/TelephonyProvider: initDatabaseIfNeeded end content://telephony/siminfo
12-22 12:22:18.569 1092-2064/? D/IPCThreadState: [DN #5] BR_CLEAR_DEATH_NOTIFICATION_DONE cookie 0x61362c30
12-22 12:22:18.570 649-1170/? D/IPCThreadState: [DN #5] BR_CLEAR_DEATH_NOTIFICATION_DONE cookie 0x6a5596f0
12-22 12:22:18.570 1092-1119/? I/TelephonyProvider: initDatabaseIfNeeded begin content://telephony/siminfo
12-22 12:22:18.571 1092-1119/? I/TelephonyProvider:  mInitAPNGemini[0]: true,uricontent://telephony/siminfo
12-22 12:22:18.571 1092-1119/? I/TelephonyProvider:  mInitAPNGemini[0] unlock: true,uricontent://telephony/siminfo
12-22 12:22:18.571 1092-1119/? I/TelephonyProvider: initDatabaseIfNeeded end content://telephony/siminfo
12-22 12:22:18.574 1092-1526/? D/IPCThreadState: [DN #5] BR_CLEAR_DEATH_NOTIFICATION_DONE cookie 0x629922c8
12-22 12:22:18.574 649-1222/? D/IPCThreadState: [DN #5] BR_CLEAR_DEATH_NOTIFICATION_DONE cookie 0x684b7ee8
12-22 12:22:18.576 1092-1523/? D/PhoneInterfaceManagerEx: [PhoneIntfMgrEx] hasIccCard  simId=0
12-22 12:22:18.577 1092-1102/? D/PhoneInterfaceManager: getSimState simId = 0prop = ABSENT
12-22 12:22:18.577 858-858/? V/Provider/Settings:  from settings cache , name = airplane_mode_on , value = 0
12-22 12:22:18.577 858-858/? D/SignalClusterView: setRoamingFlagandResource(0), roaming=false, roamingId=0
12-22 12:22:18.577 858-858/? D/SignalClusterView: setShowSimIndicator(0), showSimIndicator=false simIndicatorResource = 0
12-22 12:22:18.577 858-858/? D/SignalClusterView: setDataNetType3G(0), NetworkType=null
12-22 12:22:18.577 858-858/? D/SignalClusterView: apply(), mWifiVisible is true
12-22 12:22:18.578 858-858/? D/SIMHelper: isSimInserted(0), SimInserted=false
12-22 12:22:18.578 858-858/? D/SignalClusterView: apply(), slotId=0, mMobileVisible=true, mShouldMobileGroupVisible=true
12-22 12:22:18.578 858-858/? D/SignalClusterView: apply(), slotId=0, mRoaming=false mMobileActivityId=0 mMobileTypeId=0 mMobileStrengthId[0] = 2130837997 mMobileStrengthId[1] = 0
12-22 12:22:18.578 858-858/? D/SIMHelper: isSimInserted(0), SimInserted=false
12-22 12:22:18.578 858-858/? D/SignalClusterView: apply(). mIsAirplaneMode is false, NWType slot(0) is 8
12-22 12:22:18.578 858-858/? D/StatusBar.NetworkController: PhoneStateListener:onSignalStrengthsChanged, sim0 after.
12-22 12:22:18.600 858-858/? D/OpenGLRenderer: prepareDirty (0.00, 0.00, 480.00, 38.00) opaque 0 <0x61c46008>
12-22 12:22:18.600 858-858/? D/OpenGLRenderer: clear (0.00, 38 - 38.00 = 0.00, 480.00 - 0.00 = 480.00, 38.00 - 0.00 = 38.00) opaque 0 <0x61c46008>
12-22 12:22:18.600 858-858/? D/OpenGLRenderer: finish <0x61c46008>
12-22 12:22:18.667 649-701/? D/PowerManagerService-JNI: Excessive delay in autosuspend_enable() while turning screen off: 139ms
12-22 12:22:18.667 649-701/? D/PowerManagerService: blankAllDisplays out ...
12-22 12:22:18.667 649-701/? D/PowerManagerDisplayState: mTask: on = false, mActualOn = false, backlight = 0, mActualBacklight = 0
12-22 12:22:18.667 649-701/? D/PowerManagerDisplayController: mProximity = -1, mWaitingForNegativeProximity = false, mScreenOffBecauseOfProximity = false, mPowerRequest.useProximitySensor = false, mPowerRequest.forceProximitySensorEnable = false, mPowerRequest.forceWakeUpEnable = false
12-22 12:22:18.667 649-701/? D/PowerManagerDisplayController: setScreenOn false
12-22 12:22:18.667 649-701/? D/PowerManagerDisplayController: updatePowerState: mustNotify=true, mScreenOnWasBlocked=false, mElectronBeamOnAnimator=false, mElectronBeamOffAnimator=false, waitUntilClean=true
12-22 12:22:18.667 649-701/? D/PowerManagerDisplayController: Display ready!
12-22 12:22:18.668 649-701/? D/PowerManagerService: newScreenState = 0
12-22 12:22:18.668 649-701/? D/PowerManagerDisplayController: requestPowerState: screenState=0, useProximitySensor=false, forceProximitySensorEnable=false, forceWakeUpEnable=false, screenBrightness=102, screenAutoBrightnessAdjustment=0.0, useAutoBrightness=true, useEcoBrightness=false, blockScreenOn=false, waitForNegativeProximity=false
12-22 12:22:18.668 649-701/? I/PowerManagerService: setBrightness mButtonLight 0.
12-22 12:22:18.668 649-701/? D/PowerManagerService: updateScreenStateLocked: mDisplayReady=true, newScreenState=0, mWakefulness=0, mWakeLockSummary=0x0, mUserActivitySummary=0x0, mBootCompleted=true
12-22 12:22:18.668 649-701/? D/PowerManagerNotifier: onGoToSleepFinished
12-22 12:22:18.668 649-701/? D/PowerManagerNotifier: updatePendingBroadcastLocked mBroadcastInProgress = false, mActualPowerState = 2, mPendingWakeUpBroadcast = false, mPendingGoToSleepBroadcast = true, mBroadcastedPowerState = 1
12-22 12:22:18.668 649-701/? D/PowerManagerService: Acquiring suspend blocker "PowerManagerService.Broadcasts".
12-22 12:22:18.668 649-701/? D/PowerManagerService: Releasing suspend blocker "PowerManagerService.Display".
12-22 12:22:18.668 649-649/? D/PowerManagerNotifier: sendNextBroadcast, mBroadcastedPowerState=1, mActualPowerState=2
12-22 12:22:18.668 649-649/? D/PowerManagerNotifier: Sending go to sleep broadcast.
12-22 12:22:18.668 649-649/? D/PowerManagerNotifier: Sending go to sleep broadcast - ActivityManagerNative goingToSleep
12-22 12:22:18.668 649-649/? I/ActivityManager: goingToSleep
12-22 12:22:18.669 649-649/? D/PowerManagerService: acquireWakeLockInternal: lock=1106266432, flags=0x1, tag="ActivityManager-Sleep", ws=null, uid=1000, pid=649
12-22 12:22:18.669 649-649/? D/PowerManagerNotifier: onWakeLockAcquired: flags=1, tag="ActivityManager-Sleep", packageName=android, ownerUid=1000, ownerPid=649, workSource=null
12-22 12:22:18.669 649-649/? D/AppOps: startOperation: allowing code 40 uid 1000 package android
12-22 12:22:18.669 649-649/? D/PowerManagerService: updateWakeLockSummaryLocked: mWakefulness=Asleep, mWakeLockSummary=0x1
12-22 12:22:18.670 649-649/? D/PowerManagerService: newScreenState = 0
12-22 12:22:18.670 649-649/? D/PowerManagerDisplayController: requestPowerState: screenState=0, useProximitySensor=false, forceProximitySensorEnable=false, forceWakeUpEnable=false, screenBrightness=102, screenAutoBrightnessAdjustment=0.0, useAutoBrightness=true, useEcoBrightness=false, blockScreenOn=false, waitForNegativeProximity=false
12-22 12:22:18.670 649-649/? I/PowerManagerService: setBrightness mButtonLight 0.
12-22 12:22:18.670 649-649/? D/PowerManagerService: updateScreenStateLocked: mDisplayReady=true, newScreenState=0, mWakefulness=0, mWakeLockSummary=0x1, mUserActivitySummary=0x0, mBootCompleted=true
12-22 12:22:18.670 649-649/? D/PowerManagerService: Acquiring suspend blocker "PowerManagerService.WakeLocks".
12-22 12:22:18.672 858-868/? D/KeyguardViewMediator: >>>onScreenTurnedOff(2) ---ScreenOff Before--synchronized (this)
12-22 12:22:18.672 649-649/? D/PowerManagerNotifier: Sending go to sleep broadcast - sendOrderedBroadcastAsUser
12-22 12:22:18.673 858-868/? D/KeyguardViewMediator: onScreenTurnedOff(2) ---ScreenOff mScreenOn = false; Before--boolean lockImmediately
12-22 12:22:18.674 858-868/? D/KeyguardViewMediator: onScreenTurnedOff(2) ---ScreenOff mScreenOn = false; After--boolean lockImmediately=true, mExitSecureCallback=null, mShowing=false
12-22 12:22:18.674 858-868/? D/KeyguardUpdateMonitor: mSimState = ABSENT for simId = 0
12-22 12:22:18.674 858-868/? D/KeyguardViewMediator: doKeyguard: get keyguard.no_require_sim property before
12-22 12:22:18.674 858-868/? D/KeyguardViewMediator: doKeyguard: get keyguard.no_require_sim property after
12-22 12:22:18.674 858-868/? D/KeyguardUpdateMonitor: mSimState = ABSENT for simId = 0
12-22 12:22:18.675 649-701/? D/PowerManagerService: handleSandman: canDream=false, mWakefulness=Asleep
12-22 12:22:18.675 649-649/? V/ActivityManager: Broadcast: Intent { act=android.intent.action.SCREEN_OFF flg=0x50000010 } ordered=true userid=-1 callerApp=ProcessRecord{41f69f08 649:system/1000}
12-22 12:22:18.675 4294-4294/? D/ActivityThread: ACT-AM_ON_PAUSE_CALLED ActivityRecord{41f776b0 token=android.os.BinderProxy@41f76e58 {com.acer.shell.home/com.acer.shell.home.Launcher}}
12-22 12:22:18.677 858-868/? D/KeyguardViewMediator: doKeyguard: keyguardDisable query end
12-22 12:22:18.677 858-868/? D/KeyguardViewMediator: lockedOrMissing is false, requireSim=true, provisioned=true, keyguardisable=false, antiTheftLocked=false
12-22 12:22:18.681 5168-5168/? D/ActivityThread: BDC-Calling onReceive: intent=Intent { act=android.intent.action.SCREEN_OFF flg=0x50000010 }, ordered=true, receiver=com.facebook.common.hardware.ScreenPowerState$2@42226150, IIntentReceiver=41f28a10
12-22 12:22:18.682 649-1171/? D/dalvikvm: create interp thread : stack size=128KB
12-22 12:22:18.682 649-1171/? D/dalvikvm: create new thread
12-22 12:22:18.682 5168-5168/? D/ActivityThread: BDC-Calling finishReceiver: IIntentReceiver=41f28a10
12-22 12:22:18.682 649-1171/? D/dalvikvm: new thread created
12-22 12:22:18.683 858-868/? D/KeyguardViewMediator: doKeyguard: showing the lock screen
12-22 12:22:18.683 858-868/? D/KeyguardViewMediator: showLocked
12-22 12:22:18.684 649-1222/? D/PowerManagerService: acquireWakeLockInternal: lock=1109482136, flags=0x1, tag="show keyguard", ws=null, uid=10030, pid=858
12-22 12:22:18.684 649-1222/? D/PowerManagerNotifier: onWakeLockAcquired: flags=1, tag="show keyguard", packageName=com.android.keyguard, ownerUid=10030, ownerPid=858, workSource=null
12-22 12:22:18.685 649-1171/? D/dalvikvm: update thread list
12-22 12:22:18.686 649-1222/? D/AppOps: startOperation: allowing code 40 uid 10030 package com.android.keyguard
12-22 12:22:18.686 649-1222/? D/PowerManagerService: updateWakeLockSummaryLocked: mWakefulness=Asleep, mWakeLockSummary=0x1
12-22 12:22:18.686 649-1222/? D/PowerManagerService: newScreenState = 0
12-22 12:22:18.686 649-1222/? D/PowerManagerDisplayController: requestPowerState: screenState=0, useProximitySensor=false, forceProximitySensorEnable=false, forceWakeUpEnable=false, screenBrightness=102, screenAutoBrightnessAdjustment=0.0, useAutoBrightness=true, useEcoBrightness=false, blockScreenOn=false, waitForNegativeProximity=false
12-22 12:22:18.686 649-1222/? I/PowerManagerService: setBrightness mButtonLight 0.
12-22 12:22:18.686 649-1222/? D/PowerManagerService: updateScreenStateLocked: mDisplayReady=true, newScreenState=0, mWakefulness=0, mWakeLockSummary=0x1, mUserActivitySummary=0x0, mBootCompleted=true
12-22 12:22:18.687 649-5410/? D/dalvikvm: threadid=80: interp stack at 0x6328b000
12-22 12:22:18.687 649-5410/? D/dalvikvm: threadid=80: created from interp
12-22 12:22:18.687 649-1171/? D/dalvikvm: start new thread
12-22 12:22:18.688 649-649/? D/ActivityThread: BDC-Calling onReceive: intent=Intent { act=android.intent.action.SCREEN_OFF flg=0x50000010 }, ordered=true, receiver=com.android.server.BatteryService$2@41f147a0, IIntentReceiver=41f8faa8
12-22 12:22:18.688 649-649/? D/BatteryService: onReceive()11 , ACTION_SCREEN_OFF, screenOn=true
12-22 12:22:18.688 649-649/? D/ActivityThread: BDC-Calling finishReceiver: IIntentReceiver=41f8faa8
12-22 12:22:18.689 649-5410/? D/dalvikvm: threadid=80: notify debugger
12-22 12:22:18.689 649-5410/? D/dalvikvm: threadid=80 (Thread-194): calling run()
12-22 12:22:18.690 4294-4294/? D/ActivityThread: ACT-PAUSE_ACTIVITY handled : 0 / android.os.BinderProxy@41f76e58
12-22 12:22:18.692 649-649/? D/ActivityThread: BDC-Calling onReceive: intent=Intent { act=android.intent.action.SCREEN_OFF flg=0x50000010 }, ordered=true, receiver=com.android.server.VibratorService$4@41f86538, IIntentReceiver=41ee4a70
12-22 12:22:18.692 649-649/? D/ActivityThread: BDC-Calling finishReceiver: IIntentReceiver=41ee4a70
12-22 12:22:18.693 649-649/? D/ActivityThread: BDC-Calling onReceive: intent=Intent { act=android.intent.action.SCREEN_OFF flg=0x50000010 }, ordered=true, receiver=com.android.server.wm.WindowManagerService$1@423f6f98, IIntentReceiver=420a5c30
12-22 12:22:18.693 649-649/? D/ActivityThread: BDC-Calling finishReceiver: IIntentReceiver=420a5c30
12-22 12:22:18.694 649-649/? D/ActivityThread: BDC-Calling onReceive: intent=Intent { act=android.intent.action.SCREEN_OFF flg=0x50000010 }, ordered=true, receiver=com.android.server.InputMethodManagerService$ImmsBroadcastReceiver@424a7410, IIntentReceiver=42544bb8
12-22 12:22:18.694 649-701/? D/PowerManagerService: handleSandman: canDream=false, mWakefulness=Asleep
12-22 12:22:18.694 649-649/? D/ActivityThread: BDC-Calling finishReceiver: IIntentReceiver=42544bb8
12-22 12:22:18.695 649-649/? D/ActivityThread: BDC-Calling onReceive: intent=Intent { act=android.intent.action.SCREEN_OFF flg=0x50000010 }, ordered=true, receiver=android.net.wifi.WifiStateMachine$3@4227b198, IIntentReceiver=4227b1e0
12-22 12:22:18.695 4294-4294/? V/InputMethodManager: START INPUT: com.android.internal.policy.impl.PhoneWindow$DecorView{41fdbe40 V.E..... R....... 0,0-480,854} ic=null tba=android.view.inputmethod.EditorInfo@42347890 controlFlags=#100
12-22 12:22:18.696 858-868/? D/KeyguardViewMediator: <<<onScreenTurnedOff(2) ---ScreenOff After--synchronized (this)
12-22 12:22:18.696 858-858/? D/KeyguardViewMediator: handleShow
12-22 12:22:18.696 858-858/? D/KeyguardViewManager: show(); mKeyguardView=null
12-22 12:22:18.697 649-649/? D/WifiStateMachine: onReceive, action:android.intent.action.SCREEN_OFF
12-22 12:22:18.697 649-649/? D/WifiStateMachine: handleScreenStateChanged: false
12-22 12:22:18.697 649-649/? D/PowerManagerService: acquireWakeLockInternal: lock=1113198736, flags=0x1, tag="WifiSuspend", ws=null, uid=1000, pid=649
12-22 12:22:18.698 649-649/? D/PowerManagerNotifier: onWakeLockAcquired: flags=1, tag="WifiSuspend", packageName=android, ownerUid=1000, ownerPid=649, workSource=null
12-22 12:22:18.698 649-649/? D/AppOps: startOperation: allowing code 40 uid 1000 package android
12-22 12:22:18.698 649-649/? D/PowerManagerService: updateWakeLockSummaryLocked: mWakefulness=Asleep, mWakeLockSummary=0x1
12-22 12:22:18.698 649-649/? D/PowerManagerService: newScreenState = 0
12-22 12:22:18.698 649-826/? D/WifiStateMachine: ConnectedState{ when=0 what=131154 target=com.android.internal.util.StateMachine$SmHandler target=Handler (com.android.internal.util.StateMachine$SmHandler) {42461588} }
12-22 12:22:18.699 649-826/? D/WifiStateMachine: L2ConnectedState{ when=-1ms what=131154 target=com.android.internal.util.StateMachine$SmHandler target=Handler (com.android.internal.util.StateMachine$SmHandler) {42461588} }
12-22 12:22:18.699 649-649/? D/PowerManagerDisplayController: requestPowerState: screenState=0, useProximitySensor=false, forceProximitySensorEnable=false, forceWakeUpEnable=false, screenBrightness=102, screenAutoBrightnessAdjustment=0.0, useAutoBrightness=true, useEcoBrightness=false, blockScreenOn=false, waitForNegativeProximity=false
12-22 12:22:18.699 649-649/? I/PowerManagerService: setBrightness mButtonLight 0.
12-22 12:22:18.699 649-649/? D/PowerManagerService: updateScreenStateLocked: mDisplayReady=true, newScreenState=0, mWakefulness=0, mWakeLockSummary=0x1, mUserActivitySummary=0x0, mBootCompleted=true
12-22 12:22:18.700 649-649/? D/ActivityThread: BDC-Calling finishReceiver: IIntentReceiver=4227b1e0
12-22 12:22:18.700 649-826/? D/WifiStateMachine: ConnectedState{ when=0 what=131158 arg1=1 target=com.android.internal.util.StateMachine$SmHandler target=Handler (com.android.internal.util.StateMachine$SmHandler) {42461588} }
12-22 12:22:18.700 649-701/? D/PowerManagerService: handleSandman: canDream=false, mWakefulness=Asleep
12-22 12:22:18.702 858-858/? D/KeyguardViewManager: show() query screen rotation after
12-22 12:22:18.702 858-858/? D/KeyguardViewManager: keyguard host is null, creating it...
12-22 12:22:18.704 649-826/? D/WifiStateMachine: L2ConnectedState{ when=-2ms what=131158 arg1=1 target=com.android.internal.util.StateMachine$SmHandler target=Handler (com.android.internal.util.StateMachine$SmHandler) {42461588} }
12-22 12:22:18.704 649-826/? D/WifiStateMachine: ConnectModeState{ when=-5ms what=131158 arg1=1 target=com.android.internal.util.StateMachine$SmHandler target=Handler (com.android.internal.util.StateMachine$SmHandler) {42461588} }
12-22 12:22:18.705 649-826/? D/WifiStateMachine: DriverStartedState{ when=-5ms what=131158 arg1=1 target=com.android.internal.util.StateMachine$SmHandler target=Handler (com.android.internal.util.StateMachine$SmHandler) {42461588} }
12-22 12:22:18.705 649-826/? D/WifiStateMachine: setSuspendOptimizationsNative: 4 true
12-22 12:22:18.706 649-826/? D/wifi: doBooleanCommand IFNAME=wlan0 DRIVER SETSUSPENDMODE 1
12-22 12:22:18.706 649-826/? D/WifiHW: enter -->wifi_send_command cmd=IFNAME=wlan0 DRIVER SETSUSPENDMODE 1
12-22 12:22:18.706 2439-2439/? D/wpa_supplicant: RX ctrl_iface - hexdump(len=23): 44 52 49 56 45 52 20 53 45 54 53 55 53 50 45 4e 44 4d 4f 44 45 20 31
12-22 12:22:18.706 2439-2439/? D/wpa_supplicant: wlan0: Control interface command 'DRIVER SETSUSPENDMODE 1'
12-22 12:22:18.706 2439-2439/? D/wpa_supplicant: iface wlan0 recv cmd SETSUSPENDMODE 1
12-22 12:22:18.706 2439-2439/? D/wpa_supplicant: Unsupported command
12-22 12:22:18.708 1133-1133/? D/ActivityThread: SVC-Creating service: CreateServiceData{token=android.os.BinderProxy@41ec1a88 className=com.acer.android.shell.LockscreenStartupService packageName=com.acer.android.shell intent=null}
12-22 12:22:18.709 649-672/? V/ActivityManager: ACT-Activity idle: null
12-22 12:22:18.712 4294-4294/? D/ActivityThread: ACT-STOP_ACTIVITY_SHOW handled : 0 / android.os.BinderProxy@41f76e58
12-22 12:22:18.712 649-1198/? V/WindowManager: Changing focus from Window{423d9570 u0 com.acer.shell.home/com.acer.shell.home.Launcher} to Window{421547c0 u0 Keyguard} Callers=com.android.server.wm.WindowManagerService.addWindow:2745 com.android.server.wm.Session.addToDisplay:163 android.view.IWindowSession$Stub.onTransact:111 com.android.server.wm.Session.onTransact:126
12-22 12:22:18.713 649-668/? I/WindowManager: Gaining focus: Window{421547c0 u0 Keyguard}
12-22 12:22:18.714 649-672/? V/ActivityManager: ACT-Activity idle: null
12-22 12:22:18.714 858-858/? V/KeyguardUpdateMonitor: *** register callback for com.android.keyguard.KeyguardViewManager$1@41ec1ce8
12-22 12:22:18.714 858-858/? V/KeyguardUpdateMonitor: *** unregister callback for null
12-22 12:22:18.715 649-826/? D/PowerManagerService: releaseWakeLockInternal: lock=1113198736 [WifiSuspend], flags=0x0, total_time=17ms
12-22 12:22:18.715 649-826/? D/PowerManagerNotifier: onWakeLockReleased: flags=1, tag="WifiSuspend", packageName=android, ownerUid=1000, ownerPid=649, workSource=null
12-22 12:22:18.716 649-5410/? D/dalvikvm: threadid=80: exiting
12-22 12:22:18.716 649-826/? D/PowerManagerService: updateWakeLockSummaryLocked: mWakefulness=Asleep, mWakeLockSummary=0x1
12-22 12:22:18.716 649-826/? D/PowerManagerService: newScreenState = 0
12-22 12:22:18.716 649-826/? D/PowerManagerDisplayController: requestPowerState: screenState=0, useProximitySensor=false, forceProximitySensorEnable=false, forceWakeUpEnable=false, screenBrightness=102, screenAutoBrightnessAdjustment=0.0, useAutoBrightness=true, useEcoBrightness=false, blockScreenOn=false, waitForNegativeProximity=false
12-22 12:22:18.717 649-826/? I/PowerManagerService: setBrightness mButtonLight 0.
12-22 12:22:18.717 649-826/? D/PowerManagerService: updateScreenStateLocked: mDisplayReady=true, newScreenState=0, mWakefulness=0, mWakeLockSummary=0x1, mUserActivitySummary=0x0, mBootCompleted=true
12-22 12:22:18.717 649-667/? D/PowerManagerService: releaseWakeLockInternal: lock=1106266432 [ActivityManager-Sleep], flags=0x0, total_time=47ms
12-22 12:22:18.717 649-667/? D/PowerManagerNotifier: onWakeLockReleased: flags=1, tag="ActivityManager-Sleep", packageName=android, ownerUid=1000, ownerPid=649, workSource=null
12-22 12:22:18.717 649-826/? D/WifiStateMachine: ConnectedState{ when=-17ms what=131248 target=com.android.internal.util.StateMachine$SmHandler target=Handler (com.android.internal.util.StateMachine$SmHandler) {42461588} }
12-22 12:22:18.717 649-826/? D/WifiStateMachine: L2ConnectedState{ when=-18ms what=131248 target=com.android.internal.util.StateMachine$SmHandler target=Handler (com.android.internal.util.StateMachine$SmHandler) {42461588} }
12-22 12:22:18.718 649-667/? D/PowerManagerService: updateWakeLockSummaryLocked: mWakefulness=Asleep, mWakeLockSummary=0x1
12-22 12:22:18.718 649-667/? D/PowerManagerService: newScreenState = 0
12-22 12:22:18.718 649-667/? D/PowerManagerDisplayController: requestPowerState: screenState=0, useProximitySensor=false, forceProximitySensorEnable=false, forceWakeUpEnable=false, screenBrightness=102, screenAutoBrightnessAdjustment=0.0, useAutoBrightness=true, useEcoBrightness=false, blockScreenOn=false, waitForNegativeProximity=false
12-22 12:22:18.718 649-667/? I/PowerManagerService: setBrightness mButtonLight 0.
12-22 12:22:18.719 649-667/? D/PowerManagerService: updateScreenStateLocked: mDisplayReady=true, newScreenState=0, mWakefulness=0, mWakeLockSummary=0x1, mUserActivitySummary=0x0, mBootCompleted=true
12-22 12:22:18.719 649-701/? D/PowerManagerService: handleSandman: canDream=false, mWakefulness=Asleep
12-22 12:22:18.720 649-826/? D/WifiStateMachine: ConnectModeState{ when=-18ms what=131248 target=com.android.internal.util.StateMachine$SmHandler target=Handler (com.android.internal.util.StateMachine$SmHandler) {42461588} }
12-22 12:22:18.720 649-826/? D/WifiStateMachine: DriverStartedState{ when=-20ms what=131248 target=com.android.internal.util.StateMachine$SmHandler target=Handler (com.android.internal.util.StateMachine$SmHandler) {42461588} }
12-22 12:22:18.722 1133-1133/? D/ActivityThread: SVC-CREATE_SERVICE handled : 0 / CreateServiceData{token=android.os.BinderProxy@41ec1a88 className=com.acer.android.shell.LockscreenStartupService packageName=com.acer.android.shell intent=null}
12-22 12:22:18.724 649-649/? D/ActivityThread: BDC-Calling onReceive: intent=Intent { act=android.intent.action.SCREEN_OFF flg=0x50000010 }, ordered=true, receiver=com.android.server.wifi.WifiTrafficPoller$1@4257d7c0, IIntentReceiver=42613a10
12-22 12:22:18.724 1133-1133/? D/ActivityThread: SVC-BIND_SERVICE handled : 0 / BindServiceData{token=android.os.BinderProxy@41ec1a88 intent=Intent { cmp=com.acer.android.shell/.LockscreenStartupService }}
12-22 12:22:18.724 649-649/? D/ActivityThread: BDC-Calling finishReceiver: IIntentReceiver=42613a10
12-22 12:22:18.725 649-5410/? D/dalvikvm: threadid=80: bye!
12-22 12:22:18.726 649-826/? D/WifiStateMachine: SupplicantStartedState{ when=-20ms what=131248 target=com.android.internal.util.StateMachine$SmHandler target=Handler (com.android.internal.util.StateMachine$SmHandler) {42461588} }
12-22 12:22:18.726 649-649/? D/ActivityThread: BDC-Calling onReceive: intent=Intent { act=android.intent.action.SCREEN_OFF flg=0x50000010 }, ordered=true, receiver=com.android.server.wifi.WifiService$2@42353df8, IIntentReceiver=423e9828
12-22 12:22:18.726 649-649/? D/WifiService: onReceive, action:android.intent.action.SCREEN_OFF
12-22 12:22:18.726 649-649/? D/ActivityThread: BDC-Calling finishReceiver: IIntentReceiver=423e9828
12-22 12:22:18.728 649-826/? D/WifiStateMachine: DefaultState{ when=-26ms what=131248 target=com.android.internal.util.StateMachine$SmHandler target=Handler (com.android.internal.util.StateMachine$SmHandler) {42461588} }
12-22 12:22:18.729 649-828/? D/WifiController: DeviceActiveState{ when=0 what=155651 target=com.android.internal.util.StateMachine$SmHandler target=Handler (com.android.internal.util.StateMachine$SmHandler) {42e82988} }
12-22 12:22:18.729 649-649/? D/ActivityThread: BDC-Calling onReceive: intent=Intent { act=android.intent.action.SCREEN_OFF flg=0x50000010 }, ordered=true, receiver=android.net.wifi.WifiWatchdogStateMachine$1@42128ba8, IIntentReceiver=421ed5f0
12-22 12:22:18.729 649-828/? D/WifiController: StaEnabledState{ when=-2ms what=155651 target=com.android.internal.util.StateMachine$SmHandler target=Handler (com.android.internal.util.StateMachine$SmHandler) {42e82988} }
12-22 12:22:18.729 649-828/? D/WifiController: DefaultState{ when=-3ms what=155651 target=com.android.internal.util.StateMachine$SmHandler target=Handler (com.android.internal.util.StateMachine$SmHandler) {42e82988} }
12-22 12:22:18.729 649-828/? D/WifiController: wifiSleepPolicy:2
12-22 12:22:18.730 649-649/? D/ActivityThread: BDC-Calling finishReceiver: IIntentReceiver=421ed5f0
12-22 12:22:18.730 649-649/? D/ActivityThread: BDC-Calling onReceive: intent=Intent { act=android.intent.action.SCREEN_OFF flg=0x50000010 }, ordered=true, receiver=com.android.server.NotificationManagerService$5@42ebc0a8, IIntentReceiver=42ed0c28
12-22 12:22:18.731 649-649/? D/ActivityThread: BDC-Calling finishReceiver: IIntentReceiver=42ed0c28
12-22 12:22:18.732 649-649/? D/ActivityThread: BDC-Calling onReceive: intent=Intent { act=android.intent.action.SCREEN_OFF flg=0x50000010 }, ordered=true, receiver=android.view.VolumePanel$4@42e90cd0, IIntentReceiver=42e90d18
12-22 12:22:18.732 649-649/? D/ActivityThread: BDC-Calling finishReceiver: IIntentReceiver=42e90d18
12-22 12:22:18.732 649-649/? D/ActivityThread: BDC-Calling onReceive: intent=Intent { act=android.intent.action.SCREEN_OFF flg=0x50000010 }, ordered=true, receiver=android.media.AudioService$AudioServiceBroadcastReceiver@42ecb360, IIntentReceiver=4255d1f0
12-22 12:22:18.732 649-649/? D/AudioSystem: +setParameters(): screen_state=off
12-22 12:22:18.733 139-614/? D/AudioFlinger: setParameters(): io 0, keyvalue screen_state=off, calling pid 649
12-22 12:22:18.734 139-614/? V/SRS_Proc: ParamSet string: screen_state=off
12-22 12:22:18.734 139-614/? D/AudioMTKHardware: +setParameters(): screen_state=off
12-22 12:22:18.734 139-614/? D/AudioMTKHardware: +setCommonParameters(): screen_state=off
12-22 12:22:18.734 139-614/? E/AudioMTKHardware: setCommonParameters() still have param.size() = 1, remain param = "screen_state=off"
12-22 12:22:18.734 139-614/? D/AudioMTKHardware: -setCommonParameters(): screen_state=off
12-22 12:22:18.734 139-614/? D/AudioFlinger: setParameters iohandle=0
12-22 12:22:18.734 649-649/? D/AudioSystem: -setParameters(): screen_state=off
12-22 12:22:18.734 649-649/? D/ActivityThread: BDC-Calling finishReceiver: IIntentReceiver=4255d1f0
12-22 12:22:18.735 649-649/? D/ActivityThread: BDC-Calling onReceive: intent=Intent { act=android.intent.action.SCREEN_OFF flg=0x50000010 }, ordered=true, receiver=com.android.server.IdleMaintenanceService@420f13b0, IIntentReceiver=420b41e8
12-22 12:22:18.737 649-649/? D/ActivityThread: BDC-Calling finishReceiver: IIntentReceiver=420b41e8
12-22 12:22:18.740 858-858/? E/KeyguardHostView: KeyguardHostView()
12-22 12:22:18.742 858-858/? V/Provider/Settings: invalidate [secure]: current 36 != cached 35
12-22 12:22:18.742 649-1198/? V/SettingsProvider: call(secure:lock_screen_disable_unlock_animation) for 0
12-22 12:22:18.743 649-1198/? D/SettingsProvider: lookupValue table secure cache contains Key lock_screen_disable_unlock_animation , value = null
12-22 12:22:18.743 649-1198/? D/SettingsProvider: lookupValue table secure cache.fullyMatchesDisk() lock_screen_disable_unlock_animation
12-22 12:22:18.743 858-858/? V/Provider/Settings: from db cache, name = lock_screen_disable_unlock_animation , value = null
12-22 12:22:18.750 858-858/? V/Provider/Settings: get setting for user -2 by user 0 so skipping cache
12-22 12:22:18.750 649-660/? V/SettingsProvider:    access setting for user 0
12-22 12:22:18.751 649-660/? V/SettingsProvider: call(secure:user_setup_complete) for 0
12-22 12:22:18.751 649-660/? D/SettingsProvider: lookupValue table secure cache contains Key user_setup_complete , value = Bundle[{value=1}]
12-22 12:22:18.751 858-858/? V/Provider/Settings: from db cache, name = user_setup_complete , value = 1
12-22 12:22:18.751 858-858/? I/Provider/Settings: call-query of user -2 by 0 so not updating cache
12-22 12:22:18.751 858-858/? V/KeyguardHostView: Initial transport state: 1, pbstate=0
12-22 12:22:18.753 649-2045/? V/IntentResolver: Resolving type=null scheme=null defaultOnly=false userId=0 of Intent { act=com.mediatek.keyguard.ext.IDualClock flg=0x8 }
12-22 12:22:18.753 649-2045/? V/IntentResolver: Action list: null
12-22 12:22:18.753 649-2045/? V/IntentResolver: Final result list:
12-22 12:22:18.753 858-858/? I/PluginManager: mPluginIntent = com.mediatek.keyguard.ext.IDualClock
12-22 12:22:18.753 858-858/? I/PluginManager: fillPluginList: []
12-22 12:22:18.753 858-858/? D/KeyguardPluginFactory: getDualClock get DefaultDualClock = com.mediatek.keyguard.ext.DefaultDualClock@42085928
12-22 12:22:18.754 649-1226/? V/IntentResolver: Resolving type=null scheme=null defaultOnly=false userId=0 of Intent { act=com.mediatek.keyguard.ext.ILockScreenExt flg=0x8 }
12-22 12:22:18.755 649-1226/? V/IntentResolver: Action list: null
12-22 12:22:18.755 649-1226/? V/IntentResolver: Final result list:
12-22 12:22:18.755 858-858/? I/PluginManager: mPluginIntent = com.mediatek.keyguard.ext.ILockScreenExt
12-22 12:22:18.755 858-858/? I/PluginManager: fillPluginList: []
12-22 12:22:18.755 858-858/? D/DefaultLockScreenExt: Default Constructor called
12-22 12:22:18.755 858-858/? D/KeyguardPluginFactory: getLockScreenExt get DefaultLockScreenExt = com.mediatek.keyguard.ext.DefaultLockScreenExt@427c89d8
12-22 12:22:18.755 858-858/? D/KeyguardHostView: lock screen instance created in keyguard com.mediatek.keyguard.ext.DefaultLockScreenExt@427c89d8
12-22 12:22:18.773 858-858/? D/dalvikvm: create interp thread : stack size=128KB
12-22 12:22:18.773 858-858/? D/dalvikvm: create new thread
12-22 12:22:18.773 858-858/? D/dalvikvm: new thread created
12-22 12:22:18.773 858-858/? D/dalvikvm: update thread list
12-22 12:22:18.773 858-5411/? D/dalvikvm: threadid=19: interp stack at 0x631e2000
12-22 12:22:18.773 858-5411/? D/dalvikvm: threadid=19: created from interp
12-22 12:22:18.773 858-858/? D/dalvikvm: start new thread
12-22 12:22:18.773 858-5411/? D/dalvikvm: threadid=19: notify debugger
12-22 12:22:18.773 858-5411/? D/dalvikvm: threadid=19 (KeyguardWidgetPager Worker): calling run()
12-22 12:22:18.787 858-858/? V/KeyguardUpdateMonitor: *** register callback for com.android.keyguard.KeyguardMessageArea$2@42a25fb0
12-22 12:22:18.787 858-858/? V/KeyguardUpdateMonitor: *** unregister callback for null
12-22 12:22:18.787 649-4399/? V/SettingsProvider: call(system:sml_state_setting) for 0
12-22 12:22:18.788 649-4399/? D/SettingsProvider: lookupValue table system cache contains Key sml_state_setting , value = Bundle[{value=31}]
12-22 12:22:18.788 858-858/? V/Provider/Settings: from db cache, name = sml_state_setting , value = 31
12-22 12:22:18.788 858-858/? I/KeyguardUpdateMonitor: simlock --- getSimLockState 1
12-22 12:22:18.790 858-858/? V/KeyguardMessageArea: statusStr=Charging, 12%
12-22 12:22:18.790 858-858/? D/AntiTheftManager: mKeyguardIsAntiTheftModeNow is false
12-22 12:22:18.790 858-858/? V/Provider/Settings:  from settings cache , name = sml_state_setting , value = 31
12-22 12:22:18.790 858-858/? I/KeyguardUpdateMonitor: simlock --- getSimLockState 1
12-22 12:22:18.791 858-858/? V/KeyguardMessageArea: statusStr=Charging, 12%
12-22 12:22:18.791 858-858/? D/AntiTheftManager: mKeyguardIsAntiTheftModeNow is false
12-22 12:22:18.791 858-858/? V/Provider/Settings:  from settings cache , name = sml_state_setting , value = 31
12-22 12:22:18.791 858-858/? I/KeyguardUpdateMonitor: simlock --- getSimLockState 1
12-22 12:22:18.792 858-858/? V/KeyguardMessageArea: statusStr=Charging, 12%
12-22 12:22:18.792 858-858/? D/AntiTheftManager: mKeyguardIsAntiTheftModeNow is false
12-22 12:22:18.800 858-858/? V/Provider/Settings: get setting for user -2 by user 0 so skipping cache
12-22 12:22:18.800 649-1198/? V/SettingsProvider:    access setting for user 0
12-22 12:22:18.800 649-1198/? V/SettingsProvider: call(secure:lock_screen_appwidget_ids) for 0
12-22 12:22:18.800 649-1198/? D/SettingsProvider: lookupValue table secure cache contains Key lock_screen_appwidget_ids , value = null
12-22 12:22:18.800 649-1198/? D/SettingsProvider: lookupValue table secure cache.fullyMatchesDisk() lock_screen_appwidget_ids
12-22 12:22:18.801 858-858/? V/Provider/Settings: from db cache, name = lock_screen_appwidget_ids , value = null
12-22 12:22:18.801 858-858/? I/Provider/Settings: call-query of user -2 by 0 so not updating cache
12-22 12:22:18.801 858-858/? V/Provider/Settings: get setting for user -2 by user 0 so skipping cache
12-22 12:22:18.802 649-2044/? V/SettingsProvider:    access setting for user 0
12-22 12:22:18.802 649-2044/? V/SettingsProvider: call(secure:lock_screen_appwidget_ids) for 0
12-22 12:22:18.802 649-2044/? D/SettingsProvider: lookupValue table secure cache contains Key lock_screen_appwidget_ids , value = null
12-22 12:22:18.802 649-2044/? D/SettingsProvider: lookupValue table secure cache.fullyMatchesDisk() lock_screen_appwidget_ids
12-22 12:22:18.802 858-858/? V/Provider/Settings: from db cache, name = lock_screen_appwidget_ids , value = null
12-22 12:22:18.802 858-858/? I/Provider/Settings: call-query of user -2 by 0 so not updating cache
12-22 12:22:18.810 649-660/? V/ActivityManager: Broadcast: Intent { act=android.appwidget.action.APPWIDGET_ENABLED flg=0x10 cmp=com.acer.android.widget.weatherwidget/tw.cameo.acer.widget.AppWidgetLock4X1 } ordered=false userid=0 callerApp=ProcessRecord{41f69f08 649:system/1000}
12-22 12:22:18.811 649-660/? W/System.err: java.lang.Exception
12-22 12:22:18.811 649-660/? W/System.err:     at com.android.server.AppWidgetServiceImpl.sendUpdateIntentLocked(AppWidgetServiceImpl.java:1421)
12-22 12:22:18.812 649-660/? W/System.err:     at com.android.server.AppWidgetServiceImpl.bindAppWidgetIdImpl(AppWidgetServiceImpl.java:640)
12-22 12:22:18.812 649-660/? W/System.err:     at com.android.server.AppWidgetServiceImpl.bindAppWidgetId(AppWidgetServiceImpl.java:654)
12-22 12:22:18.812 649-660/? W/System.err:     at com.android.server.AppWidgetService.bindAppWidgetId(AppWidgetService.java:167)
12-22 12:22:18.812 649-660/? W/System.err:     at com.android.internal.appwidget.IAppWidgetService$Stub.onTransact(IAppWidgetService.java:335)
12-22 12:22:18.812 649-660/? W/System.err:     at android.os.Binder.execTransact(Binder.java:404)
12-22 12:22:18.812 649-660/? W/System.err:     at dalvik.system.NativeStart.run(Native Method)
12-22 12:22:18.814 649-660/? V/ActivityManager: Broadcast: Intent { act=android.appwidget.action.APPWIDGET_UPDATE flg=0x10 cmp=com.acer.android.widget.weatherwidget/tw.cameo.acer.widget.AppWidgetLock4X1 (has extras) } ordered=false userid=0 callerApp=ProcessRecord{41f69f08 649:system/1000}
12-22 12:22:18.814 1199-1199/? D/ActivityThread: BDC-Calling onReceive: intent=Intent { act=android.appwidget.action.APPWIDGET_ENABLED flg=0x10 cmp=com.acer.android.widget.weatherwidget/tw.cameo.acer.widget.AppWidgetLock4X1 }, ordered=true, receiver=tw.cameo.acer.widget.AppWidgetLock4X1@4211ed98
12-22 12:22:18.815 1199-1199/? D/ActivityThread: BDC-RECEIVER handled : 0 / ReceiverData{intent=Intent { act=android.appwidget.action.APPWIDGET_ENABLED flg=0x10 cmp=com.acer.android.widget.weatherwidget/tw.cameo.acer.widget.AppWidgetLock4X1 } packageName=com.acer.android.widget.weatherwidget resultCode=-1 resultData=null resultExtras=null}
12-22 12:22:18.816 858-858/? V/AppWidget: array = [Z@420604f0
12-22 12:22:18.818 858-858/? V/AppWidgetContext: package name: com.acer.android.widget.weatherwidget
12-22 12:22:18.818 1199-1199/? D/ActivityThread: BDC-Calling onReceive: intent=Intent { act=android.appwidget.action.APPWIDGET_UPDATE flg=0x10 cmp=com.acer.android.widget.weatherwidget/tw.cameo.acer.widget.AppWidgetLock4X1 (has extras) }, ordered=true, receiver=tw.cameo.acer.widget.AppWidgetLock4X1@42121320
12-22 12:22:18.818 858-858/? V/AppWidgetContext: context permission not changed
12-22 12:22:18.819 858-858/? D/asset: AssetManager-->addDefaultAssets CIP path not exsit!
12-22 12:22:18.828 1199-1199/? D/dalvikvm: create interp thread : stack size=128KB
12-22 12:22:18.828 1199-1199/? D/dalvikvm: create new thread
12-22 12:22:18.829 1199-1199/? D/dalvikvm: new thread created
12-22 12:22:18.829 1199-1199/? D/dalvikvm: update thread list
12-22 12:22:18.829 1199-5412/? D/dalvikvm: threadid=10: interp stack at 0x6086d000
12-22 12:22:18.829 1199-5412/? D/dalvikvm: threadid=10: created from interp
12-22 12:22:18.829 1199-1199/? D/dalvikvm: start new thread
12-22 12:22:18.830 1199-1199/? D/ActivityThread: BDC-RECEIVER handled : 0 / ReceiverData{intent=Intent { act=android.appwidget.action.APPWIDGET_UPDATE flg=0x10 cmp=com.acer.android.widget.weatherwidget/tw.cameo.acer.widget.AppWidgetLock4X1 (has extras) } packageName=com.acer.android.widget.weatherwidget resultCode=-1 resultData=null resultExtras=null}
12-22 12:22:18.830 1199-1199/? D/ActivityThread: SVC-Calling onStartCommand: tw.cameo.acer.widget.ControllerUpdateWidget@41eb2e00, flags=0, startId=3
12-22 12:22:18.830 1199-1199/? D/ActivityThread: SVC-SERVICE_ARGS handled : 0 / ServiceArgsData{token=android.os.BinderProxy@41eacc08 startId=3 args=Intent { cmp=com.acer.android.widget.weatherwidget/tw.cameo.acer.widget.ControllerUpdateWidget }}
12-22 12:22:18.830 1199-1199/? D/ActivityThread: SVC-Calling onStartCommand: tw.cameo.acer.app.ControllerHandleUserSettings@41eba698, flags=0, startId=2
12-22 12:22:18.830 1199-1199/? D/ActivityThread: SVC-SERVICE_ARGS handled : 0 / ServiceArgsData{token=android.os.BinderProxy@41eadbd8 startId=2 args=Intent { cmp=com.acer.android.widget.weatherwidget/tw.cameo.acer.app.ControllerHandleUserSettings }}
12-22 12:22:18.831 1199-5412/? D/dalvikvm: threadid=10: notify debugger
12-22 12:22:18.831 1199-5412/? D/dalvikvm: threadid=10 (Thread-86): calling run()
12-22 12:22:18.832 1199-5412/? V/AppWidget: array = [Z@421262c0
12-22 12:22:18.832 1199-5412/? D/weatherwidget: wid >> 4 start render...
12-22 12:22:18.840 1199-5412/? D/waetherapp: 32:org.json.JSONException: No value for 4
12-22 12:22:18.841 1199-5412/? D/waetherapp: 32:org.json.JSONException: No value for strUserInLocation
12-22 12:22:18.842 1199-5412/? V/Provider/Settings: invalidate [system]: current 48 != cached 46
12-22 12:22:18.842 649-4399/? V/SettingsProvider: call(system:time_12_24) for 0
12-22 12:22:18.843 649-4399/? D/SettingsProvider: lookupValue table system cache contains Key time_12_24 , value = Bundle[{value=24}]
12-22 12:22:18.843 1199-5412/? V/Provider/Settings: from db cache, name = time_12_24 , value = 24
12-22 12:22:18.845 858-5411/? V/Provider/Settings: get setting for user -2 by user 0 so skipping cache
12-22 12:22:18.845 858-858/? D/KeyguardHostView: showPrimarySecurityScreen(turningOff=false) enter
12-22 12:22:18.845 858-858/? D/KeyguardSecurityModel: getSecurityMode() is called.
12-22 12:22:18.845 858-858/? D/KeyguardViewMediator: isAntiTheftModeAutoTest = false
12-22 12:22:18.845 858-858/? V/Provider/Settings:  from settings cache , name = sml_state_setting , value = 31
12-22 12:22:18.845 858-858/? I/KeyguardUpdateMonitor: simlock --- getSimLockState 1
12-22 12:22:18.845 858-858/? D/KeyguardUpdateMonitor: mSimState = ABSENT for simId = 0
12-22 12:22:18.846 858-858/? D/AntiTheftManager: getCurrentAntiTheftMode() is called.
12-22 12:22:18.846 858-858/? D/AntiTheftManager: isCurrentAntiTheftShouldShowBefore(mode = None), currentAntiTheft = 0
12-22 12:22:18.846 649-659/? V/SettingsProvider:    access setting for user 0
12-22 12:22:18.846 649-659/? V/SettingsProvider: call(secure:lock_screen_appwidget_ids) for 0
12-22 12:22:18.846 649-659/? D/SettingsProvider: lookupValue table secure cache contains Key lock_screen_appwidget_ids , value = null
12-22 12:22:18.846 649-659/? D/SettingsProvider: lookupValue table secure cache.fullyMatchesDisk() lock_screen_appwidget_ids
12-22 12:22:18.846 858-5411/? V/Provider/Settings: from db cache, name = lock_screen_appwidget_ids , value = null
12-22 12:22:18.846 858-5411/? I/Provider/Settings: call-query of user -2 by 0 so not updating cache
12-22 12:22:18.847 858-5411/? D/Provider/Settings: put string name = lock_screen_appwidget_ids , value = 4 userHandle = -2
12-22 12:22:18.847 649-660/? V/SettingsProvider:    access setting for user 0
12-22 12:22:18.847 649-660/? D/AppOps: noteOperation: allowing code 23 uid 10030 package com.android.keyguard
12-22 12:22:18.848 649-660/? V/SettingsProvider: call_put(secure:lock_screen_appwidget_ids=4) for 0
12-22 12:22:18.848 649-660/? V/SettingsProvider: insert(content://settings/secure) for user 0 by 0
12-22 12:22:18.850 858-858/? D/KeyguardHostView: showPrimarySecurityScreen query securityMode finish securityMode=None
12-22 12:22:18.851 858-858/? D/KeyguardHostView: showPrimarySecurityScreen alternateMode = None
12-22 12:22:18.851 858-858/? D/KeyguardHostView: showPrimarySecurityScreen getAlternateFor finish
12-22 12:22:18.851 858-858/? D/KeyguardHostView: showSecurityScreen(None)
12-22 12:22:18.851 858-858/? V/Provider/Settings:  from settings cache , name = sml_state_setting , value = 31
12-22 12:22:18.851 858-858/? I/KeyguardUpdateMonitor: simlock --- getSimLockState 1
12-22 12:22:18.852 858-858/? V/Provider/Settings:  from settings cache , name = sml_state_setting , value = 31
12-22 12:22:18.852 858-858/? I/KeyguardUpdateMonitor: simlock --- getSimLockState 1
12-22 12:22:18.852 858-858/? D/KeyguardHostView: showSecurityScreen get oldView
12-22 12:22:18.852 858-858/? V/Provider/Settings:  from settings cache , name = sml_state_setting , value = 31
12-22 12:22:18.852 858-858/? I/KeyguardUpdateMonitor: simlock --- getSimLockState 1
12-22 12:22:18.852 858-858/? V/Provider/Settings:  from settings cache , name = sml_state_setting , value = 31
12-22 12:22:18.852 858-858/? I/KeyguardUpdateMonitor: simlock --- getSimLockState 1
12-22 12:22:18.853 858-858/? V/KeyguardHostView: inflating id = 2130903057
12-22 12:22:18.860 649-660/? V/SettingsProvider: secure <- value=4 name=lock_screen_appwidget_ids for user 0
12-22 12:22:18.860 649-660/? V/SettingsProvider: property: sys.settings_secure_version=37
12-22 12:22:18.862 649-660/? W/BackupManagerService: dataChanged but no participant pkg='com.android.providers.settings' uid=10030
12-22 12:22:18.862 649-660/? V/SettingsProvider: notifying for 0: content://settings/secure/lock_screen_appwidget_ids
12-22 12:22:18.862 858-858/? V/KeyguardUpdateMonitor: *** register callback for com.android.keyguard.KeyguardMessageArea$2@422c7620
12-22 12:22:18.862 858-858/? V/KeyguardUpdateMonitor: *** unregister callback for null
12-22 12:22:18.863 858-858/? V/Provider/Settings:  from settings cache , name = sml_state_setting , value = 31
12-22 12:22:18.863 858-858/? I/KeyguardUpdateMonitor: simlock --- getSimLockState 1
