12-21 06:10:10.117 5071-28671/? D/ActivityManager: cleanUpApplicationRecord -- 16394
12-21 06:10:23.463 5071-19632/? I/ActivityManager: Killing 20426:com.foursquare.robin/u0a1538 (adj 906): empty #17
12-21 06:10:23.527 5071-16202/? D/ActivityManager: cleanUpApplicationRecord -- 20426
12-21 06:10:28.201 5071-5071/? D/ConditionProviders.SCP: onReceive android.app.action.NEXT_ALARM_CLOCK_CHANGED
12-21 06:10:28.201 5071-5071/? D/ConditionProviders.SCP: notifyCondition condition://android/schedule?days=6.7&start=23.30&end=10.0 STATE_FALSE reason=!meetsSchedule
12-21 06:10:28.203 5071-5071/? D/ConditionProviders.SCP: notifyCondition condition://android/schedule?days=1.2.3.4.5&start=22.0&end=7.0 STATE_TRUE reason=meetsSchedule
12-21 06:10:28.206 5071-5071/? D/ConditionProviders.SCP: Scheduling evaluate for Wed Dec 21 07:00:00 GMT+01:00 2016 (1482300000000), in +49m31s799ms, now=Wed Dec 21 06:10:28 GMT+01:00 2016 (1482297028201)
12-21 06:10:28.218 5071-5071/? D/ConditionProviders.SCP: onReceive android.app.action.NEXT_ALARM_CLOCK_CHANGED
12-21 06:10:28.218 5071-5071/? D/ConditionProviders.SCP: notifyCondition condition://android/schedule?days=6.7&start=23.30&end=10.0 STATE_FALSE reason=!meetsSchedule
12-21 06:10:28.219 5071-5071/? D/ConditionProviders.SCP: notifyCondition condition://android/schedule?days=1.2.3.4.5&start=22.0&end=7.0 STATE_TRUE reason=meetsSchedule
12-21 06:10:28.220 5071-5071/? D/ConditionProviders.SCP: Scheduling evaluate for Wed Dec 21 07:00:00 GMT+01:00 2016 (1482300000000), in +49m31s782ms, now=Wed Dec 21 06:10:28 GMT+01:00 2016 (1482297028218)
12-21 06:10:28.956 5071-5133/? E/BatteryStatsService: no controller energy info supplied
12-21 06:10:30.510 5071-6777/? I/PowerManagerService: Going to sleep due to power button (uid 1000)...
12-21 06:10:30.532 5071-5071/? V/FingerprintService: startAuthentication(com.android.systemui)
12-21 06:10:30.532 5071-5071/? V/FingerprintService: starting client AuthenticationClient(com.android.systemui), initiatedByClient = true)
12-21 06:10:30.533 5071-5071/? W/FingerprintService: client com.android.systemui is authenticating...
12-21 06:10:31.145 5071-5146/? I/DisplayManagerService: Display device changed state: "Built-in Screen", OFF
12-21 06:10:31.481 5071-5150/? I/PowerManagerService: Sleeping (uid 1000)...
12-21 06:10:31.481 5071-7283/? I/ActivityManager: Setting hasTopUi=true for pid=7043
12-21 06:10:51.557 5071-19632/? I/ActivityManager: Start proc 18779:com.foursquare.robin/u0a1538 for broadcast com.foursquare.robin/com.foursquare.pilgrim.app.service.ReceiverPilgrimLocationClientFire
12-21 06:10:53.499 5071-5123/? I/ActivityManager: Killing 16354:com.android.connectivity.metrics/u0a97 (adj 906): empty #17
12-21 06:10:53.534 5071-21581/? D/ActivityManager: cleanUpApplicationRecord -- 16354
12-21 06:10:56.245 5071-8100/? I/ActivityManager: Start proc 18851:com.google.android.gms.ui/u0a12 for service com.google.android.gms/.chimera.UiIntentOperationService
12-21 06:10:56.551 5071-8153/? I/ActivityManager: Start proc 18877:com.google.android.apps.gcs/u0a11 for service com.google.android.apps.gcs/.service.WfaEligibilityRefreshingGcmTaskService
12-21 06:10:56.951 5071-8153/? E/BatteryStatsService: no controller energy info supplied
12-21 06:10:56.953 5071-19633/? D/CryptdConnector: SND -> {310 cryptfs getpwtype}
12-21 06:10:56.954 376-383/? D/VoldCryptCmdListener: cryptfs getpwtype
12-21 06:10:56.956 5071-6780/? D/CryptdConnector: RCV <- {213 310 pin}
12-21 06:11:24.139 5071-7283/? I/ActivityManager: Killing 18023:com.google.android.gms.unstable/u0a12 (adj 906): empty #17
12-21 06:11:24.252 5071-7238/? D/ActivityManager: cleanUpApplicationRecord -- 18023
12-21 06:15:11.118 5071-5071/? I/ActivityManager: Killing 18188:com.google.android.configupdater/u0a5 (adj 906): empty #17
12-21 06:15:11.119 5071-5071/? I/ActivityManager: Killing 18216:com.google.android.youtube/u0a75 (adj 906): empty #18
12-21 06:15:11.170 5071-7283/? D/ActivityManager: cleanUpApplicationRecord -- 18188
12-21 06:15:11.295 5071-21581/? D/ConnectivityService: ConnectivityService NetworkRequestInfo binderDied(NetworkRequest [ LISTEN id=494, [ Capabilities: INTERNET&NOT_RESTRICTED&TRUSTED] ], android.os.BinderProxy@2b22e9c)
12-21 06:15:11.295 5071-21582/? D/ActivityManager: cleanUpApplicationRecord -- 18216
12-21 06:15:11.296 5071-6958/? E/ConnectivityService: RemoteException caught trying to send a callback msg for NetworkRequest [ LISTEN id=494, [ Capabilities: INTERNET&NOT_RESTRICTED&TRUSTED] ]
12-21 06:19:01.447 5071-19627/? E/BatteryStatsService: no controller energy info supplied
12-21 06:19:21.124 5071-19631/? D/ConnectivityService: Returning blocked NetworkInfo to uid=10149
12-21 06:20:02.124 5071-8137/? D/ConnectivityService: reportNetworkConnectivity(190, false) by 10012
12-21 06:20:02.314 5071-6958/? D/NetworkNotificationManager: clearNotification id=190
12-21 06:20:02.314 5071-6958/? D/ConnectivityService: NetworkAgentInfo [WIFI () - 190] validation passed
12-21 06:25:14.221 5071-5124/? I/ActivityManager: Start proc 19074:com.android.providers.calendar/u0a1 for content provider com.android.providers.calendar/.CalendarProvider2
12-21 06:25:42.199 5071-5123/? I/ActivityManager: Start proc 19102:com.google.android.calendar/u0a36 for broadcast com.google.android.calendar/.alerts.AlertReceiver
12-21 06:27:37.497 5071-6958/? D/ConnectivityService: NetworkAgentInfo [WIFI () - 190] EVENT_NETWORK_INFO_CHANGED, going from CONNECTED to DISCONNECTED
12-21 06:27:37.497 5071-6958/? D/ConnectivityService: NetworkAgentInfo [WIFI () - 190] got DISCONNECTED, was satisfying 13
12-21 06:27:37.524 5071-6958/? D/ConnectivityService: Sending DISCONNECTED broadcast for type 1 NetworkAgentInfo [WIFI () - 190] isDefaultNetwork=true
12-21 06:27:37.865 5071-12900/? D/ConnectivityService: registerNetworkAgent NetworkAgentInfo{ ni{[type: MOBILE[LTE], state: CONNECTED/CONNECTED, reason: connected, extra: internet, failover: false, available: true, roaming: false, metered: true]}  network{193}  nethandle{828945124062}  lp{{InterfaceName: rmnet_data0 LinkAddresses: [10.39.59.33/30,]  Routes: [0.0.0.0/0 -> 10.39.59.34 rmnet_data0,] DnsAddresses: [217.65.192.102,217.65.192.101,] Domains: null MTU: 1430 TcpBufferSizes: 524288,1048576,8388608,262144,524288,4194304}}  nc{[ Transports: CELLULAR Capabilities: SUPL&INTERNET&NOT_RESTRICTED&TRUSTED&NOT_VPN LinkUpBandwidth>=51200Kbps LinkDnBandwidth>=102400Kbps Specifier: <1>]}  Score{10}  everValidated{false}  lastValidated{false}  created{false} lingering{false} explicitlySelected{false} acceptUnvalidated{false} everCaptivePortalDetected{false} lastCaptivePortalDetected{false} }
12-21 06:27:37.865 5071-6958/? D/ConnectivityService: NetworkAgentInfo [MOBILE (LTE) - 193] EVENT_NETWORK_INFO_CHANGED, going from null to CONNECTED
12-21 06:27:37.867 5071-8151/? D/NetworkNotificationManager: clearNotification id=65537
12-21 06:27:37.868 5071-6958/? D/ConnectivityService: Adding iface rmnet_data0 to network 193
12-21 06:27:37.905 5071-6958/? D/ConnectivityService: Setting DNS servers for network 193 to [/217.65.192.102, /217.65.192.101]
12-21 06:27:37.949 5071-6958/? D/ConnectivityService: Switching to new default network: NetworkAgentInfo{ ni{[type: MOBILE[LTE], state: CONNECTED/CONNECTED, reason: connected, extra: internet, failover: false, available: true, roaming: false, metered: true]}  network{193}  nethandle{828945124062}  lp{{InterfaceName: rmnet_data0 LinkAddresses: [10.39.59.33/30,]  Routes: [0.0.0.0/0 -> 10.39.59.34 rmnet_data0,] DnsAddresses: [217.65.192.102,217.65.192.101,] Domains: null MTU: 1430 TcpBufferSizes: 524288,1048576,8388608,262144,524288,4194304}}  nc{[ Transports: CELLULAR Capabilities: SUPL&INTERNET&NOT_RESTRICTED&TRUSTED&NOT_VPN&FOREGROUND LinkUpBandwidth>=51200Kbps LinkDnBandwidth>=102400Kbps Specifier: <1>]}  Score{10}  everValidated{false}  lastValidated{false}  created{true} lingering{false} explicitlySelected{false} acceptUnvalidated{false} everCaptivePortalDetected{false} lastCaptivePortalDetected{false} }
12-21 06:27:37.960 5071-6958/? D/ConnectivityService: Sending CONNECTED broadcast for type 0 NetworkAgentInfo [MOBILE (LTE) - 193] isDefaultNetwork=true
12-21 06:27:37.967 5071-6958/? D/ConnectivityService: sending Proxy Broadcast for [217.65.192.33] 8080
12-21 06:27:38.035 5071-22696/? D/ConnectivityService: Returning blocked NetworkInfo to uid=10098
12-21 06:27:38.036 5071-5123/? D/ConnectivityService: Returning blocked NetworkInfo to uid=10177
12-21 06:27:38.043 5071-28671/? D/ConnectivityService: Returning blocked NetworkInfo to uid=10043
12-21 06:27:38.044 5071-12900/? D/ConnectivityService: Returning blocked NetworkInfo to uid=10197
12-21 06:27:38.045 5071-21581/? D/ConnectivityService: Returning blocked NetworkInfo to uid=10053
12-21 06:27:38.058 5071-23586/? D/ConnectivityService: Returning blocked NetworkInfo to uid=10022
12-21 06:27:38.072 5071-19633/? D/ConnectivityService: Returning blocked NetworkInfo to uid=10187
12-21 06:27:38.089 5071-19632/? D/ConnectivityService: Returning blocked NetworkInfo to uid=10162
12-21 06:27:38.613 5071-6958/? D/NetworkNotificationManager: clearNotification id=193
12-21 06:27:38.614 5071-6958/? D/ConnectivityService: NetworkAgentInfo [MOBILE (LTE) - 193] validation passed
12-21 06:27:38.934 5071-3584/? I/ActivityManager: Start proc 19317:ru.yandex.disk:aviary_cds/u0a128 for broadcast ru.yandex.disk/com.aviary.android.feather.sdk.internal.cds.AviaryCdsReceiver
12-21 06:27:39.284 5071-8153/? I/ActivityManager: Start proc 19342:ru.yandex.disk:Metrica/u0a128 for service ru.yandex.disk/com.yandex.metrica.MetricaService
12-21 06:27:39.420 5071-19631/? D/ConnectivityService: Returning blocked NetworkInfo to uid=11538
12-21 06:27:39.435 5071-21581/? I/ActivityManager: Start proc 19363:com.google.android.apps.magazines/u0a148 for broadcast com.google.android.apps.magazines/com.google.apps.dots.android.newsstand.appwidget.NewsWidgetProvider
12-21 06:27:39.568 5071-19628/? I/ActivityManager: Start proc 19392:com.google.android.youtube/u0a75 for service com.google.android.youtube/com.google.android.libraries.youtube.common.gcore.gcoreclient.gcm.impl.GcmTaskServiceDelegator
12-21 06:27:39.652 5071-28670/? I/ActivityManager: Killing 18414:com.google.android.partnersetup/u0a18 (adj 906): empty #17
12-21 06:27:39.706 5071-16202/? D/ConnectivityService: Returning blocked NetworkInfo to uid=10075
12-21 06:27:39.715 5071-8137/? D/ActivityManager: cleanUpApplicationRecord -- 18414
12-21 06:27:40.021 5071-19630/? D/CryptdConnector: SND -> {311 cryptfs getpwtype}
12-21 06:27:40.022 376-383/? D/VoldCryptCmdListener: cryptfs getpwtype
12-21 06:27:40.023 5071-6780/? D/CryptdConnector: RCV <- {213 311 pin}
12-21 06:27:40.245 5071-19630/? W/ActivityManager: Permission Denial: Accessing service ComponentInfo{com.google.android.music/com.google.android.music.dial.DialMediaRouteProviderService} from pid=19392, uid=10075 that is not exported from uid 10059
12-21 06:27:40.257 5071-12739/? I/ActivityManager: Killing 18161:com.android.printspooler/u0a69 (adj 906): empty #17
12-21 06:27:40.305 5071-6968/? D/ActivityManager: cleanUpApplicationRecord -- 18161
12-21 06:27:42.194 5071-8153/? I/ActivityManager: Killing 18494:android.process.media/u0a8 (adj 906): empty #17
12-21 06:27:42.262 5071-19627/? I/ActivityManager: Start proc 19552:com.instagram.android/u0a156 for broadcast com.instagram.android/com.instagram.store.PendingActionReceiver
12-21 06:27:42.262 5071-5123/? D/ActivityManager: cleanUpApplicationRecord -- 18494
12-21 06:27:42.939 5071-5130/? I/ActivityManager: Start proc 19595:com.pinterest/u0a155 for broadcast com.pinterest/.receiver.NetworkStatusReceiver
12-21 06:27:44.678 5071-28672/? I/ActivityManager: Killing 18568:com.android.cellbroadcastreceiver/u0a4 (adj 906): empty #17
12-21 06:27:44.715 5071-5123/? D/ActivityManager: cleanUpApplicationRecord -- 18568
12-21 06:27:45.055 5071-3584/? I/ActivityManager: Killing 18010:android.process.acore/u0a2 (adj 906): empty #17
12-21 06:27:45.074 5071-23586/? I/ActivityManager: Start proc 19662:com.wunderground.android.weather/u0a124 for broadcast com.wunderground.android.weather/.widgets.refresh.receivers.NetworkReceiver
12-21 06:27:45.143 5071-8102/? I/ActivityManager: Killing 17837:com.skype.raider/u0a197 (adj 906): empty #17
12-21 06:28:08.906 5071-3584/? D/ActivityManager: cleanUpApplicationRecord -- 18010
12-21 06:28:08.949 5071-6968/? D/ActivityManager: cleanUpApplicationRecord -- 17837
12-21 06:28:10.157 5071-19627/? D/ConnectivityService: Returning blocked NetworkInfo to uid=10124
12-21 06:28:10.195 5071-19630/? I/ActivityManager: Start proc 19695:me.bluemail.mail/u0a1873 for broadcast me.bluemail.mail/com.trtf.blue.service.BootReceiver
12-21 06:28:10.196 5071-19630/? I/ActivityManager: Killing 17433:com.google.android.keep/u0a81 (adj 906): empty #17
12-21 06:28:10.227 5071-6968/? D/ActivityManager: cleanUpApplicationRecord -- 17433
12-21 06:28:10.914 5071-28672/? W/ActivityManager: Unable to start service Intent { cmp=me.bluemail.mail/com.android.emaileas.service.AttachmentService } U=0: not found
12-21 06:28:11.942 5071-5123/? D/ConnectivityService: Returning blocked NetworkInfo to uid=11873
12-21 06:28:11.943 5071-21582/? I/ActivityManager: Start proc 19774:ru.yandex.disk/u0a128 for broadcast ru.yandex.disk/.NetworkStateReceiver
12-21 06:28:11.992 5071-19632/? I/ActivityManager: Killing 18851:com.google.android.gms.ui/u0a12 (adj 906): empty #17
12-21 06:28:12.048 5071-28670/? D/ActivityManager: cleanUpApplicationRecord -- 18851
12-21 06:28:13.735 5071-8153/? I/ActivityManager: Killing 18130:com.google.android.apps.photos/u0a62 (adj 906): empty #17
12-21 06:28:13.756 5071-19631/? D/ActivityManager: cleanUpApplicationRecord -- 18130
12-21 06:28:43.267 5071-16202/? I/ActivityManager: Start proc 19875:android.process.media/u0a8 for content provider com.android.providers.media/.MediaProvider
12-21 06:30:38.219 5071-5130/? W/ProcessCpuTracker: Skipping unknown process pid 19928
12-21 06:30:38.220 5071-5130/? W/ProcessCpuTracker: Skipping unknown process pid 19929
12-21 06:31:27.156 5071-16202/? D/ConnectivityService: Returning unblocked NetworkInfo to uid=10187
12-21 06:31:27.192 5071-5130/? I/ActivityManager: Waited long enough for: ServiceRecord{906185a u0 ru.yandex.disk/.service.ServiceStarter$Service}
12-21 06:31:30.204 5071-28672/? I/ActivityManager: Killing 17894:com.google.android.apps.docs/u0a43 (adj 906): empty #17
12-21 06:31:30.256 5071-5124/? D/ActivityManager: cleanUpApplicationRecord -- 17894
12-21 06:33:28.906 5071-5071/? I/ActivityManager: Killing 18877:com.google.android.apps.gcs/u0a11 (adj 906): empty #17
12-21 06:33:28.976 5071-19631/? D/ActivityManager: cleanUpApplicationRecord -- 18877
12-21 06:34:32.851 5071-5071/? I/EntropyMixer: Added HW RNG output to entropy pool
12-21 06:34:32.851 5071-5071/? I/EntropyMixer: Writing entropy...
12-21 06:35:25.475 5071-5071/? V/FingerprintService: onAuthenticated(owner=com.android.systemui, id=-760729356, gp=0)
12-21 06:35:25.481 5071-5071/? V/FingerprintService: Done with client: com.android.systemui
12-21 06:35:25.489 5071-19633/? I/PowerManagerService: Waking up from sleep (uid 10027)...
12-21 06:35:25.512 5071-5150/? I/DisplayPowerController: Blocking screen on until initial contents have been drawn.
12-21 06:35:25.524 5071-5146/? I/DisplayManagerService: Display device changed state: "Built-in Screen", ON
12-21 06:35:25.589 5071-5146/? E/WindowManager: Timeout waiting for animation to startup
12-21 06:35:25.624 5071-21582/? D/ConnectivityService: Returning unblocked NetworkInfo to uid=10149
12-21 06:35:25.625 5071-19633/? D/ConnectivityService: Returning unblocked NetworkInfo to uid=10177
12-21 06:35:25.913 5071-5124/? D/ConnectivityService: Returning unblocked NetworkInfo to uid=10098
12-21 06:35:25.938 5071-5150/? I/DisplayPowerController: Unblocked screen on after 426 ms
12-21 06:35:26.148 5071-3584/? I/ActivityManager: Setting hasTopUi=false for pid=7043
12-21 06:35:26.192 5071-3221/? D/ConnectivityService: Returning unblocked NetworkInfo to uid=10162
12-21 06:35:26.217 5071-21582/? D/ConnectivityService: Returning unblocked NetworkInfo to uid=10156
12-21 06:35:26.357 5071-19627/? W/BroadcastQueue: Permission Denial: broadcasting Intent { act=android.intent.action.USER_PRESENT flg=0x24000010 } from com.android.systemui (pid=7043, uid=10027) is not exported from uid 10361 due to receiver rs.telenor.mymenu/.widgets.widget21.Widget21
12-21 06:35:26.360 5071-5130/? W/BroadcastQueue: Permission Denial: broadcasting Intent { act=android.intent.action.USER_PRESENT flg=0x24000010 } from com.android.systemui (pid=7043, uid=10027) is not exported from uid 10361 due to receiver rs.telenor.mymenu/.widgets.widget41.Widget41
12-21 06:35:26.360 5071-5130/? W/BroadcastQueue: Permission Denial: broadcasting Intent { act=android.intent.action.USER_PRESENT flg=0x24000010 } from com.android.systemui (pid=7043, uid=10027) is not exported from uid 10361 due to receiver rs.telenor.mymenu/.widgets.widget51.Widget51
12-21 06:35:26.360 5071-5130/? W/BroadcastQueue: Permission Denial: broadcasting Intent { act=android.intent.action.USER_PRESENT flg=0x24000010 } from com.android.systemui (pid=7043, uid=10027) is not exported from uid 10361 due to receiver rs.telenor.mymenu/.widgets.widget42.Widget42
12-21 06:35:26.360 5071-5130/? W/BroadcastQueue: Permission Denial: broadcasting Intent { act=android.intent.action.USER_PRESENT flg=0x24000010 } from com.android.systemui (pid=7043, uid=10027) is not exported from uid 10361 due to receiver rs.telenor.mymenu/.widgets.widget52.Widget52
12-21 06:35:26.462 5071-21581/? D/ConnectivityService: Returning unblocked NetworkInfo to uid=10124
12-21 06:35:26.823 5071-19632/? I/ActivityManager: Setting hasTopUi=true for pid=7043
12-21 06:35:30.606 5071-19628/? W/InputMethodManagerService: Window already focused, ignoring focus gain of: com.android.internal.view.IInputMethodClient$Stub$Proxy@120ddae attribute=null, token = android.os.BinderProxy@a21d752
12-21 06:35:30.622 5071-8106/? I/ActivityManager: Setting hasTopUi=false for pid=7043
12-21 06:35:34.307 5071-8102/? D/ConnectivityService: Returning unblocked NetworkInfo to uid=11538
12-21 06:35:35.841 5071-7283/? I/ActivityManager: START u0 {act=android.intent.action.MAIN cat=[android.intent.category.LAUNCHER] flg=0x10200000 cmp=com.makonda.blic/.news.HomePageActivity (has extras)} from uid 10185 on display 0
12-21 06:35:35.916 5071-19627/? I/ActivityManager: Start proc 20233:com.makonda.blic/u0a1253 for activity com.makonda.blic/.news.HomePageActivity
12-21 06:35:36.009 5071-8106/? W/ActivityManager: Bad activity token: android.os.BinderProxy@a65fb1
                                                  java.lang.ClassCastException: android.os.BinderProxy cannot be cast to com.android.server.am.ActivityRecord$Token
                                                      at com.android.server.am.ActivityRecord.forTokenLocked(ActivityRecord.java:594)
                                                      at com.android.server.am.ActivityRecord.isInStackLocked(ActivityRecord.java:1352)
                                                      at com.android.server.am.ActivityRecord.getStackLocked(ActivityRecord.java:1357)
                                                      at com.android.server.am.ActivityManagerService.getActivityDisplayId(ActivityManagerService.java:9829)
                                                      at android.app.ActivityManagerNative.onTransact(ActivityManagerNative.java:2567)
                                                      at com.android.server.am.ActivityManagerService.onTransact(ActivityManagerService.java:2794)
                                                      at android.os.Binder.execTransact(Binder.java:565)
12-21 06:35:36.013 5071-28670/? W/ActivityManager: Bad activity token: android.os.BinderProxy@a65fb1
                                                   java.lang.ClassCastException: android.os.BinderProxy cannot be cast to com.android.server.am.ActivityRecord$Token
                                                       at com.android.server.am.ActivityRecord.forTokenLocked(ActivityRecord.java:594)
                                                       at com.android.server.am.ActivityRecord.isInStackLocked(ActivityRecord.java:1352)
                                                       at com.android.server.am.ActivityManagerService.setTaskDescription(ActivityManagerService.java:9381)
                                                       at android.app.ActivityManagerNative.onTransact(ActivityManagerNative.java:2640)
                                                       at com.android.server.am.ActivityManagerService.onTransact(ActivityManagerService.java:2794)
                                                       at android.os.Binder.execTransact(Binder.java:565)
12-21 06:35:36.057 5071-7283/? W/ActivityManager: Bad activity token: android.os.BinderProxy@a65fb1
                                                  java.lang.ClassCastException: android.os.BinderProxy cannot be cast to com.android.server.am.ActivityRecord$Token
                                                      at com.android.server.am.ActivityRecord.forTokenLocked(ActivityRecord.java:594)
                                                      at com.android.server.am.ActivityRecord.isInStackLocked(ActivityRecord.java:1352)
                                                      at com.android.server.am.ActivityRecord.getStackLocked(ActivityRecord.java:1357)
                                                      at com.android.server.am.ActivityManagerService.getActivityStackId(ActivityManagerService.java:9840)
                                                      at android.app.ActivityManagerNative.onTransact(ActivityManagerNative.java:2857)
                                                      at com.android.server.am.ActivityManagerService.onTransact(ActivityManagerService.java:2794)
                                                      at android.os.Binder.execTransact(Binder.java:565)
12-21 06:35:36.577 5071-19628/? W/ActivityManager: Bad activity token: android.os.BinderProxy@a65fb1
                                                   java.lang.ClassCastException: android.os.BinderProxy cannot be cast to com.android.server.am.ActivityRecord$Token
                                                       at com.android.server.am.ActivityRecord.forTokenLocked(ActivityRecord.java:594)
                                                       at com.android.server.am.ActivityRecord.isInStackLocked(ActivityRecord.java:1352)
                                                       at com.android.server.am.ActivityManagerService.getActivityOptions(ActivityManagerService.java:12553)
                                                       at android.app.ActivityManagerNative.onTransact(ActivityManagerNative.java:1933)
                                                       at com.android.server.am.ActivityManagerService.onTransact(ActivityManagerService.java:2794)
                                                       at android.os.Binder.execTransact(Binder.java:565)
12-21 06:35:36.578 5071-23586/? W/ActivityManager: Bad activity token: android.os.BinderProxy@a65fb1
                                                   java.lang.ClassCastException: android.os.BinderProxy cannot be cast to com.android.server.am.ActivityRecord$Token
                                                       at com.android.server.am.ActivityRecord.forTokenLocked(ActivityRecord.java:594)
                                                       at com.android.server.am.ActivityRecord.isInStackLocked(ActivityRecord.java:1352)
                                                       at com.android.server.am.ActivityManagerService.getActivityOptions(ActivityManagerService.java:12553)
                                                       at android.app.ActivityManagerNative.onTransact(ActivityManagerNative.java:1933)
                                                       at com.android.server.am.ActivityManagerService.onTransact(ActivityManagerService.java:2794)
                                                       at android.os.Binder.execTransact(Binder.java:565)
12-21 06:36:03.733 5071-22696/? I/ActivityManager: Killing 17160:com.google.android.deskclock/u0a66 (adj 906): empty #17
12-21 06:36:03.772 5071-8151/? D/ActivityManager: cleanUpApplicationRecord -- 17160
12-21 06:36:12.987 5071-28672/? I/ActivityManager: Killing 19074:com.android.providers.calendar/u0a1 (adj 906): empty #17
12-21 06:36:13.034 5071-12739/? D/ActivityManager: cleanUpApplicationRecord -- 19074
12-21 06:36:36.345 20233-20233/? W/ViewRootImpl[HomePageActivity]: Cancelling event due to no window focus: KeyEvent { action=ACTION_UP, keyCode=KEYCODE_BACK, scanCode=0, metaState=0, flags=0x68, repeatCount=0, eventTime=119139910, downTime=119139889, deviceId=-1, source=0x101 }
12-21 06:36:36.345 20233-20233/? W/ViewRootImpl[HomePageActivity]: Cancelling event due to no window focus: KeyEvent { action=ACTION_UP, keyCode=KEYCODE_BACK, scanCode=0, metaState=0, flags=0x68, repeatCount=0, eventTime=119139910, downTime=119139889, deviceId=-1, source=0x101 }
12-21 06:36:36.345 20233-20233/? W/ViewRootImpl[HomePageActivity]: Cancelling event due to no window focus: KeyEvent { action=ACTION_UP, keyCode=KEYCODE_BACK, scanCode=0, metaState=0, flags=0x68, repeatCount=0, eventTime=119139910, downTime=119139889, deviceId=-1, source=0x101 }
12-21 06:36:36.400 20233-20233/? W/ViewRootImpl[HomePageActivity]: Cancelling event due to no window focus: KeyEvent { action=ACTION_UP, keyCode=KEYCODE_BACK, scanCode=0, metaState=0, flags=0x68, repeatCount=0, eventTime=119139910, downTime=119139889, deviceId=-1, source=0x101 }
12-21 06:36:36.400 20233-20233/? W/ViewRootImpl[HomePageActivity]: Cancelling event due to no window focus: KeyEvent { action=ACTION_UP, keyCode=KEYCODE_BACK, scanCode=0, metaState=0, flags=0x68, repeatCount=0, eventTime=119139910, downTime=119139889, deviceId=-1, source=0x101 }
12-21 06:36:36.400 20233-20233/? W/ViewRootImpl[HomePageActivity]: Cancelling event due to no window focus: KeyEvent { action=ACTION_UP, keyCode=KEYCODE_BACK, scanCode=0, metaState=0, flags=0x68, repeatCount=0, eventTime=119139910, downTime=119139889, deviceId=-1, source=0x101 }
12-21 06:36:36.431 8156-8156/? W/ViewRootImpl[NovaLauncher]: Cancelling event due to no window focus: KeyEvent { action=ACTION_UP, keyCode=KEYCODE_BACK, scanCode=0, metaState=0, flags=0x68, repeatCount=0, eventTime=119139921, downTime=119139889, deviceId=-1, source=0x101 }
12-21 06:36:36.431 8156-8156/? W/ViewRootImpl[NovaLauncher]: Cancelling event due to no window focus: KeyEvent { action=ACTION_UP, keyCode=KEYCODE_BACK, scanCode=0, metaState=0, flags=0x68, repeatCount=0, eventTime=119139921, downTime=119139889, deviceId=-1, source=0x101 }
12-21 06:36:36.431 8156-8156/? W/ViewRootImpl[NovaLauncher]: Cancelling event due to no window focus: KeyEvent { action=ACTION_UP, keyCode=KEYCODE_BACK, scanCode=0, metaState=0, flags=0x68, repeatCount=0, eventTime=119139921, downTime=119139889, deviceId=-1, source=0x101 }
12-21 06:36:36.431 8156-8156/? W/ViewRootImpl[NovaLauncher]: Cancelling event due to no window focus: KeyEvent { action=ACTION_UP, keyCode=KEYCODE_BACK, scanCode=0, metaState=0, flags=0x68, repeatCount=0, eventTime=119139921, downTime=119139889, deviceId=-1, source=0x101 }
12-21 06:36:36.431 8156-8156/? W/ViewRootImpl[NovaLauncher]: Cancelling event due to no window focus: KeyEvent { action=ACTION_UP, keyCode=KEYCODE_BACK, scanCode=0, metaState=0, flags=0x68, repeatCount=0, eventTime=119139921, downTime=119139889, deviceId=-1, source=0x101 }
12-21 06:36:36.431 8156-8156/? W/ViewRootImpl[NovaLauncher]: Cancelling event due to no window focus: KeyEvent { action=ACTION_UP, keyCode=KEYCODE_BACK, scanCode=0, metaState=0, flags=0x68, repeatCount=0, eventTime=119139921, downTime=119139889, deviceId=-1, source=0x101 }
12-21 06:36:36.432 8156-8156/? W/ViewRootImpl[NovaLauncher]: Cancelling event due to no window focus: KeyEvent { action=ACTION_UP, keyCode=KEYCODE_BACK, scanCode=0, metaState=0, flags=0x68, repeatCount=0, eventTime=119139921, downTime=119139889, deviceId=-1, source=0x101 }
12-21 06:36:36.432 8156-8156/? W/ViewRootImpl[NovaLauncher]: Cancelling event due to no window focus: KeyEvent { action=ACTION_UP, keyCode=KEYCODE_BACK, scanCode=0, metaState=0, flags=0x68, repeatCount=0, eventTime=119139921, downTime=119139889, deviceId=-1, source=0x101 }
12-21 06:36:36.432 8156-8156/? W/ViewRootImpl[NovaLauncher]: Cancelling event due to no window focus: KeyEvent { action=ACTION_UP, keyCode=KEYCODE_BACK, scanCode=0, metaState=0, flags=0x68, repeatCount=0, eventTime=119139921, downTime=119139889, deviceId=-1, source=0x101 }
12-21 06:36:36.720 5071-5130/? I/ActivityManager: Killing 19102:com.google.android.calendar/u0a36 (adj 906): empty #17
12-21 06:36:36.777 5071-19631/? D/ActivityManager: cleanUpApplicationRecord -- 19102
12-21 06:36:37.632 5071-8106/? I/ActivityManager: START u0 {flg=0x10804000 cmp=com.android.systemui/.recents.RecentsActivity} from uid 10027 on display 0
12-21 06:36:39.054 5071-8102/? I/ActivityManager: Killing 20233:com.makonda.blic/u0a1253 (adj 900): remove task
12-21 06:36:39.130 5071-19630/? D/ConnectivityService: ConnectivityService NetworkRequestInfo binderDied(NetworkRequest [ LISTEN id=497, [ Capabilities: INTERNET&NOT_RESTRICTED&TRUSTED&FOREGROUND] ], android.os.BinderProxy@14b445)
12-21 06:36:39.130 5071-5123/? D/ActivityManager: cleanUpApplicationRecord -- 20233
12-21 06:36:39.132 5071-6958/? E/ConnectivityService: RemoteException caught trying to send a callback msg for NetworkRequest [ LISTEN id=497, [ Capabilities: INTERNET&NOT_RESTRICTED&TRUSTED&FOREGROUND] ]
12-21 06:36:39.455 5071-8137/? I/ActivityManager: Setting hasTopUi=true for pid=7043
12-21 06:36:40.663 5071-22696/? W/InputMethodManagerService: Window already focused, ignoring focus gain of: com.android.internal.view.IInputMethodClient$Stub$Proxy@a1bf79a attribute=null, token = android.os.BinderProxy@906b681
12-21 06:36:40.850 5071-16202/? I/ActivityManager: START u0 {act=android.intent.action.MAIN cat=[android.intent.category.HOME] flg=0x10200000 cmp=com.teslacoilsw.launcher/.NovaLauncher} from uid 10027 on display 0
12-21 06:36:40.979 5071-21581/? I/ActivityManager: Setting hasTopUi=false for pid=7043
12-21 06:36:43.879 5071-8137/? I/ActivityManager: START u0 {act=android.intent.action.MAIN cat=[android.intent.category.LAUNCHER] flg=0x10200000 cmp=com.facebook.katana/.LoginActivity (has extras)} from uid 10185 on display 0
12-21 06:36:45.953 5071-8106/? W/ActivityManager: Permission Denial: Accessing service ComponentInfo{com.google.android.music/com.google.android.music.dial.DialMediaRouteProviderService} from pid=14244, uid=10149 that is not exported from uid 10059
12-21 06:36:47.996 5071-12739/? I/ActivityManager: Start proc 20530:com.facebook.katana:browser/u0a149 for service com.facebook.katana/com.facebook.browser.lite.BrowserLiteIntentService
12-21 06:37:10.337 5071-5133/? E/BatteryStatsService: no controller energy info supplied
12-21 06:38:45.070 5071-5130/? I/ActivityManager: Start proc 20881:com.xing.android/u0a308 for broadcast com.xing.android/com.google.android.gms.gcm.GcmReceiver
12-21 06:38:45.613 5071-19628/? D/ConnectivityService: Returning unblocked NetworkInfo to uid=10308
12-21 06:38:45.674 5071-19633/? I/ActivityManager: Killing 19392:com.google.android.youtube/u0a75 (adj 906): empty #17
12-21 06:38:45.721 5071-7238/? D/ConnectivityService: ConnectivityService NetworkRequestInfo binderDied(NetworkRequest [ LISTEN id=495, [ Capabilities: INTERNET&NOT_RESTRICTED&TRUSTED] ], android.os.BinderProxy@d7cdfc4)
12-21 06:38:45.721 5071-5124/? D/ActivityManager: cleanUpApplicationRecord -- 19392
12-21 06:38:45.722 5071-6958/? E/ConnectivityService: RemoteException caught trying to send a callback msg for NetworkRequest [ LISTEN id=495, [ Capabilities: INTERNET&NOT_RESTRICTED&TRUSTED] ]
12-21 06:39:42.251 5071-5071/? W/WindowManager: Attempted to remove non-existing token: android.os.Binder@4cb536f
12-21 06:39:43.656 5071-12073/? I/ActivityManager: START u0 {flg=0x10000 cmp=com.facebook.katana/com.facebook.zero.activity.ZeroIntentInterstitialActivity (has extras)} from uid 10149 on display 0
12-21 06:39:43.763 5071-28671/? I/ActivityManager: START u0 {act=android.intent.action.VIEW dat=http://arstechnica.com/... cmp=com.facebook.katana/com.facebook.browser.lite.BrowserLiteActivity (has extras)} from uid 10149 on display 0
12-21 06:39:44.177 5071-5145/? D/BluetoothManagerService: Message: 20
12-21 06:39:44.177 5071-5145/? D/BluetoothManagerService: Added callback: android.bluetooth.IBluetoothManagerCallback$Stub$Proxy@d6103f:true
12-21 06:39:44.257 5071-5071/? W/WindowManager: Attempted to remove non-existing token: android.os.Binder@f63b068
12-21 06:42:15.941 5071-5133/? E/BatteryStatsService: no controller energy info supplied
12-21 06:42:48.338 5071-19631/? I/ActivityManager: START u0 {flg=0x10804000 cmp=com.android.systemui/.recents.RecentsActivity} from uid 10027 on display 0
12-21 06:42:49.537 5071-5124/? I/ActivityManager: Killing 20530:com.facebook.katana:browser/u0a149 (adj 901): remove task
12-21 06:42:49.546 5071-8137/? I/ActivityManager: Killing 17854:com.facebook.katana:videoplayer/u0a149 (adj 0): remove task
12-21 06:42:49.589 5071-19631/? D/ActivityManager: cleanUpApplicationRecord -- 17854
12-21 06:42:49.598 5071-22696/? I/ActivityManager: Killing 14244:com.facebook.katana/u0a149 (adj 1001): remove task
12-21 06:42:49.640 5071-8155/? D/ConnectivityService: ConnectivityService NetworkRequestInfo binderDied(NetworkRequest [ LISTEN id=499, [ Capabilities: INTERNET&NOT_RESTRICTED&TRUSTED] ], android.os.BinderProxy@95a37ba)
12-21 06:42:49.640 5071-8151/? I/WindowManager: WIN DEATH: Window{d39872f u0 com.facebook.katana/com.facebook.browser.lite.BrowserLiteActivity}
12-21 06:42:49.640 5071-28670/? D/ActivityManager: cleanUpApplicationRecord -- 20530
12-21 06:42:49.640 5071-8137/? D/ConnectivityService: ConnectivityService NetworkRequestInfo binderDied(NetworkRequest [ LISTEN id=498, [ Capabilities: INTERNET&NOT_RESTRICTED&TRUSTED] ], android.os.BinderProxy@c40966b)
12-21 06:42:49.642 5071-28670/? W/ActivityManager: Exception when unbinding service com.facebook.katana/com.facebook.browser.liteclient.BrowserLiteCallbackService
                                                   android.os.DeadObjectException: Transaction failed on small parcel; remote process probably died
                                                       at android.os.BinderProxy.transactNative(Native Method)
                                                       at android.os.BinderProxy.transact(Binder.java:615)
                                                       at android.app.ApplicationThreadProxy.scheduleUnbindService(ApplicationThreadNative.java:1016)
                                                       at com.android.server.am.ActiveServices.removeConnectionLocked(ActiveServices.java:2175)
                                                       at com.android.server.am.ActiveServices.killServicesLocked(ActiveServices.java:2551)
                                                       at com.android.server.am.ActivityManagerService.cleanUpApplicationRecordLocked(ActivityManagerService.java:16902)
                                                       at com.android.server.am.ActivityManagerService.handleAppDiedLocked(ActivityManagerService.java:5078)
                                                       at com.android.server.am.ActivityManagerService.appDiedLocked(ActivityManagerService.java:5241)
                                                       at com.android.server.am.ActivityManagerService$AppDeathRecipient.binderDied(ActivityManagerService.java:1475)
                                                       at android.os.BinderProxy.sendDeathNotice(Binder.java:688)
12-21 06:42:49.643 5071-6958/? E/ConnectivityService: RemoteException caught trying to send a callback msg for NetworkRequest [ LISTEN id=499, [ Capabilities: INTERNET&NOT_RESTRICTED&TRUSTED] ]
12-21 06:42:49.644 5071-6958/? E/ConnectivityService: RemoteException caught trying to send a callback msg for NetworkRequest [ LISTEN id=498, [ Capabilities: INTERNET&NOT_RESTRICTED&TRUSTED] ]
12-21 06:42:49.717 5071-19632/? D/ConnectivityService: ConnectivityService NetworkRequestInfo binderDied(NetworkRequest [ LISTEN id=486, [ Capabilities: INTERNET&NOT_RESTRICTED&TRUSTED] ], android.os.BinderProxy@a8c2661)
12-21 06:42:49.718 5071-19632/? D/ActivityManager: cleanUpApplicationRecord -- 14244
12-21 06:42:49.719 5071-19632/? W/ActivityManager: Scheduling restart of crashed service com.facebook.katana/com.facebook.mqttlite.MqttService in 1000ms
12-21 06:42:49.722 5071-6958/? E/ConnectivityService: RemoteException caught trying to send a callback msg for NetworkRequest [ LISTEN id=486, [ Capabilities: INTERNET&NOT_RESTRICTED&TRUSTED] ]
12-21 06:42:50.729 5071-6777/? I/PowerManagerService: Going to sleep due to power button (uid 1000)...
12-21 06:42:50.742 5071-5130/? I/ActivityManager: Start proc 21570:com.facebook.katana/u0a149 for service com.facebook.katana/com.facebook.mqttlite.MqttService
12-21 06:42:50.756 5071-5071/? V/FingerprintService: startAuthentication(com.android.systemui)
12-21 06:42:50.756 5071-5071/? V/FingerprintService: starting client AuthenticationClient(com.android.systemui), initiatedByClient = true)
12-21 06:42:50.756 5071-5071/? W/FingerprintService: client com.android.systemui is authenticating...
12-21 06:42:51.318 5071-5146/? I/DisplayManagerService: Display device changed state: "Built-in Screen", OFF
12-21 06:42:51.655 5071-5150/? I/PowerManagerService: Sleeping (uid 1000)...
12-21 06:42:51.671 5071-5123/? I/ActivityManager: Setting hasTopUi=true for pid=7043
12-21 06:42:52.872 5071-12073/? I/ActivityManager: START u0 {act=android.intent.action.MAIN cat=[android.intent.category.HOME] flg=0x10200000 cmp=com.teslacoilsw.launcher/.NovaLauncher} from uid 10027 on display 0
12-21 06:43:54.114 5071-5130/? W/BroadcastQueue: Permission Denial: broadcasting Intent { act=android.net.conn.CONNECTIVITY_CHANGE flg=0x4000010 (has extras) } from null (pid=-1, uid=-1) requires com.facebook.permission.prod.FB_APP_COMMUNICATION due to registered receiver BroadcastFilter{868b763 u0 ReceiverList{eaae192 21570 com.facebook.katana/10149/u0 remote:175ab1d}}
12-21 06:43:54.114 5071-5130/? W/BroadcastQueue: Permission Denial: broadcasting Intent { act=android.net.conn.INET_CONDITION_ACTION flg=0x4000010 (has extras) } from null (pid=-1, uid=-1) requires com.facebook.permission.prod.FB_APP_COMMUNICATION due to registered receiver BroadcastFilter{868b763 u0 ReceiverList{eaae192 21570 com.facebook.katana/10149/u0 remote:175ab1d}}
12-21 06:43:55.833 5071-5130/? W/BroadcastQueue: Permission Denial: broadcasting Intent { act=android.net.conn.CONNECTIVITY_CHANGE flg=0x4000010 (has extras) } from null (pid=-1, uid=-1) requires com.facebook.permission.prod.FB_APP_COMMUNICATION due to registered receiver BroadcastFilter{d0ae4d8 u0 ReceiverList{1ee37bb 21570 com.facebook.katana/10149/u0 remote:cbf4c4a}}
12-21 06:44:11.923 5071-6775/? W/ActivityManager: Unable to start service Intent { act=com.alibaba.aliexpresshd.intent.action.COCKROACH flg=0x4 (has extras) } U=0: not found
12-21 06:47:53.021 5071-5129/? D/ConnectivityService: requestNetwork for uid/pid:1000/5071 NetworkRequest [ REQUEST id=500, legacyType=3, [ Transports: CELLULAR Capabilities: SUPL&NOT_RESTRICTED&TRUSTED&NOT_VPN] ]
12-21 06:47:53.022 5071-6958/? D/ConnectivityService: Sending CONNECTED broadcast for type 3 NetworkAgentInfo [MOBILE (LTE) - 193] isDefaultNetwork=true
12-21 06:47:53.033 5071-5129/? D/ConnectivityService: Adding legacy route 122.0.0.0/32 -> 10.39.59.34 rmnet_data0 for UID/PID 1000/5071
12-21 06:47:53.079 5071-5129/? D/ConnectivityService: requestRouteToHostAddress ok=true
12-21 06:47:53.164 5071-21581/? D/ConnectivityService: Returning blocked NetworkInfo to uid=10149
12-21 06:47:53.165 5071-7283/? D/ConnectivityService: Returning blocked NetworkInfo to uid=10156
12-21 06:47:53.178 5071-6968/? D/ConnectivityService: Returning blocked NetworkInfo to uid=10177
12-21 06:47:53.716 5071-8106/? D/ConnectivityService: Returning blocked NetworkInfo to uid=10162
12-21 06:47:53.860 5071-6958/? D/ConnectivityService: releasing NetworkRequest [ REQUEST id=500, legacyType=3, [ Transports: CELLULAR Capabilities: SUPL&NOT_RESTRICTED&TRUSTED&NOT_VPN] ]
12-21 06:47:53.862 5071-6958/? D/ConnectivityService: Sending DISCONNECTED broadcast for type 3 NetworkAgentInfo [MOBILE (LTE) - 193] isDefaultNetwork=false
12-21 06:47:53.905 5071-8151/? D/ConnectivityService: Returning blocked NetworkInfo to uid=10187
12-21 06:47:53.923 5071-19630/? D/ConnectivityService: Returning blocked NetworkInfo to uid=10308
12-21 06:47:53.928 5071-19632/? D/ConnectivityService: Returning blocked NetworkInfo to uid=10098
12-21 06:47:54.088 5071-19630/? D/ConnectivityService: Returning blocked NetworkInfo to uid=11538
12-21 06:47:54.144 5071-8100/? D/ConnectivityService: Returning blocked NetworkInfo to uid=10124
12-21 06:49:24.434 5071-5130/? I/ProcessStatsService: Prepared write state in 6ms
12-21 06:49:24.440 5071-5130/? I/ProcessStatsService: Prepared write state in 5ms
12-21 06:49:24.445 5071-5130/? I/ProcessStatsService: Prepared write state in 5ms
12-21 06:49:24.451 5071-5130/? I/ProcessStatsService: Prepared write state in 5ms
12-21 06:49:24.457 5071-5130/? I/ProcessStatsService: Prepared write state in 5ms
12-21 06:49:24.464 5071-5130/? I/ProcessStatsService: Prepared write state in 5ms
12-21 06:49:24.470 5071-5130/? I/ProcessStatsService: Prepared write state in 5ms
12-21 06:50:39.690 5071-21582/? D/ConnectivityService: Returning unblocked NetworkInfo to uid=10177
12-21 06:51:15.512 5071-6954/? D/ConnectivityService: registerNetworkAgent NetworkAgentInfo{ ni{[type: WIFI[], state: CONNECTING/CONNECTING, reason: (unspecified), extra: "remoteOffice", failover: false, available: true, roaming: false, metered: false]}  network{194}  nethandle{833240091358}  lp{{LinkAddresses: []  Routes: [] DnsAddresses: [] Domains: null MTU: 0}}  nc{[ Transports: WIFI Capabilities: NOT_METERED&INTERNET&NOT_RESTRICTED&TRUSTED&NOT_VPN LinkUpBandwidth>=1048576Kbps LinkDnBandwidth>=1048576Kbps]}  Score{20}  everValidated{false}  lastValidated{false}  created{false} lingering{false} explicitlySelected{false} acceptUnvalidated{false} everCaptivePortalDetected{false} lastCaptivePortalDetected{false} }
12-21 06:51:15.513 5071-6958/? D/ConnectivityService: NetworkAgentInfo [WIFI () - 194] EVENT_NETWORK_INFO_CHANGED, going from null to CONNECTING
12-21 06:51:17.017 5071-6958/? D/ConnectivityService: NetworkAgentInfo [WIFI () - 194] EVENT_NETWORK_INFO_CHANGED, going from CONNECTING to CONNECTED
12-21 06:51:17.019 5071-6958/? D/ConnectivityService: Adding iface wlan0 to network 194
12-21 06:51:17.049 5071-8137/? D/ConnectivityService: Returning blocked NetworkInfo to uid=10177
12-21 06:51:17.072 5071-6958/? D/ConnectivityService: Setting DNS servers for network 194 to [/212.121.128.10, /8.8.8.8]
12-21 06:51:22.903 5071-6958/? D/NetworkNotificationManager: clearNotification id=194
12-21 06:51:22.904 5071-6958/? D/ConnectivityService: NetworkAgentInfo [WIFI () - 194] validation passed
12-21 06:51:22.912 5071-6958/? D/ConnectivityService: Switching to new default network: NetworkAgentInfo{ ni{[type: WIFI[], state: CONNECTED/CONNECTED, reason: (unspecified), extra: "remoteOffice", failover: false, available: true, roaming: false, metered: false]}  network{194}  nethandle{833240091358}  lp{{InterfaceName: wlan0 LinkAddresses: [fe80::1e67:58ff:fe7e:a92d/64,10.1.1.45/21,]  Routes: [fe80::/64 -> :: wlan0,10.1.0.0/21 -> 0.0.0.0 wlan0,0.0.0.0/0 -> 10.1.0.1 wlan0,] DnsAddresses: [212.121.128.10,8.8.8.8,] Domains: mome MTU: 0 TcpBufferSizes: 524288,2097152,4194304,262144,524288,1048576}}  nc{[ Transports: WIFI Capabilities: NOT_METERED&INTERNET&NOT_RESTRICTED&TRUSTED&NOT_VPN&VALIDATED&FOREGROUND LinkUpBandwidth>=1048576Kbps LinkDnBandwidth>=1048576Kbps SignalStrength: -81]}  Score{60}  everValidated{true}  lastValidated{true}  created{true} lingering{false} explicitlySelected{false} acceptUnvalidated{false} everCaptivePortalDetected{false} lastCaptivePortalDetected{false} }
12-21 06:51:22.922 5071-6958/? D/ConnectivityService: sending Proxy Broadcast for [] 0 xl=
12-21 06:51:22.934 5071-6958/? D/ConnectivityService: Lingering NetworkAgentInfo [MOBILE (LTE) - 193] for 30000ms
12-21 06:51:22.940 5071-6958/? D/ConnectivityService: Sending DISCONNECTED broadcast for type 0 NetworkAgentInfo [MOBILE (LTE) - 193] isDefaultNetwork=true
12-21 06:51:22.943 5071-6958/? D/ConnectivityService: Sending CONNECTED broadcast for type 1 NetworkAgentInfo [WIFI () - 194] isDefaultNetwork=true
12-21 06:51:23.272 5071-5130/? W/ProcessCpuTracker: Skipping unknown process pid 22121
12-21 06:51:28.335 5071-5130/? W/ProcessCpuTracker: Skipping unknown process pid 22191
12-21 06:51:52.907 5071-6958/? D/ConnectivityService: handleLingerComplete for NetworkAgentInfo [MOBILE (LTE) - 193]
12-21 06:51:52.914 5071-6958/? D/ConnectivityService: NetworkAgentInfo [MOBILE (LTE) - 193] got DISCONNECTED, was satisfying 10
12-21 06:52:20.804 5071-5130/? I/ActivityManager: Start proc 22304:com.Slack/u0a188 for broadcast com.Slack/.push.SlackGcmReceiver
12-21 06:52:22.410 5071-28670/? W/ActivityManager: Unable to start service Intent { act=com.google.firebase.MESSAGING_EVENT pkg=com.Slack (has extras) } U=0: not found
12-21 06:52:54.478 5071-6958/? D/ConnectivityService: NetworkAgentInfo [WIFI () - 194] EVENT_NETWORK_INFO_CHANGED, going from CONNECTED to DISCONNECTED
12-21 06:52:54.478 5071-6958/? D/ConnectivityService: NetworkAgentInfo [WIFI () - 194] got DISCONNECTED, was satisfying 12
12-21 06:52:54.546 5071-6958/? D/ConnectivityService: Sending DISCONNECTED broadcast for type 1 NetworkAgentInfo [WIFI () - 194] isDefaultNetwork=true
12-21 06:52:55.934 5071-12900/? D/ConnectivityService: registerNetworkAgent NetworkAgentInfo{ ni{[type: MOBILE[LTE], state: CONNECTED/CONNECTED, reason: connected, extra: internet, failover: false, available: true, roaming: false, metered: true]}  network{195}  nethandle{837535058654}  lp{{InterfaceName: rmnet_data0 LinkAddresses: [10.39.59.33/30,]  Routes: [0.0.0.0/0 -> 10.39.59.34 rmnet_data0,] DnsAddresses: [217.65.192.102,217.65.192.101,] Domains: null MTU: 1430 TcpBufferSizes: 524288,1048576,8388608,262144,524288,4194304}}  nc{[ Transports: CELLULAR Capabilities: SUPL&INTERNET&NOT_RESTRICTED&TRUSTED&NOT_VPN LinkUpBandwidth>=51200Kbps LinkDnBandwidth>=102400Kbps Specifier: <1>]}  Score{10}  everValidated{false}  lastValidated{false}  created{false} lingering{false} explicitlySelected{false} acceptUnvalidated{false} everCaptivePortalDetected{false} lastCaptivePortalDetected{false} }
12-21 06:52:55.934 5071-6958/? D/ConnectivityService: NetworkAgentInfo [MOBILE (LTE) - 195] EVENT_NETWORK_INFO_CHANGED, going from null to CONNECTED
12-21 06:52:55.936 5071-6958/? D/ConnectivityService: Adding iface rmnet_data0 to network 195
12-21 06:52:55.938 5071-19632/? D/NetworkNotificationManager: clearNotification id=65537
12-21 06:52:55.978 5071-6958/? D/ConnectivityService: Setting DNS servers for network 195 to [/217.65.192.102, /217.65.192.101]
12-21 06:52:56.027 5071-6958/? D/ConnectivityService: Switching to new default network: NetworkAgentInfo{ ni{[type: MOBILE[LTE], state: CONNECTED/CONNECTED, reason: connected, extra: internet, failover: false, available: true, roaming: false, metered: true]}  network{195}  nethandle{837535058654}  lp{{InterfaceName: rmnet_data0 LinkAddresses: [10.39.59.33/30,]  Routes: [0.0.0.0/0 -> 10.39.59.34 rmnet_data0,] DnsAddresses: [217.65.192.102,217.65.192.101,] Domains: null MTU: 1430 TcpBufferSizes: 524288,1048576,8388608,262144,524288,4194304}}  nc{[ Transports: CELLULAR Capabilities: SUPL&INTERNET&NOT_RESTRICTED&TRUSTED&NOT_VPN&FOREGROUND LinkUpBandwidth>=51200Kbps LinkDnBandwidth>=102400Kbps Specifier: <1>]}  Score{10}  everValidated{false}  lastValidated{false}  created{true} lingering{false} explicitlySelected{false} acceptUnvalidated{false} everCaptivePortalDetected{false} lastCaptivePortalDetected{false} }
12-21 06:52:56.034 5071-6958/? D/ConnectivityService: Sending CONNECTED broadcast for type 0 NetworkAgentInfo [MOBILE (LTE) - 195] isDefaultNetwork=true
12-21 06:52:56.041 5071-6958/? D/ConnectivityService: sending Proxy Broadcast for [217.65.192.33] 8080
12-21 06:52:56.446 5071-6958/? D/NetworkNotificationManager: clearNotification id=195
12-21 06:52:56.447 5071-6958/? D/ConnectivityService: NetworkAgentInfo [MOBILE (LTE) - 195] validation passed
12-21 06:53:22.450 5071-19627/? D/ConnectivityService: Returning blocked NetworkInfo to uid=10188
12-21 06:53:50.036 5071-5071/? D/ConditionProviders.SCP: onReceive android.intent.action.TIME_SET
12-21 06:53:50.061 5071-5130/? I/ActivityManager: Start proc 22635:com.google.android.calendar/u0a36 for broadcast com.google.android.calendar/com.android.calendar.widget.CalendarAppWidgetProvider
12-21 06:53:50.062 5071-5071/? D/ConditionProviders.SCP: notifyCondition condition://android/schedule?days=6.7&start=23.30&end=10.0 STATE_FALSE reason=!meetsSchedule
12-21 06:53:50.062 5071-5071/? D/ConditionProviders.SCP: notifyCondition condition://android/schedule?days=1.2.3.4.5&start=22.0&end=7.0 STATE_TRUE reason=meetsSchedule
12-21 06:53:50.064 5071-5071/? D/ConditionProviders.SCP: Scheduling evaluate for Wed Dec 21 07:00:00 GMT+01:00 2016 (1482300000000), in +6m9s964ms, now=Wed Dec 21 06:53:50 GMT+01:00 2016 (1482299630036)
12-21 06:53:50.087 5071-6964/? I/ActivityManager: Start proc 22647:com.android.providers.calendar/u0a1 for content provider com.android.providers.calendar/.CalendarProvider2
