12-22 12:22:10.331 1172-1172/? V/PhoneWindow: DecorView setVisiblity: visibility = 0 ,Parent =ViewRoot{4200e800 com.acer.android.liveupdater/com.acer.android.liveupdater.ManualActivity,ident = 1}, this =com.android.internal.policy.impl.PhoneWindow$DecorView{42004078 V.E..... R.....I. 0,0-0,0}
12-22 12:22:10.332 1172-1172/? D/ActivityThread: ACT-LAUNCH_ACTIVITY handled : 0 / ActivityRecord{41f14a90 token=android.os.BinderProxy@41f141f8 {com.acer.android.liveupdater/com.acer.android.liveupdater.ManualActivity}}
12-22 12:22:10.348 135-135/? I/BufferQueue: [unnamed-135-92](this:0xb709b8b0,id:92,api:0,p:-1,c:-1) BufferQueue
12-22 12:22:10.348 135-135/? I/GLConsumer: [void android::RingBuffer<TYPE>::resize(uint32_t, bool) [with TYPE = android::sp<android::BackupBuffer>; uint32_t = unsigned int]] 0xb707102c resize to 10 (force=true)
12-22 12:22:10.348 135-135/? I/GLConsumer: [void android::RingBuffer<TYPE>::resize(uint32_t, bool) [with TYPE = android::sp<android::BackupBuffer>; uint32_t = unsigned int]] 0xb707102c resize to 0 (force=false)
12-22 12:22:10.348 135-135/? I/BufferQueue: [unnamed-135-92](this:0xb709b8b0,id:92,api:0,p:-1,c:135) consumerConnect consumer=(135:/system/bin/surfaceflinger) controlledByApp=false
12-22 12:22:10.348 135-135/? I/BufferQueue: [unnamed-135-92](this:0xb709b8b0,id:92,api:0,p:-1,c:135) setConsumerName: unnamed-135-92
12-22 12:22:10.348 135-135/? I/GLConsumer: [unnamed-135-92](this:0xb70b6158,api:0) GLConsumer
12-22 12:22:10.348 135-135/? I/BufferQueue: [com.acer.android.liveupdater/com.acer.android.liveupdater.ManualActivity](this:0xb709b8b0,id:92,api:0,p:-1,c:135) setConsumerName: com.acer.android.liveupdater/com.acer.android.liveupdater.ManualActivity
12-22 12:22:10.348 135-135/? I/BufferQueue: [com.acer.android.liveupdater/com.acer.android.liveupdater.ManualActivity](this:0xb709b8b0,id:92,api:0,p:-1,c:135) setDefaultBufferSize: w=1, h=1
12-22 12:22:10.362 135-135/? I/BufferQueue: [com.acer.android.liveupdater/com.acer.android.liveupdater.ManualActivity](this:0xb709b8b0,id:92,api:0,p:-1,c:135) setDefaultBufferSize: w=480, h=335
12-22 12:22:10.362 135-135/? I/SurfaceFlinger: Skip composition for [Built-in Screen (type:0)] since dirtyRegion is empty

                                               [ 12-22 12:22:10.370  1172:0x494 E/         ]
                                               appName=com.acer.android.liveupdater, acAppName=/system/bin/surfaceflinger

                                               [ 12-22 12:22:10.370  1172:0x494 E/         ]
                                               0

                                               [ 12-22 12:22:10.370  1172:0x494 E/         ]
                                               appName=com.acer.android.liveupdater, acAppName=/system/bin/surfaceflinger

                                               [ 12-22 12:22:10.370  1172:0x494 E/         ]
                                               0
12-22 12:22:10.371 135-424/? I/BufferQueue: [com.acer.android.liveupdater/com.acer.android.liveupdater.ManualActivity](this:0xb709b8b0,id:92,api:0,p:1172,c:135) connect: api=1 producer=(1172:com.acer.android.liveupdater) producerControlledByApp=true
12-22 12:22:10.372 135-364/? I/BufferQueue: [com.acer.android.liveupdater/com.acer.android.liveupdater.ManualActivity](this:0xb709b8b0,id:92,api:1,p:1172,c:135) new GraphicBuffer needed
12-22 12:22:10.372 135-364/? D/BufferQueue:     [OLD] gb:NULL
12-22 12:22:10.372 135-364/? I/GraphicBuffer: allocate buffer (w:480 h:335 f:1) handle(0xb7082608) err(0)
12-22 12:22:10.372 135-364/? I/BufferQueue:     [NEW] gb=0xb7090498, handle=0xb7082608, w=480, h=335, s=480, fmt=1
12-22 12:22:10.373 1172-1172/? D/GraphicBuffer: create handle(0x60c79360) (w:480, h:335, f:1)
12-22 12:22:10.374 135-1391/? D/BufferQueue: [com.acer.android.liveupdater/com.acer.android.liveupdater.ManualActivity](this:0xb709b8b0,id:92,api:1,p:1172,c:135) cancelBuffer: slot=0
12-22 12:22:10.374 1172-1172/? I/MaliEGL: [Mali]window_type=1, is_framebuffer=0, errnum = 0
12-22 12:22:10.374 1172-1172/? I/MaliEGL: [Mali]surface->num_buffers=4, surface->num_frames=3, win_min_undequeued=1
12-22 12:22:10.374 1172-1172/? I/MaliEGL: [Mali]max_allowed_dequeued_buffers=3
12-22 12:22:10.374 135-366/? I/BufferQueue: [com.acer.android.liveupdater/com.acer.android.liveupdater.ManualActivity](this:0xb709b8b0,id:92,api:1,p:1172,c:135) setBufferCount: count=4
12-22 12:22:10.374 135-366/? I/GraphicBuffer: free buffer (w:480 h:335 f:1) handle(0xb7082608)
12-22 12:22:10.374 135-366/? I/BufferQueue: [com.acer.android.liveupdater/com.acer.android.liveupdater.ManualActivity](this:0xb709b8b0,id:92,api:1,p:1172,c:135) getReleasedBuffers: returning mask 0xffffffff
12-22 12:22:10.374 1172-1172/? D/GraphicBuffer: close handle(0x60c79360) (w:480 h:335 f:1)
12-22 12:22:10.375 135-4738/? I/BufferQueue: [com.acer.android.liveupdater/com.acer.android.liveupdater.ManualActivity](this:0xb709b8b0,id:92,api:1,p:1172,c:135) new GraphicBuffer needed
12-22 12:22:10.375 135-4738/? D/BufferQueue:     [OLD] gb:NULL
12-22 12:22:10.376 135-4738/? I/GraphicBuffer: allocate buffer (w:480 h:335 f:1) handle(0xb709bfb8) err(0)
12-22 12:22:10.376 135-4738/? I/BufferQueue:     [NEW] gb=0xb709bf20, handle=0xb709bfb8, w=480, h=335, s=480, fmt=1
12-22 12:22:10.376 1172-1172/? D/GraphicBuffer: create handle(0x60c7a160) (w:480, h:335, f:1)
12-22 12:22:10.378 1172-1172/? D/OpenGLRenderer: Enabling debug mode 0
12-22 12:22:10.379 1172-1172/? D/GraphicBuffer: create handle(0x60e1aa18) (w:768, h:768, f:1)
12-22 12:22:10.381 1172-1172/? D/OpenGLRenderer: setViewport 480x335 <0x60c7a6e8>
12-22 12:22:10.384 135-135/? I/BufferQueue: [unnamed-135-93](this:0xb708cee0,id:93,api:0,p:-1,c:-1) BufferQueue
12-22 12:22:10.384 135-135/? I/GLConsumer: [void android::RingBuffer<TYPE>::resize(uint32_t, bool) [with TYPE = android::sp<android::BackupBuffer>; uint32_t = unsigned int]] 0xb70903f4 resize to 10 (force=true)
12-22 12:22:10.384 135-135/? I/GLConsumer: [void android::RingBuffer<TYPE>::resize(uint32_t, bool) [with TYPE = android::sp<android::BackupBuffer>; uint32_t = unsigned int]] 0xb70903f4 resize to 0 (force=false)
12-22 12:22:10.384 135-135/? I/BufferQueue: [unnamed-135-93](this:0xb708cee0,id:93,api:0,p:-1,c:135) consumerConnect consumer=(135:/system/bin/surfaceflinger) controlledByApp=false
12-22 12:22:10.384 135-135/? I/BufferQueue: [unnamed-135-93](this:0xb708cee0,id:93,api:0,p:-1,c:135) setConsumerName: unnamed-135-93
12-22 12:22:10.384 135-135/? I/GLConsumer: [unnamed-135-93](this:0xb70843c8,api:0) GLConsumer
12-22 12:22:10.384 135-135/? I/BufferQueue: [com.acer.android.liveupdater/com.acer.android.liveupdater.ManualActivity](this:0xb708cee0,id:93,api:0,p:-1,c:135) setConsumerName: com.acer.android.liveupdater/com.acer.android.liveupdater.ManualActivity
12-22 12:22:10.384 135-135/? I/BufferQueue: [com.acer.android.liveupdater/com.acer.android.liveupdater.ManualActivity](this:0xb708cee0,id:93,api:0,p:-1,c:135) setDefaultBufferSize: w=1, h=1
12-22 12:22:10.397 135-135/? I/BufferQueue: [com.acer.android.liveupdater/com.acer.android.liveupdater.ManualActivity](this:0xb708cee0,id:93,api:0,p:-1,c:135) setDefaultBufferSize: w=144, h=60
12-22 12:22:10.397 135-135/? I/SurfaceFlinger: Skip composition for [Built-in Screen (type:0)] since dirtyRegion is empty
12-22 12:22:10.402 135-1391/? I/BufferQueue: [com.acer.android.liveupdater/com.acer.android.liveupdater.ManualActivity](this:0xb708cee0,id:93,api:0,p:1172,c:135) connect: api=1 producer=(1172:com.acer.android.liveupdater) producerControlledByApp=true
12-22 12:22:10.402 135-4738/? I/BufferQueue: [com.acer.android.liveupdater/com.acer.android.liveupdater.ManualActivity](this:0xb708cee0,id:93,api:1,p:1172,c:135) new GraphicBuffer needed
12-22 12:22:10.402 135-4738/? D/BufferQueue:     [OLD] gb:NULL
12-22 12:22:10.402 135-4738/? I/GraphicBuffer: allocate buffer (w:144 h:60 f:1) handle(0xb709a1d8) err(0)
12-22 12:22:10.402 135-4738/? I/BufferQueue:     [NEW] gb=0xb708d658, handle=0xb709a1d8, w=144, h=60, s=144, fmt=1
12-22 12:22:10.403 1172-1172/? D/GraphicBuffer: create handle(0x6105f7f0) (w:144, h:60, f:1)
12-22 12:22:10.403 135-424/? D/BufferQueue: [com.acer.android.liveupdater/com.acer.android.liveupdater.ManualActivity](this:0xb708cee0,id:93,api:1,p:1172,c:135) cancelBuffer: slot=0
12-22 12:22:10.404 1172-1172/? I/MaliEGL: [Mali]window_type=1, is_framebuffer=0, errnum = 0
12-22 12:22:10.404 1172-1172/? I/MaliEGL: [Mali]surface->num_buffers=4, surface->num_frames=3, win_min_undequeued=1
12-22 12:22:10.404 1172-1172/? I/MaliEGL: [Mali]max_allowed_dequeued_buffers=3
12-22 12:22:10.404 135-366/? I/BufferQueue: [com.acer.android.liveupdater/com.acer.android.liveupdater.ManualActivity](this:0xb708cee0,id:93,api:1,p:1172,c:135) setBufferCount: count=4
12-22 12:22:10.405 135-366/? I/GraphicBuffer: free buffer (w:144 h:60 f:1) handle(0xb709a1d8)
12-22 12:22:10.405 135-366/? I/BufferQueue: [com.acer.android.liveupdater/com.acer.android.liveupdater.ManualActivity](this:0xb708cee0,id:93,api:1,p:1172,c:135) getReleasedBuffers: returning mask 0xffffffff
12-22 12:22:10.405 1172-1172/? D/GraphicBuffer: close handle(0x6105f7f0) (w:144 h:60 f:1)
12-22 12:22:10.405 135-364/? I/BufferQueue: [com.acer.android.liveupdater/com.acer.android.liveupdater.ManualActivity](this:0xb708cee0,id:93,api:1,p:1172,c:135) new GraphicBuffer needed
12-22 12:22:10.405 135-364/? D/BufferQueue:     [OLD] gb:NULL
12-22 12:22:10.405 135-364/? I/GraphicBuffer: allocate buffer (w:144 h:60 f:1) handle(0xb709a1d8) err(0)
12-22 12:22:10.405 135-364/? I/BufferQueue:     [NEW] gb=0xb708d658, handle=0xb709a1d8, w=144, h=60, s=144, fmt=1
12-22 12:22:10.406 1172-1172/? D/GraphicBuffer: create handle(0x61069858) (w:144, h:60, f:1)
12-22 12:22:10.406 1172-1172/? D/OpenGLRenderer: setViewport 144x60 <0x610699e0>
12-22 12:22:10.415 135-135/? I/SurfaceFlinger: Skip composition for [Built-in Screen (type:0)] since dirtyRegion is empty
12-22 12:22:10.418 1172-1172/? D/OpenGLRenderer: prepareDirty (0.00, 0.00, 480.00, 335.00) opaque 0 <0x60c7a6e8>
12-22 12:22:10.423 1172-1172/? D/OpenGLRenderer: clear (0.00, 335 - 335.00 = 0.00, 480.00 - 0.00 = 480.00, 335.00 - 0.00 = 335.00) opaque 0 <0x60c7a6e8>
12-22 12:22:10.432 135-135/? I/SurfaceFlinger: Skip composition for [Built-in Screen (type:0)] since dirtyRegion is empty
12-22 12:22:10.450 135-135/? I/SurfaceFlinger: Skip composition for [Built-in Screen (type:0)] since dirtyRegion is empty
12-22 12:22:10.457 1172-1172/? D/OpenGLRenderer: finish <0x60c7a6e8>
12-22 12:22:10.460 1172-1172/? D/OpenGLRenderer: prepareDirty (0.00, 0.00, 144.00, 60.00) opaque 0 <0x610699e0>
12-22 12:22:10.460 1172-1172/? D/OpenGLRenderer: clear (0.00, 60 - 60.00 = 0.00, 144.00 - 0.00 = 144.00, 60.00 - 0.00 = 60.00) opaque 0 <0x610699e0>
12-22 12:22:10.461 1172-1172/? D/OpenGLRenderer: finish <0x610699e0>
12-22 12:22:10.467 135-135/? I/GLConsumer: [com.acer.android.liveupdater/com.acer.android.liveupdater.ManualActivity](this:0xb70843c8,api:1) [void* android::GLConsumer::createImage(EGLDisplay, const android::sp<android::GraphicBuffer>&, const android::Rect&)]
12-22 12:22:10.467 135-135/? D/GLConsumer:     GraphicBuffer: gb=0xb708d658 handle=0xb709a1d8 fmt=1
12-22 12:22:10.467 135-135/? D/GLConsumer:     EGLImage: dpy=0x1, img=0x10000006
12-22 12:22:10.467 135-135/? I/GLConsumer: [com.acer.android.liveupdater/com.acer.android.liveupdater.ManualActivity](this:0xb70b6158,api:1) [void* android::GLConsumer::createImage(EGLDisplay, const android::sp<android::GraphicBuffer>&, const android::Rect&)]
12-22 12:22:10.467 135-135/? D/GLConsumer:     GraphicBuffer: gb=0xb709bf20 handle=0xb709bfb8 fmt=1
12-22 12:22:10.467 135-135/? D/GLConsumer:     EGLImage: dpy=0x1, img=0x1000000a
12-22 12:22:10.471 649-668/? I/ActivityManager: [AppLaunch] Displayed Displayed com.acer.android.liveupdater/.ManualActivity: +225ms
12-22 12:22:10.471 649-668/? D/ActivityManager: AP_PROF:AppLaunch_LaunchTime:com.acer.android.liveupdater/.ManualActivity:225:737254
12-22 12:22:10.484 135-135/? I/SurfaceFlinger: Skip composition for [Built-in Screen (type:0)] since dirtyRegion is empty
12-22 12:22:10.501 135-135/? I/BufferQueue: [DimLayer](this:0xb70880c0,id:87,api:0,p:-1,c:135) setDefaultBufferSize: w=1281, h=1281
12-22 12:22:10.503 135-135/? I/BufferQueue: [FrameBufferSurface_0](this:0xb7068088,id:0,api:1,p:135,c:135) [release] fps:4.49, dur:2002.95, max:1863.30, min:16.91
12-22 12:22:10.503 135-135/? I/BufferQueue: [FrameBufferSurface_0](this:0xb7068088,id:0,api:1,p:135,c:135) [queue] fps:4.49, dur:2002.93, max:1863.34, min:16.85
12-22 12:22:10.505 649-2044/? V/ActivityManager: ACT-Activity idle: Token{4221af10 ActivityRecord{424c3ec0 u0 com.acer.android.liveupdater/.ManualActivity t9}}
12-22 12:22:10.505 649-2044/? I/libPerfService: 1: set: 1

                                                [ 12-22 12:22:10.506   649:0x7fc E/         ]
                                                Could not open '/data/data/hotplug/cmd'


                                                [ 12-22 12:22:10.506   649:0x7fc E/         ]
                                                error : 2, No such file or directory
12-22 12:22:10.506 649-2044/? D/PowerManagerService: releaseWakeLockInternal: lock=1106266744 [ActivityManager-Launch], flags=0x0, total_time=269ms
12-22 12:22:10.506 649-2044/? D/PowerManagerNotifier: onWakeLockReleased: flags=1, tag="ActivityManager-Launch", packageName=android, ownerUid=1000, ownerPid=649, workSource=null
12-22 12:22:10.506 649-2044/? D/PowerManagerService: updateWakeLockSummaryLocked: mWakefulness=Awake, mWakeLockSummary=0x0
12-22 12:22:10.506 649-2044/? D/PowerManagerService: newScreenState = 2
12-22 12:22:10.507 649-2044/? D/PowerManagerDisplayController: requestPowerState: screenState=2, useProximitySensor=false, forceProximitySensorEnable=false, forceWakeUpEnable=false, screenBrightness=102, screenAutoBrightnessAdjustment=0.0, useAutoBrightness=true, useEcoBrightness=false, blockScreenOn=false, waitForNegativeProximity=false
12-22 12:22:10.507 649-2044/? I/PowerManagerService: setBrightness mButtonLight, screenBrightness=102
12-22 12:22:10.507 649-2044/? D/PowerManagerService: updateScreenStateLocked: mDisplayReady=true, newScreenState=2, mWakefulness=1, mWakeLockSummary=0x0, mUserActivitySummary=0x5, mBootCompleted=true
12-22 12:22:10.507 649-2044/? D/PowerManagerService: Releasing suspend blocker "PowerManagerService.WakeLocks".
12-22 12:22:10.507 649-2044/? V/ActivityManager: ensureActivitiesVisibleLocked: consider front
12-22 12:22:10.507 649-701/? D/PowerManagerService: handleSandman: canDream=false, mWakefulness=Awake
12-22 12:22:10.507 649-2044/? V/ActivityManager: ensureActivitiesVisibleLocked: consider back
12-22 12:22:10.608 649-668/? D/ActivityManager: ACT-IDLE_NOW_MSG from windowsVisible() for idle: ActivityRecord{424c3ec0 u0 com.acer.android.liveupdater/.ManualActivity t9}
12-22 12:22:10.611 649-672/? V/ActivityManager: ACT-Activity idle: null
12-22 12:22:10.611 649-672/? V/ActivityManager: ensureActivitiesVisibleLocked: consider front
12-22 12:22:10.611 649-672/? V/ActivityManager: ensureActivitiesVisibleLocked: consider back
12-22 12:22:10.615 5356-5356/? D/PreferenceFragment: onSaveInstanceState, this = DeviceInfoSettings{420e0310 #0 id=0x10202fe}
12-22 12:22:10.615 5356-5356/? D/PreferenceActivity: onSaveInstanceState
12-22 12:22:10.616 5356-5356/? D/ActivityThread: ACT-STOP_ACTIVITY_SHOW handled : 0 / android.os.BinderProxy@420cc800
12-22 12:22:10.754 649-826/? D/WifiStateMachine: ConnectedState{ when=-3ms what=131155 arg1=1 target=com.android.internal.util.StateMachine$SmHandler target=Handler (com.android.internal.util.StateMachine$SmHandler) {42461588} }
12-22 12:22:10.755 649-826/? D/WifiStateMachine: L2ConnectedState{ when=-3ms what=131155 arg1=1 target=com.android.internal.util.StateMachine$SmHandler target=Handler (com.android.internal.util.StateMachine$SmHandler) {42461588} }
12-22 12:22:10.755 649-826/? D/WifiHW: enter -->wifi_send_command cmd=IFNAME=wlan0 SIGNAL_POLL
12-22 12:22:10.755 2439-2439/? D/wpa_supplicant: RX ctrl_iface - hexdump(len=11): 53 49 47 4e 41 4c 5f 50 4f 4c 4c
12-22 12:22:10.755 2439-2439/? D/wpa_supplicant: wlan0: Control interface command 'SIGNAL_POLL'
12-22 12:22:10.768 2439-2439/? D/wpa_supplicant: nl80211: survey data missing!
12-22 12:22:10.768 649-826/? D/WifiHW: leave --> reply=RSSI=-40
                                       LINKSPEED=65
                                       NOISE=9999
                                       FREQUENCY=2462
12-22 12:22:10.768 649-826/? D/wifi: doStringCommand, buf IFNAME=wlan0 SIGNAL_POLL
12-22 12:22:10.769 649-826/? I/WifiStateMachine: fetchRssiAndLinkSpeedNative, newRssi:-40, newLinkSpeed:65, SSID:"irichanin.com"
12-22 12:22:10.769 649-826/? V/WifiManager: calculateSignalLevel(),numLevels = 5
12-22 12:22:11.144 649-701/? D/PowerManagerService: handleUserActivityTimeout
12-22 12:22:11.144 649-701/? D/PowerManagerService: updateUserActivitySummaryLocked: mWakefulness=Awake, mUserActivitySummary=0x1, nextTimeout=789404 (in 51476 ms)
12-22 12:22:11.145 649-701/? D/PowerManagerService: newScreenState = 2
12-22 12:22:11.145 649-701/? D/PowerManagerDisplayController: requestPowerState: screenState=2, useProximitySensor=false, forceProximitySensorEnable=false, forceWakeUpEnable=false, screenBrightness=102, screenAutoBrightnessAdjustment=0.0, useAutoBrightness=true, useEcoBrightness=false, blockScreenOn=false, waitForNegativeProximity=false
12-22 12:22:11.145 649-701/? D/LightsService: setLight_native: light=2, colorARGB=0x0, flashMode=0, onMS=0, offMS=0, brightnessMode=0
12-22 12:22:11.145 649-701/? D/lights: write_int open fd=-1
12-22 12:22:11.145 649-701/? I/PowerManagerService: setBrightness mButtonLight 0.
12-22 12:22:11.145 649-701/? D/PowerManagerService: updateScreenStateLocked: mDisplayReady=true, newScreenState=2, mWakefulness=1, mWakeLockSummary=0x0, mUserActivitySummary=0x1, mBootCompleted=true
12-22 12:22:11.146 649-701/? D/PowerManagerService: handleSandman: canDream=false, mWakefulness=Awake
12-22 12:22:11.688 649-705/? W/InputReader: outer ID:0, tracking ID:-1, pointer count:16
12-22 12:22:11.688 649-705/? W/InputReader: inCount:16, pointer count:1
12-22 12:22:11.688 649-705/? D/InputReader: AP_PROF:AppLaunch_dispatchPtr:Down:738471, ID:0, Index:1637833896
12-22 12:22:11.688 649-705/? I/AP_PROF: unable to open /proc/mtprof/status entry
12-22 12:22:11.689 649-704/? D/PowerManagerService: userActivityFromNative
12-22 12:22:11.689 649-704/? D/PowerManagerService: userActivityNoUpdateLocked: eventTime=738471, event=2, flags=0x0, uid=1000
12-22 12:22:11.689 649-704/? D/PowerManagerNotifier: onUserActivity: event=2, uid=1000
12-22 12:22:11.689 649-704/? D/PowerManagerService: updateUserActivitySummaryLocked: mWakefulness=Awake, mUserActivitySummary=0x1, nextTimeout=791471 (in 52998 ms)
12-22 12:22:11.690 649-704/? D/PowerManagerService: newScreenState = 2
12-22 12:22:11.690 649-704/? D/PowerManagerDisplayController: requestPowerState: screenState=2, useProximitySensor=false, forceProximitySensorEnable=false, forceWakeUpEnable=false, screenBrightness=102, screenAutoBrightnessAdjustment=0.0, useAutoBrightness=true, useEcoBrightness=false, blockScreenOn=false, waitForNegativeProximity=false
12-22 12:22:11.690 649-704/? I/PowerManagerService: setBrightness mButtonLight 0.
12-22 12:22:11.690 649-704/? D/PowerManagerService: updateScreenStateLocked: mDisplayReady=true, newScreenState=2, mWakefulness=1, mWakeLockSummary=0x0, mUserActivitySummary=0x1, mBootCompleted=true
12-22 12:22:11.690 649-701/? D/PowerManagerService: handleSandman: canDream=false, mWakefulness=Awake
12-22 12:22:11.692 1172-1172/? I/View: Touch down dispatch to android.widget.Button{41fecbe8 VFED..C. ......I. 0,0-432,72 #1020019 android:id/button1}, event = MotionEvent { action=ACTION_DOWN, id[0]=0, x[0]=233.46362, y[0]=37.336853, toolType[0]=TOOL_TYPE_FINGER, buttonState=0, metaState=0, flags=0x0, edgeFlags=0x0, pointerCount=1, historySize=0, eventTime=738471, downTime=738471, deviceId=3, source=0x1002 }
12-22 12:22:11.700 649-705/? W/InputReader: outer ID:0, tracking ID:-1, pointer count:16
12-22 12:22:11.700 649-705/? W/InputReader: inCount:16, pointer count:1
12-22 12:22:11.704 135-366/? I/BufferQueue: [com.acer.android.liveupdater/com.acer.android.liveupdater.ManualActivity](this:0xb709b8b0,id:92,api:1,p:1172,c:135) new GraphicBuffer needed
12-22 12:22:11.704 135-366/? D/BufferQueue:     [OLD] gb:NULL
12-22 12:22:11.705 135-366/? I/GraphicBuffer: allocate buffer (w:480 h:335 f:1) handle(0xb707bfe8) err(0)
12-22 12:22:11.705 135-366/? I/BufferQueue:     [NEW] gb=0xb708f8a8, handle=0xb707bfe8, w=480, h=335, s=480, fmt=1
12-22 12:22:11.706 1172-1172/? D/GraphicBuffer: create handle(0x612001f8) (w:480, h:335, f:1)
12-22 12:22:11.712 649-705/? W/InputReader: outer ID:0, tracking ID:-1, pointer count:16
12-22 12:22:11.712 649-705/? W/InputReader: inCount:16, pointer count:1
12-22 12:22:11.713 1172-1172/? D/OpenGLRenderer: prepareDirty (0.00, 0.00, 480.00, 335.00) opaque 0 <0x60c7a6e8>
12-22 12:22:11.714 1172-1172/? D/OpenGLRenderer: clear (0.00, 335 - 335.00 = 0.00, 480.00 - 0.00 = 480.00, 335.00 - 0.00 = 335.00) opaque 0 <0x60c7a6e8>
12-22 12:22:11.716 1172-1172/? D/OpenGLRenderer: finish <0x60c7a6e8>
12-22 12:22:11.719 135-4738/? I/BufferQueue: [com.acer.android.liveupdater/com.acer.android.liveupdater.ManualActivity](this:0xb709b8b0,id:92,api:1,p:1172,c:135) [queue] fps:0.79, dur:1260.28, max:1260.28, min:1260.28
12-22 12:22:11.721 135-135/? I/GLConsumer: [com.acer.android.liveupdater/com.acer.android.liveupdater.ManualActivity](this:0xb70b6158,api:1) [void* android::GLConsumer::createImage(EGLDisplay, const android::sp<android::GraphicBuffer>&, const android::Rect&)]
12-22 12:22:11.722 135-135/? D/GLConsumer:     GraphicBuffer: gb=0xb708f8a8 handle=0xb707bfe8 fmt=1
12-22 12:22:11.722 135-135/? D/GLConsumer:     EGLImage: dpy=0x1, img=0x1000000b
12-22 12:22:11.724 135-135/? I/BufferQueue: [FrameBufferSurface_0](this:0xb7068088,id:0,api:1,p:135,c:135) [release] fps:6.55, dur:1220.72, max:1096.55, min:16.78
12-22 12:22:11.724 135-135/? I/BufferQueue: [FrameBufferSurface_0](this:0xb7068088,id:0,api:1,p:135,c:135) [queue] fps:6.55, dur:1220.81, max:1096.69, min:16.80
12-22 12:22:11.724 135-135/? I/SurfaceFlinger: [Built-in Screen (type:0)] fps:8.816792,dur:2041.56,max:1096.74,min:16.80
12-22 12:22:11.725 649-705/? W/InputReader: outer ID:0, tracking ID:-1, pointer count:16
12-22 12:22:11.725 649-705/? W/InputReader: inCount:16, pointer count:1
12-22 12:22:11.736 649-705/? W/InputReader: outer ID:0, tracking ID:-1, pointer count:16
12-22 12:22:11.736 649-705/? W/InputReader: inCount:16, pointer count:1
12-22 12:22:11.748 649-705/? W/InputReader: outer ID:0, tracking ID:-1, pointer count:16
12-22 12:22:11.748 649-705/? W/InputReader: inCount:16, pointer count:1
12-22 12:22:11.796 649-705/? W/InputReader: inCount:16, pointer count:0
12-22 12:22:11.796 649-705/? D/InputReader: AP_PROF:AppLaunch_dispatchPtr:Up:738579, ID:0, Index:1637835192
12-22 12:22:11.798 1172-1172/? I/View: Touch up dispatch to android.widget.Button{41fecbe8 VFED..C. ...P.... 0,0-432,72 #1020019 android:id/button1}, event = MotionEvent { action=ACTION_UP, id[0]=0, x[0]=233.46362, y[0]=37.336853, toolType[0]=TOOL_TYPE_FINGER, buttonState=0, metaState=0, flags=0x0, edgeFlags=0x0, pointerCount=1, historySize=0, eventTime=738579, downTime=738471, deviceId=3, source=0x1002 }
12-22 12:22:11.799 1172-1172/? V/Provider/Settings: invalidate [system]: current 47 != cached 46
12-22 12:22:11.800 649-1222/? V/SettingsProvider: call(system:sound_effects_enabled) for 0
12-22 12:22:11.800 649-1222/? D/SettingsProvider: lookupValue table system cache contains Key sound_effects_enabled , value = Bundle[{value=0}]
12-22 12:22:11.801 1172-1172/? V/Provider/Settings: from db cache, name = sound_effects_enabled , value = 0
12-22 12:22:11.806 1172-1172/? D/OpenGLRenderer: Flushing caches (mode 0)
12-22 12:22:11.806 1172-1172/? D/GraphicBuffer: close handle(0x60c7a160) (w:480 h:335 f:1)
12-22 12:22:11.807 1172-1172/? D/GraphicBuffer: close handle(0x612001f8) (w:480 h:335 f:1)
12-22 12:22:11.807 135-4738/? I/BufferQueue: [com.acer.android.liveupdater/com.acer.android.liveupdater.ManualActivity](this:0xb709b8b0,id:92,api:1,p:-1,c:135) disconnect: api=1
12-22 12:22:11.807 135-4738/? I/BufferQueue: [com.acer.android.liveupdater/com.acer.android.liveupdater.ManualActivity](this:0xb709b8b0,id:92,api:0,p:-1,c:135) getReleasedBuffers: returning mask 0xffffffff
12-22 12:22:11.807 135-4738/? I/GLConsumer: [com.acer.android.liveupdater/com.acer.android.liveupdater.ManualActivity](this:0xb70b6158,api:0) destroying EGLImage dpy=0x1 img=0x1000000a
12-22 12:22:11.808 135-4738/? I/GraphicBuffer: free buffer (w:480 h:335 f:1) handle(0xb709bfb8)
12-22 12:22:11.808 135-4738/? I/GLConsumer: [com.acer.android.liveupdater/com.acer.android.liveupdater.ManualActivity](this:0xb70b6158,api:0) destroying EGLImage dpy=0x1 img=0x1000000b
12-22 12:22:11.808 649-705/? W/InputReader: inCount:16, pointer count:0
12-22 12:22:11.813 649-4401/? V/WindowManager: Changing focus from Window{422f2188 u0 com.acer.android.liveupdater/com.acer.android.liveupdater.ManualActivity EXITING} to Window{424975a0 u0 com.acer.android.liveupdater/com.acer.android.liveupdater.ManualActivity} Callers=com.android.server.wm.WindowManagerService.removeWindowLocked:2850 com.android.server.wm.WindowManagerService.removeWindow:2789 com.android.server.wm.Session.remove:182 android.view.IWindowSession$Stub.onTransact:197
12-22 12:22:11.816 649-668/? I/WindowManager: Gaining focus: Window{424975a0 u0 com.acer.android.liveupdater/com.acer.android.liveupdater.ManualActivity}
12-22 12:22:11.816 649-668/? I/WindowManager: Losing focus: Window{422f2188 u0 com.acer.android.liveupdater/com.acer.android.liveupdater.ManualActivity EXITING}
12-22 12:22:11.817 1172-1172/? D/ActivityThread: SVC-Calling onStartCommand: com.acer.android.liveupdater.LiveUpdaterService@41eaa140, flags=0, startId=3
12-22 12:22:11.817 1172-1172/? D/LiveUpdaterService: onStartCommand:com.acer.android.liveupdater.START
12-22 12:22:11.818 649-1200/? V/SettingsProvider: call(system:acer_ueip_option) for 0
12-22 12:22:11.818 649-1200/? D/SettingsProvider: lookupValue table system cache contains Key acer_ueip_option , value = null
12-22 12:22:11.818 649-1200/? D/SettingsProvider: lookupValue table system cache.fullyMatchesDisk() acer_ueip_option
12-22 12:22:11.819 1172-1172/? V/Provider/Settings: from db cache, name = acer_ueip_option , value = null
12-22 12:22:11.819 1172-1172/? D/dalvikvm: create interp thread : stack size=128KB
12-22 12:22:11.820 1172-1172/? D/dalvikvm: create new thread
12-22 12:22:11.820 1172-1172/? D/dalvikvm: new thread created
12-22 12:22:11.820 1172-1172/? D/dalvikvm: update thread list
12-22 12:22:11.820 649-705/? W/InputReader: inCount:16, pointer count:0
12-22 12:22:11.820 1172-5394/? D/dalvikvm: threadid=10: interp stack at 0x60d7b000
12-22 12:22:11.820 1172-5394/? D/dalvikvm: threadid=10: created from interp
12-22 12:22:11.820 1172-1172/? D/dalvikvm: start new thread
12-22 12:22:11.821 1172-1172/? D/ActivityThread: SVC-SERVICE_ARGS handled : 0 / ServiceArgsData{token=android.os.BinderProxy@41ea7e18 startId=3 args=Intent { act=com.acer.android.liveupdater.START cmp=com.acer.android.liveupdater/.LiveUpdaterService }}
12-22 12:22:11.824 1172-5394/? D/dalvikvm: threadid=10: notify debugger
12-22 12:22:11.824 1172-5394/? D/dalvikvm: threadid=10 (Thread-68): calling run()
12-22 12:22:11.824 649-2045/? I/BufferQueue: [unnamed-649-12](this:0x68067f28,id:12,api:0,p:-1,c:-1) BufferQueue
12-22 12:22:11.824 1172-5394/? V/Provider/Settings: invalidate [global]: current 27 != cached 22
12-22 12:22:11.825 649-2045/? I/GLConsumer: [void android::RingBuffer<TYPE>::resize(uint32_t, bool) [with TYPE = android::sp<android::BackupBuffer>; uint32_t = unsigned int]] 0x628ae70c resize to 10 (force=true)
12-22 12:22:11.825 649-2045/? I/GLConsumer: [void android::RingBuffer<TYPE>::resize(uint32_t, bool) [with TYPE = android::sp<android::BackupBuffer>; uint32_t = unsigned int]] 0x628ae70c resize to 0 (force=false)
12-22 12:22:11.825 649-4399/? V/SettingsProvider: call(global:persist.sys.alu.latest_state) for 0
12-22 12:22:11.826 649-4399/? D/SettingsProvider: lookupValue table global cache contains Key persist.sys.alu.latest_state , value = null
12-22 12:22:11.826 649-4399/? D/SettingsProvider: lookupValue table global cache.fullyMatchesDisk() persist.sys.alu.latest_state
12-22 12:22:11.828 649-2045/? I/BufferQueue: [unnamed-649-12](this:0x68067f28,id:12,api:0,p:-1,c:649) consumerConnect consumer=(649:system_server) controlledByApp=false
12-22 12:22:11.828 649-2045/? I/BufferQueue: [unnamed-649-12](this:0x68067f28,id:12,api:0,p:-1,c:649) setConsumerName: unnamed-649-12
12-22 12:22:11.828 649-2045/? I/BufferQueue: [ScreenshotClient](this:0x68067f28,id:12,api:0,p:-1,c:649) setConsumerName: ScreenshotClient
12-22 12:22:11.828 1172-5394/? V/Provider/Settings: from db cache, name = persist.sys.alu.latest_state , value = null
12-22 12:22:11.829 1172-5394/? D/LiveUpdaterService: mDoUpdateProcessing clientState: 0
12-22 12:22:11.830 649-1198/? D/ConnectivityService: getActiveNetworkInfo:NetworkInfo: type: WIFI[], state: CONNECTED/CONNECTED, reason: (unspecified), extra: "irichanin.com", roaming: false, failover: false, isAvailable: true, isConnectedToProvisioningNetwork: false, simId: 0/10007
12-22 12:22:11.831 649-1170/? D/ConnectivityService: getActiveNetworkInfo:NetworkInfo: type: WIFI[], state: CONNECTED/CONNECTED, reason: (unspecified), extra: "irichanin.com", roaming: false, failover: false, isAvailable: true, isConnectedToProvisioningNetwork: false, simId: 0/10007
12-22 12:22:11.832 649-2045/? I/BufferQueue: [ScreenshotClient](this:0x68067f28,id:12,api:0,p:135,c:649) connect: api=1 producer=(135:/system/bin/surfaceflinger) producerControlledByApp=false
12-22 12:22:11.833 649-2045/? I/BufferQueue: [ScreenshotClient](this:0x68067f28,id:12,api:1,p:135,c:649) new GraphicBuffer needed
12-22 12:22:11.833 649-2045/? D/BufferQueue:     [OLD] gb:NULL
12-22 12:22:11.834 135-366/? I/GraphicBuffer: allocate buffer (w:256 h:437 f:1) handle(0xb7097ec0) err(0)
12-22 12:22:11.835 649-2045/? D/GraphicBuffer: create handle(0x68fe2f60) (w:256, h:437, f:1)
12-22 12:22:11.835 649-2045/? I/BufferQueue:     [NEW] gb=0x5d1cb120, handle=0x68fe2f60, w=246, h=437, s=256, fmt=1
12-22 12:22:11.835 135-424/? I/GraphicBuffer: free buffer (w:256 h:437 f:1) handle(0xb7097ec0)
12-22 12:22:11.836 1172-5394/? D/LiveUpdaterService: getTestServerUrl fail: /storage/sdcard0/alu/serverinfo.txt
12-22 12:22:11.837 1172-5394/? V/Provider/Settings:  from settings cache , name = persist.sys.alu.latest_state , value = null
12-22 12:22:11.837 1172-5394/? V/Provider/Settings:  from settings cache , name = persist.sys.alu.latest_state , value = null
12-22 12:22:11.838 135-135/? D/GraphicBuffer: create handle(0xb7097f18) (w:256, h:437, f:1)
12-22 12:22:11.839 1172-5394/? D/LiveUpdaterService: URL: http://ws.gtm.acer.com/ServerInfo/en/Z520_EMEA_MTSS/Z520_EMEA_MTSS_AV0K0_en.xml?UUID=3579090644351505414734B06F4&SN=HMHLVEU003522037528E00&Version=Acer_AV0K0_Z520_RV01RC01_EMEA_MTSS&SKU=Z520_EMEA_MTSS&State=manualCheck&Client=1.003.18
12-22 12:22:11.840 135-135/? I/GLConsumer: [com.acer.android.liveupdater/com.acer.android.liveupdater.ManualActivity](this:0xb70b6158,api:0) [void* android::GLConsumer::createImage(EGLDisplay, const android::sp<android::GraphicBuffer>&, const android::Rect&)]
12-22 12:22:11.840 135-135/? D/GLConsumer:     GraphicBuffer: gb=0xb708f8a8 handle=0xb707bfe8 fmt=1
12-22 12:22:11.840 135-135/? D/GLConsumer:     EGLImage: dpy=0x1, img=0x1000000b
12-22 12:22:11.840 1172-5394/? D/LiveUpdaterService: AcerLiveUpdater version : 1.003.18
12-22 12:22:11.842 1172-5394/? D/LiveUpdaterService: Header_UserAgent : OTA_1.003.18_1418A02E6662256713E
12-22 12:22:11.844 135-135/? D/GraphicBuffer: close handle(0xb7097f18) (w:256 h:437 f:1)
12-22 12:22:11.844 649-2045/? I/BufferQueue: [ScreenshotClient](this:0x68067f28,id:12,api:1,p:-1,c:649) disconnect: api=1
12-22 12:22:11.844 649-2045/? I/BufferQueue: [ScreenshotClient](this:0x68067f28,id:12,api:0,p:-1,c:649) getReleasedBuffers: returning mask 0xffffffff
12-22 12:22:11.845 649-2045/? D/IPCThreadState: [DN #5] BR_CLEAR_DEATH_NOTIFICATION_DONE cookie 0x5d1c2f58
12-22 12:22:11.845 649-2045/? D/dalvikvm: between the previous GC alloc  597K
12-22 12:22:11.847 1172-5394/? D/LiveUpdaterService: Header_SN : HMHLVEU003522037528E00
12-22 12:22:11.847 1172-5394/? D/LiveUpdaterService: Header_Acer : 1D6B71D570DC511D46E91EC9586ADFF4ACCE64522DCFAC5975ABEE3838
12-22 12:22:12.033 649-2045/? D/dalvikvm: GC_FOR_ALLOC freed 578K (1969), 38% free 15027K/23924K, paused 187ms, total 188ms
12-22 12:22:12.034 649-1222/? V/SettingsProvider: call(system:alu.sys.settings.send_fub) for 0
12-22 12:22:12.034 649-1222/? D/SettingsProvider: lookupValue table system cache contains Key alu.sys.settings.send_fub , value = Bundle[{value=1}]
12-22 12:22:12.035 649-2045/? I/BufferQueue: [ScreenshotClient](this:0x68067f28,id:12,api:0,p:-1,c:-1) consumerDisconnect
12-22 12:22:12.035 649-2045/? I/BufferQueue: [ScreenshotClient](this:0x68067f28,id:12,api:0,p:-1,c:-1) ~BufferQueue
12-22 12:22:12.035 649-2045/? D/GraphicBuffer: close handle(0x68fe2f60) (w:256 h:437 f:1)
12-22 12:22:12.037 1172-5394/? V/Provider/Settings: from db cache, name = alu.sys.settings.send_fub , value = 1
12-22 12:22:12.038 1172-5394/? D/dalvikvm: create interp thread : stack size=128KB
12-22 12:22:12.038 1172-5394/? D/dalvikvm: create new thread
12-22 12:22:12.038 1172-5394/? D/dalvikvm: new thread created
12-22 12:22:12.038 1172-5394/? D/dalvikvm: update thread list
12-22 12:22:12.039 649-2045/? D/dalvikvm: between the previous GC alloc  421K
12-22 12:22:12.039 1172-5395/? D/dalvikvm: threadid=11: interp stack at 0x60d9d000
12-22 12:22:12.039 1172-5395/? D/dalvikvm: threadid=11: created from interp
12-22 12:22:12.039 1172-5394/? D/dalvikvm: start new thread
12-22 12:22:12.039 1172-5395/? D/dalvikvm: threadid=11: notify debugger
12-22 12:22:12.039 1172-5395/? D/dalvikvm: threadid=11 (OkHttp ConnectionPool): calling run()
12-22 12:22:12.039 1172-5394/? I/System.out: [CDS]rx timeout:30000
12-22 12:22:12.046 1172-5394/? I/System.out: [CDS]close[39747]
12-22 12:22:12.047 1172-5394/? I/System.out: close [socket][/0.0.0.0:39747]
12-22 12:22:12.049 131-608/? I/FrameworkListener: onDataAvailable get 43 bytes
12-22 12:22:12.049 131-608/? D/FrameworkListener: dispatchCommand data = (getaddrinfo ws.gtm.acer.com ^ 1024 0 1 0 ^)
12-22 12:22:12.049 131-5396/? D/libc: _resolv_get_pids_associated_interface buff:
12-22 12:22:12.049 131-5396/? D/libc: _resolv_get_uids_associated_interface buff:
12-22 12:22:12.050 131-5396/? D/libc-netbsd: default dns: query_ipv6=0, query_ipv4=1
12-22 12:22:12.050 131-5396/? D/libc-netbsd: res_queryN name = ws.gtm.acer.com, class = 1, type = 1
12-22 12:22:12.050 131-5396/? D/libc: _get_res_cache: iface = wlan0, cache=0xb7691078
12-22 12:22:12.050 131-5396/? D/libc: _resolv_cache_lookup: lookup
12-22 12:22:12.050 131-5396/? D/libc: QUERY: RECURSIVE ws.gtm.acer.com (A)
12-22 12:22:12.050 131-5396/? D/libc:  NOT IN CACHE (STALE ENTRY 0xb7698bb8 DISCARDED)
12-22 12:22:12.050 131-5396/? D/libc: QUERY: RECURSIVE ws.gtm.acer.com (A)
12-22 12:22:12.050 131-5396/? D/libc: _cache_remove_p: entry 7 removed (count=22)
12-22 12:22:12.050 131-5396/? D/libc: _resolv_populate_res_for_iface: wlan0
12-22 12:22:12.050 131-5396/? D/libc-netbsd: iface=wlan0, dns0:89.216.1.40
12-22 12:22:12.050 131-5396/? D/libc-netbsd: iface=wlan0, dns1:89.216.1.50
12-22 12:22:12.050 131-5396/? D/libc-netbsd: iface=wlan0, dns2:8.8.8.8
12-22 12:22:12.053 135-135/? I/GLConsumer: [com.acer.android.liveupdater/com.acer.android.liveupdater.ManualActivity](this:0xb70b6158,api:0) [void* android::GLConsumer::createImage(EGLDisplay, const android::sp<android::GraphicBuffer>&, const android::Rect&)]
12-22 12:22:12.053 135-135/? D/GLConsumer:     GraphicBuffer: gb=0xb708f8a8 handle=0xb707bfe8 fmt=1
12-22 12:22:12.053 135-135/? D/GLConsumer:     EGLImage: dpy=0x1, img=0x1000000a
12-22 12:22:12.084 131-5396/? D/libc: _resolv_cache_add: query:
12-22 12:22:12.084 131-5396/? D/libc: QUERY: RECURSIVE ws.gtm.acer.com (A)
12-22 12:22:12.084 131-5396/? D/libc: ;; ->>HEADER<<- opcode: QUERY, status: NOERROR, id: 51220
                                      ;; flags: qr rd ra; QUERY: 1, ANSWER: 1, AUTHORITY: 3, ADDITIONAL: 4
                                      ;;	ws.gtm.acer.com, type = A, class = IN
                                      ws.gtm.acer.com.	16S IN A	199.107.120.10
                                      gtm.acer.com.		3m45s IN NS	gtm3.acer.com.
                                      gtm.acer.com.		3m45s IN NS	gtm1.acer.com.
                                      gtm.acer.com.		3m45s IN NS	gtm2.acer.com.
                                      gtm1.acer.com.		22h3m26s IN A	193.0.238.134
                                      gtm2.acer.com.		22h3m26s IN A	210.241.130.24
                                      gtm2.acer.com.		22h3m26s IN A	122.146.111.24
                                      gtm3.acer.com.		22h3m26s IN A	199.107.120.136
12-22 12:22:12.084 131-5396/? D/libc: answer:
12-22 12:22:12.084 131-5396/? D/libc: c8 14 81 80 00 01 00 01 00 03 00 04 02 77 73 03  .............ws.
                                      67 74 6d 04 61 63 65 72 03 63 6f 6d 00 00 01 00  gtm.acer.com....
                                      01 c0 0c 00 01 00 01 00 00 00 10 00 04 c7 6b 78  ..............kx
                                      0a c0 0f 00 02 00 01 00 00 00 e1 00 07 04 67 74  ..............gt
                                      6d 33 c0 13 c0 0f 00 02 00 01 00 00 00 e1 00 07  m3..............
                                      04 67 74 6d 31 c0 13 c0 0f 00 02 00 01 00 00 00  .gtm1...........
                                      e1 00 07 04 67 74 6d 32 c0 13 c0 50 00 01 00 01  ....gtm2...P....
                                      00 01 36 2e 00 04 c1 00 ee 86 c0 63 00 01 00 01  ..6........c....
                                      00 01 36 2e 00 04 d2 f1 82 18 c0 63 00 01 00 01  ..6........c....
                                      00 01 36 2e 00 04 7a 92 6f 18 c0 3d 00 01 00 01  ..6...z.o..=....
                                      00 01 36 2e 00 04 c7 6b 78 88                    ..6....kx.
12-22 12:22:12.084 131-5396/? D/libc: TTL = 16
12-22 12:22:12.084 131-5396/? D/libc: _cache_add_p: entry 26 added (count=23)
12-22 12:22:12.084 131-5396/? D/libc: MRU LIST (23):  26 25 24 23 22 21 20 19 18 17 16 15 14 4 13 8 12 11 10 9 6 2 1
12-22 12:22:12.084 131-5396/? D/libc-netbsd: res_queryN name = ws.gtm.acer.com succeed
12-22 12:22:12.085 131-5396/? D/SocketClient: SocketClient sendDatalocked done: 222
12-22 12:22:12.085 131-5396/? D/SocketClient: SocketClient sendDatalocked done:
12-22 12:22:12.085 131-5396/? D/SocketClient: SocketClient sendDatalocked done:
12-22 12:22:12.085 131-5396/? D/SocketClient: SocketClient sendDatalocked done:
12-22 12:22:12.085 131-5396/? D/SocketClient: SocketClient sendDatalocked done: 
12-22 12:22:12.085 131-5396/? D/SocketClient: SocketClient sendDatalocked done:
12-22 12:22:12.085 131-5396/? D/SocketClient: SocketClient sendDatalocked done:
12-22 12:22:12.085 1172-5394/? D/libc-netbsd: getaddrinfo: ws.gtm.acer.com get result from proxy >>
12-22 12:22:12.085 1172-5394/? I/System.out: propertyValue:true
12-22 12:22:12.087 1172-5394/? I/System.out: [socket][1] connection ws.gtm.acer.com/199.107.120.10:80;LocalPort=38542(20000)
12-22 12:22:12.087 1172-5394/? I/System.out: [CDS]connect[ws.gtm.acer.com/199.107.120.10:80] tm:20
12-22 12:22:12.087 1172-5394/? D/Posix: [Posix_connect Debug]Process com.acer.android.liveupdater :80
12-22 12:22:12.232 649-2045/? D/dalvikvm: GC_FOR_ALLOC freed 422K (39), 38% free 15027K/23924K, paused 193ms, total 193ms
12-22 12:22:12.235 649-2045/? D/PowerManagerService: acquireWakeLockInternal: lock=1106266744, flags=0x1, tag="ActivityManager-Launch", ws=null, uid=1000, pid=649
12-22 12:22:12.235 649-2045/? D/PowerManagerNotifier: onWakeLockAcquired: flags=1, tag="ActivityManager-Launch", packageName=android, ownerUid=1000, ownerPid=649, workSource=null
12-22 12:22:12.235 649-2045/? D/AppOps: startOperation: allowing code 40 uid 1000 package android
12-22 12:22:12.235 649-2045/? D/PowerManagerService: updateWakeLockSummaryLocked: mWakefulness=Awake, mWakeLockSummary=0x1
12-22 12:22:12.235 649-2045/? D/PowerManagerService: newScreenState = 2
12-22 12:22:12.236 649-2045/? D/PowerManagerDisplayController: requestPowerState: screenState=2, useProximitySensor=false, forceProximitySensorEnable=false, forceWakeUpEnable=false, screenBrightness=102, screenAutoBrightnessAdjustment=0.0, useAutoBrightness=true, useEcoBrightness=false, blockScreenOn=false, waitForNegativeProximity=false
12-22 12:22:12.236 649-2045/? I/PowerManagerService: setBrightness mButtonLight 0.
12-22 12:22:12.236 649-2045/? D/PowerManagerService: updateScreenStateLocked: mDisplayReady=true, newScreenState=2, mWakefulness=1, mWakeLockSummary=0x1, mUserActivitySummary=0x1, mBootCompleted=true
12-22 12:22:12.236 649-2045/? D/PowerManagerService: Acquiring suspend blocker "PowerManagerService.WakeLocks".
12-22 12:22:12.236 649-701/? D/PowerManagerService: handleSandman: canDream=false, mWakefulness=Awake
12-22 12:22:12.237 1172-1172/? V/InputMethodManager: onWindowFocus: null softInputMode=288 first=true flags=#1800002
12-22 12:22:12.237 1172-1172/? V/InputMethodManager: START INPUT: com.android.internal.policy.impl.PhoneWindow$DecorView{42004078 V.E..... R.....I. 0,0-144,60} ic=null tba=android.view.inputmethod.EditorInfo@4202caa8 controlFlags=#104
12-22 12:22:12.238 649-4400/? V/InputMethodManagerService: windowGainedFocus: android.os.BinderProxy@42b3a310 controlFlags=#104 softInputMode=#120 windowFlags=#1800002
12-22 12:22:12.238 858-1756/? D/KeyguardViewMediator: isInputRestricted: showing=false, needReshow=false, provisioned=true
12-22 12:22:12.248 649-4401/? D/IPCThreadState: [DN #5] BR_CLEAR_DEATH_NOTIFICATION_DONE cookie 0x68bbdcf0
12-22 12:22:12.263 1172-5394/? I/System.out: [socket][/192.168.0.16:38542] connected
12-22 12:22:12.263 1172-5394/? I/System.out: [CDS]rx timeout:30000
12-22 12:22:12.264 135-135/? I/BufferQueue: [com.acer.android.liveupdater/com.acer.android.liveupdater.ManualActivity](this:0xb709b8b0,id:92,api:0,p:-1,c:-1) consumerDisconnect
12-22 12:22:12.264 135-135/? I/BufferQueue: [com.acer.android.liveupdater/com.acer.android.liveupdater.ManualActivity](this:0xb709b8b0,id:92,api:0,p:-1,c:-1) ~BufferQueue
12-22 12:22:12.264 135-135/? I/GraphicBuffer: free buffer (w:480 h:335 f:1) handle(0xb707bfe8)
12-22 12:22:12.276 5168-5197/? D/dalvikvm: threadid=14: exiting
12-22 12:22:12.277 5168-5197/? D/dalvikvm: threadid=14: bye!
12-22 12:22:12.284 649-4399/? D/AppOps: startOperation: allowing code 24 uid 10007 package com.acer.android.liveupdater
12-22 12:22:12.285 649-4399/? V/WindowManager: Changing focus from Window{424975a0 u0 com.acer.android.liveupdater/com.acer.android.liveupdater.ManualActivity} to Window{424c5da8 u0 com.acer.android.liveupdater} Callers=com.android.server.wm.WindowManagerService.addWindow:2745 com.android.server.wm.Session.addToDisplay:163 android.view.IWindowSession$Stub.onTransact:111 com.android.server.wm.Session.onTransact:126
12-22 12:22:12.286 649-668/? I/WindowManager: Gaining focus: Window{424c5da8 u0 com.acer.android.liveupdater}
12-22 12:22:12.287 1172-1172/? D/ActivityThread: ACT-AM_ON_PAUSE_CALLED ActivityRecord{41f14a90 token=android.os.BinderProxy@41f141f8 {com.acer.android.liveupdater/com.acer.android.liveupdater.ManualActivity}}
12-22 12:22:12.287 649-1198/? I/libPerfService: 1: set: 2

                                                [ 12-22 12:22:12.287   649:0x4ae E/         ]
                                                Could not open '/data/data/hotplug/cmd'


                                                [ 12-22 12:22:12.287   649:0x4ae E/         ]
                                                error : 2, No such file or directory
12-22 12:22:12.289 649-1198/? D/InputReader: InputReader:: getSwitchState lock
12-22 12:22:12.289 649-1198/? D/InputReader: InputReader::getStateLocked:: return
12-22 12:22:12.289 649-1198/? V/Provider/Settings: invalidate [system]: current 47 != cached 46
12-22 12:22:12.289 649-1198/? V/SettingsProvider: call(system:flip_wakeup) for 0
12-22 12:22:12.289 649-1198/? D/SettingsProvider: lookupValue table system cache contains Key flip_wakeup , value = null
12-22 12:22:12.289 649-1198/? D/SettingsProvider: lookupValue table system cache.fullyMatchesDisk() flip_wakeup
12-22 12:22:12.289 649-1198/? V/Provider/Settings: from db cache, name = flip_wakeup , value = null
12-22 12:22:12.289 649-1198/? V/SettingsProvider: call(system:flip_wakeup_window) for 0
12-22 12:22:12.289 649-1198/? D/SettingsProvider: lookupValue table system cache contains Key flip_wakeup_window , value = null
12-22 12:22:12.290 649-1198/? D/SettingsProvider: lookupValue table system cache.fullyMatchesDisk() flip_wakeup_window
12-22 12:22:12.290 649-1198/? V/Provider/Settings: from db cache, name = flip_wakeup_window , value = null
12-22 12:22:12.290 649-1198/? V/Provider/Settings: Global.putString(name=lid_switch_state, value=1 for 0
12-22 12:22:12.290 649-1198/? D/Provider/Settings: put string name = lid_switch_state , value = 1 userHandle = 0
12-22 12:22:12.290 649-1198/? D/AppOps: noteOperation: allowing code 23 uid 1000 package android
12-22 12:22:12.290 649-1198/? V/SettingsProvider: call_put(global:lid_switch_state=1) for 0
12-22 12:22:12.290 649-1198/? V/SettingsProvider: insert(content://settings/global) for user 0 by 0
12-22 12:22:12.290 649-1198/? D/SettingsProvider: redundant, old Value: 1 new value: 1
12-22 12:22:12.290 649-1198/? V/ActivityManager: ensureActivitiesVisibleLocked: consider front
12-22 12:22:12.291 649-1198/? V/ActivityManager: ensureActivitiesVisibleLocked: consider back
12-22 12:22:12.291 649-1198/? V/ActivityManager: ensureActivitiesVisibleLocked: consider front
12-22 12:22:12.292 649-1198/? V/ActivityManager: ensureActivitiesVisibleLocked: consider back
12-22 12:22:12.297 649-1198/? D/dalvikvm: create interp thread : stack size=128KB
12-22 12:22:12.297 649-1198/? D/dalvikvm: create new thread
12-22 12:22:12.297 649-1198/? D/dalvikvm: new thread created
12-22 12:22:12.298 649-1198/? D/dalvikvm: update thread list
12-22 12:22:12.298 649-5397/? D/dalvikvm: threadid=80: interp stack at 0x6328b000
12-22 12:22:12.298 649-5397/? D/dalvikvm: threadid=80: created from interp
12-22 12:22:12.298 649-1198/? D/dalvikvm: start new thread
12-22 12:22:12.299 1172-1172/? D/ActivityThread: ACT-PAUSE_ACTIVITY_FINISHING handled : 0 / android.os.BinderProxy@41f141f8
12-22 12:22:12.299 649-5397/? D/dalvikvm: threadid=80: notify debugger
12-22 12:22:12.299 649-5397/? D/dalvikvm: threadid=80 (Thread-191): calling run()
12-22 12:22:12.300 649-5397/? D/dalvikvm: threadid=80: exiting
12-22 12:22:12.301 649-5397/? D/dalvikvm: threadid=80: bye!
12-22 12:22:12.303 5356-5356/? D/ActivityThread: ACT-AM_ON_RESUME_CALLED ActivityRecord{420ccff0 token=android.os.BinderProxy@420cc800 {com.android.settings/com.android.settings.SubSettings}}
12-22 12:22:12.303 5356-5356/? V/PhoneWindow: DecorView setVisiblity: visibility = 0 ,Parent =ViewRoot{421118b0 com.android.settings/com.android.settings.SubSettings,ident = 1}, this =com.android.internal.policy.impl.PhoneWindow$DecorView{420d1488 V.E..... R....... 0,0-480,854}
12-22 12:22:12.304 5356-5356/? D/ActivityThread: ACT-RESUME_ACTIVITY handled : 0 / android.os.BinderProxy@420cc800
12-22 12:22:12.304 5356-5356/? D/PreferenceActivity: handleMessage, MSG_BUILD_HEADERS
12-22 12:22:12.306 5356-5356/? D/Settings: receive action=android.intent.action.SIM_INFO_UPDATE
12-22 12:22:12.306 5356-5356/? D/PreferenceActivity: handleMessage, MSG_BUILD_HEADERS
12-22 12:22:12.306 649-667/? V/ActivityManager: ACT-Activity idle: Token{424618b0 ActivityRecord{421856a0 u0 com.android.settings/.SubSettings t9}}
12-22 12:22:12.306 649-667/? I/libPerfService: 1: set: 1

                                               [ 12-22 12:22:12.306   649:0x29b E/         ]
                                               Could not open '/data/data/hotplug/cmd'


                                               [ 12-22 12:22:12.306   649:0x29b E/         ]
                                               error : 2, No such file or directory
12-22 12:22:12.307 649-667/? D/PowerManagerService: releaseWakeLockInternal: lock=1106266744 [ActivityManager-Launch], flags=0x0, total_time=71ms
12-22 12:22:12.307 649-667/? D/PowerManagerNotifier: onWakeLockReleased: flags=1, tag="ActivityManager-Launch", packageName=android, ownerUid=1000, ownerPid=649, workSource=null
12-22 12:22:12.307 649-667/? D/PowerManagerService: updateWakeLockSummaryLocked: mWakefulness=Awake, mWakeLockSummary=0x0
12-22 12:22:12.307 649-667/? D/PowerManagerService: newScreenState = 2
12-22 12:22:12.307 649-667/? D/PowerManagerDisplayController: requestPowerState: screenState=2, useProximitySensor=false, forceProximitySensorEnable=false, forceWakeUpEnable=false, screenBrightness=102, screenAutoBrightnessAdjustment=0.0, useAutoBrightness=true, useEcoBrightness=false, blockScreenOn=false, waitForNegativeProximity=false
12-22 12:22:12.308 649-667/? I/PowerManagerService: setBrightness mButtonLight 0.
12-22 12:22:12.308 649-667/? D/PowerManagerService: updateScreenStateLocked: mDisplayReady=true, newScreenState=2, mWakefulness=1, mWakeLockSummary=0x0, mUserActivitySummary=0x1, mBootCompleted=true
12-22 12:22:12.308 649-667/? D/PowerManagerService: Releasing suspend blocker "PowerManagerService.WakeLocks".
12-22 12:22:12.308 649-667/? V/ActivityManager: ensureActivitiesVisibleLocked: consider front
12-22 12:22:12.308 649-701/? D/PowerManagerService: handleSandman: canDream=false, mWakefulness=Awake
