12-22 12:22:15.404 5310-5310/? D/Launcher.Utilities:  dm.widthPixels 480 dm.xdpi 196.645 dm.heightPixels 854 dm.ydpi 197.196 screenInches 4.971250116530495
12-22 12:22:15.405 5310-5310/? D/Launcher.Utilities:  dm.widthPixels 480 dm.xdpi 196.645 dm.heightPixels 854 dm.ydpi 197.196 screenInches 4.971250116530495
12-22 12:22:15.405 5310-5310/? D/Launcher.Utilities:  dm.widthPixels 480 dm.xdpi 196.645 dm.heightPixels 854 dm.ydpi 197.196 screenInches 4.971250116530495
12-22 12:22:15.406 5310-5310/? D/Launcher.Utilities:  dm.widthPixels 480 dm.xdpi 196.645 dm.heightPixels 854 dm.ydpi 197.196 screenInches 4.971250116530495
12-22 12:22:15.407 5310-5310/? D/Launcher.Utilities:  dm.widthPixels 480 dm.xdpi 196.645 dm.heightPixels 854 dm.ydpi 197.196 screenInches 4.971250116530495
12-22 12:22:15.408 5310-5310/? D/Launcher.Utilities:  dm.widthPixels 480 dm.xdpi 196.645 dm.heightPixels 854 dm.ydpi 197.196 screenInches 4.971250116530495
12-22 12:22:15.409 5310-5310/? D/Launcher.Utilities:  dm.widthPixels 480 dm.xdpi 196.645 dm.heightPixels 854 dm.ydpi 197.196 screenInches 4.971250116530495
12-22 12:22:15.410 5310-5310/? D/Launcher.Utilities:  dm.widthPixels 480 dm.xdpi 196.645 dm.heightPixels 854 dm.ydpi 197.196 screenInches 4.971250116530495
12-22 12:22:15.411 5310-5310/? D/Launcher.Utilities:  dm.widthPixels 480 dm.xdpi 196.645 dm.heightPixels 854 dm.ydpi 197.196 screenInches 4.971250116530495
12-22 12:22:15.412 5310-5310/? D/Launcher.Utilities:  dm.widthPixels 480 dm.xdpi 196.645 dm.heightPixels 854 dm.ydpi 197.196 screenInches 4.971250116530495
12-22 12:22:15.414 5310-5310/? D/Launcher.Utilities:  dm.widthPixels 480 dm.xdpi 196.645 dm.heightPixels 854 dm.ydpi 197.196 screenInches 4.971250116530495
12-22 12:22:15.415 5310-5310/? D/Launcher.Utilities:  dm.widthPixels 480 dm.xdpi 196.645 dm.heightPixels 854 dm.ydpi 197.196 screenInches 4.971250116530495
12-22 12:22:15.416 5310-5310/? D/Launcher.Utilities:  dm.widthPixels 480 dm.xdpi 196.645 dm.heightPixels 854 dm.ydpi 197.196 screenInches 4.971250116530495
12-22 12:22:15.417 5310-5310/? D/Launcher.Utilities:  dm.widthPixels 480 dm.xdpi 196.645 dm.heightPixels 854 dm.ydpi 197.196 screenInches 4.971250116530495
12-22 12:22:15.419 5310-5310/? D/Launcher.Utilities:  dm.widthPixels 480 dm.xdpi 196.645 dm.heightPixels 854 dm.ydpi 197.196 screenInches 4.971250116530495
12-22 12:22:15.420 5310-5310/? D/Launcher.Utilities:  dm.widthPixels 480 dm.xdpi 196.645 dm.heightPixels 854 dm.ydpi 197.196 screenInches 4.971250116530495
12-22 12:22:15.421 5310-5310/? D/Launcher.Utilities:  dm.widthPixels 480 dm.xdpi 196.645 dm.heightPixels 854 dm.ydpi 197.196 screenInches 4.971250116530495
12-22 12:22:15.422 5310-5310/? D/Launcher.Utilities:  dm.widthPixels 480 dm.xdpi 196.645 dm.heightPixels 854 dm.ydpi 197.196 screenInches 4.971250116530495
12-22 12:22:15.423 5310-5310/? D/Launcher.Utilities:  dm.widthPixels 480 dm.xdpi 196.645 dm.heightPixels 854 dm.ydpi 197.196 screenInches 4.971250116530495
12-22 12:22:15.424 5310-5310/? D/Launcher.Utilities:  dm.widthPixels 480 dm.xdpi 196.645 dm.heightPixels 854 dm.ydpi 197.196 screenInches 4.971250116530495
12-22 12:22:15.425 5310-5310/? D/Launcher.Utilities:  dm.widthPixels 480 dm.xdpi 196.645 dm.heightPixels 854 dm.ydpi 197.196 screenInches 4.971250116530495
12-22 12:22:15.427 5310-5310/? D/Launcher.Utilities:  dm.widthPixels 480 dm.xdpi 196.645 dm.heightPixels 854 dm.ydpi 197.196 screenInches 4.971250116530495
12-22 12:22:15.428 5310-5310/? D/Launcher.Utilities:  dm.widthPixels 480 dm.xdpi 196.645 dm.heightPixels 854 dm.ydpi 197.196 screenInches 4.971250116530495
12-22 12:22:15.429 5310-5310/? D/Launcher.Utilities:  dm.widthPixels 480 dm.xdpi 196.645 dm.heightPixels 854 dm.ydpi 197.196 screenInches 4.971250116530495
12-22 12:22:15.431 5310-5310/? D/Launcher.Utilities:  dm.widthPixels 480 dm.xdpi 196.645 dm.heightPixels 854 dm.ydpi 197.196 screenInches 4.971250116530495
12-22 12:22:15.432 5310-5310/? D/Launcher.Utilities:  dm.widthPixels 480 dm.xdpi 196.645 dm.heightPixels 854 dm.ydpi 197.196 screenInches 4.971250116530495
12-22 12:22:15.434 5310-5310/? D/Launcher.Utilities:  dm.widthPixels 480 dm.xdpi 196.645 dm.heightPixels 854 dm.ydpi 197.196 screenInches 4.971250116530495
12-22 12:22:15.435 5310-5310/? D/Launcher.Utilities:  dm.widthPixels 480 dm.xdpi 196.645 dm.heightPixels 854 dm.ydpi 197.196 screenInches 4.971250116530495
12-22 12:22:15.436 5310-5310/? D/Launcher.Utilities:  dm.widthPixels 480 dm.xdpi 196.645 dm.heightPixels 854 dm.ydpi 197.196 screenInches 4.971250116530495
12-22 12:22:15.438 5310-5310/? D/Launcher.Utilities:  dm.widthPixels 480 dm.xdpi 196.645 dm.heightPixels 854 dm.ydpi 197.196 screenInches 4.971250116530495
12-22 12:22:15.438 5310-5310/? E/AppsCustomizePagedView: Widget ComponentInfo{com.google.android.music/com.google.android.music.homewidgets.IFLWidgetProvider} can not fit on this device (60, 60)
12-22 12:22:15.439 5310-5310/? D/Launcher.Utilities:  dm.widthPixels 480 dm.xdpi 196.645 dm.heightPixels 854 dm.ydpi 197.196 screenInches 4.971250116530495
12-22 12:22:15.441 5310-5310/? D/Launcher.Utilities:  dm.widthPixels 480 dm.xdpi 196.645 dm.heightPixels 854 dm.ydpi 197.196 screenInches 4.971250116530495
12-22 12:22:15.442 5310-5310/? D/Launcher.Utilities:  dm.widthPixels 480 dm.xdpi 196.645 dm.heightPixels 854 dm.ydpi 197.196 screenInches 4.971250116530495
12-22 12:22:15.442 5310-5310/? D/Launcher.Utilities:  dm.widthPixels 480 dm.xdpi 196.645 dm.heightPixels 854 dm.ydpi 197.196 screenInches 4.971250116530495
12-22 12:22:15.443 5310-5310/? D/Launcher.Utilities:  dm.widthPixels 480 dm.xdpi 196.645 dm.heightPixels 854 dm.ydpi 197.196 screenInches 4.971250116530495
12-22 12:22:15.444 5310-5310/? D/Launcher.Utilities:  dm.widthPixels 480 dm.xdpi 196.645 dm.heightPixels 854 dm.ydpi 197.196 screenInches 4.971250116530495
12-22 12:22:15.445 5310-5310/? D/Launcher.Utilities:  dm.widthPixels 480 dm.xdpi 196.645 dm.heightPixels 854 dm.ydpi 197.196 screenInches 4.971250116530495
12-22 12:22:15.446 5310-5310/? D/Launcher.Utilities:  dm.widthPixels 480 dm.xdpi 196.645 dm.heightPixels 854 dm.ydpi 197.196 screenInches 4.971250116530495
12-22 12:22:15.448 5310-5310/? D/Launcher.Utilities:  dm.widthPixels 480 dm.xdpi 196.645 dm.heightPixels 854 dm.ydpi 197.196 screenInches 4.971250116530495
12-22 12:22:15.449 5310-5310/? D/Launcher.Utilities:  dm.widthPixels 480 dm.xdpi 196.645 dm.heightPixels 854 dm.ydpi 197.196 screenInches 4.971250116530495
12-22 12:22:15.450 5310-5310/? D/Launcher.Utilities:  dm.widthPixels 480 dm.xdpi 196.645 dm.heightPixels 854 dm.ydpi 197.196 screenInches 4.971250116530495
12-22 12:22:15.451 5310-5310/? D/Launcher.Utilities:  dm.widthPixels 480 dm.xdpi 196.645 dm.heightPixels 854 dm.ydpi 197.196 screenInches 4.971250116530495
12-22 12:22:15.453 5310-5310/? V/AppsCustomizePagedView: mWidgets.size=41
12-22 12:22:15.453 5310-5310/? V/test1: invalidateOnDataChange, isDataReady=false
12-22 12:22:15.454 5310-5310/? D/dalvikvm: create interp thread : stack size=128KB
12-22 12:22:15.454 5310-5310/? D/dalvikvm: create new thread
12-22 12:22:15.454 5310-5310/? D/dalvikvm: new thread created
12-22 12:22:15.454 5310-5310/? D/dalvikvm: update thread list
12-22 12:22:15.455 5310-5406/? D/dalvikvm: threadid=15: interp stack at 0x60af0000
12-22 12:22:15.455 5310-5406/? D/dalvikvm: threadid=15: created from interp
12-22 12:22:15.456 5310-5310/? D/dalvikvm: start new thread
12-22 12:22:15.456 5310-5406/? D/dalvikvm: threadid=15: notify debugger
12-22 12:22:15.456 5310-5406/? D/dalvikvm: threadid=15 (AsyncTask #4): calling run()
12-22 12:22:15.456 5310-5310/? D/RecentsActivity: onStart
12-22 12:22:15.456 5310-5310/? D/RecentsActivity: refreshRecentTasks()
12-22 12:22:15.456 5310-5310/? D/RecentsPanelView: refreshRecentTasksList 2
12-22 12:22:15.456 5310-5310/? D/RecentsPanelView: refreshViews
12-22 12:22:15.456 5310-5310/? D/RecentsVerticalGridView: update count:1
12-22 12:22:15.456 5310-5310/? D/RecentsVerticalGridView: update rowCount:1 colCount:1
12-22 12:22:15.456 5310-5310/? D/TaskGridLayout: setTotalCount:1
12-22 12:22:15.457 5310-5310/? W/ContextImpl: Implicit intents with startService are not safe: Intent { act=com.acer.android.launchpad.hideallfloatapp } android.content.ContextWrapper.startService:494 com.acer.android.floatapp.recent.RecentsActivity.hideAllFloatApp:352 com.acer.android.floatapp.recent.RecentsActivity.onResume:328
12-22 12:22:15.459 5310-5310/? W/ContextImpl: Implicit intents with startService are not safe: Intent { act=com.acer.android.launchpad.startservice } android.content.ContextWrapper.startService:494 com.acer.android.floatapp.recent.RecentsActivity.startLaunchPadService:340 com.acer.android.floatapp.recent.RecentsActivity.onResume:329
12-22 12:22:15.460 5310-5310/? D/RecentsActivity: TaskOrientationEventListener
12-22 12:22:15.461 649-659/? D/SensorService: Calling batch handle==0 flags=0 rate=200000000 timeout== 0
12-22 12:22:15.461 649-659/? D/SensorService: SensorDevice::batch: ident=0x68fe2c98, handle=0x00000000, flags=0, period_ns=200000000 timeout=0
12-22 12:22:15.461 649-659/? D/SensorService: 	>>> curr_period=-1 min_period=200000000 curr_timeout=-1 min_timeout=0
12-22 12:22:15.461 649-659/? D/SensorService: Calling activate on 0
12-22 12:22:15.461 649-659/? D/SensorService: SensorDevice::activate: ident=0x68fe2c98, handle=0x00000000, enabled=1, count=1
12-22 12:22:15.461 649-659/? D/SensorService: enable index=0
12-22 12:22:15.461 649-659/? D/SensorService: 	>>> actuating h/w activate handle=0 enabled=1
12-22 12:22:15.461 649-659/? D/Sensors: activate handle =0, enable = 1
12-22 12:22:15.461 649-659/? D/Sensors: use new sensor index=1, mSensors[index](5cdbe768)
12-22 12:22:15.461 649-659/? D/Accel: ACC enable: handle:0, en:1
12-22 12:22:15.461 649-659/? D/Accel: path:/sys/class/misc/m_acc_misc/accactive
12-22 12:22:15.461 649-659/? D/Accel: no ACC enable control attr
12-22 12:22:15.461 649-659/? D/Sensors: use old sensor err(-1),index(1) go to old hwmsen
12-22 12:22:15.461 649-659/? D/Hwmsen_sensors: Hwmsen_Enable: handle:0, en:1
12-22 12:22:15.461 649-659/? D/Hwmsen_sensors: virtual int Hwmsen::enable(int32_t, int): handle 0, enable or disable 1!
12-22 12:22:15.468 649-659/? D/Hwmsen_sensors: active_sensors =11
12-22 12:22:15.468 649-659/? D/SensorService: 	>>> actuating h/w setDelay 0 200000000
12-22 12:22:15.468 649-659/? D/Accel: setDelay: (handle=0, ns=200000000)
12-22 12:22:15.468 649-659/? D/Accel: no ACC setDelay control attr
12-22 12:22:15.468 649-659/? E/Sensors: new acc setDelay handle(0),ns(200000000) err! go to hwmsen
12-22 12:22:15.468 649-659/? D/Hwmsen_sensors: setDelay: (handle=0, ns=200000000)
12-22 12:22:15.468 649-659/? D/Hwmsen_sensors: setDelay: (what=0, ms=200)
12-22 12:22:15.468 649-659/? D/Hwmsen_sensors: really setDelay: (what=0, ms=200)
12-22 12:22:15.488 5310-5310/? D/ActivityThread: ACT-AM_ON_RESUME_CALLED ActivityRecord{423335a0 token=android.os.BinderProxy@42332c58 {com.acer.android.floatapp.recent/com.acer.android.floatapp.recent.RecentsActivity}}
12-22 12:22:15.488 5310-5310/? V/PhoneWindow: DecorView setVisiblity: visibility = 4 ,Parent =null, this =com.android.internal.policy.impl.PhoneWindow$DecorView{42334e08 I.E..... R.....ID 0,0-0,0}
12-22 12:22:15.492 5310-5310/? V/PhoneWindow: DecorView setVisiblity: visibility = 0 ,Parent =ViewRoot{424099f0 com.acer.android.floatapp.recent/com.acer.android.floatapp.recent.RecentsActivity,ident = 1}, this =com.android.internal.policy.impl.PhoneWindow$DecorView{42334e08 V.E..... R.....ID 0,0-0,0}
12-22 12:22:15.492 5310-5310/? D/ActivityThread: ACT-LAUNCH_ACTIVITY handled : 0 / ActivityRecord{423335a0 token=android.os.BinderProxy@42332c58 {com.acer.android.floatapp.recent/com.acer.android.floatapp.recent.RecentsActivity}}
12-22 12:22:15.493 5310-5310/? D/RecentTasksLoader: newTask:Settings
12-22 12:22:15.493 5310-5310/? D/RecentsPanelView: create new task list:Settings
12-22 12:22:15.493 5310-5310/? D/RecentsPanelView: onTasksLoaded refreshViews
12-22 12:22:15.493 5310-5310/? D/RecentsPanelView: refreshViews
12-22 12:22:15.493 5310-5310/? D/RecentsVerticalGridView: update rowCount:1 colCount:1
12-22 12:22:15.493 5310-5310/? D/TaskGridLayout: setTotalCount:1
12-22 12:22:15.498 5310-5310/? D/RecentsPanelView: padding:14 14 14 14
12-22 12:22:15.498 5310-5310/? D/RecentsPanelView: getView pos:0
12-22 12:22:15.498 5310-5310/? D/RecentsPanelView: index:0 ap:Settings
12-22 12:22:15.498 5310-5310/? D/RecentsPanelView: updateValuesFromResources
12-22 12:22:15.498 5310-5310/? D/RecentsPanelView: updateLayout getTaskCount:1
12-22 12:22:15.498 5310-5310/? D/RecentsPanelView: update thumbnail and icon
12-22 12:22:15.499 5310-5310/? D/RecentsPanelView: padding:0 0 0 0
12-22 12:22:15.499 5310-5310/? D/RecentsPanelView: mOrientation == 0
12-22 12:22:15.499 5310-5310/? D/TaskGridLayout: mTotalCount:1 getChildCount:1
12-22 12:22:15.499 5310-5310/? D/TaskGridLayout: addView startAnimation
12-22 12:22:15.500 649-2045/? V/ActivityManager: Broadcast: Intent { act=android.intent.action.CLOSE_SYSTEM_DIALOGS flg=0x50000010 (has extras) } ordered=false userid=-1 callerApp=null
12-22 12:22:15.503 858-858/? D/PhoneStatusBar: onReceive, action=android.intent.action.CLOSE_SYSTEM_DIALOGS
12-22 12:22:15.505 858-858/? D/PhoneStatusBar: dismissAppGuideInt
12-22 12:22:15.506 5310-5310/? D/ActivityThread: SVC-Calling onStartCommand: com.acer.android.floatapp.launchpad.LaunchPadService@42262d48, flags=0, startId=4
12-22 12:22:15.506 5310-5310/? D/ActivityThread: SVC-SERVICE_ARGS handled : 0 / ServiceArgsData{token=android.os.BinderProxy@42249200 startId=4 args=Intent { act=com.acer.android.launchpad.hideallfloatapp }}
12-22 12:22:15.507 5310-5310/? D/ActivityThread: SVC-Calling onStartCommand: com.acer.android.floatapp.launchpad.LaunchPadService@42262d48, flags=0, startId=5
12-22 12:22:15.507 5310-5310/? D/ActivityThread: SVC-SERVICE_ARGS handled : 0 / ServiceArgsData{token=android.os.BinderProxy@42249200 startId=5 args=Intent { act=com.acer.android.launchpad.startservice }}
12-22 12:22:15.524 5310-5310/? V/InputMethodManager: Not IME target window, ignoring
12-22 12:22:15.528 5310-5310/? V/onMeasure: size2=635
12-22 12:22:15.528 5310-5310/? V/onMeasure: size2=635
12-22 12:22:15.528 5310-5310/? V/onMeasure: size2=635
12-22 12:22:15.535 5310-5310/? D/android.widget.GridLayout: horizontal constraints: x1-x0>=480, x1-x0<=200 are inconsistent; permanently removing: x1-x0<=200.
12-22 12:22:15.535 5310-5310/? D/android.widget.GridLayout: vertical constraints: y1-y0>=854, y1-y0<=318 are inconsistent; permanently removing: y1-y0<=318.
12-22 12:22:15.538 5310-5310/? V/onMeasure: size2=635
12-22 12:22:15.539 649-701/? D/PowerManagerDisplayController: mLightSensorListener.onSensorChanged(): enabled = true, lux = 320.0
12-22 12:22:15.539 5310-5310/? V/onMeasure: size2=635
12-22 12:22:15.539 5310-5310/? V/onMeasure: size2=635
12-22 12:22:15.544 135-135/? I/BufferQueue: [unnamed-135-97](this:0xb707eab0,id:97,api:0,p:-1,c:-1) BufferQueue
12-22 12:22:15.544 135-135/? I/GLConsumer: [void android::RingBuffer<TYPE>::resize(uint32_t, bool) [with TYPE = android::sp<android::BackupBuffer>; uint32_t = unsigned int]] 0xb708712c resize to 10 (force=true)
12-22 12:22:15.544 135-135/? I/GLConsumer: [void android::RingBuffer<TYPE>::resize(uint32_t, bool) [with TYPE = android::sp<android::BackupBuffer>; uint32_t = unsigned int]] 0xb708712c resize to 0 (force=false)
12-22 12:22:15.544 135-135/? I/BufferQueue: [unnamed-135-97](this:0xb707eab0,id:97,api:0,p:-1,c:135) consumerConnect consumer=(135:/system/bin/surfaceflinger) controlledByApp=false
12-22 12:22:15.544 135-135/? I/BufferQueue: [unnamed-135-97](this:0xb707eab0,id:97,api:0,p:-1,c:135) setConsumerName: unnamed-135-97
12-22 12:22:15.544 135-135/? I/GLConsumer: [unnamed-135-97](this:0xb70843c8,api:0) GLConsumer
12-22 12:22:15.544 135-135/? I/BufferQueue: [com.acer.android.floatapp.recent/com.acer.android.floatapp.recent.RecentsActivity](this:0xb707eab0,id:97,api:0,p:-1,c:135) setConsumerName: com.acer.android.floatapp.recent/com.acer.android.floatapp.recent.RecentsActivity
12-22 12:22:15.544 135-135/? I/BufferQueue: [com.acer.android.floatapp.recent/com.acer.android.floatapp.recent.RecentsActivity](this:0xb707eab0,id:97,api:0,p:-1,c:135) setDefaultBufferSize: w=480, h=854
12-22 12:22:15.545 649-667/? V/WindowManager: Changing focus from null to Window{429c5860 u0 com.acer.android.floatapp.recent/com.acer.android.floatapp.recent.RecentsActivity} Callers=com.android.server.wm.WindowManagerService.relayoutWindow:3466 com.android.server.wm.Session.relayout:191 android.view.IWindowSession$Stub.onTransact:235 com.android.server.wm.Session.onTransact:126
12-22 12:22:15.547 858-858/? D/PhoneStatusBar: setSystemUiVisibility vis=400 mask=ffffffff oldVal=0 newVal=400 diff=400
12-22 12:22:15.549 649-668/? I/WindowManager: Gaining focus: Window{429c5860 u0 com.acer.android.floatapp.recent/com.acer.android.floatapp.recent.RecentsActivity}
12-22 12:22:15.550 135-1391/? I/BufferQueue: [com.acer.android.floatapp.recent/com.acer.android.floatapp.recent.RecentsActivity](this:0xb707eab0,id:97,api:0,p:5310,c:135) connect: api=1 producer=(5310:com.acer.android.floatapp.recent) producerControlledByApp=true
12-22 12:22:15.551 135-4738/? I/BufferQueue: [com.acer.android.floatapp.recent/com.acer.android.floatapp.recent.RecentsActivity](this:0xb707eab0,id:97,api:1,p:5310,c:135) new GraphicBuffer needed
12-22 12:22:15.551 135-4738/? D/BufferQueue:     [OLD] gb:NULL
12-22 12:22:15.552 135-4738/? I/GraphicBuffer: allocate buffer (w:480 h:854 f:1) handle(0xb709ac38) err(0)
12-22 12:22:15.552 135-4738/? I/BufferQueue:     [NEW] gb=0xb7088a28, handle=0xb709ac38, w=480, h=854, s=480, fmt=1
12-22 12:22:15.552 5310-5310/? D/GraphicBuffer: create handle(0x60bedbe0) (w:480, h:854, f:1)
12-22 12:22:15.553 135-424/? D/BufferQueue: [com.acer.android.floatapp.recent/com.acer.android.floatapp.recent.RecentsActivity](this:0xb707eab0,id:97,api:1,p:5310,c:135) cancelBuffer: slot=0
12-22 12:22:15.553 5310-5310/? I/MaliEGL: [Mali]window_type=1, is_framebuffer=0, errnum = 0
12-22 12:22:15.553 5310-5310/? I/MaliEGL: [Mali]surface->num_buffers=4, surface->num_frames=3, win_min_undequeued=1
12-22 12:22:15.553 5310-5310/? I/MaliEGL: [Mali]max_allowed_dequeued_buffers=3
12-22 12:22:15.553 135-366/? I/BufferQueue: [com.acer.android.floatapp.recent/com.acer.android.floatapp.recent.RecentsActivity](this:0xb707eab0,id:97,api:1,p:5310,c:135) setBufferCount: count=4
12-22 12:22:15.553 135-366/? I/GraphicBuffer: free buffer (w:480 h:854 f:1) handle(0xb709ac38)
12-22 12:22:15.553 135-366/? I/BufferQueue: [com.acer.android.floatapp.recent/com.acer.android.floatapp.recent.RecentsActivity](this:0xb707eab0,id:97,api:1,p:5310,c:135) getReleasedBuffers: returning mask 0xffffffff
12-22 12:22:15.553 5310-5310/? D/GraphicBuffer: close handle(0x60bedbe0) (w:480 h:854 f:1)
12-22 12:22:15.553 135-364/? I/BufferQueue: [com.acer.android.floatapp.recent/com.acer.android.floatapp.recent.RecentsActivity](this:0xb707eab0,id:97,api:1,p:5310,c:135) new GraphicBuffer needed
12-22 12:22:15.553 135-364/? D/BufferQueue:     [OLD] gb:NULL
12-22 12:22:15.554 135-364/? I/GraphicBuffer: allocate buffer (w:480 h:854 f:1) handle(0xb7088a28) err(0)
12-22 12:22:15.554 135-364/? I/BufferQueue:     [NEW] gb=0xb7082250, handle=0xb7088a28, w=480, h=854, s=480, fmt=1
12-22 12:22:15.554 5310-5310/? D/GraphicBuffer: create handle(0x60e997e8) (w:480, h:854, f:1)
12-22 12:22:15.557 5310-5310/? D/OpenGLRenderer: setViewport 480x854 <0x6167e008>
12-22 12:22:15.558 5310-5310/? D/TaskGridLayout: onLayout left:0 top:0 right:480 bottom:854
12-22 12:22:15.558 5310-5310/? D/TaskGridLayout: mThumbnailWidth:200 mThumbnailHeight:318 launchpad_height:87
12-22 12:22:15.558 5310-5310/? D/TaskGridLayout: getChildCount:1
12-22 12:22:15.558 5310-5310/? D/TaskGridLayout: targetWidth:480 targetHeight:767
12-22 12:22:15.558 5310-5310/? D/TaskGridLayout: leftMargin:140 topMargin:165 bottomMargin:155
12-22 12:22:15.558 5310-5310/? D/TaskGridLayout: itemHorzontalSpace:0 itemVerticalSpace:75
12-22 12:22:15.558 5310-5310/? D/TaskGridLayout: getRowCount():1 getColumnCount():1
12-22 12:22:15.558 5310-5310/? D/TaskGridLayout: port x:0 y:0
12-22 12:22:15.559 5310-5310/? D/TaskGridLayout: cs:140 cy:294
12-22 12:22:15.559 5310-5310/? V/onLayout: onLayout
12-22 12:22:15.561 5310-5310/? V/InputMethodManager: onWindowFocus: com.acer.android.floatapp.recent.RecentsPanelView{423374c0 VFE..... .F....ID 0,0-480,854 #7f0b002a app:id/recents_root} softInputMode=288 first=true flags=#1810100
12-22 12:22:15.561 5310-5310/? V/InputMethodManager: START INPUT: com.acer.android.floatapp.recent.RecentsPanelView{423374c0 VFE..... .F....ID 0,0-480,854 #7f0b002a app:id/recents_root} ic=null tba=android.view.inputmethod.EditorInfo@4241c890 controlFlags=#105
12-22 12:22:15.562 649-4400/? V/InputMethodManagerService: windowGainedFocus: android.os.BinderProxy@422badf8 controlFlags=#105 softInputMode=#120 windowFlags=#1810100
12-22 12:22:15.563 858-939/? D/KeyguardViewMediator: isInputRestricted: showing=false, needReshow=false, provisioned=true
12-22 12:22:15.574 135-135/? I/SurfaceFlinger: Skip composition for [Built-in Screen (type:0)] since dirtyRegion is empty
12-22 12:22:15.574 5310-5310/? V/onMeasure: size2=779
12-22 12:22:15.574 5310-5310/? V/onMeasure: size2=779
12-22 12:22:15.574 5310-5310/? V/onMeasure: size2=779
12-22 12:22:15.579 5310-5310/? V/onMeasure: size2=779
12-22 12:22:15.579 5310-5310/? V/onMeasure: size2=779
12-22 12:22:15.579 5310-5310/? V/onMeasure: size2=779
12-22 12:22:15.584 5310-5310/? D/TaskGridLayout: onLayout left:0 top:0 right:480 bottom:854
12-22 12:22:15.584 5310-5310/? D/TaskGridLayout: mThumbnailWidth:200 mThumbnailHeight:318 launchpad_height:87
12-22 12:22:15.584 5310-5310/? D/TaskGridLayout: getChildCount:1
12-22 12:22:15.584 5310-5310/? D/TaskGridLayout: targetWidth:480 targetHeight:767
12-22 12:22:15.584 5310-5310/? D/TaskGridLayout: leftMargin:140 topMargin:165 bottomMargin:155
12-22 12:22:15.584 5310-5310/? D/TaskGridLayout: itemHorzontalSpace:0 itemVerticalSpace:75
12-22 12:22:15.584 5310-5310/? D/TaskGridLayout: getRowCount():1 getColumnCount():1
12-22 12:22:15.584 5310-5310/? D/TaskGridLayout: port x:0 y:0
12-22 12:22:15.585 5310-5310/? D/TaskGridLayout: cs:140 cy:294
12-22 12:22:15.585 5310-5310/? V/onLayout: onLayout
12-22 12:22:15.587 5310-5310/? D/RecentsPanelView: dispatchDraw
12-22 12:22:15.588 5310-5310/? D/RecentsVerticalGridView: dispatchDraw
12-22 12:22:15.594 5310-5310/? D/OpenGLRenderer: prepareDirty (0.00, 0.00, 480.00, 854.00) opaque 1 <0x6167e008>
12-22 12:22:15.603 5310-5310/? D/OpenGLRenderer: finish <0x6167e008>
12-22 12:22:15.606 649-2044/? V/ActivityManager: ACT-Activity idle: Token{42b841b0 ActivityRecord{425acd00 u0 com.acer.android.floatapp.recent/.RecentsActivity t10}}
12-22 12:22:15.606 649-2044/? D/PowerManagerService: releaseWakeLockInternal: lock=1106266744 [ActivityManager-Launch], flags=0x0, total_time=381ms
12-22 12:22:15.606 649-2044/? D/PowerManagerNotifier: onWakeLockReleased: flags=1, tag="ActivityManager-Launch", packageName=android, ownerUid=1000, ownerPid=649, workSource=null
12-22 12:22:15.606 649-2044/? D/PowerManagerService: updateWakeLockSummaryLocked: mWakefulness=Awake, mWakeLockSummary=0x0
12-22 12:22:15.607 649-2044/? D/PowerManagerService: newScreenState = 2
12-22 12:22:15.607 649-2044/? D/PowerManagerDisplayController: requestPowerState: screenState=2, useProximitySensor=false, forceProximitySensorEnable=false, forceWakeUpEnable=false, screenBrightness=102, screenAutoBrightnessAdjustment=0.0, useAutoBrightness=true, useEcoBrightness=false, blockScreenOn=false, waitForNegativeProximity=false
12-22 12:22:15.607 649-2044/? I/PowerManagerService: setBrightness mButtonLight, screenBrightness=102
12-22 12:22:15.607 649-2044/? D/PowerManagerService: updateScreenStateLocked: mDisplayReady=true, newScreenState=2, mWakefulness=1, mWakeLockSummary=0x0, mUserActivitySummary=0x5, mBootCompleted=true
12-22 12:22:15.607 649-2044/? D/PowerManagerService: Releasing suspend blocker "PowerManagerService.WakeLocks".
12-22 12:22:15.607 135-135/? I/GLConsumer: [com.acer.android.floatapp.recent/com.acer.android.floatapp.recent.RecentsActivity](this:0xb70843c8,api:1) [void* android::GLConsumer::createImage(EGLDisplay, const android::sp<android::GraphicBuffer>&, const android::Rect&)]
12-22 12:22:15.607 135-135/? D/GLConsumer:     GraphicBuffer: gb=0xb7082250 handle=0xb7088a28 fmt=1
12-22 12:22:15.607 135-135/? D/GLConsumer:     EGLImage: dpy=0x1, img=0x10000003
12-22 12:22:15.608 649-701/? D/PowerManagerService: handleSandman: canDream=false, mWakefulness=Awake
12-22 12:22:15.609 649-2044/? V/ActivityManager: ensureActivitiesVisibleLocked: consider front
12-22 12:22:15.609 649-2044/? V/ActivityManager: ensureActivitiesVisibleLocked: consider back
12-22 12:22:15.626 649-668/? I/ActivityManager: [AppLaunch] Displayed Displayed com.acer.android.floatapp.recent/.RecentsActivity: +377ms
12-22 12:22:15.626 649-668/? D/ActivityManager: AP_PROF:AppLaunch_LaunchTime:com.acer.android.floatapp.recent/.RecentsActivity:377:742409
12-22 12:22:15.626 649-668/? D/ActivityManager: ACT-IDLE_NOW_MSG from windowsVisible() for idle: ActivityRecord{425acd00 u0 com.acer.android.floatapp.recent/.RecentsActivity t10}
12-22 12:22:15.626 649-672/? V/ActivityManager: ACT-Activity idle: null
12-22 12:22:15.627 649-672/? V/ActivityManager: ensureActivitiesVisibleLocked: consider front
12-22 12:22:15.627 649-672/? V/ActivityManager: ensureActivitiesVisibleLocked: consider back
12-22 12:22:15.630 5356-5356/? D/PreferenceFragment: onSaveInstanceState, this = DeviceInfoSettings{420e0310 #0 id=0x10202fe}
12-22 12:22:15.632 5356-5356/? D/PreferenceActivity: onSaveInstanceState
12-22 12:22:15.632 5356-5356/? D/PreferenceFragment: onStop, this = DeviceInfoSettings{420e0310 #0 id=0x10202fe}
12-22 12:22:15.632 5356-5356/? D/PreferenceActivity: onStop
12-22 12:22:15.633 5356-5356/? V/PhoneWindow: DecorView setVisiblity: visibility = 4 ,Parent =ViewRoot{421118b0 com.android.settings/com.android.settings.SubSettings,ident = 1}, this =com.android.internal.policy.impl.PhoneWindow$DecorView{420d1488 I.E..... R....... 0,0-480,854}
12-22 12:22:15.633 5356-5356/? D/ActivityThread: ACT-STOP_ACTIVITY_HIDE handled : 0 / android.os.BinderProxy@420cc800
12-22 12:22:15.634 5356-5356/? D/OpenGLRenderer: Flushing caches (mode 1)
12-22 12:22:15.642 135-135/? I/SurfaceFlinger: Skip composition for [Built-in Screen (type:0)] since dirtyRegion is empty
12-22 12:22:15.649 649-824/? D/NetworkPolicy: onRecv: MSG_FOREGROUND_ACTIVITIES_CHANGED pid:uid:act=5356:1000:false
12-22 12:22:15.660 135-135/? I/SurfaceFlinger: Skip composition for [Built-in Screen (type:0)] since dirtyRegion is empty
12-22 12:22:15.750 135-4738/? I/BufferQueue: [Starting com.acer.android.floatapp.recent](this:0xb709b8b0,id:96,api:2,p:-1,c:135) disconnect: api=2
12-22 12:22:15.750 135-4738/? I/BufferQueue: [Starting com.acer.android.floatapp.recent](this:0xb709b8b0,id:96,api:0,p:-1,c:135) getReleasedBuffers: returning mask 0xffffffff
12-22 12:22:15.750 135-4738/? I/GLConsumer: [Starting com.acer.android.floatapp.recent](this:0xb70b6158,api:0) destroying EGLImage dpy=0x1 img=0x10000006
12-22 12:22:15.750 135-4738/? D/IPCThreadState: [DN #5] BR_CLEAR_DEATH_NOTIFICATION_DONE cookie 0xb70710f8
12-22 12:22:15.751 649-668/? D/GraphicBuffer: close handle(0x6bcbeb10) (w:480 h:854 f:1)
12-22 12:22:15.764 135-135/? I/BufferQueue: [Starting com.acer.android.floatapp.recent](this:0xb709b8b0,id:96,api:0,p:-1,c:-1) consumerDisconnect
12-22 12:22:15.764 135-135/? I/BufferQueue: [Starting com.acer.android.floatapp.recent](this:0xb709b8b0,id:96,api:0,p:-1,c:-1) ~BufferQueue
12-22 12:22:15.764 135-135/? I/GraphicBuffer: free buffer (w:480 h:854 f:1) handle(0xb707bfe8)
12-22 12:22:15.803 858-858/? D/PhoneStatusBar: setSystemUiVisibility vis=4000504 mask=ffffffff oldVal=400 newVal=4000504 diff=4000104
12-22 12:22:15.804 858-858/? D/BarTransitions.PhoneStatusBarView: MODE_OPAQUE -> MODE_SEMI_TRANSPARENT animate=true
12-22 12:22:15.804 858-858/? D/BarTransitions.PhoneStatusBarView: applyModeBackground oldMode=MODE_OPAQUE newMode=MODE_SEMI_TRANSPARENT animate=true
12-22 12:22:15.814 135-366/? I/BufferQueue: [com.acer.android.floatapp.recent/com.acer.android.floatapp.recent.RecentsActivity](this:0xb707eab0,id:97,api:1,p:5310,c:135) new GraphicBuffer needed
12-22 12:22:15.814 135-366/? D/BufferQueue:     [OLD] gb:NULL
12-22 12:22:15.815 135-366/? I/GraphicBuffer: allocate buffer (w:480 h:854 f:1) handle(0xb709ac38) err(0)
12-22 12:22:15.815 135-366/? I/BufferQueue:     [NEW] gb=0xb708fba8, handle=0xb709ac38, w=480, h=854, s=480, fmt=1
12-22 12:22:15.816 5310-5310/? D/GraphicBuffer: create handle(0x6161ec38) (w:480, h:854, f:1)
12-22 12:22:15.821 5310-5310/? D/RecentsPanelView: dispatchDraw
12-22 12:22:15.823 858-858/? D/OpenGLRenderer: prepareDirty (0.00, 0.00, 480.00, 38.00) opaque 0 <0x61c46008>
12-22 12:22:15.823 5310-5310/? D/RecentsVerticalGridView: dispatchDraw
12-22 12:22:15.823 858-858/? D/OpenGLRenderer: clear (0.00, 38 - 38.00 = 0.00, 480.00 - 0.00 = 480.00, 38.00 - 0.00 = 38.00) opaque 0 <0x61c46008>
12-22 12:22:15.827 858-858/? D/OpenGLRenderer: finish <0x61c46008>
12-22 12:22:15.829 135-4738/? I/BufferQueue: [StatusBar](this:0xb7080918,id:6,api:1,p:858,c:135) [queue] fps:0.85, dur:2359.16, max:1432.58, min:926.58
12-22 12:22:15.830 858-858/? D/PhoneStatusBar: Status bar WINDOW_STATE_HIDING
12-22 12:22:15.833 5310-5310/? D/OpenGLRenderer: prepareDirty (0.00, 0.00, 480.00, 854.00) opaque 1 <0x6167e008>
12-22 12:22:15.834 135-135/? I/BufferQueue: [StatusBar](this:0xb7080918,id:6,api:1,p:858,c:135) [release] fps:0.85, dur:2352.84, max:1429.17, min:923.67
12-22 12:22:15.837 5310-5310/? D/OpenGLRenderer: finish <0x6167e008>
12-22 12:22:15.840 858-858/? D/OpenGLRenderer: prepareDirty (0.00, 0.00, 480.00, 38.00) opaque 0 <0x61c46008>
12-22 12:22:15.840 858-858/? D/OpenGLRenderer: clear (0.00, 38 - 38.00 = 0.00, 480.00 - 0.00 = 480.00, 38.00 - 0.00 = 38.00) opaque 0 <0x61c46008>
12-22 12:22:15.842 858-858/? D/OpenGLRenderer: finish <0x61c46008>
12-22 12:22:15.851 135-135/? I/GLConsumer: [com.acer.android.floatapp.recent/com.acer.android.floatapp.recent.RecentsActivity](this:0xb70843c8,api:1) [void* android::GLConsumer::createImage(EGLDisplay, const android::sp<android::GraphicBuffer>&, const android::Rect&)]
12-22 12:22:15.851 135-135/? D/GLConsumer:     GraphicBuffer: gb=0xb708fba8 handle=0xb709ac38 fmt=1
12-22 12:22:15.851 135-135/? D/GLConsumer:     EGLImage: dpy=0x1, img=0x10000004
12-22 12:22:15.854 858-858/? D/OpenGLRenderer: prepareDirty (0.00, 0.00, 480.00, 38.00) opaque 0 <0x61c46008>
12-22 12:22:15.855 858-858/? D/OpenGLRenderer: clear (0.00, 38 - 38.00 = 0.00, 480.00 - 0.00 = 480.00, 38.00 - 0.00 = 38.00) opaque 0 <0x61c46008>
12-22 12:22:15.857 858-858/? D/OpenGLRenderer: finish <0x61c46008>
12-22 12:22:15.871 858-858/? D/OpenGLRenderer: prepareDirty (0.00, 0.00, 480.00, 38.00) opaque 0 <0x61c46008>
12-22 12:22:15.871 858-858/? D/OpenGLRenderer: clear (0.00, 38 - 38.00 = 0.00, 480.00 - 0.00 = 480.00, 38.00 - 0.00 = 38.00) opaque 0 <0x61c46008>
12-22 12:22:15.873 858-858/? D/OpenGLRenderer: finish <0x61c46008>
12-22 12:22:15.888 858-858/? D/OpenGLRenderer: prepareDirty (0.00, 0.00, 480.00, 38.00) opaque 0 <0x61c46008>
12-22 12:22:15.888 858-858/? D/OpenGLRenderer: clear (0.00, 38 - 38.00 = 0.00, 480.00 - 0.00 = 480.00, 38.00 - 0.00 = 38.00) opaque 0 <0x61c46008>
12-22 12:22:15.891 858-858/? D/OpenGLRenderer: finish <0x61c46008>
12-22 12:22:15.907 858-858/? D/OpenGLRenderer: prepareDirty (0.00, 0.00, 480.00, 38.00) opaque 0 <0x61c46008>
12-22 12:22:15.907 858-858/? D/OpenGLRenderer: clear (0.00, 38 - 38.00 = 0.00, 480.00 - 0.00 = 480.00, 38.00 - 0.00 = 38.00) opaque 0 <0x61c46008>
12-22 12:22:15.910 858-858/? D/OpenGLRenderer: finish <0x61c46008>
12-22 12:22:15.924 858-858/? D/OpenGLRenderer: prepareDirty (0.00, 0.00, 480.00, 38.00) opaque 0 <0x61c46008>
12-22 12:22:15.925 858-858/? D/OpenGLRenderer: clear (0.00, 38 - 38.00 = 0.00, 480.00 - 0.00 = 480.00, 38.00 - 0.00 = 38.00) opaque 0 <0x61c46008>
12-22 12:22:15.927 858-858/? D/OpenGLRenderer: finish <0x61c46008>
12-22 12:22:15.943 858-858/? D/OpenGLRenderer: prepareDirty (0.00, 0.00, 480.00, 38.00) opaque 0 <0x61c46008>
12-22 12:22:15.944 858-858/? D/OpenGLRenderer: clear (0.00, 38 - 38.00 = 0.00, 480.00 - 0.00 = 480.00, 38.00 - 0.00 = 38.00) opaque 0 <0x61c46008>
12-22 12:22:15.946 858-858/? D/OpenGLRenderer: finish <0x61c46008>
12-22 12:22:15.960 858-858/? D/OpenGLRenderer: prepareDirty (0.00, 0.00, 480.00, 38.00) opaque 0 <0x61c46008>
12-22 12:22:15.960 858-858/? D/OpenGLRenderer: clear (0.00, 38 - 38.00 = 0.00, 480.00 - 0.00 = 480.00, 38.00 - 0.00 = 38.00) opaque 0 <0x61c46008>
12-22 12:22:15.963 858-858/? D/OpenGLRenderer: finish <0x61c46008>
12-22 12:22:15.977 858-858/? D/OpenGLRenderer: prepareDirty (0.00, 0.00, 480.00, 38.00) opaque 0 <0x61c46008>
12-22 12:22:15.978 858-858/? D/OpenGLRenderer: clear (0.00, 38 - 38.00 = 0.00, 480.00 - 0.00 = 480.00, 38.00 - 0.00 = 38.00) opaque 0 <0x61c46008>
12-22 12:22:15.981 858-858/? D/OpenGLRenderer: finish <0x61c46008>
12-22 12:22:15.994 858-858/? D/OpenGLRenderer: prepareDirty (0.00, 0.00, 480.00, 38.00) opaque 0 <0x61c46008>
12-22 12:22:15.995 858-858/? D/OpenGLRenderer: clear (0.00, 38 - 38.00 = 0.00, 480.00 - 0.00 = 480.00, 38.00 - 0.00 = 38.00) opaque 0 <0x61c46008>
12-22 12:22:15.999 858-858/? D/OpenGLRenderer: finish <0x61c46008>
12-22 12:22:16.012 858-858/? D/OpenGLRenderer: prepareDirty (0.00, 0.00, 480.00, 38.00) opaque 0 <0x61c46008>
12-22 12:22:16.012 858-858/? D/OpenGLRenderer: clear (0.00, 38 - 38.00 = 0.00, 480.00 - 0.00 = 480.00, 38.00 - 0.00 = 38.00) opaque 0 <0x61c46008>
12-22 12:22:16.015 858-858/? D/OpenGLRenderer: finish <0x61c46008>
12-22 12:22:16.018 858-858/? D/PhoneStatusBar: Status bar WINDOW_STATE_HIDDEN
12-22 12:22:16.032 858-858/? D/OpenGLRenderer: prepareDirty (0.00, 0.00, 480.00, 38.00) opaque 0 <0x61c46008>
12-22 12:22:16.032 858-858/? D/OpenGLRenderer: clear (0.00, 38 - 38.00 = 0.00, 480.00 - 0.00 = 480.00, 38.00 - 0.00 = 38.00) opaque 0 <0x61c46008>
12-22 12:22:16.035 858-858/? D/OpenGLRenderer: finish <0x61c46008>
12-22 12:22:16.046 858-858/? D/OpenGLRenderer: prepareDirty (0.00, 0.00, 480.00, 38.00) opaque 0 <0x61c46008>
12-22 12:22:16.047 858-858/? D/OpenGLRenderer: clear (0.00, 38 - 38.00 = 0.00, 480.00 - 0.00 = 480.00, 38.00 - 0.00 = 38.00) opaque 0 <0x61c46008>
12-22 12:22:16.050 858-858/? D/OpenGLRenderer: finish <0x61c46008>
12-22 12:22:16.053 135-424/? I/BufferQueue: [com.acer.android.floatapp.recent/com.acer.android.floatapp.recent.RecentsActivity](this:0xb707eab0,id:97,api:1,p:5310,c:135) new GraphicBuffer needed
12-22 12:22:16.053 135-424/? D/BufferQueue:     [OLD] gb:NULL
12-22 12:22:16.055 135-424/? I/GraphicBuffer: allocate buffer (w:480 h:854 f:1) handle(0xb7075118) err(0)
12-22 12:22:16.055 135-424/? I/BufferQueue:     [NEW] gb=0xb70825c8, handle=0xb7075118, w=480, h=854, s=480, fmt=1
12-22 12:22:16.056 5310-5310/? D/GraphicBuffer: create handle(0x616159a8) (w:480, h:854, f:1)
12-22 12:22:16.058 5310-5310/? D/OpenGLRenderer: prepareDirty (0.00, 0.00, 480.00, 854.00) opaque 1 <0x6167e008>
12-22 12:22:16.061 5310-5310/? D/OpenGLRenderer: finish <0x6167e008>
12-22 12:22:16.066 858-858/? D/OpenGLRenderer: prepareDirty (0.00, 0.00, 480.00, 38.00) opaque 0 <0x61c46008>
12-22 12:22:16.067 858-858/? D/OpenGLRenderer: clear (0.00, 38 - 38.00 = 0.00, 480.00 - 0.00 = 480.00, 38.00 - 0.00 = 38.00) opaque 0 <0x61c46008>
12-22 12:22:16.070 858-858/? D/OpenGLRenderer: finish <0x61c46008>
12-22 12:22:16.078 135-135/? I/GLConsumer: [com.acer.android.floatapp.recent/com.acer.android.floatapp.recent.RecentsActivity](this:0xb70843c8,api:1) [void* android::GLConsumer::createImage(EGLDisplay, const android::sp<android::GraphicBuffer>&, const android::Rect&)]
12-22 12:22:16.078 135-135/? D/GLConsumer:     GraphicBuffer: gb=0xb70825c8 handle=0xb7075118 fmt=1
12-22 12:22:16.078 135-135/? D/GLConsumer:     EGLImage: dpy=0x1, img=0x10000005
12-22 12:22:16.080 858-858/? D/OpenGLRenderer: prepareDirty (0.00, 0.00, 480.00, 38.00) opaque 0 <0x61c46008>
12-22 12:22:16.082 858-858/? D/OpenGLRenderer: clear (0.00, 38 - 38.00 = 0.00, 480.00 - 0.00 = 480.00, 38.00 - 0.00 = 38.00) opaque 0 <0x61c46008>
12-22 12:22:16.084 858-858/? D/OpenGLRenderer: finish <0x61c46008>
12-22 12:22:16.098 858-858/? D/OpenGLRenderer: prepareDirty (0.00, 0.00, 480.00, 38.00) opaque 0 <0x61c46008>
12-22 12:22:16.098 858-858/? D/OpenGLRenderer: clear (0.00, 38 - 38.00 = 0.00, 480.00 - 0.00 = 480.00, 38.00 - 0.00 = 38.00) opaque 0 <0x61c46008>
12-22 12:22:16.102 858-858/? D/OpenGLRenderer: finish <0x61c46008>
12-22 12:22:16.115 858-858/? D/OpenGLRenderer: prepareDirty (0.00, 0.00, 480.00, 38.00) opaque 0 <0x61c46008>
12-22 12:22:16.116 858-858/? D/OpenGLRenderer: clear (0.00, 38 - 38.00 = 0.00, 480.00 - 0.00 = 480.00, 38.00 - 0.00 = 38.00) opaque 0 <0x61c46008>
12-22 12:22:16.119 858-858/? D/OpenGLRenderer: finish <0x61c46008>
12-22 12:22:16.133 858-858/? D/OpenGLRenderer: prepareDirty (0.00, 0.00, 480.00, 38.00) opaque 0 <0x61c46008>
12-22 12:22:16.133 858-858/? D/OpenGLRenderer: clear (0.00, 38 - 38.00 = 0.00, 480.00 - 0.00 = 480.00, 38.00 - 0.00 = 38.00) opaque 0 <0x61c46008>
12-22 12:22:16.135 858-858/? D/OpenGLRenderer: finish <0x61c46008>
12-22 12:22:16.338 649-701/? D/PowerManagerDisplayController: mLightSensorListener.onSensorChanged(): enabled = true, lux = 0.0
12-22 12:22:16.339 649-701/? D/PowerManagerDisplayController: updateAmbientLux: Possibly darkened, waiting for 4000 ms: mDarkeningLuxThreshold=191.80994, mRecentShortTermAverageLux=35.53067, mRecentLongTermAverageLux=120.301895, mAmbientLux=319.68323
12-22 12:22:16.352 649-705/? W/InputReader: outer ID:0, tracking ID:-1, pointer count:16
12-22 12:22:16.352 649-705/? W/InputReader: inCount:16, pointer count:1
12-22 12:22:16.352 649-705/? D/InputReader: AP_PROF:AppLaunch_dispatchPtr:Down:743136, ID:0, Index:1637833896
12-22 12:22:16.353 649-705/? I/AP_PROF: unable to open /proc/mtprof/status entry
12-22 12:22:16.353 649-704/? D/PowerManagerService: userActivityFromNative
12-22 12:22:16.353 649-704/? D/PowerManagerService: userActivityNoUpdateLocked: eventTime=743136, event=2, flags=0x0, uid=1000
12-22 12:22:16.354 649-704/? D/PowerManagerNotifier: onUserActivity: event=2, uid=1000
12-22 12:22:16.354 649-704/? D/PowerManagerService: updateUserActivitySummaryLocked: mWakefulness=Awake, mUserActivitySummary=0x5, nextTimeout=749068 (in 5931 ms)
12-22 12:22:16.354 649-704/? D/PowerManagerService: newScreenState = 2
12-22 12:22:16.354 649-704/? D/PowerManagerDisplayController: requestPowerState: screenState=2, useProximitySensor=false, forceProximitySensorEnable=false, forceWakeUpEnable=false, screenBrightness=102, screenAutoBrightnessAdjustment=0.0, useAutoBrightness=true, useEcoBrightness=false, blockScreenOn=false, waitForNegativeProximity=false
12-22 12:22:16.354 649-704/? I/PowerManagerService: setBrightness mButtonLight, screenBrightness=102
12-22 12:22:16.355 649-704/? D/PowerManagerService: updateScreenStateLocked: mDisplayReady=true, newScreenState=2, mWakefulness=1, mWakeLockSummary=0x0, mUserActivitySummary=0x5, mBootCompleted=true
12-22 12:22:16.355 649-701/? D/PowerManagerService: handleSandman: canDream=false, mWakefulness=Awake
12-22 12:22:16.356 5310-5310/? I/View: Touch down dispatch to android.widget.ImageView{4240e1d0 V.ED.... ........ 0,0-188,306 #7f0b0026 app:id/app_thumbnail_image}, event = MotionEvent { action=ACTION_DOWN, id[0]=0, x[0]=91.50519, y[0]=250.35559, toolType[0]=TOOL_TYPE_FINGER, buttonState=0, metaState=0, flags=0x0, edgeFlags=0x0, pointerCount=1, historySize=0, eventTime=743136, downTime=743136, deviceId=3, source=0x1002 }
12-22 12:22:16.357 5310-5310/? I/View: Touch down dispatch to android.widget.FrameLayout{4240dd48 V.E...C. ........ 6,6-194,312 #7f0b0024 app:id/app_thumbnail}, event = MotionEvent { action=ACTION_DOWN, id[0]=0, x[0]=91.50519, y[0]=250.35559, toolType[0]=TOOL_TYPE_FINGER, buttonState=0, metaState=0, flags=0x0, edgeFlags=0x0, pointerCount=1, historySize=0, eventTime=743136, downTime=743136, deviceId=3, source=0x1002 }
12-22 12:22:16.364 649-705/? W/InputReader: outer ID:0, tracking ID:-1, pointer count:16
12-22 12:22:16.364 649-705/? W/InputReader: inCount:16, pointer count:1
12-22 12:22:16.376 649-705/? W/InputReader: outer ID:0, tracking ID:-1, pointer count:16
12-22 12:22:16.376 649-705/? W/InputReader: inCount:16, pointer count:1
12-22 12:22:16.388 649-705/? W/InputReader: outer ID:0, tracking ID:-1, pointer count:16
12-22 12:22:16.388 649-705/? W/InputReader: inCount:16, pointer count:1
12-22 12:22:16.401 649-705/? W/InputReader: outer ID:0, tracking ID:-1, pointer count:16
12-22 12:22:16.401 649-705/? W/InputReader: inCount:16, pointer count:1
12-22 12:22:16.409 5310-5310/? D/RecentsVerticalGridView: ap:Settings
12-22 12:22:16.409 5310-5310/? D/RecentsPanelView: 0prepare drag
12-22 12:22:16.410 5310-5310/? D/RecentsPanelView: startDrag
12-22 12:22:16.413 649-705/? W/InputReader: outer ID:0, tracking ID:-1, pointer count:16
12-22 12:22:16.413 649-705/? W/InputReader: inCount:16, pointer count:1
12-22 12:22:16.425 649-705/? W/InputReader: outer ID:0, tracking ID:-1, pointer count:16
12-22 12:22:16.425 649-705/? W/InputReader: inCount:16, pointer count:1
12-22 12:22:16.429 135-1391/? I/BufferQueue: [com.acer.android.floatapp.recent/com.acer.android.floatapp.recent.RecentsActivity](this:0xb707eab0,id:97,api:1,p:5310,c:135) new GraphicBuffer needed
12-22 12:22:16.429 135-1391/? D/BufferQueue:     [OLD] gb:NULL
12-22 12:22:16.431 135-1391/? I/GraphicBuffer: allocate buffer (w:480 h:854 f:1) handle(0xb7081698) err(0)
12-22 12:22:16.431 135-1391/? I/BufferQueue:     [NEW] gb=0xb70834b8, handle=0xb7081698, w=480, h=854, s=480, fmt=1
12-22 12:22:16.431 5310-5310/? D/GraphicBuffer: create handle(0x61611a90) (w:480, h:854, f:1)
12-22 12:22:16.434 5310-5310/? D/RecentsPanelView: dispatchDraw
12-22 12:22:16.434 5310-5310/? D/RecentsPanelView: drag or remove
12-22 12:22:16.436 5310-5310/? D/OpenGLRenderer: prepareDirty (0.00, 0.00, 480.00, 854.00) opaque 1 <0x6167e008>
12-22 12:22:16.437 649-705/? W/InputReader: outer ID:0, tracking ID:-1, pointer count:16
12-22 12:22:16.437 649-705/? W/InputReader: inCount:16, pointer count:1
12-22 12:22:16.441 5310-5310/? D/OpenGLRenderer: finish <0x6167e008>
12-22 12:22:16.444 135-135/? I/GLConsumer: [com.acer.android.floatapp.recent/com.acer.android.floatapp.recent.RecentsActivity](this:0xb70843c8,api:1) [void* android::GLConsumer::createImage(EGLDisplay, const android::sp<android::GraphicBuffer>&, const android::Rect&)]
12-22 12:22:16.444 135-135/? D/GLConsumer:     GraphicBuffer: gb=0xb70834b8 handle=0xb7081698 fmt=1
12-22 12:22:16.444 135-135/? D/GLConsumer:     EGLImage: dpy=0x1, img=0x10000006
12-22 12:22:16.445 135-135/? I/SurfaceFlinger: [Built-in Screen (type:0)] fps:26.940941,dur:1150.67,max:296.84,min:16.58
12-22 12:22:16.449 5310-5310/? D/OpenGLRenderer: prepareDirty (0.00, 0.00, 480.00, 854.00) opaque 1 <0x6167e008>
12-22 12:22:16.449 649-705/? W/InputReader: outer ID:0, tracking ID:-1, pointer count:16
12-22 12:22:16.450 649-705/? W/InputReader: inCount:16, pointer count:1
12-22 12:22:16.453 5310-5310/? D/OpenGLRenderer: finish <0x6167e008>
12-22 12:22:16.464 5310-5310/? D/OpenGLRenderer: prepareDirty (0.00, 0.00, 480.00, 854.00) opaque 1 <0x6167e008>
12-22 12:22:16.466 5310-5310/? D/OpenGLRenderer: finish <0x6167e008>
12-22 12:22:16.472 649-705/? W/InputReader: outer ID:0, tracking ID:-1, pointer count:16
12-22 12:22:16.472 649-705/? W/InputReader: inCount:16, pointer count:1
12-22 12:22:16.481 5310-5310/? D/OpenGLRenderer: prepareDirty (0.00, 0.00, 480.00, 854.00) opaque 1 <0x6167e008>
12-22 12:22:16.483 5310-5310/? D/OpenGLRenderer: finish <0x6167e008>
12-22 12:22:16.497 649-705/? W/InputReader: outer ID:0, tracking ID:-1, pointer count:16
12-22 12:22:16.497 649-705/? W/InputReader: inCount:16, pointer count:1
12-22 12:22:16.516 5310-5310/? D/OpenGLRenderer: prepareDirty (0.00, 0.00, 480.00, 854.00) opaque 1 <0x6167e008>
12-22 12:22:16.518 5310-5310/? D/OpenGLRenderer: finish <0x6167e008>
12-22 12:22:16.521 649-705/? W/InputReader: inCount:16, pointer count:0
12-22 12:22:16.521 649-705/? D/InputReader: AP_PROF:AppLaunch_dispatchPtr:Up:743304, ID:0, Index:1637835192
12-22 12:22:16.523 5310-5310/? I/View: Touch up dispatch to com.acer.android.floatapp.recent.RecentsPanelView{423374c0 VFE..... .F....I. 0,0-480,854 #7f0b002a app:id/recents_root}, event = MotionEvent { action=ACTION_UP, id[0]=0, x[0]=497.12994, y[0]=323.09958, toolType[0]=TOOL_TYPE_FINGER, buttonState=0, metaState=0, flags=0x0, edgeFlags=0x0, pointerCount=1, historySize=0, eventTime=743304, downTime=743136, deviceId=3, source=0x1002 }
12-22 12:22:16.523 5310-5310/? D/RecentsPanelView: end drag!!!!!!0
12-22 12:22:16.524 5310-5310/? D/RecentsPanelView: remove task
12-22 12:22:16.524 5310-5310/? V/RecentsPanelView: Jettison Settings
12-22 12:22:16.524 5310-5310/? D/RecentTasksLoader: remove td:com.android.settings
12-22 12:22:16.525 5310-5310/? D/RecentsPanelView: handleOnClick
12-22 12:22:16.531 5310-5310/? D/RecentsPanelView: show:false
12-22 12:22:16.533 649-943/? V/ActivityManager: Broadcast: Intent { act=android.intent.action.CLOSE_SYSTEM_DIALOGS flg=0x50000010 (has extras) } ordered=false userid=-1 callerApp=null
12-22 12:22:16.533 649-705/? W/InputReader: inCount:16, pointer count:0
12-22 12:22:16.537 858-858/? D/PhoneStatusBar: onReceive, action=android.intent.action.CLOSE_SYSTEM_DIALOGS
12-22 12:22:16.540 858-858/? D/PhoneStatusBar: dismissAppGuideInt
12-22 12:22:16.541 649-667/? D/ActivityManager: ACT-moveHomeTask toFront : false homeInFront = true
12-22 12:22:16.541 649-667/? D/ActivityManager: ACT-BMW, insertTaskAtTop fromHome = true lastStack = ActivityStack{421ce898 stackId=0, 3 tasks} this = ActivityStack{42397670 stackId=3, 1 tasks} topTask() = TaskRecord{421c3cd8 #9 A=com.android.settings U=0 sz=2}
12-22 12:22:16.544 649-667/? I/libPerfService: 1: set: 2

                                               [ 12-22 12:22:16.544   649:0x29b E/         ]
                                               Could not open '/data/data/hotplug/cmd'


                                               [ 12-22 12:22:16.544   649:0x29b E/         ]
                                               error : 2, No such file or directory
12-22 12:22:16.545 649-667/? I/BufferQueue: [unnamed-649-15](this:0x68067f28,id:15,api:0,p:-1,c:-1) BufferQueue
12-22 12:22:16.545 649-705/? W/InputReader: inCount:16, pointer count:0
12-22 12:22:16.546 649-667/? I/GLConsumer: [void android::RingBuffer<TYPE>::resize(uint32_t, bool) [with TYPE = android::sp<android::BackupBuffer>; uint32_t = unsigned int]] 0x656f3bcc resize to 10 (force=true)
12-22 12:22:16.546 649-667/? I/GLConsumer: [void android::RingBuffer<TYPE>::resize(uint32_t, bool) [with TYPE = android::sp<android::BackupBuffer>; uint32_t = unsigned int]] 0x656f3bcc resize to 0 (force=false)
12-22 12:22:16.546 649-667/? I/BufferQueue: [unnamed-649-15](this:0x68067f28,id:15,api:0,p:-1,c:649) consumerConnect consumer=(649:system_server) controlledByApp=false
12-22 12:22:16.546 649-667/? I/BufferQueue: [unnamed-649-15](this:0x68067f28,id:15,api:0,p:-1,c:649) setConsumerName: unnamed-649-15
12-22 12:22:16.546 649-667/? I/BufferQueue: [ScreenshotClient](this:0x68067f28,id:15,api:0,p:-1,c:649) setConsumerName: ScreenshotClient
12-22 12:22:16.547 649-667/? I/BufferQueue: [ScreenshotClient](this:0x68067f28,id:15,api:0,p:135,c:649) connect: api=1 producer=(135:/system/bin/surfaceflinger) producerControlledByApp=false
12-22 12:22:16.547 649-667/? I/BufferQueue: [ScreenshotClient](this:0x68067f28,id:15,api:1,p:135,c:649) new GraphicBuffer needed
12-22 12:22:16.547 649-667/? D/BufferQueue:     [OLD] gb:NULL
12-22 12:22:16.548 135-1391/? I/GraphicBuffer: allocate buffer (w:256 h:437 f:1) handle(0xb7090408) err(0)
12-22 12:22:16.549 649-667/? D/GraphicBuffer: create handle(0x684b7f78) (w:256, h:437, f:1)
12-22 12:22:16.549 649-667/? I/BufferQueue:     [NEW] gb=0x64eca410, handle=0x684b7f78, w=246, h=437, s=256, fmt=1
12-22 12:22:16.550 135-364/? I/GraphicBuffer: free buffer (w:256 h:437 f:1) handle(0xb7090408)
12-22 12:22:16.550 135-135/? D/GraphicBuffer: create handle(0xb7090408) (w:256, h:437, f:1)
12-22 12:22:16.554 135-135/? D/GraphicBuffer: close handle(0xb7090408) (w:256 h:437 f:1)
12-22 12:22:16.555 649-667/? I/BufferQueue: [ScreenshotClient](this:0x68067f28,id:15,api:1,p:-1,c:649) disconnect: api=1
12-22 12:22:16.555 649-667/? I/BufferQueue: [ScreenshotClient](this:0x68067f28,id:15,api:0,p:-1,c:649) getReleasedBuffers: returning mask 0xffffffff
12-22 12:22:16.555 649-667/? D/IPCThreadState: [DN #5] BR_CLEAR_DEATH_NOTIFICATION_DONE cookie 0x62f069a0
12-22 12:22:16.556 649-667/? D/dalvikvm: between the previous GC alloc  866K
12-22 12:22:16.745 649-667/? D/dalvikvm: GC_FOR_ALLOC freed 1047K (2908), 38% free 14852K/23924K, paused 189ms, total 189ms
12-22 12:22:16.747 649-667/? I/BufferQueue: [ScreenshotClient](this:0x68067f28,id:15,api:0,p:-1,c:-1) consumerDisconnect
12-22 12:22:16.747 649-667/? I/BufferQueue: [ScreenshotClient](this:0x68067f28,id:15,api:0,p:-1,c:-1) ~BufferQueue
12-22 12:22:16.747 649-667/? D/GraphicBuffer: close handle(0x684b7f78) (w:256 h:437 f:1)
12-22 12:22:16.749 649-667/? D/PowerManagerService: acquireWakeLockInternal: lock=1106266744, flags=0x1, tag="ActivityManager-Launch", ws=null, uid=1000, pid=649
12-22 12:22:16.750 649-667/? D/PowerManagerNotifier: onWakeLockAcquired: flags=1, tag="ActivityManager-Launch", packageName=android, ownerUid=1000, ownerPid=649, workSource=null
12-22 12:22:16.750 649-667/? D/AppOps: startOperation: allowing code 40 uid 1000 package android
12-22 12:22:16.750 649-667/? D/PowerManagerService: updateWakeLockSummaryLocked: mWakefulness=Awake, mWakeLockSummary=0x1
12-22 12:22:16.750 649-667/? D/PowerManagerService: newScreenState = 2
