12-22 12:21:49.825 649-4401/? V/AppWidgetServiceImpl: p.zombie = false
12-22 12:21:49.825 649-4401/? V/AppWidgetServiceImpl: widget package name: com.google.android.talk Permission: -1
12-22 12:21:49.825 649-4401/? V/AppWidgetServiceImpl: p.zombie = false
12-22 12:21:49.825 649-4401/? V/AppWidgetServiceImpl: widget package name: com.google.android.apps.magazines Permission: -1
12-22 12:21:49.825 649-4401/? V/AppWidgetServiceImpl: p.zombie = false
12-22 12:21:49.825 649-4401/? V/AppWidgetServiceImpl: widget package name: com.google.android.music Permission: -1
12-22 12:21:49.825 649-4401/? V/AppWidgetServiceImpl: p.zombie = false
12-22 12:21:49.825 649-4401/? V/AppWidgetServiceImpl: widget package name: com.google.android.music Permission: -1
12-22 12:21:49.825 649-4401/? V/AppWidgetServiceImpl: p.zombie = false
12-22 12:21:49.825 649-4401/? V/AppWidgetServiceImpl: widget package name: com.google.android.apps.plus Permission: -1
12-22 12:21:49.825 649-4401/? V/AppWidgetServiceImpl: p.zombie = false
12-22 12:21:49.825 649-4401/? V/AppWidgetServiceImpl: widget package name: com.google.android.apps.plus Permission: -1
12-22 12:21:49.825 649-4401/? V/AppWidgetServiceImpl: p.zombie = false
12-22 12:21:49.825 649-4401/? V/AppWidgetServiceImpl: widget package name: com.android.protips Permission: -1
12-22 12:21:49.825 649-4401/? V/AppWidgetServiceImpl: p.zombie = false
12-22 12:21:49.825 649-4401/? V/AppWidgetServiceImpl: widget package name: com.google.android.youtube Permission: -1
12-22 12:21:49.825 649-4401/? V/AppWidgetServiceImpl: p.zombie = false
12-22 12:21:49.825 649-4401/? V/AppWidgetServiceImpl: widget package name: com.cleanmaster.mguard Permission: -1
12-22 12:21:49.825 649-4401/? V/AppWidgetServiceImpl: p.zombie = false
12-22 12:21:49.825 649-4401/? V/AppWidgetServiceImpl: widget package name: com.cleanmaster.mguard Permission: -1
12-22 12:21:49.826 649-4401/? V/AppWidgetServiceImpl: p.zombie = false
12-22 12:21:49.965 5310-5310/? D/ActivityThread: ACT-AM_ON_RESUME_CALLED ActivityRecord{41e983f0 token=android.os.BinderProxy@41e97aa8 {com.acer.android.floatapp.recent/com.acer.android.floatapp.recent.RecentsActivity}}
12-22 12:21:49.972 5310-5310/? D/ActivityThread: ACT-LAUNCH_ACTIVITY handled : 0 / ActivityRecord{41e983f0 token=android.os.BinderProxy@41e97aa8 {com.acer.android.floatapp.recent/com.acer.android.floatapp.recent.RecentsActivity}}
12-22 12:21:49.979 649-701/? D/PowerManagerDisplayController: mLightSensorListener.onSensorChanged(): enabled = true, lux = 320.0
12-22 12:21:50.009 649-4401/? V/ActivityManager: Broadcast: Intent { act=android.intent.action.CLOSE_SYSTEM_DIALOGS flg=0x50000010 (has extras) } ordered=false userid=-1 callerApp=null
12-22 12:21:50.143 5310-5310/? D/ActivityThread: SVC-Creating service: CreateServiceData{token=android.os.BinderProxy@42249200 className=com.acer.android.floatapp.launchpad.LaunchPadService packageName=com.acer.android.floatapp.recent intent=null}
12-22 12:21:50.145 5310-5310/? D/ActivityThread: SVC-CREATE_SERVICE handled : 0 / CreateServiceData{token=android.os.BinderProxy@42249200 className=com.acer.android.floatapp.launchpad.LaunchPadService packageName=com.acer.android.floatapp.recent intent=null}
12-22 12:21:50.146 5310-5310/? D/ActivityThread: SVC-SERVICE_ARGS handled : 0 / ServiceArgsData{token=android.os.BinderProxy@42249200 startId=1 args=Intent { act=com.acer.android.launchpad.hideallfloatapp }}
12-22 12:21:50.148 5310-5310/? D/ActivityThread: SVC-SERVICE_ARGS handled : 0 / ServiceArgsData{token=android.os.BinderProxy@42249200 startId=2 args=Intent { act=com.acer.android.launchpad.startservice }}
12-22 12:21:50.195 649-1171/? V/WindowManager: Changing focus from null to Window{42eaa528 u0 com.acer.android.floatapp.recent/com.acer.android.floatapp.recent.RecentsActivity} Callers=com.android.server.wm.WindowManagerService.relayoutWindow:3466 com.android.server.wm.Session.relayout:191 android.view.IWindowSession$Stub.onTransact:235 com.android.server.wm.Session.onTransact:126
12-22 12:21:50.198 649-668/? I/WindowManager: Gaining focus: Window{42eaa528 u0 com.acer.android.floatapp.recent/com.acer.android.floatapp.recent.RecentsActivity}
12-22 12:21:50.244 649-659/? V/InputMethodManagerService: windowGainedFocus: android.os.BinderProxy@422badf8 controlFlags=#105 softInputMode=#120 windowFlags=#1810100
12-22 12:21:50.338 649-4399/? V/ActivityManager: ACT-Activity idle: Token{41f9bd18 ActivityRecord{429ce778 u0 com.acer.android.floatapp.recent/.RecentsActivity t8}}
12-22 12:21:50.338 649-4399/? D/PowerManagerService: releaseWakeLockInternal: lock=1106266744 [ActivityManager-Launch], flags=0x0, total_time=907ms
12-22 12:21:50.339 649-4399/? D/PowerManagerNotifier: onWakeLockReleased: flags=1, tag="ActivityManager-Launch", packageName=android, ownerUid=1000, ownerPid=649, workSource=null
12-22 12:21:50.343 649-4399/? D/PowerManagerService: updateWakeLockSummaryLocked: mWakefulness=Awake, mWakeLockSummary=0x0
12-22 12:21:50.343 649-4399/? D/PowerManagerService: newScreenState = 2
12-22 12:21:50.343 649-4399/? D/PowerManagerDisplayController: requestPowerState: screenState=2, useProximitySensor=false, forceProximitySensorEnable=false, forceWakeUpEnable=false, screenBrightness=102, screenAutoBrightnessAdjustment=0.0, useAutoBrightness=true, useEcoBrightness=false, blockScreenOn=false, waitForNegativeProximity=false
12-22 12:21:50.343 649-4399/? I/PowerManagerService: setBrightness mButtonLight, screenBrightness=102
12-22 12:21:50.343 649-4399/? D/PowerManagerService: updateScreenStateLocked: mDisplayReady=true, newScreenState=2, mWakefulness=1, mWakeLockSummary=0x0, mUserActivitySummary=0x5, mBootCompleted=true
12-22 12:21:50.344 649-4399/? D/PowerManagerService: Releasing suspend blocker "PowerManagerService.WakeLocks".
12-22 12:21:50.344 649-701/? D/PowerManagerService: handleSandman: canDream=false, mWakefulness=Awake
12-22 12:21:50.344 649-4399/? V/ActivityManager: ensureActivitiesVisibleLocked: consider front
12-22 12:21:50.344 649-4399/? V/ActivityManager: ensureActivitiesVisibleLocked: consider back
12-22 12:21:50.346 649-668/? D/ActivityManager: ACT-IDLE_NOW_MSG from windowsVisible() for idle: ActivityRecord{429ce778 u0 com.acer.android.floatapp.recent/.RecentsActivity t8}
12-22 12:21:50.346 649-672/? V/ActivityManager: ACT-Activity idle: null
12-22 12:21:50.346 649-672/? V/ActivityManager: ensureActivitiesVisibleLocked: consider front
12-22 12:21:50.346 649-672/? V/ActivityManager: ensureActivitiesVisibleLocked: consider back
12-22 12:21:50.353 4294-4294/? D/ActivityThread: ACT-STOP_ACTIVITY_HIDE handled : 0 / android.os.BinderProxy@41f76e58
12-22 12:21:50.369 649-824/? V/NetworkStats: setKernelCounterSet uid=10006 set=0
12-22 12:21:50.369 649-824/? D/ConnectivityService: onUidRulesChanged(uid=10006, uidRules=0)
12-22 12:21:50.659 649-701/? D/PowerManagerDisplayController: debounceLightSensor: Synthesizing light sensor measurement after 681 ms.
12-22 12:21:50.659 649-701/? D/PowerManagerDisplayController: updateAmbientLux: Brightened: mBrighteningLuxThreshold=383.61987, mRecentShortTermAverageLux=319.68323, mRecentLongTermAverageLux=303.06326, mAmbientLux=319.68323
12-22 12:21:50.660 649-701/? D/PowerManagerDisplayController: updateAutoBrightness: mScreenAutoBrightness=31, newScreenAutoBrightness=102
12-22 12:21:50.660 649-701/? D/PowerManagerDisplayController: mProximity = -1, mWaitingForNegativeProximity = false, mScreenOffBecauseOfProximity = false, mPowerRequest.useProximitySensor = false, mPowerRequest.forceProximitySensorEnable = false, mPowerRequest.forceWakeUpEnable = false
12-22 12:21:50.660 649-701/? D/PowerManagerNotifier: onScreenBrightness: brightness=102
12-22 12:21:50.660 649-701/? D/PowerManagerDisplayController: setScreenOn true
12-22 12:21:50.660 649-701/? D/PowerManagerDisplayController: dismissElectronBeam
12-22 12:21:50.660 649-701/? D/ElectronBeam: dismiss
12-22 12:21:50.660 649-701/? D/PowerManagerDisplayController: updatePowerState: mustNotify=false, mScreenOnWasBlocked=false, mElectronBeamOnAnimator=false, mElectronBeamOffAnimator=false, waitUntilClean=true
12-22 12:21:50.688 649-701/? D/PowerManagerDisplayState: setScreenBrightness: brightness=32
12-22 12:21:50.688 649-701/? D/PowerManagerDisplayState: Requesting new screen state: on=true, backlight=32, mChangeInProgress=false
12-22 12:21:50.688 649-701/? D/PowerManagerDisplayState: on mTask
12-22 12:21:50.689 649-701/? D/PowerManagerDisplayState: mTask: on = true, mActualOn = true, backlight = 32, mActualBacklight = 31
12-22 12:21:50.689 649-701/? D/PowerManagerDisplayState: mTask: on = true, onChanged = false, backlightChanged = true, backlight = 32
12-22 12:21:50.690 649-701/? D/PowerManagerDisplayState: mTask: on = true, mActualOn = true, backlight = 32, mActualBacklight = 32
12-22 12:21:50.705 649-701/? D/PowerManagerDisplayState: setScreenBrightness: brightness=33
12-22 12:21:50.705 649-701/? D/PowerManagerDisplayState: Requesting new screen state: on=true, backlight=33, mChangeInProgress=false
12-22 12:21:50.706 649-701/? D/PowerManagerDisplayState: on mTask
12-22 12:21:50.706 649-701/? D/PowerManagerDisplayState: mTask: on = true, mActualOn = true, backlight = 33, mActualBacklight = 32
12-22 12:21:50.706 649-701/? D/PowerManagerDisplayState: mTask: on = true, onChanged = false, backlightChanged = true, backlight = 33
12-22 12:21:50.707 649-701/? D/PowerManagerDisplayState: mTask: on = true, mActualOn = true, backlight = 33, mActualBacklight = 33
12-22 12:21:50.740 649-701/? D/PowerManagerDisplayState: setScreenBrightness: brightness=34
12-22 12:21:50.740 649-701/? D/PowerManagerDisplayState: Requesting new screen state: on=true, backlight=34, mChangeInProgress=false
12-22 12:21:50.740 649-701/? D/PowerManagerDisplayState: on mTask
12-22 12:21:50.740 649-701/? D/PowerManagerDisplayState: mTask: on = true, mActualOn = true, backlight = 34, mActualBacklight = 33
12-22 12:21:50.741 649-701/? D/PowerManagerDisplayState: mTask: on = true, onChanged = false, backlightChanged = true, backlight = 34
12-22 12:21:50.741 649-701/? D/PowerManagerDisplayState: mTask: on = true, mActualOn = true, backlight = 34, mActualBacklight = 34
12-22 12:21:50.758 649-701/? D/PowerManagerDisplayState: setScreenBrightness: brightness=35
12-22 12:21:50.758 649-701/? D/PowerManagerDisplayState: Requesting new screen state: on=true, backlight=35, mChangeInProgress=false
12-22 12:21:50.759 649-701/? D/PowerManagerDisplayState: on mTask
12-22 12:21:50.759 649-701/? D/PowerManagerDisplayState: mTask: on = true, mActualOn = true, backlight = 35, mActualBacklight = 34
12-22 12:21:50.759 649-701/? D/PowerManagerDisplayState: mTask: on = true, onChanged = false, backlightChanged = true, backlight = 35
12-22 12:21:50.760 649-701/? D/PowerManagerDisplayState: mTask: on = true, mActualOn = true, backlight = 35, mActualBacklight = 35
12-22 12:21:50.775 649-701/? D/PowerManagerDisplayState: setScreenBrightness: brightness=36
12-22 12:21:50.776 649-701/? D/PowerManagerDisplayState: Requesting new screen state: on=true, backlight=36, mChangeInProgress=false
12-22 12:21:50.776 649-701/? D/PowerManagerDisplayState: on mTask
12-22 12:21:50.777 649-701/? D/PowerManagerDisplayState: mTask: on = true, mActualOn = true, backlight = 36, mActualBacklight = 35
12-22 12:21:50.777 649-701/? D/PowerManagerDisplayState: mTask: on = true, onChanged = false, backlightChanged = true, backlight = 36
12-22 12:21:50.778 649-701/? D/PowerManagerDisplayState: mTask: on = true, mActualOn = true, backlight = 36, mActualBacklight = 36
12-22 12:21:50.810 649-701/? D/PowerManagerDisplayState: setScreenBrightness: brightness=37
12-22 12:21:50.810 649-701/? D/PowerManagerDisplayState: Requesting new screen state: on=true, backlight=37, mChangeInProgress=false
12-22 12:21:50.811 649-701/? D/PowerManagerDisplayState: on mTask
12-22 12:21:50.811 649-701/? D/PowerManagerDisplayState: mTask: on = true, mActualOn = true, backlight = 37, mActualBacklight = 36
12-22 12:21:50.811 649-701/? D/PowerManagerDisplayState: mTask: on = true, onChanged = false, backlightChanged = true, backlight = 37
12-22 12:21:50.812 649-701/? D/PowerManagerDisplayState: mTask: on = true, mActualOn = true, backlight = 37, mActualBacklight = 37
12-22 12:21:50.827 649-701/? D/PowerManagerDisplayState: setScreenBrightness: brightness=38
12-22 12:21:50.827 649-701/? D/PowerManagerDisplayState: Requesting new screen state: on=true, backlight=38, mChangeInProgress=false
12-22 12:21:50.828 649-701/? D/PowerManagerDisplayState: on mTask
12-22 12:21:50.828 649-701/? D/PowerManagerDisplayState: mTask: on = true, mActualOn = true, backlight = 38, mActualBacklight = 37
12-22 12:21:50.828 649-701/? D/PowerManagerDisplayState: mTask: on = true, onChanged = false, backlightChanged = true, backlight = 38
12-22 12:21:50.828 649-701/? D/PowerManagerDisplayState: mTask: on = true, mActualOn = true, backlight = 38, mActualBacklight = 38
12-22 12:21:50.862 649-701/? D/PowerManagerDisplayState: setScreenBrightness: brightness=39
12-22 12:21:50.862 649-701/? D/PowerManagerDisplayState: Requesting new screen state: on=true, backlight=39, mChangeInProgress=false
12-22 12:21:50.862 649-701/? D/PowerManagerDisplayState: on mTask
12-22 12:21:50.862 649-701/? D/PowerManagerDisplayState: mTask: on = true, mActualOn = true, backlight = 39, mActualBacklight = 38
12-22 12:21:50.862 649-701/? D/PowerManagerDisplayState: mTask: on = true, onChanged = false, backlightChanged = true, backlight = 39
12-22 12:21:50.863 649-701/? D/PowerManagerDisplayState: mTask: on = true, mActualOn = true, backlight = 39, mActualBacklight = 39
12-22 12:21:50.879 649-701/? D/PowerManagerDisplayState: setScreenBrightness: brightness=40
12-22 12:21:50.880 649-701/? D/PowerManagerDisplayState: Requesting new screen state: on=true, backlight=40, mChangeInProgress=false
12-22 12:21:50.880 649-701/? D/PowerManagerDisplayState: on mTask
12-22 12:21:50.880 649-701/? D/PowerManagerDisplayState: mTask: on = true, mActualOn = true, backlight = 40, mActualBacklight = 39
12-22 12:21:50.880 649-701/? D/PowerManagerDisplayState: mTask: on = true, onChanged = false, backlightChanged = true, backlight = 40
12-22 12:21:50.880 649-701/? D/PowerManagerDisplayState: mTask: on = true, mActualOn = true, backlight = 40, mActualBacklight = 40
12-22 12:21:50.914 649-701/? D/PowerManagerDisplayState: setScreenBrightness: brightness=41
12-22 12:21:50.914 649-701/? D/PowerManagerDisplayState: Requesting new screen state: on=true, backlight=41, mChangeInProgress=false
12-22 12:21:50.914 649-701/? D/PowerManagerDisplayState: on mTask
12-22 12:21:50.914 649-701/? D/PowerManagerDisplayState: mTask: on = true, mActualOn = true, backlight = 41, mActualBacklight = 40
12-22 12:21:50.914 649-701/? D/PowerManagerDisplayState: mTask: on = true, onChanged = false, backlightChanged = true, backlight = 41
12-22 12:21:50.915 649-701/? D/PowerManagerDisplayState: mTask: on = true, mActualOn = true, backlight = 41, mActualBacklight = 41
12-22 12:21:50.932 649-701/? D/PowerManagerDisplayState: setScreenBrightness: brightness=42
12-22 12:21:50.932 649-701/? D/PowerManagerDisplayState: Requesting new screen state: on=true, backlight=42, mChangeInProgress=false
12-22 12:21:50.932 649-701/? D/PowerManagerDisplayState: on mTask
12-22 12:21:50.932 649-701/? D/PowerManagerDisplayState: mTask: on = true, mActualOn = true, backlight = 42, mActualBacklight = 41
12-22 12:21:50.932 649-701/? D/PowerManagerDisplayState: mTask: on = true, onChanged = false, backlightChanged = true, backlight = 42
12-22 12:21:50.932 649-701/? D/PowerManagerDisplayState: mTask: on = true, mActualOn = true, backlight = 42, mActualBacklight = 42
12-22 12:21:50.949 649-701/? D/PowerManagerDisplayState: setScreenBrightness: brightness=43
12-22 12:21:50.949 649-701/? D/PowerManagerDisplayState: Requesting new screen state: on=true, backlight=43, mChangeInProgress=false
12-22 12:21:50.949 649-701/? D/PowerManagerDisplayState: on mTask
12-22 12:21:50.949 649-701/? D/PowerManagerDisplayState: mTask: on = true, mActualOn = true, backlight = 43, mActualBacklight = 42
12-22 12:21:50.949 649-701/? D/PowerManagerDisplayState: mTask: on = true, onChanged = false, backlightChanged = true, backlight = 43
12-22 12:21:50.950 649-701/? D/PowerManagerDisplayState: mTask: on = true, mActualOn = true, backlight = 43, mActualBacklight = 43
12-22 12:21:50.984 649-701/? D/PowerManagerDisplayState: setScreenBrightness: brightness=44
12-22 12:21:50.984 649-701/? D/PowerManagerDisplayState: Requesting new screen state: on=true, backlight=44, mChangeInProgress=false
12-22 12:21:50.984 649-701/? D/PowerManagerDisplayState: on mTask
12-22 12:21:50.984 649-701/? D/PowerManagerDisplayState: mTask: on = true, mActualOn = true, backlight = 44, mActualBacklight = 43
12-22 12:21:50.984 649-701/? D/PowerManagerDisplayState: mTask: on = true, onChanged = false, backlightChanged = true, backlight = 44
12-22 12:21:50.985 649-701/? D/PowerManagerDisplayState: mTask: on = true, mActualOn = true, backlight = 44, mActualBacklight = 44
12-22 12:21:51.001 649-701/? D/PowerManagerDisplayState: setScreenBrightness: brightness=45
12-22 12:21:51.001 649-701/? D/PowerManagerDisplayState: Requesting new screen state: on=true, backlight=45, mChangeInProgress=false
12-22 12:21:51.001 649-701/? D/PowerManagerDisplayState: on mTask
12-22 12:21:51.002 649-701/? D/PowerManagerDisplayState: mTask: on = true, mActualOn = true, backlight = 45, mActualBacklight = 44
12-22 12:21:51.002 649-701/? D/PowerManagerDisplayState: mTask: on = true, onChanged = false, backlightChanged = true, backlight = 45
12-22 12:21:51.002 649-701/? D/PowerManagerDisplayState: mTask: on = true, mActualOn = true, backlight = 45, mActualBacklight = 45
12-22 12:21:51.036 649-701/? D/PowerManagerDisplayState: setScreenBrightness: brightness=46
12-22 12:21:51.036 649-701/? D/PowerManagerDisplayState: Requesting new screen state: on=true, backlight=46, mChangeInProgress=false
12-22 12:21:51.036 649-701/? D/PowerManagerDisplayState: on mTask
12-22 12:21:51.036 649-701/? D/PowerManagerDisplayState: mTask: on = true, mActualOn = true, backlight = 46, mActualBacklight = 45
12-22 12:21:51.036 649-701/? D/PowerManagerDisplayState: mTask: on = true, onChanged = false, backlightChanged = true, backlight = 46
12-22 12:21:51.037 649-701/? D/PowerManagerDisplayState: mTask: on = true, mActualOn = true, backlight = 46, mActualBacklight = 46
12-22 12:21:51.054 649-701/? D/PowerManagerDisplayState: setScreenBrightness: brightness=47
12-22 12:21:51.054 649-701/? D/PowerManagerDisplayState: Requesting new screen state: on=true, backlight=47, mChangeInProgress=false
12-22 12:21:51.054 649-701/? D/PowerManagerDisplayState: on mTask
12-22 12:21:51.054 649-701/? D/PowerManagerDisplayState: mTask: on = true, mActualOn = true, backlight = 47, mActualBacklight = 46
12-22 12:21:51.054 649-701/? D/PowerManagerDisplayState: mTask: on = true, onChanged = false, backlightChanged = true, backlight = 47
12-22 12:21:51.054 649-701/? D/PowerManagerDisplayState: mTask: on = true, mActualOn = true, backlight = 47, mActualBacklight = 47
12-22 12:21:51.089 649-701/? D/PowerManagerDisplayState: setScreenBrightness: brightness=48
12-22 12:21:51.089 649-701/? D/PowerManagerDisplayState: Requesting new screen state: on=true, backlight=48, mChangeInProgress=false
12-22 12:21:51.089 649-701/? D/PowerManagerDisplayState: on mTask
12-22 12:21:51.089 649-701/? D/PowerManagerDisplayState: mTask: on = true, mActualOn = true, backlight = 48, mActualBacklight = 47
12-22 12:21:51.089 649-701/? D/PowerManagerDisplayState: mTask: on = true, onChanged = false, backlightChanged = true, backlight = 48
12-22 12:21:51.090 649-701/? D/PowerManagerDisplayState: mTask: on = true, mActualOn = true, backlight = 48, mActualBacklight = 48
12-22 12:21:51.106 649-701/? D/PowerManagerDisplayState: setScreenBrightness: brightness=49
12-22 12:21:51.106 649-701/? D/PowerManagerDisplayState: Requesting new screen state: on=true, backlight=49, mChangeInProgress=false
12-22 12:21:51.107 649-701/? D/PowerManagerDisplayState: on mTask
12-22 12:21:51.107 649-701/? D/PowerManagerDisplayState: mTask: on = true, mActualOn = true, backlight = 49, mActualBacklight = 48
12-22 12:21:51.107 649-701/? D/PowerManagerDisplayState: mTask: on = true, onChanged = false, backlightChanged = true, backlight = 49
12-22 12:21:51.108 649-701/? D/PowerManagerDisplayState: mTask: on = true, mActualOn = true, backlight = 49, mActualBacklight = 49
12-22 12:21:51.123 649-701/? D/PowerManagerDisplayState: setScreenBrightness: brightness=50
12-22 12:21:51.124 649-701/? D/PowerManagerDisplayState: Requesting new screen state: on=true, backlight=50, mChangeInProgress=false
12-22 12:21:51.124 649-701/? D/PowerManagerDisplayState: on mTask
12-22 12:21:51.124 649-701/? D/PowerManagerDisplayState: mTask: on = true, mActualOn = true, backlight = 50, mActualBacklight = 49
12-22 12:21:51.124 649-701/? D/PowerManagerDisplayState: mTask: on = true, onChanged = false, backlightChanged = true, backlight = 50
12-22 12:21:51.125 649-701/? D/PowerManagerDisplayState: mTask: on = true, mActualOn = true, backlight = 50, mActualBacklight = 50
12-22 12:21:51.136 649-704/? D/PowerManagerService: userActivityFromNative
12-22 12:21:51.137 649-704/? D/PowerManagerService: userActivityNoUpdateLocked: eventTime=717919, event=2, flags=0x0, uid=1000
12-22 12:21:51.137 649-704/? D/PowerManagerNotifier: onUserActivity: event=2, uid=1000
12-22 12:21:51.137 649-704/? D/PowerManagerService: updateUserActivitySummaryLocked: mWakefulness=Awake, mUserActivitySummary=0x5, nextTimeout=724106 (in 6186 ms)
12-22 12:21:51.137 649-704/? D/PowerManagerService: newScreenState = 2
12-22 12:21:51.138 649-704/? D/PowerManagerDisplayController: requestPowerState: screenState=2, useProximitySensor=false, forceProximitySensorEnable=false, forceWakeUpEnable=false, screenBrightness=102, screenAutoBrightnessAdjustment=0.0, useAutoBrightness=true, useEcoBrightness=false, blockScreenOn=false, waitForNegativeProximity=false
12-22 12:21:51.138 649-704/? I/PowerManagerService: setBrightness mButtonLight, screenBrightness=102
12-22 12:21:51.138 649-704/? D/PowerManagerService: updateScreenStateLocked: mDisplayReady=true, newScreenState=2, mWakefulness=1, mWakeLockSummary=0x0, mUserActivitySummary=0x5, mBootCompleted=true
12-22 12:21:51.139 649-701/? D/PowerManagerService: handleSandman: canDream=false, mWakefulness=Awake
12-22 12:21:51.158 649-701/? D/PowerManagerDisplayState: setScreenBrightness: brightness=51
12-22 12:21:51.159 649-701/? D/PowerManagerDisplayState: Requesting new screen state: on=true, backlight=51, mChangeInProgress=false
12-22 12:21:51.159 649-701/? D/PowerManagerDisplayState: on mTask
12-22 12:21:51.159 649-701/? D/PowerManagerDisplayState: mTask: on = true, mActualOn = true, backlight = 51, mActualBacklight = 50
12-22 12:21:51.160 649-701/? D/PowerManagerDisplayState: mTask: on = true, onChanged = false, backlightChanged = true, backlight = 51
12-22 12:21:51.161 649-701/? D/PowerManagerDisplayState: mTask: on = true, mActualOn = true, backlight = 51, mActualBacklight = 51
12-22 12:21:51.176 649-701/? D/PowerManagerDisplayState: setScreenBrightness: brightness=52
12-22 12:21:51.176 649-701/? D/PowerManagerDisplayState: Requesting new screen state: on=true, backlight=52, mChangeInProgress=false
12-22 12:21:51.177 649-701/? D/PowerManagerDisplayState: on mTask
12-22 12:21:51.177 649-701/? D/PowerManagerDisplayState: mTask: on = true, mActualOn = true, backlight = 52, mActualBacklight = 51
12-22 12:21:51.177 649-701/? D/PowerManagerDisplayState: mTask: on = true, onChanged = false, backlightChanged = true, backlight = 52
12-22 12:21:51.177 649-701/? D/PowerManagerDisplayState: mTask: on = true, mActualOn = true, backlight = 52, mActualBacklight = 52
12-22 12:21:51.211 649-701/? D/PowerManagerDisplayState: setScreenBrightness: brightness=53
12-22 12:21:51.211 649-701/? D/PowerManagerDisplayState: Requesting new screen state: on=true, backlight=53, mChangeInProgress=false
12-22 12:21:51.211 649-701/? D/PowerManagerDisplayState: on mTask
12-22 12:21:51.211 649-701/? D/PowerManagerDisplayState: mTask: on = true, mActualOn = true, backlight = 53, mActualBacklight = 52
12-22 12:21:51.211 649-701/? D/PowerManagerDisplayState: mTask: on = true, onChanged = false, backlightChanged = true, backlight = 53
12-22 12:21:51.212 649-701/? D/PowerManagerDisplayState: mTask: on = true, mActualOn = true, backlight = 53, mActualBacklight = 53
12-22 12:21:51.228 649-701/? D/PowerManagerDisplayState: setScreenBrightness: brightness=54
12-22 12:21:51.228 649-701/? D/PowerManagerDisplayState: Requesting new screen state: on=true, backlight=54, mChangeInProgress=false
12-22 12:21:51.228 649-701/? D/PowerManagerDisplayState: on mTask
12-22 12:21:51.228 649-701/? D/PowerManagerDisplayState: mTask: on = true, mActualOn = true, backlight = 54, mActualBacklight = 53
12-22 12:21:51.229 649-701/? D/PowerManagerDisplayState: mTask: on = true, onChanged = false, backlightChanged = true, backlight = 54
12-22 12:21:51.229 649-701/? D/PowerManagerDisplayState: mTask: on = true, mActualOn = true, backlight = 54, mActualBacklight = 54
12-22 12:21:51.263 649-701/? D/PowerManagerDisplayState: setScreenBrightness: brightness=55
12-22 12:21:51.263 649-701/? D/PowerManagerDisplayState: Requesting new screen state: on=true, backlight=55, mChangeInProgress=false
12-22 12:21:51.263 649-701/? D/PowerManagerDisplayState: on mTask
12-22 12:21:51.263 649-701/? D/PowerManagerDisplayState: mTask: on = true, mActualOn = true, backlight = 55, mActualBacklight = 54
12-22 12:21:51.263 649-701/? D/PowerManagerDisplayState: mTask: on = true, onChanged = false, backlightChanged = true, backlight = 55
12-22 12:21:51.264 649-701/? D/PowerManagerDisplayState: mTask: on = true, mActualOn = true, backlight = 55, mActualBacklight = 55
12-22 12:21:51.280 649-701/? D/PowerManagerDisplayState: setScreenBrightness: brightness=56
12-22 12:21:51.281 649-701/? D/PowerManagerDisplayState: Requesting new screen state: on=true, backlight=56, mChangeInProgress=false
12-22 12:21:51.281 649-701/? D/PowerManagerDisplayState: on mTask
12-22 12:21:51.281 649-701/? D/PowerManagerDisplayState: mTask: on = true, mActualOn = true, backlight = 56, mActualBacklight = 55
12-22 12:21:51.281 649-701/? D/PowerManagerDisplayState: mTask: on = true, onChanged = false, backlightChanged = true, backlight = 56
12-22 12:21:51.282 649-701/? D/PowerManagerDisplayState: mTask: on = true, mActualOn = true, backlight = 56, mActualBacklight = 56
12-22 12:21:51.315 649-701/? D/PowerManagerDisplayState: setScreenBrightness: brightness=57
12-22 12:21:51.315 649-701/? D/PowerManagerDisplayState: Requesting new screen state: on=true, backlight=57, mChangeInProgress=false
12-22 12:21:51.315 649-701/? D/PowerManagerDisplayState: on mTask
12-22 12:21:51.316 649-701/? D/PowerManagerDisplayState: mTask: on = true, mActualOn = true, backlight = 57, mActualBacklight = 56
12-22 12:21:51.316 649-701/? D/PowerManagerDisplayState: mTask: on = true, onChanged = false, backlightChanged = true, backlight = 57
12-22 12:21:51.317 649-701/? D/PowerManagerDisplayState: mTask: on = true, mActualOn = true, backlight = 57, mActualBacklight = 57
12-22 12:21:51.332 649-701/? D/PowerManagerDisplayState: setScreenBrightness: brightness=58
12-22 12:21:51.333 649-701/? D/PowerManagerDisplayState: Requesting new screen state: on=true, backlight=58, mChangeInProgress=false
12-22 12:21:51.333 649-701/? D/PowerManagerDisplayState: on mTask
12-22 12:21:51.333 649-701/? D/PowerManagerDisplayState: mTask: on = true, mActualOn = true, backlight = 58, mActualBacklight = 57
12-22 12:21:51.333 649-701/? D/PowerManagerDisplayState: mTask: on = true, onChanged = false, backlightChanged = true, backlight = 58
12-22 12:21:51.334 649-701/? D/PowerManagerDisplayState: mTask: on = true, mActualOn = true, backlight = 58, mActualBacklight = 58
12-22 12:21:51.350 649-701/? D/PowerManagerDisplayState: setScreenBrightness: brightness=59
12-22 12:21:51.350 649-701/? D/PowerManagerDisplayState: Requesting new screen state: on=true, backlight=59, mChangeInProgress=false
12-22 12:21:51.350 649-701/? D/PowerManagerDisplayState: on mTask
12-22 12:21:51.350 649-701/? D/PowerManagerDisplayState: mTask: on = true, mActualOn = true, backlight = 59, mActualBacklight = 58
12-22 12:21:51.351 649-701/? D/PowerManagerDisplayState: mTask: on = true, onChanged = false, backlightChanged = true, backlight = 59
12-22 12:21:51.351 649-701/? D/PowerManagerDisplayState: mTask: on = true, mActualOn = true, backlight = 59, mActualBacklight = 59
12-22 12:21:51.370 649-659/? I/ActivityManager: Killing 4973:com.android.settings/1000 (adj 9): remove task
12-22 12:21:51.385 649-2044/? D/DisplayManagerService: Display listener for pid 4973 died.
12-22 12:21:51.386 649-701/? D/PowerManagerDisplayState: setScreenBrightness: brightness=60
12-22 12:21:51.386 649-701/? D/PowerManagerDisplayState: Requesting new screen state: on=true, backlight=60, mChangeInProgress=false
12-22 12:21:51.387 649-4400/? I/WindowState: WIN DEATH: Window{427ffb68 u0 com.android.settings/com.android.settings.DevelopmentSettings}
12-22 12:21:51.387 649-701/? D/PowerManagerDisplayState: on mTask
12-22 12:21:51.387 649-701/? D/PowerManagerDisplayState: mTask: on = true, mActualOn = true, backlight = 60, mActualBacklight = 59
12-22 12:21:51.387 649-828/? D/WifiService: Client connection lost with reason: 4
12-22 12:21:51.387 649-701/? D/PowerManagerDisplayState: mTask: on = true, onChanged = false, backlightChanged = true, backlight = 60
12-22 12:21:51.389 649-701/? D/PowerManagerDisplayState: mTask: on = true, mActualOn = true, backlight = 60, mActualBacklight = 60
12-22 12:21:51.402 649-701/? D/PowerManagerDisplayState: setScreenBrightness: brightness=61
12-22 12:21:51.403 649-701/? D/PowerManagerDisplayState: Requesting new screen state: on=true, backlight=61, mChangeInProgress=false
12-22 12:21:51.403 649-701/? D/PowerManagerDisplayState: on mTask
12-22 12:21:51.403 649-701/? D/PowerManagerDisplayState: mTask: on = true, mActualOn = true, backlight = 61, mActualBacklight = 60
12-22 12:21:51.403 649-701/? D/PowerManagerDisplayState: mTask: on = true, onChanged = false, backlightChanged = true, backlight = 61
12-22 12:21:51.404 649-701/? D/PowerManagerDisplayState: mTask: on = true, mActualOn = true, backlight = 61, mActualBacklight = 61
12-22 12:21:51.437 649-701/? D/PowerManagerDisplayState: setScreenBrightness: brightness=62
12-22 12:21:51.437 649-701/? D/PowerManagerDisplayState: Requesting new screen state: on=true, backlight=62, mChangeInProgress=false
12-22 12:21:51.438 649-701/? D/PowerManagerDisplayState: on mTask
12-22 12:21:51.438 649-701/? D/PowerManagerDisplayState: mTask: on = true, mActualOn = true, backlight = 62, mActualBacklight = 61
12-22 12:21:51.438 649-701/? D/PowerManagerDisplayState: mTask: on = true, onChanged = false, backlightChanged = true, backlight = 62
12-22 12:21:51.439 649-701/? D/PowerManagerDisplayState: mTask: on = true, mActualOn = true, backlight = 62, mActualBacklight = 62
12-22 12:21:51.454 649-701/? D/PowerManagerDisplayState: setScreenBrightness: brightness=63
12-22 12:21:51.455 649-701/? D/PowerManagerDisplayState: Requesting new screen state: on=true, backlight=63, mChangeInProgress=false
12-22 12:21:51.455 649-701/? D/PowerManagerDisplayState: on mTask
12-22 12:21:51.455 649-701/? D/PowerManagerDisplayState: mTask: on = true, mActualOn = true, backlight = 63, mActualBacklight = 62
12-22 12:21:51.455 649-701/? D/PowerManagerDisplayState: mTask: on = true, onChanged = false, backlightChanged = true, backlight = 63
12-22 12:21:51.456 649-701/? D/PowerManagerDisplayState: mTask: on = true, mActualOn = true, backlight = 63, mActualBacklight = 63
12-22 12:21:51.489 649-701/? D/PowerManagerDisplayState: setScreenBrightness: brightness=64
12-22 12:21:51.490 649-701/? D/PowerManagerDisplayState: Requesting new screen state: on=true, backlight=64, mChangeInProgress=false
12-22 12:21:51.490 649-701/? D/PowerManagerDisplayState: on mTask
12-22 12:21:51.490 649-701/? D/PowerManagerDisplayState: mTask: on = true, mActualOn = true, backlight = 64, mActualBacklight = 63
12-22 12:21:51.490 649-701/? D/PowerManagerDisplayState: mTask: on = true, onChanged = false, backlightChanged = true, backlight = 64
12-22 12:21:51.490 649-701/? D/PowerManagerDisplayState: mTask: on = true, mActualOn = true, backlight = 64, mActualBacklight = 64
12-22 12:21:51.507 649-701/? D/PowerManagerDisplayState: setScreenBrightness: brightness=65
12-22 12:21:51.507 649-701/? D/PowerManagerDisplayState: Requesting new screen state: on=true, backlight=65, mChangeInProgress=false
12-22 12:21:51.507 649-701/? D/PowerManagerDisplayState: on mTask
12-22 12:21:51.508 649-701/? D/PowerManagerDisplayState: mTask: on = true, mActualOn = true, backlight = 65, mActualBacklight = 64
12-22 12:21:51.508 649-701/? D/PowerManagerDisplayState: mTask: on = true, onChanged = false, backlightChanged = true, backlight = 65
12-22 12:21:51.508 649-701/? D/PowerManagerDisplayState: mTask: on = true, mActualOn = true, backlight = 65, mActualBacklight = 65
12-22 12:21:51.524 649-701/? D/PowerManagerDisplayState: setScreenBrightness: brightness=66
12-22 12:21:51.524 649-701/? D/PowerManagerDisplayState: Requesting new screen state: on=true, backlight=66, mChangeInProgress=false
12-22 12:21:51.525 649-701/? D/PowerManagerDisplayState: on mTask
12-22 12:21:51.525 649-701/? D/PowerManagerDisplayState: mTask: on = true, mActualOn = true, backlight = 66, mActualBacklight = 65
12-22 12:21:51.525 649-701/? D/PowerManagerDisplayState: mTask: on = true, onChanged = false, backlightChanged = true, backlight = 66
12-22 12:21:51.525 649-701/? D/PowerManagerDisplayState: mTask: on = true, mActualOn = true, backlight = 66, mActualBacklight = 66
12-22 12:21:51.559 649-701/? D/PowerManagerDisplayState: setScreenBrightness: brightness=67
12-22 12:21:51.560 649-701/? D/PowerManagerDisplayState: Requesting new screen state: on=true, backlight=67, mChangeInProgress=false
12-22 12:21:51.560 649-701/? D/PowerManagerDisplayState: on mTask
12-22 12:21:51.560 649-701/? D/PowerManagerDisplayState: mTask: on = true, mActualOn = true, backlight = 67, mActualBacklight = 66
12-22 12:21:51.561 649-701/? D/PowerManagerDisplayState: mTask: on = true, onChanged = false, backlightChanged = true, backlight = 67
12-22 12:21:51.562 649-701/? D/PowerManagerDisplayState: mTask: on = true, mActualOn = true, backlight = 67, mActualBacklight = 67
12-22 12:21:51.577 649-701/? D/PowerManagerDisplayState: setScreenBrightness: brightness=68
12-22 12:21:51.577 649-701/? D/PowerManagerDisplayState: Requesting new screen state: on=true, backlight=68, mChangeInProgress=false
12-22 12:21:51.577 649-701/? D/PowerManagerDisplayState: on mTask
12-22 12:21:51.577 649-701/? D/PowerManagerDisplayState: mTask: on = true, mActualOn = true, backlight = 68, mActualBacklight = 67
12-22 12:21:51.578 649-701/? D/PowerManagerDisplayState: mTask: on = true, onChanged = false, backlightChanged = true, backlight = 68
12-22 12:21:51.579 649-701/? D/PowerManagerDisplayState: mTask: on = true, mActualOn = true, backlight = 68, mActualBacklight = 68
12-22 12:21:51.611 649-701/? D/PowerManagerDisplayState: setScreenBrightness: brightness=69
12-22 12:21:51.612 649-701/? D/PowerManagerDisplayState: Requesting new screen state: on=true, backlight=69, mChangeInProgress=false
12-22 12:21:51.612 649-701/? D/PowerManagerDisplayState: on mTask
12-22 12:21:51.612 649-701/? D/PowerManagerDisplayState: mTask: on = true, mActualOn = true, backlight = 69, mActualBacklight = 68
12-22 12:21:51.612 649-701/? D/PowerManagerDisplayState: mTask: on = true, onChanged = false, backlightChanged = true, backlight = 69
12-22 12:21:51.613 649-701/? D/PowerManagerDisplayState: mTask: on = true, mActualOn = true, backlight = 69, mActualBacklight = 69
12-22 12:21:51.629 649-701/? D/PowerManagerDisplayState: setScreenBrightness: brightness=70
12-22 12:21:51.629 649-701/? D/PowerManagerDisplayState: Requesting new screen state: on=true, backlight=70, mChangeInProgress=false
12-22 12:21:51.629 649-701/? D/PowerManagerDisplayState: on mTask
12-22 12:21:51.630 649-701/? D/PowerManagerDisplayState: mTask: on = true, mActualOn = true, backlight = 70, mActualBacklight = 69
12-22 12:21:51.630 649-701/? D/PowerManagerDisplayState: mTask: on = true, onChanged = false, backlightChanged = true, backlight = 70
12-22 12:21:51.630 649-701/? D/PowerManagerDisplayState: mTask: on = true, mActualOn = true, backlight = 70, mActualBacklight = 70
12-22 12:21:51.656 649-704/? D/PowerManagerService: userActivityFromNative
12-22 12:21:51.656 649-704/? D/PowerManagerService: userActivityNoUpdateLocked: eventTime=718438, event=2, flags=0x0, uid=1000
12-22 12:21:51.656 649-704/? D/PowerManagerNotifier: onUserActivity: event=2, uid=1000
12-22 12:21:51.657 649-704/? D/PowerManagerService: updateUserActivitySummaryLocked: mWakefulness=Awake, mUserActivitySummary=0x5, nextTimeout=724106 (in 5666 ms)
12-22 12:21:51.657 649-704/? D/PowerManagerService: newScreenState = 2
12-22 12:21:51.657 649-704/? D/PowerManagerDisplayController: requestPowerState: screenState=2, useProximitySensor=false, forceProximitySensorEnable=false, forceWakeUpEnable=false, screenBrightness=102, screenAutoBrightnessAdjustment=0.0, useAutoBrightness=true, useEcoBrightness=false, blockScreenOn=false, waitForNegativeProximity=false
12-22 12:21:51.658 649-704/? I/PowerManagerService: setBrightness mButtonLight, screenBrightness=102
12-22 12:21:51.658 649-704/? D/PowerManagerService: updateScreenStateLocked: mDisplayReady=true, newScreenState=2, mWakefulness=1, mWakeLockSummary=0x0, mUserActivitySummary=0x5, mBootCompleted=true
12-22 12:21:51.658 649-701/? D/PowerManagerService: handleSandman: canDream=false, mWakefulness=Awake
12-22 12:21:51.664 649-701/? D/PowerManagerDisplayState: setScreenBrightness: brightness=71
12-22 12:21:51.665 649-701/? D/PowerManagerDisplayState: Requesting new screen state: on=true, backlight=71, mChangeInProgress=false
12-22 12:21:51.665 649-701/? D/PowerManagerDisplayState: on mTask
12-22 12:21:51.665 649-701/? D/PowerManagerDisplayState: mTask: on = true, mActualOn = true, backlight = 71, mActualBacklight = 70
12-22 12:21:51.665 649-701/? D/PowerManagerDisplayState: mTask: on = true, onChanged = false, backlightChanged = true, backlight = 71
12-22 12:21:51.666 649-701/? D/PowerManagerDisplayState: mTask: on = true, mActualOn = true, backlight = 71, mActualBacklight = 71
12-22 12:21:51.681 649-701/? D/PowerManagerDisplayState: setScreenBrightness: brightness=72
12-22 12:21:51.682 649-701/? D/PowerManagerDisplayState: Requesting new screen state: on=true, backlight=72, mChangeInProgress=false
12-22 12:21:51.682 649-701/? D/PowerManagerDisplayState: on mTask
12-22 12:21:51.682 649-701/? D/PowerManagerDisplayState: mTask: on = true, mActualOn = true, backlight = 72, mActualBacklight = 71
12-22 12:21:51.682 649-701/? D/PowerManagerDisplayState: mTask: on = true, onChanged = false, backlightChanged = true, backlight = 72
12-22 12:21:51.683 649-701/? D/PowerManagerDisplayState: mTask: on = true, mActualOn = true, backlight = 72, mActualBacklight = 72
12-22 12:21:51.699 649-701/? D/PowerManagerDisplayState: setScreenBrightness: brightness=73
12-22 12:21:51.699 649-701/? D/PowerManagerDisplayState: Requesting new screen state: on=true, backlight=73, mChangeInProgress=false
12-22 12:21:51.699 649-701/? D/PowerManagerDisplayState: on mTask
12-22 12:21:51.699 649-701/? D/PowerManagerDisplayState: mTask: on = true, mActualOn = true, backlight = 73, mActualBacklight = 72
12-22 12:21:51.700 649-701/? D/PowerManagerDisplayState: mTask: on = true, onChanged = false, backlightChanged = true, backlight = 73
12-22 12:21:51.701 649-701/? D/PowerManagerDisplayState: mTask: on = true, mActualOn = true, backlight = 73, mActualBacklight = 73
12-22 12:21:51.734 649-701/? D/PowerManagerDisplayState: setScreenBrightness: brightness=74
12-22 12:21:51.734 649-701/? D/PowerManagerDisplayState: Requesting new screen state: on=true, backlight=74, mChangeInProgress=false
12-22 12:21:51.734 649-701/? D/PowerManagerDisplayState: on mTask
12-22 12:21:51.734 649-701/? D/PowerManagerDisplayState: mTask: on = true, mActualOn = true, backlight = 74, mActualBacklight = 73
12-22 12:21:51.735 649-701/? D/PowerManagerDisplayState: mTask: on = true, onChanged = false, backlightChanged = true, backlight = 74
12-22 12:21:51.735 649-701/? D/PowerManagerDisplayState: mTask: on = true, mActualOn = true, backlight = 74, mActualBacklight = 74
12-22 12:21:51.751 649-701/? D/PowerManagerDisplayState: setScreenBrightness: brightness=75
12-22 12:21:51.752 649-701/? D/PowerManagerDisplayState: Requesting new screen state: on=true, backlight=75, mChangeInProgress=false
12-22 12:21:51.752 649-701/? D/PowerManagerDisplayState: on mTask
12-22 12:21:51.753 649-701/? D/PowerManagerDisplayState: mTask: on = true, mActualOn = true, backlight = 75, mActualBacklight = 74
12-22 12:21:51.753 649-701/? D/PowerManagerDisplayState: mTask: on = true, onChanged = false, backlightChanged = true, backlight = 75
12-22 12:21:51.754 649-701/? D/PowerManagerDisplayState: mTask: on = true, mActualOn = true, backlight = 75, mActualBacklight = 75
12-22 12:21:51.786 649-701/? D/PowerManagerDisplayState: setScreenBrightness: brightness=76
12-22 12:21:51.786 649-701/? D/PowerManagerDisplayState: Requesting new screen state: on=true, backlight=76, mChangeInProgress=false
12-22 12:21:51.786 649-701/? D/PowerManagerDisplayState: on mTask
12-22 12:21:51.787 649-701/? D/PowerManagerDisplayState: mTask: on = true, mActualOn = true, backlight = 76, mActualBacklight = 75
12-22 12:21:51.787 649-701/? D/PowerManagerDisplayState: mTask: on = true, onChanged = false, backlightChanged = true, backlight = 76
12-22 12:21:51.788 649-701/? D/PowerManagerDisplayState: mTask: on = true, mActualOn = true, backlight = 76, mActualBacklight = 76
12-22 12:21:51.803 649-701/? D/PowerManagerDisplayState: setScreenBrightness: brightness=77
12-22 12:21:51.804 649-701/? D/PowerManagerDisplayState: Requesting new screen state: on=true, backlight=77, mChangeInProgress=false
12-22 12:21:51.804 649-701/? D/PowerManagerDisplayState: on mTask
12-22 12:21:51.804 649-701/? D/PowerManagerDisplayState: mTask: on = true, mActualOn = true, backlight = 77, mActualBacklight = 76
12-22 12:21:51.804 649-701/? D/PowerManagerDisplayState: mTask: on = true, onChanged = false, backlightChanged = true, backlight = 77
12-22 12:21:51.806 649-701/? D/PowerManagerDisplayState: mTask: on = true, mActualOn = true, backlight = 77, mActualBacklight = 77
12-22 12:21:51.838 649-701/? D/PowerManagerDisplayState: setScreenBrightness: brightness=78
12-22 12:21:51.839 649-701/? D/PowerManagerDisplayState: Requesting new screen state: on=true, backlight=78, mChangeInProgress=false
12-22 12:21:51.839 649-701/? D/PowerManagerDisplayState: on mTask
12-22 12:21:51.839 649-701/? D/PowerManagerDisplayState: mTask: on = true, mActualOn = true, backlight = 78, mActualBacklight = 77
12-22 12:21:51.839 649-701/? D/PowerManagerDisplayState: mTask: on = true, onChanged = false, backlightChanged = true, backlight = 78
12-22 12:21:51.840 649-701/? D/PowerManagerDisplayState: mTask: on = true, mActualOn = true, backlight = 78, mActualBacklight = 78
12-22 12:21:51.856 649-701/? D/PowerManagerDisplayState: setScreenBrightness: brightness=79
12-22 12:21:51.856 649-701/? D/PowerManagerDisplayState: Requesting new screen state: on=true, backlight=79, mChangeInProgress=false
12-22 12:21:51.856 649-701/? D/PowerManagerDisplayState: on mTask
12-22 12:21:51.856 649-701/? D/PowerManagerDisplayState: mTask: on = true, mActualOn = true, backlight = 79, mActualBacklight = 78
12-22 12:21:51.857 649-701/? D/PowerManagerDisplayState: mTask: on = true, onChanged = false, backlightChanged = true, backlight = 79
12-22 12:21:51.858 649-701/? D/PowerManagerDisplayState: mTask: on = true, mActualOn = true, backlight = 79, mActualBacklight = 79
12-22 12:21:51.873 649-701/? D/PowerManagerDisplayState: setScreenBrightness: brightness=80
12-22 12:21:51.874 649-701/? D/PowerManagerDisplayState: Requesting new screen state: on=true, backlight=80, mChangeInProgress=false
12-22 12:21:51.874 649-701/? D/PowerManagerDisplayState: on mTask
12-22 12:21:51.875 649-701/? D/PowerManagerDisplayState: mTask: on = true, mActualOn = true, backlight = 80, mActualBacklight = 79
12-22 12:21:51.875 649-701/? D/PowerManagerDisplayState: mTask: on = true, onChanged = false, backlightChanged = true, backlight = 80
12-22 12:21:51.875 649-701/? D/PowerManagerDisplayState: mTask: on = true, mActualOn = true, backlight = 80, mActualBacklight = 80
12-22 12:21:51.901 649-1200/? V/ActivityManager: Broadcast: Intent { act=android.intent.action.CLOSE_SYSTEM_DIALOGS flg=0x50000010 (has extras) } ordered=false userid=-1 callerApp=null
12-22 12:21:51.908 649-701/? D/PowerManagerDisplayState: setScreenBrightness: brightness=81
12-22 12:21:51.908 649-701/? D/PowerManagerDisplayState: Requesting new screen state: on=true, backlight=81, mChangeInProgress=false
12-22 12:21:51.908 649-701/? D/PowerManagerDisplayState: on mTask
12-22 12:21:51.908 649-701/? D/PowerManagerDisplayState: mTask: on = true, mActualOn = true, backlight = 81, mActualBacklight = 80
12-22 12:21:51.909 649-701/? D/PowerManagerDisplayState: mTask: on = true, onChanged = false, backlightChanged = true, backlight = 81
12-22 12:21:51.909 649-701/? D/PowerManagerDisplayState: mTask: on = true, mActualOn = true, backlight = 81, mActualBacklight = 81
12-22 12:21:52.147 649-701/? D/PowerManagerDisplayState: setScreenBrightness: brightness=90
12-22 12:21:52.147 649-701/? D/PowerManagerDisplayState: Requesting new screen state: on=true, backlight=90, mChangeInProgress=false
12-22 12:21:52.147 649-701/? D/PowerManagerDisplayState: on mTask
12-22 12:21:52.147 649-701/? D/PowerManagerDisplayState: mTask: on = true, mActualOn = true, backlight = 90, mActualBacklight = 81
12-22 12:21:52.147 649-701/? D/PowerManagerDisplayState: mTask: on = true, onChanged = false, backlightChanged = true, backlight = 90
12-22 12:21:52.148 649-701/? D/PowerManagerDisplayState: mTask: on = true, mActualOn = true, backlight = 90, mActualBacklight = 90
12-22 12:21:52.149 649-659/? V/WindowManager: Changing focus from Window{42eaa528 u0 com.acer.android.floatapp.recent/com.acer.android.floatapp.recent.RecentsActivity} to null Callers=com.android.server.wm.WindowManagerService.relayoutWindow:3466 com.android.server.wm.Session.relayout:191 android.view.IWindowSession$Stub.onTransact:235 com.android.server.wm.Session.onTransact:126
12-22 12:21:52.151 649-1226/? D/PowerManagerService: acquireWakeLockInternal: lock=1106266744, flags=0x1, tag="ActivityManager-Launch", ws=null, uid=1000, pid=649
12-22 12:21:52.151 649-1226/? D/PowerManagerNotifier: onWakeLockAcquired: flags=1, tag="ActivityManager-Launch", packageName=android, ownerUid=1000, ownerPid=649, workSource=null
12-22 12:21:52.151 649-1226/? D/PowerManagerService: updateWakeLockSummaryLocked: mWakefulness=Awake, mWakeLockSummary=0x1
12-22 12:21:52.151 649-1226/? D/PowerManagerService: newScreenState = 2
12-22 12:21:52.152 649-668/? I/WindowManager: Losing focus: Window{42eaa528 u0 com.acer.android.floatapp.recent/com.acer.android.floatapp.recent.RecentsActivity}
12-22 12:21:52.152 649-1226/? D/PowerManagerDisplayController: requestPowerState: screenState=2, useProximitySensor=false, forceProximitySensorEnable=false, forceWakeUpEnable=false, screenBrightness=102, screenAutoBrightnessAdjustment=0.0, useAutoBrightness=true, useEcoBrightness=false, blockScreenOn=false, waitForNegativeProximity=false
12-22 12:21:52.152 649-1226/? I/PowerManagerService: setBrightness mButtonLight, screenBrightness=102
12-22 12:21:52.152 649-1226/? D/PowerManagerService: updateScreenStateLocked: mDisplayReady=true, newScreenState=2, mWakefulness=1, mWakeLockSummary=0x1, mUserActivitySummary=0x5, mBootCompleted=true
12-22 12:21:52.152 649-1226/? D/PowerManagerService: Acquiring suspend blocker "PowerManagerService.WakeLocks".
12-22 12:21:52.153 649-701/? D/PowerManagerService: handleSandman: canDream=false, mWakefulness=Awake
12-22 12:21:52.153 649-701/? D/PowerManagerDisplayState: setScreenBrightness: brightness=91
12-22 12:21:52.153 649-701/? D/PowerManagerDisplayState: Requesting new screen state: on=true, backlight=91, mChangeInProgress=false
12-22 12:21:52.153 649-701/? D/PowerManagerDisplayState: on mTask
12-22 12:21:52.153 649-701/? D/PowerManagerDisplayState: mTask: on = true, mActualOn = true, backlight = 91, mActualBacklight = 90
12-22 12:21:52.153 649-701/? D/PowerManagerDisplayState: mTask: on = true, onChanged = false, backlightChanged = true, backlight = 91
12-22 12:21:52.154 649-701/? D/PowerManagerDisplayState: mTask: on = true, mActualOn = true, backlight = 91, mActualBacklight = 91
12-22 12:21:52.154 649-1198/? I/ActivityManager: Killing 4766:com.acer.ccd/u0a5 (adj 13): remove task
12-22 12:21:52.154 649-1198/? I/ActivityManager: Killing 4786:com.acer.ccd.service/u0a5 (adj 11): remove task
12-22 12:21:52.167 649-2045/? D/DisplayManagerService: Display listener for pid 4786 died.
12-22 12:21:52.174 649-660/? D/DisplayManagerService: Display listener for pid 4766 died.
12-22 12:21:52.180 5310-5310/? D/ActivityThread: ACT-AM_ON_PAUSE_CALLED ActivityRecord{41e983f0 token=android.os.BinderProxy@41e97aa8 {com.acer.android.floatapp.recent/com.acer.android.floatapp.recent.RecentsActivity}}
12-22 12:21:52.183 649-4400/? V/SettingsProvider: call_put(global:lid_switch_state=1) for 0
12-22 12:21:52.183 649-4400/? V/SettingsProvider: insert(content://settings/global) for user 0 by 0
12-22 12:21:52.184 649-4400/? V/ActivityManager: ensureActivitiesVisibleLocked: consider front
12-22 12:21:52.184 649-4400/? V/ActivityManager: ensureActivitiesVisibleLocked: consider back
12-22 12:21:52.184 649-4400/? V/ActivityManager: ensureActivitiesVisibleLocked: consider front
