12-23 10:57:40.618 939-1368/? I/ActivityManager: Start proc 21631:com.sonyericsson.updatecenter/u0a61 for service com.sonyericsson.updatecenter/.ui.notifications.NotificationInteractionService
12-23 10:57:40.670 21631-21631/? W/ResourcesManager: Asset path '/system/framework/com.sonyericsson.uxpres.jar' does not exist or contains no resources.
12-23 10:57:40.671 21631-21631/? W/ResourcesManager: Asset path '/system/framework/com.sonymobile.devicesecurity_impl.jar' does not exist or contains no resources.
12-23 10:57:40.671 21631-21631/? W/ResourcesManager: Asset path '/system/framework/com.sonymobile.help.jar' does not exist or contains no resources.
12-23 10:57:40.671 21631-21631/? W/ResourcesManager: Asset path '/system/framework/com.sonyericsson.updatecenter.jar' does not exist or contains no resources.
12-23 10:57:40.671 21631-21631/? W/ResourcesManager: Asset path '/system/framework/com.sonymobile.fota.jar' does not exist or contains no resources.
12-23 10:57:40.853 939-2447/? I/ActivityManager: START u0 {act=android.intent.action.VIEW dat=content://com.sonyericsson.updatecenter.provider/applicationUpdate/2 flg=0x30000000 cmp=com.sonymobile.entrance/.DeepLinkActivity} from uid 10061 on display 0
12-23 10:57:40.858 939-2447/? W/ResourcesManager: Asset path '/system/framework/com.sonyericsson.updatecenter.jar' does not exist or contains no resources.
12-23 10:57:40.861 939-2447/? V/WindowManager: addAppToken: AppWindowToken{5165806 token=Token{316be2e1 ActivityRecord{27e5b448 u0 com.sonymobile.entrance/.DeepLinkActivity t14}}} to stack=1 task=14 at 0
12-23 10:57:40.924 939-960/? I/ActivityManager: Start proc 21674:com.sonymobile.entrance/u0a69 for activity com.sonymobile.entrance/.DeepLinkActivity
12-23 10:57:40.998 21674-21674/? W/ResourcesManager: Asset path '/system/framework/com.sonyericsson.updatecenter.jar' does not exist or contains no resources.
12-23 10:57:41.069 939-2457/? I/ActivityManager: Killing 21159:com.sony.smallapp.managerservice/u0a143 (adj 15): empty #9
12-23 10:57:41.215 939-1879/? I/ActivityManager: START u0 {dat=entrance://app/application_updates flg=0x10008000 cmp=com.sonymobile.entrance/.EntranceActivity (has extras)} from uid 10069 on display 0
12-23 10:57:41.221 939-2447/? W/InputMethodManagerService: Window already focused, ignoring focus gain of: com.android.internal.view.IInputMethodClient$Stub$Proxy@2a854063 attribute=null, token = android.os.BinderProxy@338be9b6
12-23 10:57:41.224 939-1879/? V/WindowManager: addAppToken: AppWindowToken{2da61de token=Token{31e50d19 ActivityRecord{23ecc460 u0 com.sonymobile.entrance/.EntranceActivity t14}}} to stack=1 task=14 at 1
12-23 10:57:41.227 939-1368/? W/ActivityManager: Duplicate finish request for ActivityRecord{27e5b448 u0 com.sonymobile.entrance/.DeepLinkActivity t14 f}
12-23 10:57:41.593 939-1881/? V/WindowManager: Based on layer: Adding window Window{170d2042 u0 com.sonymobile.entrance/com.sonymobile.entrance.EntranceActivity} at 3 of 9
12-23 10:57:45.512 21674-21674/? W/ResourcesManager: Asset path '/system/framework/com.sonyericsson.uxpres.jar' does not exist or contains no resources.
12-23 10:57:45.512 21674-21674/? W/ResourcesManager: Asset path '/system/framework/com.sonymobile.devicesecurity_impl.jar' does not exist or contains no resources.
12-23 10:57:45.512 21674-21674/? W/ResourcesManager: Asset path '/system/framework/com.sonymobile.help.jar' does not exist or contains no resources.
12-23 10:57:45.512 21674-21674/? W/ResourcesManager: Asset path '/system/framework/com.sonyericsson.updatecenter.jar' does not exist or contains no resources.
12-23 10:57:45.512 21674-21674/? W/ResourcesManager: Asset path '/system/framework/com.sonymobile.fota.jar' does not exist or contains no resources.
12-23 10:57:47.036 939-1790/? I/ActivityManager: Start proc 21821:com.sonymobile.devicesecurity.service/1000 for service com.sonymobile.devicesecurity.service/.DeviceSecurityService
12-23 10:57:47.163 21631-21841/? W/ActivityThread: ClassLoader.loadClass: The class loader returned by Thread.getContextClassLoader() may fail for processes that host multiple applications. You should explicitly specify a context class loader. For example: Thread.setContextClassLoader(getClass().getClassLoader());
12-23 10:57:47.556 939-1361/? I/ActivityManager: START u0 {act=android.intent.action.MAIN cat=[android.intent.category.HOME] flg=0x10200000 cmp=com.sonyericsson.home/com.sonymobile.home.HomeActivity} from uid 1000 on display 0
12-23 10:57:50.083 939-2416/? W/InputMethodManagerService: Window already focused, ignoring focus gain of: com.android.internal.view.IInputMethodClient$Stub$Proxy@19add120 attribute=null, token = android.os.BinderProxy@338be9b6
12-23 10:57:50.121 939-1810/? I/ActivityManager: START u0 {act=android.intent.action.VIEW dat=content://com.sonyericsson.updatecenter.provider/applicationUpdate/7 flg=0x30000000 cmp=com.sonymobile.entrance/.DeepLinkActivity} from uid 10061 on display 0
12-23 10:57:50.131 939-1810/? V/WindowManager: addAppToken: AppWindowToken{2c6edf4c token=Token{111c837f ActivityRecord{2341c9e u0 com.sonymobile.entrance/.DeepLinkActivity t14}}} to stack=1 task=14 at 1
12-23 10:57:50.274 939-1790/? I/ActivityManager: START u0 {dat=entrance://app/application_updates flg=0x10008000 cmp=com.sonymobile.entrance/.EntranceActivity (has extras)} from uid 10069 on display 0
12-23 10:57:50.299 939-1790/? V/WindowManager: addAppToken: AppWindowToken{57fd89b token=Token{25c164aa ActivityRecord{34066b95 u0 com.sonymobile.entrance/.EntranceActivity t14}}} to stack=1 task=14 at 2
12-23 10:57:50.302 939-1881/? W/ActivityManager: Duplicate finish request for ActivityRecord{2341c9e u0 com.sonymobile.entrance/.DeepLinkActivity t14 f}
12-23 10:57:50.565 939-2256/? V/WindowManager: Adding window Window{1487cbe4 u0 com.sonymobile.entrance/com.sonymobile.entrance.EntranceActivity} at 4 of 10 (after Window{170d2042 u0 com.sonymobile.entrance/com.sonymobile.entrance.EntranceActivity EXITING})

                                               --------- beginning of main
12-23 10:57:51.231 21631-21925/? D/UEP: [com.sonyericsson.updatecenter.uepclient.UepTrackingService] postTrackingEvents(): Posting Post request: https://updatesec.sonymobile.com/trackingv3, data={"time":1482487070967,"update":{"device":{"id":"356266063911298","clientVersion":"3.2.1.A.0.10","userIndex":"0","model":"D2303","buildVariant":"USER","cdfId":"1283-9513","swVersion":"18.6.A.0.182","cdfRevision":"R2C","fingerprint":"Sony\/D2303\/D2303:5.1.1\/18.6.A.0.182\/1643041205:user\/release-keys"},"app":{"id":"com.sonymobile.entrance","checksum":"4l6YxvVL89hH6Vre6ecnSuPUnYQ=","phase":"install","status":"initiated","sourceVersion":"6422538","targetVersion":"7208967","packageName":"com.sonymobile.entrance"}}}, contentType=JSON, dbId=11
12-23 10:57:51.231 21631-21925/? D/UEP: [com.sonyericsson.updatecenter.uepclient.UepHttpURLConnection] configureSecureConnection():
12-23 10:57:51.241 21631-21925/? I/UEP: [com.sonyericsson.updatecenter.uepclient.UepHttpHeader] UEP user agent string: SonyD2303 Build/18.6.A.0.182 UEP/1.0 com.sonyericsson.updatecenter/3.2.1.A.0.10
12-23 10:57:51.241 21631-21925/? D/UEP: [com.sonyericsson.updatecenter.uepclient.UepHttpPostClient] CRC32 checksum for the byte array is :2795384960
12-23 10:57:51.479 21631-21925/? D/UEP: [com.sonyericsson.updatecenter.uepclient.UepHttpPostClient] post(): HTTP Post response code = 201
12-23 10:57:51.557 339-1089/? D/audio_hw_primary: out_set_parameters: enter: usecase(1: low-latency-playback) kvpairs: routing=2
12-23 10:57:52.338 21674-21674/? W/ResourcesManager: Asset path '/system/framework/com.sonymobile.softreset.jar' does not exist or contains no resources.
12-23 10:57:52.338 21674-21674/? W/ResourcesManager: Asset path '/system/framework/com.sonyericsson.dlna_impl.jar' does not exist or contains no resources.
12-23 10:57:52.341 21674-21674/? W/ResourceType: Found multiple library tables, ignoring...
12-23 10:57:52.621 939-976/? I/ActivityManager: Start proc 21951:com.android.defcontainer/u0a23 for service com.android.defcontainer/.DefaultContainerService
12-23 10:57:52.653 21951-21951/? W/ResourceType: Found multiple library tables, ignoring...
12-23 10:57:52.657 21951-21951/? W/ResourceType: Found multiple library tables, ignoring...
12-23 10:57:52.659 21951-21951/? W/ResourceType: Found multiple library tables, ignoring...
12-23 10:57:52.717 21051-21051/? D/Finsky: [1] PackageVerificationReceiver.onReceive: Verification requested, id = 0
12-23 10:57:52.725 21051-21051/? D/Finsky: [1] WorkerTask.onPreExecute: Verification Requested for id = 0, data=file:///data/app/vmdl559997038.tmp flags=18 fromVerificationActivity=false
12-23 10:57:52.737 21051-21970/? D/Finsky: [3037] PackageVerificationService.getPackageInfo: Cannot read archive for file:///data/app/vmdl559997038.tmp in request id=0
12-23 10:57:52.739 939-976/? D/PackageManager: /data/app/vmdl559997038.tmp already staged; skipping copy
12-23 10:57:52.743 21051-21051/? D/Finsky: [1] PackageVerificationReceiver.onReceive: Verification requested, id = 0
12-23 10:57:52.841 1925-1925/? D/StatusBar.NetworkController: hasService: mServiceState=1 1 voice home data home null null null null null null  Unknown Unknown CSS not supported -1 -1 RoamInd=-1 DefRoamInd=-1 EmergOnly=true retVal=false
12-23 10:57:52.841 1925-1925/? D/StatusBar.NetworkController: refreshViews: Data not connected!! Set no data type icon / Roaming
12-23 10:57:52.841 1925-1925/? D/StatusBar.NetworkController: refreshViews connected={ wifi } level=4 combinedSignalIconId=0x7f0203bb/com.android.systemui:drawable/stat_sys_wifi_signal_4_fully combinedActivityIconId=0x7f0203b1 mobileLabel=Emergency calls only wifiLabel="hope_this_works"xxxxXXXXxxxxXXXX emergencyOnly=true combinedLabel="hope_this_works"xxxxXXXXxxxxXXXX mAirplaneMode=false mDataActivity=0 mPhoneSignalIconId=0x7f02039c/com.android.systemui:drawable/stat_sys_signal_null mQSPhoneSignalIconId=0x7f0200bd/com.android.systemui:drawable/ic_qs_signal_no_signal mDataDirectionIconId=0x0/(null) mDataSignalIconId=0x7f02039c/com.android.systemui:drawable/stat_sys_signal_null mDataTypeIconId=0x0/(null) mQSDataTypeIconId=0x0/(null) mNoSimIconId=0x7f0201d8/com.android.systemui:drawable/stat_sys_no_sim mWifiIconId=0x7f0203bb/com.android.systemui:drawable/stat_sys_wifi_signal_4_fully mQSWifiIconId=0x7f0200d3/com.android.systemui:drawable/ic_qs_wifi_full_4 mWifiActivityIconId=0x7f0203b1/com.android.systemui:drawable/stat_sys_wifi_out mBluetoothTetherIconId=0x1080772/android:drawable/stat_sys_tether_bluetooth
12-23 10:57:52.842 1925-1925/? D/StatusBar.NetworkController: refreshSignalCluster - setMobileDataIndicators:  mHasMobileDataFeature = true mPhoneSignalIconId = com.android.systemui:drawable/stat_sys_signal_null mDataSignalIconId = com.android.systemui:drawable/stat_sys_signal_null mMobileActivityIconId = (null) mDataTypeIconId = (null) mNoSimIconId = com.android.systemui:drawable/stat_sys_no_sim
12-23 10:57:52.843 1925-1925/? D/StatusBar.NetworkController: refreshSignalCluster - setMobileDataIndicators:  mHasMobileDataFeature = true mPhoneSignalIconId = com.android.systemui:drawable/stat_sys_signal_null mDataSignalIconId = com.android.systemui:drawable/stat_sys_signal_null mMobileActivityIconId = (null) mDataTypeIconId = (null) mNoSimIconId = com.android.systemui:drawable/stat_sys_no_sim
12-23 10:57:52.844 1925-1925/? D/StatusBar.NetworkController: refreshSignalCluster - setMobileDataIndicators:  mHasMobileDataFeature = true mPhoneSignalIconId = com.android.systemui:drawable/stat_sys_signal_null mDataSignalIconId = com.android.systemui:drawable/stat_sys_signal_null mMobileActivityIconId = (null) mDataTypeIconId = (null) mNoSimIconId = com.android.systemui:drawable/stat_sys_no_sim
12-23 10:57:52.844 1925-1925/? D/StatusBar.NetworkController: changing data overlay icon id to 2130838449
12-23 10:57:52.890 2366-3131/? W/SQLiteConnectionPool: The connection pool for database '/data/data/com.android.providers.media/databases/external.db' has been unable to grant a connection to thread 178 (Binder_5) with flags 0x2 for 960.041 seconds.
                                                       Connections: 0 active, 1 idle, 0 available.
12-23 10:57:53.087 21631-21975/? I/UpdateCenter: [com.sonyericsson.updatecenter.content.core.ExternalActionService] onHandleIntent(): received intent.
12-23 10:57:53.109 339-1089/? D/audio_hw_primary: out_set_parameters: enter: usecase(1: low-latency-playback) kvpairs: routing=2
12-23 10:57:53.248 21631-21984/? E/SQLiteLog: (284) automatic index on install_element(parent_id)
12-23 10:57:53.264 21631-21984/? D/GaGtmHelper: pushEvent category=ACTION action=Application_Install_Api label=com.sonyericsson.video 19530756 value=1
12-23 10:57:53.270 21631-21984/? D/GaGtmHelper: pushEvent category=TRACKING action=Application_Download_initiated label=com.sonyericsson.video 19530756 value=1
12-23 10:57:53.274 21631-21984/? I/UpdateCenter: [com.sonyericsson.updatecenter.tracking.TrackingUtil] executeTracking(): Tracking sent to Google Analytics.
12-23 10:57:53.292 357-357/? D/QSEECOMAPI:: QSEECom_get_handle sb_length = 0x1388
12-23 10:57:53.292 357-357/? D/QSEECOMAPI:: App is not loaded in QSEE
12-23 10:57:53.308 357-357/? D/QSEECOMAPI:: Loaded image: APP id = 2
12-23 10:57:53.329 357-357/? E/libasb:ta_utils: miscta_get_unit_size failed: unit not found
12-23 10:57:53.329 357-357/? E/libasb:ta_utils: libasb_read_miscta_unit_size for miscta_unit=2226 failed
12-23 10:57:53.336 357-357/? D/QSEECOMAPI:: QSEECom_dealloc_memory
12-23 10:57:53.336 357-357/? D/QSEECOMAPI:: QSEECom_shutdown_app, app_id = 2
12-23 10:57:53.338 21631-21984/? D/UEP: [com.sonyericsson.updatecenter.uepclient.UepClient] Execute UEP Tracking Event
12-23 10:57:53.346 21631-21987/? D/UEP: [com.sonyericsson.updatecenter.uepclient.UepTrackingService] onHandleIntent(), retry: 0
12-23 10:57:53.364 21631-21987/? D/UEP: [com.sonyericsson.updatecenter.uepclient.UepTrackingDatabase] addTrackingEvent(): Added element: true
12-23 10:57:53.367 21631-21987/? D/UEP: [com.sonyericsson.updatecenter.uepclient.UepTrackingService] Network available: true
12-23 10:57:53.368 21631-21987/? D/UEP: [com.sonyericsson.updatecenter.uepclient.UepTrackingService] postTrackingEvents(): Posting Post request: https://updatesec.sonymobile.com/trackingv3, data={"time":1482487073257,"update":{"device":{"id":"356266063911298","clientVersion":"3.2.1.A.0.10","userIndex":"0","model":"D2303","buildVariant":"USER","cdfId":"1283-9513","swVersion":"18.6.A.0.182","cdfRevision":"R2C","fingerprint":"Sony\/D2303\/D2303:5.1.1\/18.6.A.0.182\/1643041205:user\/release-keys"},"app":{"id":"com.sonyericsson.video","checksum":"pQfgVyonX6sQ39jD1RRTVGkx0FY=","phase":"download","status":"initiated","sourceVersion":"19006484","targetVersion":"19530756","packageName":"com.sonyericsson.video","downloadMode":"External","network":"wifi"}}}, contentType=JSON, dbId=12
12-23 10:57:53.368 21631-21987/? D/UEP: [com.sonyericsson.updatecenter.uepclient.UepHttpURLConnection] configureSecureConnection():
12-23 10:57:53.376 21631-21987/? I/UEP: [com.sonyericsson.updatecenter.uepclient.UepHttpHeader] UEP user agent string: SonyD2303 Build/18.6.A.0.182 UEP/1.0 com.sonyericsson.updatecenter/3.2.1.A.0.10
12-23 10:57:53.376 21631-21987/? D/UEP: [com.sonyericsson.updatecenter.uepclient.UepHttpPostClient] CRC32 checksum for the byte array is :2647850242
12-23 10:57:53.427 2366-21990/? D/DownloadManager: [7] Starting
12-23 10:57:53.469 21674-21674/? I/Timeline: Timeline: Activity_idle id: android.os.BinderProxy@134a3878 time:1233134
12-23 10:57:53.661 21631-21987/? D/UEP: [com.sonyericsson.updatecenter.uepclient.UepHttpPostClient] post(): HTTP Post response code = 201
12-23 10:57:53.662 939-964/? W/ProcessCpuTracker: Skipping unknown process pid 21980
12-23 10:57:53.663 939-964/? W/ProcessCpuTracker: Skipping unknown process pid 21983
12-23 10:57:53.748 939-2117/? D/Ulp_jni: Location CB invoked
12-23 10:57:53.844 1925-1925/? D/StatusBar.NetworkController: hasService: mServiceState=1 1 voice home data home null null null null null null  Unknown Unknown CSS not supported -1 -1 RoamInd=-1 DefRoamInd=-1 EmergOnly=true retVal=false
12-23 10:57:53.845 1925-1925/? D/StatusBar.NetworkController: refreshViews: Data not connected!! Set no data type icon / Roaming
12-23 10:57:53.845 1925-1925/? D/StatusBar.NetworkController: refreshViews connected={ wifi } level=4 combinedSignalIconId=0x7f0203bb/com.android.systemui:drawable/stat_sys_wifi_signal_4_fully combinedActivityIconId=0x7f0203b0 mobileLabel=Emergency calls only wifiLabel="hope_this_works"xxxxXXXXxxxxXXXX emergencyOnly=true combinedLabel="hope_this_works"xxxxXXXXxxxxXXXX mAirplaneMode=false mDataActivity=0 mPhoneSignalIconId=0x7f02039c/com.android.systemui:drawable/stat_sys_signal_null mQSPhoneSignalIconId=0x7f0200bd/com.android.systemui:drawable/ic_qs_signal_no_signal mDataDirectionIconId=0x0/(null) mDataSignalIconId=0x7f02039c/com.android.systemui:drawable/stat_sys_signal_null mDataTypeIconId=0x0/(null) mQSDataTypeIconId=0x0/(null) mNoSimIconId=0x7f0201d8/com.android.systemui:drawable/stat_sys_no_sim mWifiIconId=0x7f0203bb/com.android.systemui:drawable/stat_sys_wifi_signal_4_fully mQSWifiIconId=0x7f0200d3/com.android.systemui:drawable/ic_qs_wifi_full_4 mWifiActivityIconId=0x7f0203b0/com.android.systemui:drawable/stat_sys_wifi_inout mBluetoothTetherIconId=0x1080772/android:drawable/stat_sys_tether_bluetooth
12-23 10:57:53.846 1925-1925/? D/StatusBar.NetworkController: refreshSignalCluster - setMobileDataIndicators:  mHasMobileDataFeature = true mPhoneSignalIconId = com.android.systemui:drawable/stat_sys_signal_null mDataSignalIconId = com.android.systemui:drawable/stat_sys_signal_null mMobileActivityIconId = (null) mDataTypeIconId = (null) mNoSimIconId = com.android.systemui:drawable/stat_sys_no_sim
12-23 10:57:53.846 1925-1925/? D/StatusBar.NetworkController: refreshSignalCluster - setMobileDataIndicators:  mHasMobileDataFeature = true mPhoneSignalIconId = com.android.systemui:drawable/stat_sys_signal_null mDataSignalIconId = com.android.systemui:drawable/stat_sys_signal_null mMobileActivityIconId = (null) mDataTypeIconId = (null) mNoSimIconId = com.android.systemui:drawable/stat_sys_no_sim
12-23 10:57:53.847 1925-1925/? D/StatusBar.NetworkController: refreshSignalCluster - setMobileDataIndicators:  mHasMobileDataFeature = true mPhoneSignalIconId = com.android.systemui:drawable/stat_sys_signal_null mDataSignalIconId = com.android.systemui:drawable/stat_sys_signal_null mMobileActivityIconId = (null) mDataTypeIconId = (null) mNoSimIconId = com.android.systemui:drawable/stat_sys_no_sim
12-23 10:57:53.847 1925-1925/? D/StatusBar.NetworkController: changing data overlay icon id to 2130838448
12-23 10:57:53.854 939-976/? D/PackageManager: Renaming /data/app/vmdl559997038.tmp to /data/app/com.sonymobile.entrance-1
12-23 10:57:53.857 939-964/? I/ActivityManager: Force stopping com.sonymobile.entrance appid=10069 user=-1: replace sys pkg
12-23 10:57:53.858 939-964/? I/ActivityManager: Killing 21674:com.sonymobile.entrance/u0a69 (adj 0): stop com.sonymobile.entrance
12-23 10:57:53.861 939-976/? W/PackageManager: Trying to update system app code path from /system/priv-app/sonyentrance2-release to /data/app/com.sonymobile.entrance-1
12-23 10:57:53.884 939-1884/? I/WindowState: WIN DEATH: Window{1487cbe4 u0 com.sonymobile.entrance/com.sonymobile.entrance.EntranceActivity}
12-23 10:57:53.886 939-953/? I/art: Background sticky concurrent mark sweep GC freed 151937(6MB) AllocSpace objects, 39(2MB) LOS objects, 28% free, 20MB/28MB, paused 4.290ms total 123.562ms
12-23 10:57:53.897 939-976/? I/PackageManager: Running dexopt on: /data/app/com.sonymobile.entrance-1/base.apk pkg=com.sonymobile.entrance isa=arm vmSafeMode=false
12-23 10:57:53.925 939-964/? W/ActivityManager: Scheduling restart of crashed service com.sonymobile.entrance/.sdk.internal.sync.SyncService in 1000ms
12-23 10:57:53.925 939-964/? W/ActivityManager: Force removing ActivityRecord{34066b95 u0 com.sonymobile.entrance/.EntranceActivity t14}: app died, no saved state
12-23 10:57:53.938 939-2457/? W/ActivityManager: Spurious death for ProcessRecord{10817fbf 21674:com.sonymobile.entrance/u0a69}, curProc for 21674: null
12-23 10:57:53.949 22003-22003/? I/dex2oat: /system/bin/dex2oat --zip-fd=6 --zip-location=/data/app/com.sonymobile.entrance-1/base.apk --oat-fd=7 --oat-location=/data/dalvik-cache/arm/data@app@com.sonymobile.entrance-1@base.apk@classes.dex --instruction-set=arm --instruction-set-features=div --runtime-arg -Xms64m --runtime-arg -Xmx512m --swap-fd=8
12-23 10:57:53.978 939-2256/? W/InputMethodManagerService: Got RemoteException sending setActive(false) notification to pid 21674 uid 10069
12-23 10:57:53.988 12749-12749/? I/Timeline: Timeline: Activity_idle id: android.os.BinderProxy@4f5a004 time:1233653
12-23 10:57:54.185 2366-3132/? W/SQLiteConnectionPool: The connection pool for database '/data/data/com.android.providers.media/databases/external.db' has been unable to grant a connection to thread 179 (MediaScannerService) with flags 0x1 for 961.275 seconds.
                                                       Connections: 0 active, 1 idle, 0 available.
12-23 10:57:54.251 939-969/? I/Timeline: Timeline: Activity_windows_visible id: ActivityRecord{3c2ab306 u0 com.sonyericsson.home/com.sonymobile.home.HomeActivity t8} time:1233916
12-23 10:57:55.041 22003-22003/? I/dex2oat: Decided to run without swap.
12-23 10:57:55.072 1925-1925/? D/PhoneStatusBar: disable: < expand ICONS* alerts SYSTEM_INFO* back home recent clock search >
12-23 10:57:55.586 1925-2363/? D/BluetoothAdapter: 869974520: getState() :  mService = null. Returning STATE_OFF
12-23 10:57:55.586 1925-2363/? D/BluetoothAdapter: 869974520: getState() :  mService = null. Returning STATE_OFF
12-23 10:57:55.591 1925-1925/? D/ConnectivityManager: getMobileDataEnabled()+ subId=2147483643
12-23 10:57:55.592 2230-2247/? D/PhoneInterfaceManager: [PhoneIntfMgr] getDataEnabled: subId=2147483643 phoneId=0
12-23 10:57:55.592 2230-2247/? D/PhoneInterfaceManager: [PhoneIntfMgr] getDataEnabled: subId=2147483643 retVal=true
12-23 10:57:55.592 1925-1925/? D/ConnectivityManager: getMobileDataEnabled()- subId=2147483643 retVal=true
12-23 10:57:55.593 1925-2363/? D/ConnectivityManager: getMobileDataEnabled()+ subId=2147483643
12-23 10:57:55.595 2230-2246/? D/PhoneInterfaceManager: [PhoneIntfMgr] getDataEnabled: subId=2147483643 phoneId=0
12-23 10:57:55.596 2230-2246/? D/PhoneInterfaceManager: [PhoneIntfMgr] getDataEnabled: subId=2147483643 retVal=true
12-23 10:57:55.597 1925-2363/? D/ConnectivityManager: getMobileDataEnabled()- subId=2147483643 retVal=true
12-23 10:57:55.597 1925-2363/? D/BluetoothAdapter: 869974520: getState() :  mService = null. Returning STATE_OFF
12-23 10:57:55.597 1925-2363/? D/BluetoothAdapter: 869974520: getState() :  mService = null. Returning STATE_OFF
12-23 10:57:55.600 1925-2363/? D/ConnectivityManager: getMobileDataEnabled()+ subId=2147483643
12-23 10:57:55.603 2230-2247/? D/PhoneInterfaceManager: [PhoneIntfMgr] getDataEnabled: subId=2147483643 phoneId=0
12-23 10:57:55.603 2230-2247/? D/PhoneInterfaceManager: [PhoneIntfMgr] getDataEnabled: subId=2147483643 retVal=true
12-23 10:57:55.604 1925-2363/? D/ConnectivityManager: getMobileDataEnabled()- subId=2147483643 retVal=true
12-23 10:57:56.159 339-1089/? D/audio_hw_primary: out_standby: enter: stream (0xb8f4ea48) usecase(1: low-latency-playback)
12-23 10:57:56.207 339-1089/? D/hardware_info: hw_info_append_hw_type : device_name = speaker-lite
12-23 10:57:56.635 1925-1925/? D/StatusBar: Clicked on content of 0|com.sonyericsson.updatecenter|9|null|10061
12-23 10:57:56.638 339-1089/? D/audio_hw_primary: out_set_parameters: enter: usecase(1: low-latency-playback) kvpairs: routing=2
12-23 10:57:56.650 339-1087/? D/audio_hw_primary: start_output_stream: enter: stream(0xb8f4ea48)usecase(1: low-latency-playback) devices(0x2)
12-23 10:57:56.650 339-1087/? D/audio_hw_primary: select_devices: out_snd_device(36: speaker) in_snd_device(0: )
12-23 10:57:56.650 339-1087/? D/hardware_info: hw_info_append_hw_type : device_name = speaker-lite
12-23 10:57:56.650 339-1087/? D/ACDB-LOADER: ACDB -> send_audio_cal, acdb_id = 14, path =  0
12-23 10:57:56.650 339-1087/? D/ACDB-LOADER: ACDB -> send_adm_topology
12-23 10:57:56.650 339-1087/? D/ACDB-LOADER: ACDB -> ACDB_CMD_GET_AUDPROC_COMMON_TOPOLOGY_ID
12-23 10:57:56.650 339-1087/? D/ACDB-LOADER: ACDB -> send_asm_topology
12-23 10:57:56.650 339-1087/? D/ACDB-LOADER: ACDB -> ACDB_CMD_GET_AUDPROC_STREAM_TOPOLOGY_ID
12-23 10:57:56.650 339-1087/? D/ACDB-LOADER: ACDB -> send_audtable
12-23 10:57:56.650 339-1087/? D/ACDB-LOADER: ACDB -> ACDB_CMD_GET_AUDPROC_COMMON_TABLE
12-23 10:57:56.650 339-1087/? D/ACDB-LOADER: ACDB -> AUDIO_SET_AUDPROC_CAL
12-23 10:57:56.650 339-1087/? D/ACDB-LOADER: ACDB -> send_audvoltable
12-23 10:57:56.650 339-1087/? D/ACDB-LOADER: ACDB -> ACDB_CMD_GET_AUDPROC_GAIN_DEP_STEP_TABLE
12-23 10:57:56.650 339-1087/? D/ACDB-LOADER: ACDB -> AUDIO_SET_AUDPROC_VOL_CAL
12-23 10:57:56.650 339-1087/? D/ACDB-LOADER: ACDB -> send_afe_cal
12-23 10:57:56.650 339-1087/? D/ACDB-LOADER: ACDB -> ACDB_CMD_GET_AFE_COMMON_TABLE
12-23 10:57:56.650 339-1087/? D/ACDB-LOADER: ACDB -> AUDIO_SET_AFE_CAL
12-23 10:57:56.654 339-1087/? D/audio_hw_primary: select_devices: done
12-23 10:57:56.655 939-961/? W/InputMethodManagerService: Window already focused, ignoring focus gain of: com.android.internal.view.IInputMethodClient$Stub$Proxy@f26975e attribute=null, token = android.os.BinderProxy@338be9b6
12-23 10:57:56.657 21631-22021/? E/SQLiteLog: (284) automatic index on install_element(parent_id)
12-23 10:57:56.693 939-2415/? I/ActivityManager: START u0 {act=com.sonyericsson.updatecenter.action.VIEW dat=content://com.sonyericsson.updatecenter.provider/updates/9 flg=0x10000000 cmp=com.sonyericsson.updatecenter/.ui.activity.ReleaseNotesActivity (has extras)} from uid 10061 on display 0
12-23 10:57:56.696 939-2415/? W/ResourcesManager: Asset path '/system/framework/com.sonyericsson.uxpres.jar' does not exist or contains no resources.
12-23 10:57:56.697 939-2415/? W/ResourcesManager: Asset path '/system/framework/com.sonymobile.devicesecurity_impl.jar' does not exist or contains no resources.
12-23 10:57:56.697 939-2415/? W/ResourcesManager: Asset path '/system/framework/com.sonymobile.help.jar' does not exist or contains no resources.
12-23 10:57:56.698 939-2415/? W/ResourcesManager: Asset path '/system/framework/com.sonyericsson.updatecenter.jar' does not exist or contains no resources.
12-23 10:57:56.698 939-2415/? W/ResourcesManager: Asset path '/system/framework/com.sonymobile.fota.jar' does not exist or contains no resources.
12-23 10:57:56.699 939-2415/? W/ResourceType: Found multiple library tables, ignoring...
12-23 10:57:56.702 939-2415/? V/WindowManager: addAppToken: AppWindowToken{1d5c3555 token=Token{73ab80c ActivityRecord{2641473f u0 com.sonyericsson.updatecenter/.ui.activity.ReleaseNotesActivity t15}}} to stack=1 task=15 at 0
12-23 10:57:56.723 939-969/? V/WindowManager: Adding window Window{25e23c3c u0 Starting com.sonyericsson.updatecenter} at 3 of 9 (after Window{c8c26b7 u0 com.sonyericsson.home/com.sonymobile.home.HomeActivity})
12-23 10:57:56.964 21631-22022/? E/SQLiteLog: (284) automatic index on install_element(parent_id)
12-23 10:57:56.969 21631-22024/? D/OpenGLRenderer: Use EGL_SWAP_BEHAVIOR_PRESERVED: true
12-23 10:57:56.987 21631-21631/? D/Atlas: Validating map...
12-23 10:57:56.995 939-2447/? V/WindowManager: Adding window Window{20130235 u0 com.sonyericsson.updatecenter/com.sonyericsson.updatecenter.ui.activity.ReleaseNotesActivity} at 3 of 10 (before Window{25e23c3c u0 Starting com.sonyericsson.updatecenter})
12-23 10:57:57.042 21631-22024/? I/Adreno-EGL: <qeglDrvAPI_eglInitialize:410>: EGL 1.4 QUALCOMM build: AU_LINUX_ANDROID_LA.BF.1.1.1_RB1.05.01.00.042.030_msm8226_LA.BF.1.1.1_RB1__release_AU ()
                                               OpenGL ES Shader Compiler Version: E031.25.03.06
                                               Build Date: 06/10/15 Wed
                                               Local Branch:
                                               Remote Branch: quic/LA.BF.1.1.1_rb1.24
                                               Local Patches: NONE
                                               Reconstruct Branch: AU_LINUX_ANDROID_LA.BF.1.1.1_RB1.05.01.00.042.030 + 6151be1 +  NOTHING
12-23 10:57:57.045 21631-22024/? I/OpenGLRenderer: Initialized EGL, version 1.4
12-23 10:57:57.078 21631-22024/? D/OpenGLRenderer: Enabling debug mode 0
12-23 10:57:57.082 21631-22025/? D/GaGtmHelper: pushEvent category=ACTION action=Application_Details_Notification label=com.sony.smallapp.appframework 2097153 value=1
12-23 10:57:57.110 21631-21631/? W/View: requestLayout() improperly called by android.widget.TextView{1c5cb364 V.ED.... ......ID 90,21-311,62} during layout: running second layout pass
12-23 10:57:57.145 2366-3274/? W/SQLiteConnectionPool: The connection pool for database '/data/data/com.android.providers.media/databases/external.db' has been unable to grant a connection to thread 183 (Binder_6) with flags 0x1 for 60.08 seconds.
                                                       Connections: 0 active, 1 idle, 0 available.
12-23 10:57:57.152 1925-1925/? D/PhoneStatusBar: disable: < expand icons* alerts system_info* back home recent clock search >
12-23 10:57:57.163 21631-22027/? D/UEP: [com.sonyericsson.updatecenter.uepclient.UepHttpURLConnection] configureSecureConnection():
12-23 10:57:57.189 939-1582/? E/WifiStateMachine: WifiStateMachine CMD_START_SCAN source -2 txSuccessRate=2263.70 rxSuccessRate=4760.38 targetRoamBSSID=any RSSI=-59
12-23 10:57:57.388 21631-21631/? W/UpdateCenter: [com.sonyericsson.updatecenter.ui.activity.AbstractDownloadActivity] onSelfUpdateStateChanged(): Unhandled state.
12-23 10:57:57.401 939-969/? I/ActivityManager: Displayed com.sonyericsson.updatecenter/.ui.activity.ReleaseNotesActivity: +666ms
12-23 10:57:57.535 939-969/? I/Timeline: Timeline: Activity_windows_visible id: ActivityRecord{2641473f u0 com.sonyericsson.updatecenter/.ui.activity.ReleaseNotesActivity t15} time:1237200
12-23 10:57:57.536 21631-21631/? W/View: requestLayout() improperly called by android.widget.TextView{1c5cb364 V.ED.... ......ID 90,21-311,62} during layout: running second layout pass
12-23 10:57:57.537 21631-21631/? I/Timeline: Timeline: Activity_idle id: android.os.BinderProxy@3ee990d2 time:1237201
12-23 10:57:57.684 21631-21631/? W/View: requestLayout() improperly called by android.widget.TextView{1c5cb364 V.ED.... ......ID 90,21-311,62} during layout: running second layout pass
12-23 10:57:57.712 21631-22036/? D/UEP: [com.sonyericsson.updatecenter.uepclient.UepHttpURLConnection] configureSecureConnection():
12-23 10:57:57.738 21631-21631/? W/View: requestLayout() improperly called by android.widget.TextView{1c5cb364 V.ED.... ......ID 90,21-311,62} during layout: running second layout pass
12-23 10:57:57.806 335-21757/? W/SocketClient: write error (Broken pipe)
12-23 10:57:57.806 335-21757/? W/DnsProxyListener: Error writing DNS result to client
12-23 10:57:58.055 2366-21990/? D/DownloadManager: [7] Finished with status SUCCESS
12-23 10:57:58.125 21631-21984/? D/GaGtmHelper: pushEvent category=TRACKING action=Application_Download_ok label=com.sonyericsson.video 19530756 value=1
12-23 10:57:58.128 21631-21984/? I/UpdateCenter: [com.sonyericsson.updatecenter.tracking.TrackingUtil] executeTracking(): Tracking sent to Google Analytics.
12-23 10:57:58.137 357-357/? D/QSEECOMAPI:: QSEECom_get_handle sb_length = 0x1388
12-23 10:57:58.137 357-357/? D/QSEECOMAPI:: App is not loaded in QSEE
12-23 10:57:58.147 357-357/? D/QSEECOMAPI:: Loaded image: APP id = 2
12-23 10:57:58.164 357-357/? E/libasb:ta_utils: miscta_get_unit_size failed: unit not found
12-23 10:57:58.164 357-357/? E/libasb:ta_utils: libasb_read_miscta_unit_size for miscta_unit=2226 failed
12-23 10:57:58.168 357-357/? D/QSEECOMAPI:: QSEECom_dealloc_memory
12-23 10:57:58.168 357-357/? D/QSEECOMAPI:: QSEECom_shutdown_app, app_id = 2
12-23 10:57:58.169 21631-21984/? D/UEP: [com.sonyericsson.updatecenter.uepclient.UepClient] Execute UEP Tracking Event
12-23 10:57:58.173 21631-21984/? E/UpdateCenter: [com.sonyericsson.updatecenter.ui.notifications.DownloadNotificationFactory] getNotification(): Unhandled state 200
12-23 10:57:58.177 21631-22039/? D/UEP: [com.sonyericsson.updatecenter.uepclient.UepTrackingService] onHandleIntent(), retry: 0
12-23 10:57:58.200 21631-22039/? D/UEP: [com.sonyericsson.updatecenter.uepclient.UepTrackingDatabase] addTrackingEvent(): Added element: true
12-23 10:57:58.202 21631-22039/? D/UEP: [com.sonyericsson.updatecenter.uepclient.UepTrackingService] Network available: true
12-23 10:57:58.204 21631-22039/? D/UEP: [com.sonyericsson.updatecenter.uepclient.UepTrackingService] postTrackingEvents(): Posting Post request: https://updatesec.sonymobile.com/trackingv3, data={"time":1482487078109,"update":{"device":{"id":"356266063911298","clientVersion":"3.2.1.A.0.10","userIndex":"0","model":"D2303","buildVariant":"USER","cdfId":"1283-9513","swVersion":"18.6.A.0.182","cdfRevision":"R2C","fingerprint":"Sony\/D2303\/D2303:5.1.1\/18.6.A.0.182\/1643041205:user\/release-keys"},"app":{"id":"com.sonyericsson.video","checksum":"pQfgVyonX6sQ39jD1RRTVGkx0FY=","phase":"download","status":"ok","sourceVersion":"19006484","targetVersion":"19530756","packageName":"com.sonyericsson.video","network":"wifi"}}}, contentType=JSON, dbId=13
12-23 10:57:58.204 21631-22039/? D/UEP: [com.sonyericsson.updatecenter.uepclient.UepHttpURLConnection] configureSecureConnection():
12-23 10:57:58.205 339-1089/? D/audio_hw_primary: out_set_parameters: enter: usecase(1: low-latency-playback) kvpairs: routing=2
12-23 10:57:58.213 21631-22039/? I/UEP: [com.sonyericsson.updatecenter.uepclient.UepHttpHeader] UEP user agent string: SonyD2303 Build/18.6.A.0.182 UEP/1.0 com.sonyericsson.updatecenter/3.2.1.A.0.10
12-23 10:57:58.213 21631-22039/? D/UEP: [com.sonyericsson.updatecenter.uepclient.UepHttpPostClient] CRC32 checksum for the byte array is :3826027739
12-23 10:57:58.230 21631-21808/? D/GaGtmHelper: pushEvent category=ACTION action=Application_Install_Releasenote label=com.sony.smallapp.appframework 2097153 value=1
12-23 10:57:58.259 21631-21899/? I/art: Note: end time exceeds epoch:
12-23 10:57:58.373 21631-22042/? E/SQLiteLog: (284) automatic index on install_element(parent_id)
12-23 10:57:58.389 21631-21631/? W/View: requestLayout() improperly called by android.widget.TextView{1c5cb364 V.ED.... ......ID 90,21-311,62} during layout: running second layout pass
12-23 10:57:58.449 21631-22042/? D/GaGtmHelper: pushEvent category=TRACKING action=Application_Download_initiated label=com.sony.smallapp.appframework 2097153 value=1
12-23 10:57:58.457 21631-22042/? I/UpdateCenter: [com.sonyericsson.updatecenter.tracking.TrackingUtil] executeTracking(): Tracking sent to Google Analytics.
12-23 10:57:58.502 357-357/? D/QSEECOMAPI:: QSEECom_get_handle sb_length = 0x1388
12-23 10:57:58.502 357-357/? D/QSEECOMAPI:: App is not loaded in QSEE
12-23 10:57:58.512 357-357/? D/QSEECOMAPI:: Loaded image: APP id = 2
12-23 10:57:58.519 21631-22039/? D/UEP: [com.sonyericsson.updatecenter.uepclient.UepHttpPostClient] post(): HTTP Post response code = 201
12-23 10:57:58.534 357-357/? E/libasb:ta_utils: miscta_get_unit_size failed: unit not found
12-23 10:57:58.534 357-357/? E/libasb:ta_utils: libasb_read_miscta_unit_size for miscta_unit=2226 failed
12-23 10:57:58.537 357-357/? D/QSEECOMAPI:: QSEECom_dealloc_memory
12-23 10:57:58.537 357-357/? D/QSEECOMAPI:: QSEECom_shutdown_app, app_id = 2
12-23 10:57:58.540 21631-22042/? D/UEP: [com.sonyericsson.updatecenter.uepclient.UepClient] Execute UEP Tracking Event
12-23 10:57:58.560 21631-22043/? D/UEP: [com.sonyericsson.updatecenter.uepclient.UepTrackingService] onHandleIntent(), retry: 0
12-23 10:57:58.576 21631-22043/? D/UEP: [com.sonyericsson.updatecenter.uepclient.UepTrackingDatabase] addTrackingEvent(): Added element: true
12-23 10:57:58.578 21631-22043/? D/UEP: [com.sonyericsson.updatecenter.uepclient.UepTrackingService] Network available: true
12-23 10:57:58.579 21631-22043/? D/UEP: [com.sonyericsson.updatecenter.uepclient.UepTrackingService] postTrackingEvents(): Posting Post request: https://updatesec.sonymobile.com/trackingv3, data={"time":1482487078395,"update":{"device":{"id":"356266063911298","clientVersion":"3.2.1.A.0.10","userIndex":"0","model":"D2303","buildVariant":"USER","cdfId":"1283-9513","swVersion":"18.6.A.0.182","cdfRevision":"R2C","fingerprint":"Sony\/D2303\/D2303:5.1.1\/18.6.A.0.182\/1643041205:user\/release-keys"},"app":{"id":"com.sony.smallapp.appframework","checksum":"pRPQH+GlqU1ogq7TwVTcoXP8HX4=","phase":"download","status":"initiated","sourceVersion":"2097152","targetVersion":"2097153","packageName":"com.sony.smallapp.appframework","downloadMode":"Manual","network":"wifi"}}}, contentType=JSON, dbId=14
12-23 10:57:58.579 21631-22043/? D/UEP: [com.sonyericsson.updatecenter.uepclient.UepHttpURLConnection] configureSecureConnection():
12-23 10:57:58.591 21631-22043/? I/UEP: [com.sonyericsson.updatecenter.uepclient.UepHttpHeader] UEP user agent string: SonyD2303 Build/18.6.A.0.182 UEP/1.0 com.sonyericsson.updatecenter/3.2.1.A.0.10
12-23 10:57:58.591 21631-22043/? D/UEP: [com.sonyericsson.updatecenter.uepclient.UepHttpPostClient] CRC32 checksum for the byte array is :1511218005
12-23 10:57:58.611 21631-22036/? D/UEP: [com.sonyericsson.updatecenter.uepclient.UepHttpURLConnection] configureSecureConnection():
12-23 10:57:58.627 2366-22045/? D/DownloadManager: [8] Starting
12-23 10:57:58.634 21631-21631/? W/View: requestLayout() improperly called by android.widget.TextView{1c5cb364 V.ED.... ......ID 90,21-311,62} during layout: running second layout pass
12-23 10:57:58.689 21631-21650/? I/art: Background sticky concurrent mark sweep GC freed 10485(3MB) AllocSpace objects, 0(0B) LOS objects, 22% free, 10MB/13MB, paused 5.678ms total 27.808ms
12-23 10:57:58.692 21631-21631/? W/View: requestLayout() improperly called by android.widget.TextView{1c5cb364 V.ED.... ......ID 90,21-311,62} during layout: running second layout pass
12-23 10:57:58.890 21631-22043/? D/UEP: [com.sonyericsson.updatecenter.uepclient.UepHttpPostClient] post(): HTTP Post response code = 201
12-23 10:57:59.023 2366-22045/? D/DownloadManager: [8] Finished with status SUCCESS
12-23 10:57:59.072 21631-21631/? W/View: requestLayout() improperly called by android.widget.TextView{1c5cb364 V.ED.... ......ID 90,21-311,62} during layout: running second layout pass
12-23 10:57:59.098 21631-22042/? D/GaGtmHelper: pushEvent category=TRACKING action=Application_Download_ok label=com.sony.smallapp.appframework 2097153 value=1
12-23 10:57:59.103 21631-22042/? I/UpdateCenter: [com.sonyericsson.updatecenter.tracking.TrackingUtil] executeTracking(): Tracking sent to Google Analytics.
12-23 10:57:59.120 21631-21631/? W/View: requestLayout() improperly called by android.widget.TextView{1c5cb364 V.ED.... ......ID 90,21-311,62} during layout: running second layout pass
12-23 10:57:59.152 357-357/? D/QSEECOMAPI:: QSEECom_get_handle sb_length = 0x1388
12-23 10:57:59.152 357-357/? D/QSEECOMAPI:: App is not loaded in QSEE
12-23 10:57:59.162 357-357/? D/QSEECOMAPI:: Loaded image: APP id = 2
12-23 10:57:59.186 357-357/? E/libasb:ta_utils: miscta_get_unit_size failed: unit not found
12-23 10:57:59.186 357-357/? E/libasb:ta_utils: libasb_read_miscta_unit_size for miscta_unit=2226 failed
12-23 10:57:59.190 357-357/? D/QSEECOMAPI:: QSEECom_dealloc_memory
12-23 10:57:59.190 357-357/? D/QSEECOMAPI:: QSEECom_shutdown_app, app_id = 2
12-23 10:57:59.193 21631-22042/? D/UEP: [com.sonyericsson.updatecenter.uepclient.UepClient] Execute UEP Tracking Event
12-23 10:57:59.196 21631-22042/? E/UpdateCenter: [com.sonyericsson.updatecenter.ui.notifications.DownloadNotificationFactory] getNotification(): Unhandled state 200
12-23 10:57:59.202 21631-22050/? D/UEP: [com.sonyericsson.updatecenter.uepclient.UepTrackingService] onHandleIntent(), retry: 0
12-23 10:57:59.211 21631-22050/? D/UEP: [com.sonyericsson.updatecenter.uepclient.UepTrackingDatabase] addTrackingEvent(): Added element: true
12-23 10:57:59.213 21631-22050/? D/UEP: [com.sonyericsson.updatecenter.uepclient.UepTrackingService] Network available: true
12-23 10:57:59.214 21631-22050/? D/UEP: [com.sonyericsson.updatecenter.uepclient.UepTrackingService] postTrackingEvents(): Posting Post request: https://updatesec.sonymobile.com/trackingv3, data={"time":1482487079084,"update":{"device":{"id":"356266063911298","clientVersion":"3.2.1.A.0.10","userIndex":"0","model":"D2303","buildVariant":"USER","cdfId":"1283-9513","swVersion":"18.6.A.0.182","cdfRevision":"R2C","fingerprint":"Sony\/D2303\/D2303:5.1.1\/18.6.A.0.182\/1643041205:user\/release-keys"},"app":{"id":"com.sony.smallapp.appframework","checksum":"pRPQH+GlqU1ogq7TwVTcoXP8HX4=","phase":"download","status":"ok","sourceVersion":"2097152","targetVersion":"2097153","packageName":"com.sony.smallapp.appframework","network":"wifi"}}}, contentType=JSON, dbId=15
12-23 10:57:59.214 21631-22050/? D/UEP: [com.sonyericsson.updatecenter.uepclient.UepHttpURLConnection] configureSecureConnection():
12-23 10:57:59.224 21631-22050/? I/UEP: [com.sonyericsson.updatecenter.uepclient.UepHttpHeader] UEP user agent string: SonyD2303 Build/18.6.A.0.182 UEP/1.0 com.sonyericsson.updatecenter/3.2.1.A.0.10
12-23 10:57:59.224 21631-22050/? D/UEP: [com.sonyericsson.updatecenter.uepclient.UepHttpPostClient] CRC32 checksum for the byte array is :1460644069
12-23 10:57:59.235 21631-21631/? W/View: requestLayout() improperly called by android.widget.TextView{1c5cb364 V.ED.... ......ID 90,21-311,62} during layout: running second layout pass
12-23 10:57:59.318 21631-21631/? W/View: requestLayout() improperly called by android.widget.TextView{1c5cb364 V.ED.... ......ID 90,21-311,62} during layout: running second layout pass
12-23 10:57:59.360 21631-22036/? D/UEP: [com.sonyericsson.updatecenter.uepclient.UepHttpURLConnection] configureSecureConnection():
12-23 10:57:59.384 21631-21631/? W/View: requestLayout() improperly called by android.widget.TextView{1c5cb364 V.ED.... ......ID 90,21-311,62} during layout: running second layout pass
12-23 10:57:59.434 21631-21631/? W/View: requestLayout() improperly called by android.widget.TextView{1c5cb364 V.ED.... ......ID 90,21-311,62} during layout: running second layout pass
12-23 10:57:59.475 21631-22050/? D/UEP: [com.sonyericsson.updatecenter.uepclient.UepHttpPostClient] post(): HTTP Post response code = 201
12-23 10:57:59.756 22003-22003/? W/dex2oat: Verification of void com.google.android.gms.internal.zzai$zzg.zzc(byte[], byte[]) took 102.996ms
12-23 10:57:59.785 21631-21899/? I/art: Note: end time exceeds epoch:
12-23 10:57:59.827 21631-22041/? D/GaGtmHelper: pushEvent category=TRACKING action=Application_Verification_ok label=com.sonyericsson.video 19530756 value=1
12-23 10:57:59.830 21631-22041/? I/UpdateCenter: [com.sonyericsson.updatecenter.tracking.TrackingUtil] executeTracking(): Tracking sent to Google Analytics.
12-23 10:57:59.871 22003-22012/? W/dex2oat: Verification of void com.google.android.gms.internal.zzai$zzk.zzc(byte[], byte[]) took 149.304ms
12-23 10:57:59.873 22003-22011/? W/dex2oat: Verification of void com.google.android.gms.internal.zzai$zzl.zzc(byte[], byte[]) took 125.725ms
12-23 10:57:59.873 939-2361/? I/art: Explicit concurrent mark sweep GC freed 55005(3MB) AllocSpace objects, 4(186KB) LOS objects, 33% free, 19MB/28MB, paused 2.419ms total 169.750ms
12-23 10:57:59.880 21631-22052/? D/GaGtmHelper: pushEvent category=TRACKING action=Application_Verification_ok label=com.sony.smallapp.appframework 2097153 value=1
12-23 10:57:59.891 21631-22052/? I/UpdateCenter: [com.sonyericsson.updatecenter.tracking.TrackingUtil] executeTracking(): Tracking sent to Google Analytics.
12-23 10:57:59.901 357-357/? D/QSEECOMAPI:: QSEECom_get_handle sb_length = 0x1388
12-23 10:57:59.902 357-357/? D/QSEECOMAPI:: App is not loaded in QSEE
12-23 10:57:59.912 357-357/? D/QSEECOMAPI:: Loaded image: APP id = 2
12-23 10:57:59.941 357-357/? E/libasb:ta_utils: miscta_get_unit_size failed: unit not found
12-23 10:57:59.941 357-357/? E/libasb:ta_utils: libasb_read_miscta_unit_size for miscta_unit=2226 failed
12-23 10:57:59.945 357-357/? D/QSEECOMAPI:: QSEECom_dealloc_memory
12-23 10:57:59.945 357-357/? D/QSEECOMAPI:: QSEECom_shutdown_app, app_id = 2
12-23 10:57:59.946 357-357/? D/QSEECOMAPI:: QSEECom_get_handle sb_length = 0x1388
12-23 10:57:59.946 357-357/? D/QSEECOMAPI:: App is not loaded in QSEE
12-23 10:57:59.946 21631-22041/? D/UEP: [com.sonyericsson.updatecenter.uepclient.UepClient] Execute UEP Tracking Event
12-23 10:57:59.954 21631-22041/? W/UpdateCenter: [com.sonyericsson.updatecenter.ui.notifications.VerificationNotificationFactory] createNotification(): Unhandled state 900
12-23 10:57:59.954 21631-21631/? W/View: requestLayout() improperly called by android.widget.TextView{1c5cb364 V.ED.... ......ID 90,21-311,62} during layout: running second layout pass
12-23 10:57:59.963 357-357/? D/QSEECOMAPI:: Loaded image: APP id = 2
12-23 10:57:59.969 21631-22055/? D/UEP: [com.sonyericsson.updatecenter.uepclient.UepTrackingService] onHandleIntent(), retry: 0
12-23 10:57:59.978 21631-22055/? D/UEP: [com.sonyericsson.updatecenter.uepclient.UepTrackingDatabase] addTrackingEvent(): Added element: true
12-23 10:57:59.981 21631-22055/? D/UEP: [com.sonyericsson.updatecenter.uepclient.UepTrackingService] Network available: true
12-23 10:57:59.982 21631-22055/? D/UEP: [com.sonyericsson.updatecenter.uepclient.UepTrackingService] postTrackingEvents(): Posting Post request: https://updatesec.sonymobile.com/trackingv3, data={"time":1482487079784,"update":{"device":{"id":"356266063911298","clientVersion":"3.2.1.A.0.10","userIndex":"0","model":"D2303","buildVariant":"USER","cdfId":"1283-9513","swVersion":"18.6.A.0.182","cdfRevision":"R2C","fingerprint":"Sony\/D2303\/D2303:5.1.1\/18.6.A.0.182\/1643041205:user\/release-keys"},"app":{"id":"com.sonyericsson.video","checksum":"pQfgVyonX6sQ39jD1RRTVGkx0FY=","phase":"verification","status":"ok","sourceVersion":"19006484","targetVersion":"19530756","packageName":"com.sonyericsson.video"}}}, contentType=JSON, dbId=16
12-23 10:57:59.984 21631-22055/? D/UEP: [com.sonyericsson.updatecenter.uepclient.UepHttpURLConnection] configureSecureConnection():
12-23 10:57:59.987 357-357/? E/libasb:ta_utils: miscta_get_unit_size failed: unit not found
12-23 10:57:59.987 357-357/? E/libasb:ta_utils: libasb_read_miscta_unit_size for miscta_unit=2226 failed
12-23 10:57:59.991 357-357/? D/QSEECOMAPI:: QSEECom_dealloc_memory
12-23 10:57:59.991 357-357/? D/QSEECOMAPI:: QSEECom_shutdown_app, app_id = 2
12-23 10:57:59.992 21631-22052/? D/UEP: [com.sonyericsson.updatecenter.uepclient.UepClient] Execute UEP Tracking Event
12-23 10:57:59.994 21631-22055/? I/UEP: [com.sonyericsson.updatecenter.uepclient.UepHttpHeader] UEP user agent string: SonyD2303 Build/18.6.A.0.182 UEP/1.0 com.sonyericsson.updatecenter/3.2.1.A.0.10
12-23 10:57:59.994 21631-22055/? D/UEP: [com.sonyericsson.updatecenter.uepclient.UepHttpPostClient] CRC32 checksum for the byte array is :342798156
12-23 10:57:59.995 21631-22052/? W/UpdateCenter: [com.sonyericsson.updatecenter.ui.notifications.VerificationNotificationFactory] createNotification(): Unhandled state 900
12-23 10:58:00.051 21631-21631/? W/View: requestLayout() improperly called by android.widget.TextView{1c5cb364 V.ED.... ......ID 90,21-311,62} during layout: running second layout pass
12-23 10:58:00.102 21631-21631/? W/View: requestLayout() improperly called by android.widget.TextView{1c5cb364 V.ED.... ......ID 90,21-311,62} during layout: running second layout pass
12-23 10:58:00.347 21631-22055/? D/UEP: [com.sonyericsson.updatecenter.uepclient.UepHttpPostClient] post(): HTTP Post response code = 201
12-23 10:58:00.395 21631-22055/? D/UEP: [com.sonyericsson.updatecenter.uepclient.UepTrackingService] onHandleIntent(), retry: 0
12-23 10:58:00.403 21631-22055/? D/UEP: [com.sonyericsson.updatecenter.uepclient.UepTrackingDatabase] addTrackingEvent(): Added element: true
12-23 10:58:00.405 21631-22055/? D/UEP: [com.sonyericsson.updatecenter.uepclient.UepTrackingService] Network available: true
12-23 10:58:00.406 21631-22055/? D/UEP: [com.sonyericsson.updatecenter.uepclient.UepTrackingService] postTrackingEvents(): Posting Post request: https://updatesec.sonymobile.com/trackingv3, data={"time":1482487079831,"update":{"device":{"id":"356266063911298","clientVersion":"3.2.1.A.0.10","userIndex":"0","model":"D2303","buildVariant":"USER","cdfId":"1283-9513","swVersion":"18.6.A.0.182","cdfRevision":"R2C","fingerprint":"Sony\/D2303\/D2303:5.1.1\/18.6.A.0.182\/1643041205:user\/release-keys"},"app":{"id":"com.sony.smallapp.appframework","checksum":"pRPQH+GlqU1ogq7TwVTcoXP8HX4=","phase":"verification","status":"ok","sourceVersion":"2097152","targetVersion":"2097153","packageName":"com.sony.smallapp.appframework"}}}, contentType=JSON, dbId=17
12-23 10:58:00.406 21631-22055/? D/UEP: [com.sonyericsson.updatecenter.uepclient.UepHttpURLConnection] configureSecureConnection():
12-23 10:58:00.413 21631-22055/? I/UEP: [com.sonyericsson.updatecenter.uepclient.UepHttpHeader] UEP user agent string: SonyD2303 Build/18.6.A.0.182 UEP/1.0 com.sonyericsson.updatecenter/3.2.1.A.0.10
12-23 10:58:00.414 21631-22055/? D/UEP: [com.sonyericsson.updatecenter.uepclient.UepHttpPostClient] CRC32 checksum for the byte array is :3344071492
12-23 10:58:00.625 22003-22010/? W/dex2oat: Verification of java.lang.Object org.mozilla.javascript.Interpreter.interpretLoop(org.mozilla.javascript.Context, org.mozilla.javascript.Interpreter$CallFrame, java.lang.Object) took 228.540ms
12-23 10:58:00.646 21631-22055/? D/UEP: [com.sonyericsson.updatecenter.uepclient.UepHttpPostClient] post(): HTTP Post response code = 201
