W/InputMethodManagerService(  939): Window already focused, ignoring focus gain of: com.android.internal.view.IInputMethodClient$Stub$Proxy@3546a98c attribute=null, token = android.os.BinderProxy@338be9b6
V/WindowManager(  939): addAppToken: AppWindowToken{3fd8d7db token=Token{126dd8ea ActivityRecord{250708d5 u0 com.sonyericsson.updatecenter/.ui.activity.UpdateCenterEntry t15}}} to stack=1 task=15 at 1
V/WindowManager(  939): Adding window Window{2e17890 u0 com.sonyericsson.updatecenter/com.sonyericsson.updatecenter.ui.activity.UpdateCenterEntry} at 4 of 10 (after Window{20130235 u0 com.sonyericsson.updatecenter/com.sonyericsson.updatecenter.ui.activity.ReleaseNotesActivity})
I/ActivityManager(  939): Force stopping com.sonymobile.entrance appid=10069 user=-1: update pkg
W/PackageManager(  939): Code path for pkg : com.sonymobile.entrance changing from /system/priv-app/sonyentrance2-release to /data/app/com.sonymobile.entrance-1
W/PackageManager(  939): Resource path for pkg : com.sonymobile.entrance changing from /system/priv-app/sonyentrance2-release to /data/app/com.sonymobile.entrance-1
I/PackageManager(  939): Un-granting permission com.android.voicemail.permission.WRITE_VOICEMAIL from package com.sonyericsson.localcontacts (protectionLevel=18 flags=0x88be45)
I/PackageManager(  939): Un-granting permission com.android.voicemail.permission.READ_VOICEMAIL from package com.sonyericsson.localcontacts (protectionLevel=18 flags=0x88be45)
I/ActivityManager(  939): Force stopping com.sonymobile.entrance appid=10069 user=0: pkg removed
D/JobSchedulerService(  939): Receieved: android.intent.action.PACKAGE_REMOVED
D/BackupManagerService(  939): Received broadcast Intent { act=android.intent.action.PACKAGE_REMOVED dat=package:com.sonymobile.entrance flg=0x4000010 (has extras) }
W/ResourcesManager(  939): Asset path '/system/framework/com.sonyericsson.uxpres.jar' does not exist or contains no resources.
W/ResourcesManager(  939): Asset path '/system/framework/com.sonymobile.smime.jar' does not exist or contains no resources.
W/ResourcesManager(  939): Asset path '/system/framework/com.google.protobuf-2.3.0.jar' does not exist or contains no resources.
W/ResourcesManager(  939): Asset path '/system/framework/com.sonyericsson.idd.jar' does not exist or contains no resources.
I/ActivityManager(  939): Start proc 22136:com.android.exchange/u0a25 for broadcast com.android.exchange/.ExchangeBroadcastReceiver
W/ResourcesManager(22136): Asset path '/system/framework/com.sonymobile.provider.tasks.jar' does not exist or contains no resources.
W/ResourcesManager(22136): Asset path '/system/framework/com.sonymobile.smime.jar' does not exist or contains no resources.
W/ResourcesManager(22136): Asset path '/system/framework/jcifs.jar' does not exist or contains no resources.
W/ResourcesManager(22136): Asset path '/system/framework/com.google.protobuf-2.3.0.jar' does not exist or contains no resources.
W/ResourcesManager(22136): Asset path '/system/framework/com.sonyericsson.idd.jar' does not exist or contains no resources.
D/BackupManagerService(  939): Received broadcast Intent { act=android.intent.action.PACKAGE_ADDED dat=package:com.sonymobile.entrance flg=0x4000010 (has extras) }
W/ResourcesManager(  939): Asset path '/system/framework/com.google.android.maps.jar' does not exist or contains no resources.
W/ResourcesManager(  939): Asset path '/system/framework/com.sonymobile.settings.illumination.jar' does not exist or contains no resources.
I/ActivityManager(  939): Start proc 22170:com.android.musicfx/u0a34 for broadcast com.android.musicfx/.Compatibility$Receiver
I/ActivityManager(  939): Killing 21525:com.sonymobile.social.services/u0a27 (adj 15): empty #9
I/ActivityManager(  939): Start proc 22191:com.sonymobile.social.services/u0a27 for broadcast com.sonyericsson.facebook.proxylogin/.permissions.PackageChangedReceiver
I/ActivityManager(  939): Killing 21550:android.process.acore/u0a46 (adj 15): empty #9
I/ActivityManager(  939): Start proc 22212:com.sonyericsson.album/u0a43 for broadcast com.sonyericsson.album/.online.UpdateReceiver
I/ActivityManager(  939): Killing 21575:com.google.android.googlequicksearchbox:search/u0a62 (adj 15): empty #9
W/ResourcesManager(22212): Asset path '/system/framework/com.sonymobile.playanywhere.jar' does not exist or contains no resources.
W/ResourcesManager(22212): Asset path '/system/framework/com.sonymobile.remotefileaccess.jar' does not exist or contains no resources.
W/ResourcesManager(22212): Asset path '/system/framework/com.google.android.maps.jar' does not exist or contains no resources.
W/ResourcesManager(22212): Asset path '/system/framework/com.sonyericsson.dlna_impl.jar' does not exist or contains no resources.
W/ResourcesManager(22212): Asset path '/system/framework/com.sonymobile.drmstream_impl.jar' does not exist or contains no resources.
W/ResourcesManager(22212): Asset path '/system/framework/com.sonymobile.photoanalyzer_impl.jar' does not exist or contains no resources.
W/ResourcesManager(22212): Asset path '/system/framework/com.sonyericsson.colorextraction_impl.jar' does not exist or contains no resources.
W/ResourcesManager(22212): Asset path '/system/framework/com.sony.device.jar' does not exist or contains no resources.
W/ResourcesManager(22212): Asset path '/system/framework/com.sonyericsson.illumination.jar' does not exist or contains no resources.
W/ResourcesManager(22212): Asset path '/system/framework/com.sonymobile.settings.illumination.jar' does not exist or contains no resources.
I/ActivityManager(  939): Start proc 22235:android.process.acore/u0a46 for broadcast com.android.providers.contacts/.PackageIntentReceiver
I/ActivityManager(  939): Killing 21601:com.google.android.partnersetup/u0a31 (adj 15): empty #9
I/ActivityManager(  939): Start proc 22256:com.google.android.googlequicksearchbox:search/u0a62 for broadcast com.google.android.googlequicksearchbox/com.google.android.search.core.icingsync.IcingCorporaChangedReceiver
I/ActivityManager(  939): Killing 21951:com.android.defcontainer/u0a23 (adj 15): empty #9
I/ActivityManager(  939): Killing 21502:com.sony.smallapp.launcher/u0a146 (adj 15): empty #9
I/ActivityManager(  939): Start proc 22274:com.google.android.apps.docs/u0a90 for broadcast com.google.android.apps.docs/.receivers.AppPackageAddRemoveReceiver
W/ActivityManager(  939): getRunningAppProcesses: caller 10090 does not hold REAL_GET_TASKS; limiting output
W/ActivityManager(  939): getRunningAppProcesses: caller 10090 does not hold REAL_GET_TASKS; limiting output
W/ActivityManager(  939): getRunningAppProcesses: caller 10090 does not hold REAL_GET_TASKS; limiting output
W/ActivityManager(  939): getRunningAppProcesses: caller 10090 does not hold REAL_GET_TASKS; limiting output
I/ActivityManager(  939): Start proc 22318:com.android.keychain/1000 for broadcast com.android.keychain/.KeyChainBroadcastReceiver
W/ContextImpl(22318): Calling a method in the system process without a qualified user: android.app.ContextImpl.startService:1713 android.content.ContextWrapper.startService:516 android.content.ContextWrapper.startService:516 com.android.keychain.KeyChainBroadcastReceiver.onReceive:12 android.app.ActivityThread.handleReceiver:2673 
I/ActivityManager(  939): Delay finish: com.google.android.apps.plus/.service.PackagesMediaMonitor
I/ActivityManager(  939): Resuming delayed broadcast
I/ActivityManager(  939): Start proc 22339:com.realvnc.android.remote/u0a130 for broadcast com.realvnc.android.remote/.RemoteControlService$PackageManagerReceiver
I/ActivityManager(  939): Killing 22136:com.android.exchange/u0a25 (adj 15): empty #9
I/ActivityManager(  939): Killing 22170:com.android.musicfx/u0a34 (adj 15): empty #9
I/ActivityManager(  939): Start proc 22360:com.facebook.katana:dash/u0a192 for broadcast com.facebook.katana/com.facebook.dash.receivers.DashPackageUninstallReceiver
W/ResourcesManager(22360): Asset path '/system/framework/com.google.android.maps.jar' does not exist or contains no resources.
W/ActivityManager(  939): getRunningAppProcesses: caller 10192 does not hold REAL_GET_TASKS; limiting output
W/ActivityManager(  939): getRunningAppProcesses: caller 10192 does not hold REAL_GET_TASKS; limiting output
W/ActivityManager(  939): getRunningAppProcesses: caller 10192 does not hold REAL_GET_TASKS; limiting output
W/ActivityManager(  939): getRunningAppProcesses: caller 10192 does not hold REAL_GET_TASKS; limiting output
W/ActivityManager(  939): getRunningAppProcesses: caller 10192 does not hold REAL_GET_TASKS; limiting output
I/ActivityManager(  939): Start proc 22404:com.facebook.katana/u0a192 for content provider com.facebook.katana/.provider.orca.FbSharedPreferencesContentProvider
D/WifiService(  939): New client listening to asynchronous messages
I/ActivityManager(  939): Start proc 22429:com.android.defcontainer/u0a23 for service com.android.defcontainer/.DefaultContainerService
W/ResourcesManager(22404): Asset path '/system/framework/com.google.android.maps.jar' does not exist or contains no resources.
I/ActivityManager(  939): Killing 22191:com.sonymobile.social.services/u0a27 (adj 15): empty #9
I/ActivityManager(  939): Killing 21051:com.android.vending/u0a39 (adj 15): empty #10
W/ActivityManager(  939): getRunningAppProcesses: caller 10192 does not hold REAL_GET_TASKS; limiting output
I/ActivityManager(  939): Start proc 22452:com.android.exchange/u0a25 for broadcast com.android.exchange/.ExchangeBroadcastReceiver
W/ActivityManager(  939): getRunningAppProcesses: caller 10192 does not hold REAL_GET_TASKS; limiting output
W/ResourcesManager(22452): Asset path '/system/framework/com.sonymobile.provider.tasks.jar' does not exist or contains no resources.
W/ResourcesManager(22452): Asset path '/system/framework/com.sonymobile.smime.jar' does not exist or contains no resources.
W/ResourcesManager(22452): Asset path '/system/framework/jcifs.jar' does not exist or contains no resources.
W/ResourcesManager(22452): Asset path '/system/framework/com.google.protobuf-2.3.0.jar' does not exist or contains no resources.
W/ResourcesManager(22452): Asset path '/system/framework/com.sonyericsson.idd.jar' does not exist or contains no resources.
W/ActivityManager(  939): getRunningAppProcesses: caller 10192 does not hold REAL_GET_TASKS; limiting output
I/ActivityManager(  939): Start proc 22470:com.android.vending/u0a39 for broadcast com.android.vending/com.google.android.vending.verifier.PackageVerificationReceiver
I/ActivityManager(  939): Killing 22212:com.sonyericsson.album/u0a43 (adj 15): empty #9
W/InputMethodManagerService(  939): Window already focused, ignoring focus gain of: com.android.internal.view.IInputMethodClient$Stub$Proxy@1ce392f5 attribute=null, token = android.os.BinderProxy@338be9b6
I/ActivityManager(  939): Start proc 22492:com.google.android.partnersetup/u0a31 for broadcast com.google.android.partnersetup/.RlzPingBroadcastReceiver
I/ActivityManager(  939): Start proc 22514:com.google.android.gms.wearable/u0a28 for service com.google.android.gms/.wearable.service.WearableControlService
I/ActivityManager(  939): START u0 {act=android.intent.action.VIEW dat=content://com.sonyericsson.updatecenter.provider/applicationUpdate/10 flg=0x30000000 cmp=com.sonymobile.entrance/.DeepLinkActivity} from uid 10061 on display 0
V/WindowManager(  939): addAppToken: AppWindowToken{b98d5a9 token=Token{21071530 ActivityRecord{34661273 u0 com.sonymobile.entrance/.DeepLinkActivity t16}}} to stack=1 task=16 at 0
W/ResourcesManager(22514): Asset path '/system/framework/com.android.media.remotedisplay.jar' does not exist or contains no resources.
W/ResourcesManager(22514): Asset path '/system/framework/com.android.location.provider.jar' does not exist or contains no resources.
W/ActivityManager(  939): getRunningAppProcesses: caller 10192 does not hold REAL_GET_TASKS; limiting output
I/ActivityManager(  939): Start proc 22537:com.sonymobile.entrance/u0a69 for activity com.sonymobile.entrance/.DeepLinkActivity
I/ActivityManager(  939): Delay finish: com.google.android.partnersetup/.AppInstalledReceiver
I/ActivityManager(  939): Resuming delayed broadcast
I/ActivityManager(  939): Start proc 22562:com.android.musicfx/u0a34 for broadcast com.android.musicfx/.Compatibility$Receiver
I/ActivityManager(  939): Delay finish: com.android.musicfx/.Compatibility$Receiver
I/ActivityManager(  939): Resuming delayed broadcast
I/ActivityManager(  939): Killing 22235:android.process.acore/u0a46 (adj 15): empty #9
I/ActivityManager(  939): Killing 22256:com.google.android.googlequicksearchbox:search/u0a62 (adj 15): empty #9
I/ActivityManager(  939): Killing 22318:com.android.keychain/1000 (adj 15): empty #9
I/ActivityManager(  939): Start proc 22600:com.google.android.gms:car/u0a28 for service com.google.android.gms/.car.CarService
W/ResourcesManager(22600): Asset path '/system/framework/com.android.media.remotedisplay.jar' does not exist or contains no resources.
W/ResourcesManager(22600): Asset path '/system/framework/com.android.location.provider.jar' does not exist or contains no resources.
W/ActivityManager(  939): getRunningAppProcesses: caller 10069 does not hold REAL_GET_TASKS; limiting output
I/ActivityManager(  939): Start proc 22626:com.sonymobile.social.services/u0a27 for broadcast com.sonyericsson.facebook.proxylogin/.permissions.PackageChangedReceiver
D/PackageManager(  939): /data/app/vmdl1868818403.tmp already staged; skipping copy
W/ActivityManager(  939): getRunningAppProcesses: caller 10192 does not hold REAL_GET_TASKS; limiting output
I/ActivityManager(  939): Killing 22339:com.realvnc.android.remote/u0a130 (adj 15): empty #9
I/ActivityManager(  939): Start proc 22660:com.sonyericsson.album/u0a43 for broadcast com.sonyericsson.album/.online.UpdateReceiver
I/ActivityManager(  939): Killing 22360:com.facebook.katana:dash/u0a192 (adj 15): empty #9
D/WifiService(  939): New client listening to asynchronous messages
D/WifiService(  939): Client connection lost with reason: 4
W/ResourcesManager(22660): Asset path '/system/framework/com.sonymobile.playanywhere.jar' does not exist or contains no resources.
W/ResourcesManager(22660): Asset path '/system/framework/com.sonymobile.remotefileaccess.jar' does not exist or contains no resources.
W/ResourcesManager(22660): Asset path '/system/framework/com.google.android.maps.jar' does not exist or contains no resources.
W/ResourcesManager(22660): Asset path '/system/framework/com.sonyericsson.dlna_impl.jar' does not exist or contains no resources.
W/ResourcesManager(22660): Asset path '/system/framework/com.sonymobile.drmstream_impl.jar' does not exist or contains no resources.
W/ResourcesManager(22660): Asset path '/system/framework/com.sonymobile.photoanalyzer_impl.jar' does not exist or contains no resources.
I/ActivityManager(  939): Killing 22274:com.google.android.apps.docs/u0a90 (adj 15): empty #9
W/ResourcesManager(22660): Asset path '/system/framework/com.sonyericsson.colorextraction_impl.jar' does not exist or contains no resources.
W/ResourcesManager(22660): Asset path '/system/framework/com.sony.device.jar' does not exist or contains no resources.
W/ResourcesManager(22660): Asset path '/system/framework/com.sonyericsson.illumination.jar' does not exist or contains no resources.
W/ResourcesManager(22660): Asset path '/system/framework/com.sonymobile.settings.illumination.jar' does not exist or contains no resources.
I/ActivityManager(  939): START u0 {dat=entrance://app/application_updates flg=0x10008000 cmp=com.sonymobile.entrance/.EntranceActivity (has extras)} from uid 10069 on display 0
V/WindowManager(  939): addAppToken: AppWindowToken{31f530bc token=Token{5cc74af ActivityRecord{39b5548e u0 com.sonymobile.entrance/.EntranceActivity t16}}} to stack=1 task=16 at 1
W/InputMethodManagerService(  939): Window already focused, ignoring focus gain of: com.android.internal.view.IInputMethodClient$Stub$Proxy@27a73845 attribute=null, token = android.os.BinderProxy@338be9b6
I/ActivityManager(  939): Killing 22404:com.facebook.katana/u0a192 (adj 15): empty #9
D/WifiService(  939): Client connection lost with reason: 4
W/ActivityManager(  939): Duplicate finish request for ActivityRecord{34661273 u0 com.sonymobile.entrance/.DeepLinkActivity t16 f}
I/ActivityManager(  939): Start proc 22693:android.process.acore/u0a46 for broadcast com.android.providers.contacts/.PackageIntentReceiver
I/ActivityManager(  939): Killing 22452:com.android.exchange/u0a25 (adj 15): empty #9
I/ActivityManager(  939): Start proc 22721:com.google.android.googlequicksearchbox:search/u0a62 for broadcast com.google.android.googlequicksearchbox/com.google.android.search.core.icingsync.IcingCorporaChangedReceiver
I/ActivityManager(  939): Killing 22514:com.google.android.gms.wearable/u0a28 (adj 15): empty #9
I/ActivityManager(  939): Start proc 22743:com.google.android.apps.docs/u0a90 for broadcast com.google.android.apps.docs/.receivers.AppPackageAddRemoveReceiver
V/WindowManager(  939): Based on layer: Adding window Window{1c40af4a u0 com.sonymobile.entrance/com.sonymobile.entrance.EntranceActivity} at 3 of 9
V/WindowManager(  939): Adding window Window{25eb2b97 u0 com.sonymobile.entrance/com.sonymobile.entrance.EntranceActivity} at 3 of 10 (before Window{1c40af4a u0 com.sonymobile.entrance/com.sonymobile.entrance.EntranceActivity})
W/ActivityManager(  939): getRunningAppProcesses: caller 10090 does not hold REAL_GET_TASKS; limiting output
W/ActivityManager(  939): getRunningAppProcesses: caller 10090 does not hold REAL_GET_TASKS; limiting output
W/ActivityManager(  939): getRunningAppProcesses: caller 10090 does not hold REAL_GET_TASKS; limiting output
W/ActivityManager(  939): getRunningAppProcesses: caller 10090 does not hold REAL_GET_TASKS; limiting output
I/ActivityManager(  939): Killing 22492:com.google.android.partnersetup/u0a31 (adj 15): empty #9
I/UsageStatsService(  939): User[0] Flushing usage stats to disk
I/ActivityManager(  939): Killing 22562:com.android.musicfx/u0a34 (adj 15): empty #9
D/PackageManager(  939): Renaming /data/app/vmdl1868818403.tmp to /data/app/com.sonyericsson.video-1
W/PackageManager(  939): Trying to update system app code path from /system/priv-app/SemcVideo to /data/app/com.sonyericsson.video-1
W/PackageManager(  939): Package com.sonyericsson.video desires unavailable shared library com.sonymobile.playanywhere.api_4; ignoring!
W/PackageManager(  939): Package com.sonyericsson.video desires unavailable shared library com.sonyericsson.dtcpctrl_protected.api; ignoring!
W/PackageManager(  939): Package com.sonyericsson.video desires unavailable shared library com.sonyericsson.dtcpctrl_private.api; ignoring!
W/PackageManager(  939): Package com.sonyericsson.video desires unavailable shared library com.sonymobile.imageenhancer.api_1; ignoring!
I/ActivityManager(  939): Force stopping com.sonyericsson.video appid=10049 user=-1: replace sys pkg
I/ActivityManager(  939): Delay finish: com.google.android.apps.plus/.service.PhotosAppTransitionMonitor
I/ActivityManager(  939): Resuming delayed broadcast
I/ActivityManager(  939): Start proc 22812:com.sonymobile.autopairing/u0a148 for broadcast com.sonymobile.autopairing/.AndroidPackageIntentReceiver
I/ActivityManager(  939): START u0 {act=android.intent.action.VIEW dat=market://details?id=com.google.android.gms&pcampaignid=gcore_8115000-d-com.sonymobile.entrance-7208967 flg=0x80000 pkg=com.android.vending cmp=com.android.vending/com.google.android.finsky.activities.LaunchUrlHandlerActivity} from uid 10069 on display 0
V/WindowManager(  939): addAppToken: AppWindowToken{1cc864d token=Token{151651e4 ActivityRecord{31364177 u0 com.android.vending/com.google.android.finsky.activities.LaunchUrlHandlerActivity t16}}} to stack=1 task=16 at 1
W/ResourcesManager(22812): Asset path '/system/framework/com.sonymobile.tvout.wifidisplay_impl.jar' does not exist or contains no resources.
I/ActivityManager(  939): START u0 {act=android.intent.action.VIEW dat=http://market.android.com/details?id=com.google.android.gms&pcampaignid=gcore_8115000-d-com.sonymobile.entrance-7208967 cmp=com.android.vending/com.google.android.finsky.activities.MainActivity (has extras)} from uid 10039 on display 0
V/WindowManager(  939): addAppToken: AppWindowToken{26993f4e token=Token{27683a49 ActivityRecord{32d8a850 u0 com.android.vending/com.google.android.finsky.activities.MainActivity t17}}} to stack=1 task=17 at 0
V/WindowManager(  939): Adding window Window{457e981 u0 Starting com.android.vending} at 5 of 11 (after Window{1c40af4a u0 com.sonymobile.entrance/com.sonymobile.entrance.EntranceActivity EXITING})
I/ActivityManager(  939): Delay finish: com.sonymobile.runtimeskinning.core/com.sonymobile.runtimeskinning.verification.install.PackageInstallReceiver
I/ActivityManager(  939): Resuming delayed broadcast
I/ActivityManager(  939): Delay finish: com.sonyericsson.updatecenter/.update.ApplicationInstalledReceiver
I/ActivityManager(  939): Resuming delayed broadcast
I/ActivityManager(  939): Start proc 22838:com.android.musicfx/u0a34 for broadcast com.android.musicfx/.Compatibility$Receiver
I/ActivityManager(  939): Delay finish: com.sonyericsson.facebook.proxylogin/.permissions.PackageChangedReceiver
I/ActivityManager(  939): Resuming delayed broadcast
I/ActivityManager(  939): Start proc 22860:com.google.android.apps.magazines/u0a112 for broadcast com.google.android.apps.magazines/com.google.apps.dots.android.app.receiver.FirstInstallNotificationReceiver
V/WindowManager(  939): Adding window Window{5c89244 u0 com.android.vending/com.google.android.finsky.activities.MainActivity} at 4 of 11 (before Window{457e981 u0 Starting com.android.vending})
W/ActivityManager(  939): getRunningAppProcesses: caller 10112 does not hold REAL_GET_TASKS; limiting output
I/ActivityManager(  939): START u0 {cat=[categoryhack:829fde6f-2052-4a95-89a8-b5f3b8a1b7b0] cmp=com.google.android.gms/.common.ui.UnpackingRedirectActivity (has extras)} from uid 10039 on display 0
V/WindowManager(  939): addAppToken: AppWindowToken{23094212 token=Token{9c73d9d ActivityRecord{3a171474 u0 com.google.android.gms/.common.ui.UnpackingRedirectActivity t17}}} to stack=1 task=17 at 1
I/ActivityManager(  939): Start proc 22886:com.google.android.gms.ui/u0a28 for activity com.google.android.gms/.common.ui.UnpackingRedirectActivity
W/ResourcesManager(22886): Asset path '/system/framework/com.android.media.remotedisplay.jar' does not exist or contains no resources.
W/ResourcesManager(22886): Asset path '/system/framework/com.android.location.provider.jar' does not exist or contains no resources.
I/ActivityManager(  939): START u0 {cat=[categoryhack:03f8c482-b07a-40d2-b31c-3d53cce8874a] flg=0x2000000 cmp=com.google.android.gms/.auth.accounts.AccountIntroActivity (has extras)} from uid 10028 on display 0
V/WindowManager(  939): addAppToken: AppWindowToken{1546165b token=Token{3967016a ActivityRecord{2018355 u0 com.google.android.gms/.auth.accounts.AccountIntroActivity t17}}} to stack=1 task=17 at 2
I/ActivityManager(  939): START u0 {flg=0x2000000 cmp=com.google.android.gms/.auth.accounts.addaccount.PreAddAccountActivity (has extras)} from uid 10028 on display 0
V/WindowManager(  939): addAppToken: AppWindowToken{9172510 token=Token{3a2ef5d3 ActivityRecord{1c2253c2 u0 com.google.android.gms/.auth.accounts.addaccount.PreAddAccountActivity t17}}} to stack=1 task=17 at 3
I/ActivityManager(  939): START u0 {flg=0x2000000 cmp=com.google.android.gms/.auth.accounts.minutemaid.MinuteMaidActivity (has extras)} from uid 10028 on display 0
V/WindowManager(  939): addAppToken: AppWindowToken{2777f26c token=Token{25f6f1f ActivityRecord{2686f2be u0 com.google.android.gms/.auth.accounts.minutemaid.MinuteMaidActivity t17}}} to stack=1 task=17 at 2
I/ActivityManager(  939): Start proc 22942:com.google.android.gms.unstable/u0a28 for service com.google.android.gms/.droidguard.DroidGuardService
W/ResourcesManager(22942): Asset path '/system/framework/com.android.media.remotedisplay.jar' does not exist or contains no resources.
W/ResourcesManager(22942): Asset path '/system/framework/com.android.location.provider.jar' does not exist or contains no resources.
W/ActivityManager(  939): getRunningAppProcesses: caller 10112 does not hold REAL_GET_TASKS; limiting output
W/ActivityManager(  939): getRunningAppProcesses: caller 10112 does not hold REAL_GET_TASKS; limiting output
I/ActivityManager(  939): Start proc 22998:com.sonyericsson.xhs/u0a178 for broadcast com.sonyericsson.xhs/com.sonymobile.xhs.receivers.XLPackageUpdateReceiver
V/WindowManager(  939): Adding window Window{3316f8f7 u0 com.google.android.gms/com.google.android.gms.auth.accounts.minutemaid.MinuteMaidActivity} at 5 of 11 (after Window{5c89244 u0 com.android.vending/com.google.android.finsky.activities.MainActivity})
I/ActivityManager(  939): Start proc 23041:com.sony.nfx.app.sfrc/u0a185 for broadcast com.sony.nfx.app.sfrc/.SocialifeUpdateReceiver
I/ActivityManager(  939): Killing 22838:com.android.musicfx/u0a34 (adj 15): empty #9
I/ActivityManager(  939): Killing 22626:com.sonymobile.social.services/u0a27 (adj 15): empty #9
I/ActivityManager(  939): Killing 22660:com.sonyericsson.album/u0a43 (adj 15): empty #9
I/ActivityManager(  939): Killing 22743:com.google.android.apps.docs/u0a90 (adj 15): empty #9
D/TaskPersister(  939): removeObsoleteFile: deleting file=14_task.xml
D/TaskPersister(  939): removeObsoleteFile: deleting file=14_task_thumbnail.png
I/ActivityManager(  939): Start proc 23087:com.google.android.gms.wearable/u0a28 for service com.google.android.gms/.wearable.service.WearableService
W/ResourcesManager(23087): Asset path '/system/framework/com.android.media.remotedisplay.jar' does not exist or contains no resources.
W/ResourcesManager(23087): Asset path '/system/framework/com.android.location.provider.jar' does not exist or contains no resources.
I/ActivityManager(  939): Start proc 23111:com.sonymobile.runtimeskinning.picker/u0a184 for broadcast com.sonymobile.runtimeskinning.picker/.SkinVerifiedReceiver
I/ActivityManager(  939): START u0 {act=com.android.systemui.recents.SHOW_RECENTS flg=0x10804000 cmp=com.android.systemui/.recents.RecentsActivity} from uid 10059 on display 0
I/ActivityManager(  939): Start proc 23143:com.sony.smallapp.managerservice/u0a143 for service com.sony.smallapp.managerservice/.SmallAppManagerService
I/ActivityManager(  939): Killing 22693:android.process.acore/u0a46 (adj 15): empty #9
I/ActivityManager(  939): Killing 22860:com.google.android.apps.magazines/u0a112 (adj 15): empty #9
I/ActivityManager(  939): Killing 22721:com.google.android.googlequicksearchbox:search/u0a62 (adj 15): empty #9
I/ActivityManager(  939): Killing 22998:com.sonyericsson.xhs/u0a178 (adj 15): empty #9
I/ActivityManager(  939): Killing 22812:com.sonymobile.autopairing/u0a148 (adj 15): empty #10
I/ActivityManager(  939): Killing 22470:com.android.vending/u0a39 (adj 11): remove task
I/WindowState(  939): WIN DEATH: Window{5c89244 u0 com.android.vending/com.google.android.finsky.activities.MainActivity}
D/TaskPersister(  939): removeObsoleteFile: deleting file=17_task.xml
D/TaskPersister(  939): removeObsoleteFile: deleting file=17_task_thumbnail.png
I/ActivityManager(  939): Start proc 23193:com.android.vending/u0a39 for service com.android.vending/com.google.android.finsky.services.ContentSyncService
E/ActivityThread( 2276): Failed to find provider info for com.google.android.wearable.settings
E/ActivityThread( 2276): Failed to find provider info for com.google.android.wearable.settings
W/InputMethodManagerService(  939): Window already focused, ignoring focus gain of: com.android.internal.view.IInputMethodClient$Stub$Proxy@15c80d4d attribute=null, token = android.os.BinderProxy@f449516
I/ActivityManager(  939): START u0 {act=android.intent.action.MAIN cat=[android.intent.category.HOME] flg=0x10200000 cmp=com.sonyericsson.home/com.sonymobile.home.HomeActivity} from uid 10059 on display 0
I/PowerManagerService(  939): Going to sleep due to power button (uid 1000)...
I/PowerManagerService(  939): Sleeping (uid 1000)...
I/ActivityManager(  939): Killing 23041:com.sony.nfx.app.sfrc/u0a185 (adj 15): empty #9
I/DisplayManagerService(  939): Display device changed: DisplayDeviceInfo{"Built-in Screen": uniqueId="local:0", 540 x 960, 60.0 fps, supportedRefreshRates [60.0], density 240, 232.474 x 234.461 dpi, appVsyncOff 0, presDeadline 17666667, touch INTERNAL, rotation 0, type BUILT_IN, state OFF, FLAG_DEFAULT_DISPLAY, FLAG_ROTATES_WITH_CONTENT, FLAG_SECURE, FLAG_SUPPORTS_PROTECTED_BUFFERS}
V/ActivityManager(  939): Display changed displayId=0
W/PackageManager(  939): Code path for pkg : com.sonyericsson.video changing from /system/priv-app/SemcVideo to /data/app/com.sonyericsson.video-1
I/ActivityManager(  939): Force stopping com.sonyericsson.video appid=10049 user=-1: update pkg
W/PackageManager(  939): Resource path for pkg : com.sonyericsson.video changing from /system/priv-app/SemcVideo to /data/app/com.sonyericsson.video-1
I/PackageManager(  939): Removing old permission: com.sonymobile.video.permission.PROVIDE_CONTENT from package com.sonyericsson.video
I/PackageManager(  939): Un-granting permission com.android.voicemail.permission.WRITE_VOICEMAIL from package com.sonyericsson.localcontacts (protectionLevel=18 flags=0x88be45)
I/PackageManager(  939): Un-granting permission com.android.voicemail.permission.READ_VOICEMAIL from package com.sonyericsson.localcontacts (protectionLevel=18 flags=0x88be45)
W/PackageManager(  939): Unknown permission com.sonymobile.permission.ACCESS_BEACON_MANAGER in package com.sonyericsson.video
W/PackageManager(  939): Unknown permission com.sonyericsson.android.permission.SOLS_VIDEO_ACCESS in package com.sonyericsson.video
W/PackageManager(  939): Unknown permission com.sonymobile.dlna.permission.READ_DATA in package com.sonyericsson.video
W/PackageManager(  939): Unknown permission com.sonymobile.permission.VUABS in package com.sonyericsson.video
W/PackageManager(  939): Unknown permission com.sonyericsson.dtcpctrl.permission.DTCPCTRL_SERVICE in package com.sonyericsson.video
I/ActivityManager(  939): Start proc 23301:com.google.android.googlequicksearchbox:search/u0a62 for broadcast com.google.android.googlequicksearchbox/com.google.android.search.core.GooglePlayServicesHelper$GmsPackageWatcher
I/ActivityManager(  939): Force stopping com.sonyericsson.video appid=10049 user=0: pkg removed
I/ActivityManager(  939): Start proc 23323:com.sony.smallapp.launcher/u0a146 for content provider com.sony.smallapp.launcher/.SmallAppInfoProvider
I/ActivityManager(  939): Killing 23111:com.sonymobile.runtimeskinning.picker/u0a184 (adj 15): empty #9
W/ResourcesManager(  939): Asset path '/system/framework/com.sonyericsson.uxpres.jar' does not exist or contains no resources.
W/ResourcesManager(  939): Asset path '/system/framework/com.sonymobile.smime.jar' does not exist or contains no resources.
W/ResourcesManager(  939): Asset path '/system/framework/com.google.protobuf-2.3.0.jar' does not exist or contains no resources.
W/ResourcesManager(  939): Asset path '/system/framework/com.sonyericsson.idd.jar' does not exist or contains no resources.
W/ResourcesManager(23323): Asset path '/system/framework/com.sony.smallapp.jar' does not exist or contains no resources.
W/ResourcesManager(  939): Asset path '/system/framework/com.google.android.maps.jar' does not exist or contains no resources.
W/ResourcesManager(  939): Asset path '/system/framework/com.sonymobile.settings.illumination.jar' does not exist or contains no resources.
I/ActivityManager(  939): Start proc 23354:com.google.android.partnersetup/u0a31 for content provider com.google.android.partnersetup/.RlzAppProvider
D/BackupManagerService(  939): Received broadcast Intent { act=android.intent.action.PACKAGE_CHANGED dat=package:com.google.android.gms flg=0x4000010 (has extras) }
W/ResourcesManager(  939): Asset path '/system/framework/com.google.android.maps.jar' does not exist or contains no resources.
W/ResourcesManager(  939): Asset path '/system/framework/com.sonymobile.settings.illumination.jar' does not exist or contains no resources.
W/ResourcesManager(  939): Asset path '/system/framework/com.sonyericsson.uxpres.jar' does not exist or contains no resources.
W/ResourcesManager(  939): Asset path '/system/framework/com.sonymobile.smime.jar' does not exist or contains no resources.
W/ResourcesManager(  939): Asset path '/system/framework/com.google.protobuf-2.3.0.jar' does not exist or contains no resources.
W/ResourcesManager(  939): Asset path '/system/framework/com.sonyericsson.idd.jar' does not exist or contains no resources.
I/ActivityManager(  939): Start proc 23376:com.google.android.talk/u0a102 for broadcast com.google.android.talk/com.google.android.apps.hangouts.phone.PackageReplacedReceiver
I/ActivityManager(  939): Killing 23087:com.google.android.gms.wearable/u0a28 (adj 15): empty #9
I/ActivityManager(  939): Killing 22886:com.google.android.gms.ui/u0a28 (adj 15): empty #10
D/JobSchedulerService(  939): Receieved: android.intent.action.PACKAGE_REMOVED
D/BackupManagerService(  939): Received broadcast Intent { act=android.intent.action.PACKAGE_REMOVED dat=package:com.sonyericsson.video flg=0x4000010 (has extras) }
W/ResourcesManager(23376): Asset path '/system/framework/com.google.android.media.effects.jar' does not exist or contains no resources.
D/BackupManagerService(  939): Received broadcast Intent { act=android.intent.action.PACKAGE_ADDED dat=package:com.sonyericsson.video flg=0x4000010 (has extras) }
W/BackupManagerService(  939): Removing schedule queue dupe of com.sonyericsson.video
W/ResourcesManager(23376): Asset path '/system/framework/com.google.android.maps.jar' does not exist or contains no resources.
W/ResourcesManager(23376): Asset path '/system/framework/com.sonymobile.settings.illumination.jar' does not exist or contains no resources.
W/Telecom (  939): TelecomServiceImpl: null is not visible for the calling user
W/Telecom (  939): TelecomServiceImpl: null is not visible for the calling user
I/ActivityManager(  939): Start proc 23429:com.sonymobile.social.services/u0a27 for broadcast com.sonyericsson.facebook.proxylogin/.permissions.PackageChangedReceiver
I/ActivityManager(  939): Start proc 23453:android.process.acore/u0a46 for broadcast com.android.providers.contacts/.PackageIntentReceiver
D/PackageManager(  939): /data/app/vmdl1041071558.tmp already staged; skipping copy
W/ResourcesManager(23376): Asset path '/system/framework/com.google.android.maps.jar' does not exist or contains no resources.
W/ResourcesManager(23376): Asset path '/system/framework/com.sonymobile.settings.illumination.jar' does not exist or contains no resources.
I/ActivityManager(  939): Killing 22600:com.google.android.gms:car/u0a28 (adj 15): empty #9
D/PackageManager(  939): Renaming /data/app/vmdl1041071558.tmp to /data/app/com.sony.smallapp.appframework-1
W/PackageManager(  939): Trying to update system app code path from /system/app/SmallAppsFramework to /data/app/com.sony.smallapp.appframework-1
I/ActivityManager(  939): Force stopping com.sony.smallapp.appframework appid=10145 user=-1: replace sys pkg
I/ActivityManager(  939): Killing 22942:com.google.android.gms.unstable/u0a28 (adj 15): empty #9
W/PackageManager(  939): Code path for pkg : com.sony.smallapp.appframework changing from /system/app/SmallAppsFramework to /data/app/com.sony.smallapp.appframework-1
W/PackageManager(  939): Resource path for pkg : com.sony.smallapp.appframework changing from /system/app/SmallAppsFramework to /data/app/com.sony.smallapp.appframework-1
I/ActivityManager(  939): Start proc 23498:com.android.exchange/u0a25 for broadcast com.android.exchange/.ExchangeBroadcastReceiver
I/ActivityManager(  939): Force stopping com.sony.smallapp.appframework appid=10145 user=-1: update pkg
I/ActivityManager(  939): Killing 23143:com.sony.smallapp.managerservice/u0a143 (adj 15): empty #9
W/ResourcesManager(23498): Asset path '/system/framework/com.sonymobile.provider.tasks.jar' does not exist or contains no resources.
W/ResourcesManager(23498): Asset path '/system/framework/com.sonymobile.smime.jar' does not exist or contains no resources.
W/ResourcesManager(23498): Asset path '/system/framework/jcifs.jar' does not exist or contains no resources.
W/ResourcesManager(23498): Asset path '/system/framework/com.google.protobuf-2.3.0.jar' does not exist or contains no resources.
W/ResourcesManager(23498): Asset path '/system/framework/com.sonyericsson.idd.jar' does not exist or contains no resources.
I/ActivityManager(  939): Force stopping com.sony.smallapp.appframework appid=10145 user=0: pkg removed
I/ActivityManager(  939): Killing 23354:com.google.android.partnersetup/u0a31 (adj 15): empty #9
D/JobSchedulerService(  939): Receieved: android.intent.action.PACKAGE_REMOVED
D/BackupManagerService(  939): Received broadcast Intent { act=android.intent.action.PACKAGE_REMOVED dat=package:com.sony.smallapp.appframework flg=0x4000010 (has extras) }
D/BackupManagerService(  939): Received broadcast Intent { act=android.intent.action.PACKAGE_ADDED dat=package:com.sony.smallapp.appframework flg=0x4000010 (has extras) }
W/BackupManagerService(  939): Removing schedule queue dupe of com.sony.smallapp.appframework
I/ActivityManager(  939): Start proc 23529:com.android.musicfx/u0a34 for broadcast com.android.musicfx/.Compatibility$Receiver
I/ActivityManager(  939): Start proc 23552:com.sonyericsson.album/u0a43 for broadcast com.sonyericsson.album/.online.UpdateReceiver
I/ActivityManager(  939): Killing 23376:com.google.android.talk/u0a102 (adj 15): empty #9
I/ActivityManager(  939): Killing 23453:android.process.acore/u0a46 (adj 15): empty #9
W/ResourcesManager(23552): Asset path '/system/framework/com.sonymobile.playanywhere.jar' does not exist or contains no resources.
W/ResourcesManager(23552): Asset path '/system/framework/com.sonymobile.remotefileaccess.jar' does not exist or contains no resources.
W/ResourcesManager(23552): Asset path '/system/framework/com.google.android.maps.jar' does not exist or contains no resources.
W/ResourcesManager(23552): Asset path '/system/framework/com.sonyericsson.dlna_impl.jar' does not exist or contains no resources.
W/ResourcesManager(23552): Asset path '/system/framework/com.sonymobile.drmstream_impl.jar' does not exist or contains no resources.
W/ResourcesManager(23552): Asset path '/system/framework/com.sonymobile.photoanalyzer_impl.jar' does not exist or contains no resources.
W/ResourcesManager(23552): Asset path '/system/framework/com.sonyericsson.colorextraction_impl.jar' does not exist or contains no resources.
W/ResourcesManager(23552): Asset path '/system/framework/com.sony.device.jar' does not exist or contains no resources.
W/ResourcesManager(23552): Asset path '/system/framework/com.sonyericsson.illumination.jar' does not exist or contains no resources.
W/ResourcesManager(23552): Asset path '/system/framework/com.sonymobile.settings.illumination.jar' does not exist or contains no resources.
I/ActivityManager(  939): Start proc 23576:android.process.acore/u0a46 for broadcast com.android.providers.contacts/.PackageIntentReceiver
I/ActivityManager(  939): Killing 23301:com.google.android.googlequicksearchbox:search/u0a62 (adj 15): empty #9
I/ActivityManager(  939): Start proc 23598:com.google.android.googlequicksearchbox:search/u0a62 for broadcast com.google.android.googlequicksearchbox/com.google.android.search.core.icingsync.IcingCorporaChangedReceiver
I/ActivityManager(  939): Killing 22429:com.android.defcontainer/u0a23 (adj 15): empty #9
I/ActivityManager(  939): Killing 23498:com.android.exchange/u0a25 (adj 15): empty #9
I/ActivityManager(  939): Start proc 23620:com.google.android.apps.docs/u0a90 for broadcast com.google.android.apps.docs/.receivers.AppPackageAddRemoveReceiver
W/ActivityManager(  939): getRunningAppProcesses: caller 10090 does not hold REAL_GET_TASKS; limiting output
W/ActivityManager(  939): getRunningAppProcesses: caller 10090 does not hold REAL_GET_TASKS; limiting output
W/ActivityManager(  939): getRunningAppProcesses: caller 10090 does not hold REAL_GET_TASKS; limiting output
W/ActivityManager(  939): getRunningAppProcesses: caller 10090 does not hold REAL_GET_TASKS; limiting output
I/ActivityManager(  939): Start proc 23668:com.android.keychain/1000 for broadcast com.android.keychain/.KeyChainBroadcastReceiver
W/ContextImpl(23668): Calling a method in the system process without a qualified user: android.app.ContextImpl.startService:1713 android.content.ContextWrapper.startService:516 android.content.ContextWrapper.startService:516 com.android.keychain.KeyChainBroadcastReceiver.onReceive:12 android.app.ActivityThread.handleReceiver:2673 
I/ActivityManager(  939): Delay finish: com.google.android.apps.plus/.service.PackagesMediaMonitor
I/ActivityManager(  939): Resuming delayed broadcast
I/ActivityManager(  939): Delay finish: com.google.android.apps.plus/.service.PhotosAppTransitionMonitor
I/ActivityManager(  939): Resuming delayed broadcast
I/ActivityManager(  939): Start proc 23690:com.realvnc.android.remote/u0a130 for broadcast com.realvnc.android.remote/.RemoteControlService$PackageManagerReceiver
I/ActivityManager(  939): Killing 23323:com.sony.smallapp.launcher/u0a146 (adj 15): empty #9
I/ActivityManager(  939): Killing 23529:com.android.musicfx/u0a34 (adj 15): empty #9
I/ActivityManager(  939): Start proc 23714:com.facebook.katana:dash/u0a192 for broadcast com.facebook.katana/com.facebook.dash.receivers.DashPackageUninstallReceiver
W/ResourcesManager(23714): Asset path '/system/framework/com.google.android.maps.jar' does not exist or contains no resources.
W/ActivityManager(  939): getRunningAppProcesses: caller 10192 does not hold REAL_GET_TASKS; limiting output
W/ActivityManager(  939): getRunningAppProcesses: caller 10192 does not hold REAL_GET_TASKS; limiting output
W/ActivityManager(  939): getRunningAppProcesses: caller 10192 does not hold REAL_GET_TASKS; limiting output
W/ActivityManager(  939): getRunningAppProcesses: caller 10192 does not hold REAL_GET_TASKS; limiting output
W/ActivityManager(  939): getRunningAppProcesses: caller 10192 does not hold REAL_GET_TASKS; limiting output
I/ActivityManager(  939): Start proc 23756:com.facebook.katana/u0a192 for content provider com.facebook.katana/.provider.orca.FbSharedPreferencesContentProvider
D/WifiService(  939): New client listening to asynchronous messages
I/ActivityManager(  939): Killing 23429:com.sonymobile.social.services/u0a27 (adj 15): empty #9
W/ResourcesManager(23756): Asset path '/system/framework/com.google.android.maps.jar' does not exist or contains no resources.
W/ActivityManager(  939): getRunningAppProcesses: caller 10192 does not hold REAL_GET_TASKS; limiting output
I/ActivityManager(  939): Killing 23193:com.android.vending/u0a39 (adj 15): empty #10
I/ActivityManager(  939): Start proc 23782:com.android.exchange/u0a25 for broadcast com.android.exchange/.ExchangeBroadcastReceiver
I/ActivityManager(  939): Start proc 23791:com.android.defcontainer/u0a23 for service com.android.defcontainer/.DefaultContainerService
W/ActivityManager(  939): getRunningAppProcesses: caller 10192 does not hold REAL_GET_TASKS; limiting output
W/ResourcesManager(23782): Asset path '/system/framework/com.sonymobile.provider.tasks.jar' does not exist or contains no resources.
W/ResourcesManager(23782): Asset path '/system/framework/com.sonymobile.smime.jar' does not exist or contains no resources.
W/ResourcesManager(23782): Asset path '/system/framework/jcifs.jar' does not exist or contains no resources.
W/ResourcesManager(23782): Asset path '/system/framework/com.google.protobuf-2.3.0.jar' does not exist or contains no resources.
W/ResourcesManager(23782): Asset path '/system/framework/com.sonyericsson.idd.jar' does not exist or contains no resources.
W/ActivityManager(  939): getRunningAppProcesses: caller 10192 does not hold REAL_GET_TASKS; limiting output
I/ActivityManager(  939): Killing 23552:com.sonyericsson.album/u0a43 (adj 15): empty #9
I/ActivityManager(  939): Start proc 23821:com.google.android.partnersetup/u0a31 for broadcast com.google.android.partnersetup/.RlzPingBroadcastReceiver
I/ActivityManager(  939): Start proc 23842:com.android.vending/u0a39 for broadcast com.android.vending/com.google.android.vending.verifier.PackageVerificationReceiver
W/ActivityManager(  939): getRunningAppProcesses: caller 10192 does not hold REAL_GET_TASKS; limiting output
I/ActivityManager(  939): Start proc 23867:com.google.android.gms.wearable/u0a28 for service com.google.android.gms/.wearable.service.WearableControlService
I/ActivityManager(  939): Delay finish: com.google.android.partnersetup/.AppInstalledReceiver
I/ActivityManager(  939): Resuming delayed broadcast
I/ActivityManager(  939): Start proc 23888:com.android.musicfx/u0a34 for broadcast com.android.musicfx/.Compatibility$Receiver
W/ResourcesManager(23867): Asset path '/system/framework/com.android.media.remotedisplay.jar' does not exist or contains no resources.
W/ResourcesManager(23867): Asset path '/system/framework/com.android.location.provider.jar' does not exist or contains no resources.
I/ActivityManager(  939): Killing 23576:android.process.acore/u0a46 (adj 15): empty #9
I/ActivityManager(  939): Killing 23598:com.google.android.googlequicksearchbox:search/u0a62 (adj 15): empty #9
I/ActivityManager(  939): Start proc 23933:com.google.android.gms:car/u0a28 for service com.google.android.gms/.car.CarService
I/ActivityManager(  939): Killing 23668:com.android.keychain/1000 (adj 15): empty #9
W/ActivityManager(  939): getRunningAppProcesses: caller 10192 does not hold REAL_GET_TASKS; limiting output
W/ResourcesManager(23933): Asset path '/system/framework/com.android.media.remotedisplay.jar' does not exist or contains no resources.
W/ResourcesManager(23933): Asset path '/system/framework/com.android.location.provider.jar' does not exist or contains no resources.
I/ActivityManager(  939): Start proc 23963:com.sonymobile.social.services/u0a27 for broadcast com.sonyericsson.facebook.proxylogin/.permissions.PackageChangedReceiver
D/PackageManager(  939): /data/app/vmdl718922775.tmp already staged; skipping copy
I/ActivityManager(  939): Killing 23690:com.realvnc.android.remote/u0a130 (adj 15): empty #9
I/ActivityManager(  939): Start proc 23989:com.sonyericsson.album/u0a43 for broadcast com.sonyericsson.album/.online.UpdateReceiver
I/ActivityManager(  939): Killing 23714:com.facebook.katana:dash/u0a192 (adj 15): empty #9
D/WifiService(  939): Client connection lost with reason: 4
D/WifiService(  939): New client listening to asynchronous messages
W/ResourcesManager(23989): Asset path '/system/framework/com.sonymobile.playanywhere.jar' does not exist or contains no resources.
W/ResourcesManager(23989): Asset path '/system/framework/com.sonymobile.remotefileaccess.jar' does not exist or contains no resources.
W/ResourcesManager(23989): Asset path '/system/framework/com.google.android.maps.jar' does not exist or contains no resources.
W/ResourcesManager(23989): Asset path '/system/framework/com.sonyericsson.dlna_impl.jar' does not exist or contains no resources.
W/ResourcesManager(23989): Asset path '/system/framework/com.sonymobile.drmstream_impl.jar' does not exist or contains no resources.
W/ResourcesManager(23989): Asset path '/system/framework/com.sonymobile.photoanalyzer_impl.jar' does not exist or contains no resources.
W/ResourcesManager(23989): Asset path '/system/framework/com.sonyericsson.colorextraction_impl.jar' does not exist or contains no resources.
W/ResourcesManager(23989): Asset path '/system/framework/com.sony.device.jar' does not exist or contains no resources.
W/ResourcesManager(23989): Asset path '/system/framework/com.sonyericsson.illumination.jar' does not exist or contains no resources.
W/ResourcesManager(23989): Asset path '/system/framework/com.sonymobile.settings.illumination.jar' does not exist or contains no resources.
I/ActivityManager(  939): Killing 23756:com.facebook.katana/u0a192 (adj 15): empty #9
D/WifiService(  939): Client connection lost with reason: 4
I/ActivityManager(  939): Start proc 24020:android.process.acore/u0a46 for broadcast com.android.providers.contacts/.PackageIntentReceiver
I/ActivityManager(  939): Killing 23782:com.android.exchange/u0a25 (adj 15): empty #9
I/ActivityManager(  939): Start proc 24044:com.google.android.googlequicksearchbox:search/u0a62 for broadcast com.google.android.googlequicksearchbox/com.google.android.search.core.icingsync.IcingCorporaChangedReceiver
I/ActivityManager(  939): Killing 23821:com.google.android.partnersetup/u0a31 (adj 15): empty #9
I/ActivityManager(  939): Delay finish: com.sonyericsson.extras.liveware/.aef.service.InstallEventReceiver
I/ActivityManager(  939): Resuming delayed broadcast
I/ActivityManager(  939): Delay finish: com.google.android.apps.plus/.service.PackagesMediaMonitor
I/ActivityManager(  939): Resuming delayed broadcast
I/ActivityManager(  939): Delay finish: com.google.android.apps.plus/.service.PhotosAppTransitionMonitor
I/ActivityManager(  939): Resuming delayed broadcast
I/ActivityManager(  939): Killing 23867:com.google.android.gms.wearable/u0a28 (adj 15): empty #9
I/ActivityManager(  939): Start proc 24071:com.google.android.partnersetup/u0a31 for content provider com.google.android.partnersetup/.RlzAppProvider
I/ActivityManager(  939): Start proc 24092:com.sonymobile.autopairing/u0a148 for broadcast com.sonymobile.autopairing/.AndroidPackageIntentReceiver
W/ResourcesManager(24092): Asset path '/system/framework/com.sonymobile.tvout.wifidisplay_impl.jar' does not exist or contains no resources.
I/ActivityManager(  939): Killing 23888:com.android.musicfx/u0a34 (adj 15): empty #9
I/ActivityManager(  939): Killing 23933:com.google.android.gms:car/u0a28 (adj 15): empty #9
