12-22 00:59:17.572  7517  7670 E NxpTml  : PN54X - Error in I2C Write.....
12-22 00:59:17.573  7517  7672 E NxpHal  : write error status = 0x1ff
12-22 00:59:17.573  7517  7651 E NxpHal  : write_unlocked failed - PN54X Maybe in Standby Mode - Retry
12-22 00:59:37.727  5040  5095 I ActivityManager: Start proc 18890:com.google.process.gapps/u0a56 for service com.google.android.syncadapters.contacts/.ContactsSyncAdapterService
12-22 00:59:37.759  7473  8475 I chatty  : uid=10018(com.google.android.gms) netscheduler-qu expire 2 lines
12-22 00:59:37.781 18890 18890 W System  : ClassLoader referenced unknown path: /system/app/GoogleContactsSyncAdapter/lib/arm64
12-22 00:59:37.816 18890 18890 I GoogleHttpClient: GMS http client unavailable, use old client
12-22 00:59:37.919 18890 18909 I SyncAdapterProxy: Delagator disabled, using the (deprecated) GData sync adapter
12-22 00:59:37.938 18890 18909 I GoogleHttpClient: GMS http client unavailable, use old client
12-22 00:59:39.369 18901 18901 W Thread-12: type=1400 audit(0.0:176): avc: denied { read } for name="/" dev="rootfs" ino=1 scontext=u:r:untrusted_app:s0:c512,c768 tcontext=u:object_r:rootfs:s0 tclass=dir permissive=0
12-22 00:59:39.579 16962 18901 W linker  : /data/data/com.avira.android/bin/antivirus/libaecore.so: is missing DT_SONAME will use basename as a replacement: "libaecore.so"
12-22 00:59:39.622 16962 18901 W linker  : /data/data/com.avira.android/bin/antivirus/libaedroid.so: is missing DT_SONAME will use basename as a replacement: "libaedroid.so"
12-22 00:59:39.630 16962 18901 W linker  : /data/data/com.avira.android/bin/antivirus/libaeexp.so: is missing DT_SONAME will use basename as a replacement: "libaeexp.so"
12-22 00:59:39.638 16962 18901 W linker  : /data/data/com.avira.android/bin/antivirus/libaehelp.so: is missing DT_SONAME will use basename as a replacement: "libaehelp.so"
12-22 00:59:39.646 16962 18901 W linker  : /data/data/com.avira.android/bin/antivirus/libaemobile.so: is missing DT_SONAME will use basename as a replacement: "libaemobile.so"
12-22 00:59:39.656 16962 18901 W linker  : /data/data/com.avira.android/bin/antivirus/libaepack.so: is missing DT_SONAME will use basename as a replacement: "libaepack.so"
12-22 00:59:39.663 16962 18901 W linker  : /data/data/com.avira.android/bin/antivirus/libaescn.so: is missing DT_SONAME will use basename as a replacement: "libaescn.so"
12-22 00:59:39.671 16962 18901 W linker  : /data/data/com.avira.android/bin/antivirus/libaevdf.so: is missing DT_SONAME will use basename as a replacement: "libaevdf.so"
12-22 00:59:40.302  7473 24035 I chatty  : uid=10018 com.google.android.gms.persistent expire 16 lines
12-22 00:59:43.485  5040 18543 I ActivityManager: Killing 18398:com.android.connectivity.metrics/u0a7 (adj 906): empty #17
12-22 00:59:43.486  5040 18543 I ActivityManager: Killing 18070:com.google.android.apps.docs/u0a52 (adj 906): empty #18
12-22 00:59:43.523  5040 18546 D ActivityManager: cleanUpApplicationRecord -- 18398
12-22 00:59:43.528  5040  5090 D ActivityManager: cleanUpApplicationRecord -- 18070
12-22 00:59:48.731 18890 18913 I SyncAdapterProxy: Delagator disabled, using the (deprecated) GData sync adapter
12-22 00:59:48.984 18890 18913 D NetworkSecurityConfig: No Network Security Config specified, using platform default
12-22 01:03:31.761  7473  8475 I chatty  : uid=10018(com.google.android.gms) netscheduler-qu expire 2 lines
12-22 01:04:32.804  3810 12301 I Netd    : Destroyed 1 sockets for UidRanges{ 10000-2147483647 } skip={1001 1027 10010 10013 10018 10021 10035 10037 10081 10089 10093} in 3.8 ms
12-22 01:07:23.615  7473  7722 I chatty  : uid=10018 com.google.android.gms.persistent expire 4 lines
12-22 01:08:57.650  7473 24035 I chatty  : uid=10018 com.google.android.gms.persistent expire 21 lines
12-22 01:10:03.047  7652 18928 I chatty  : uid=10018(com.google.android.gms) expire 2 lines
12-22 01:10:03.149  7652  7982 I chatty  : uid=10018(com.google.android.gms) lowpool[4] expire 3 lines
12-22 01:10:03.211  7652  7939 I chatty  : uid=10018(com.google.android.gms) lowpool[2] expire 5 lines
12-22 01:11:14.661  7473  7722 I chatty  : uid=10018 com.google.android.gms.persistent expire 4 lines
12-22 01:11:14.711  7473  8475 I chatty  : uid=10018(com.google.android.gms) netscheduler-qu expire 9 lines
12-22 01:11:14.757  3810 18464 I Netd    : Destroyed 1 sockets for UidRanges{ 10000-2147483647 } skip={1001 1027 10010 10013 10018 10021 10035 10037 10081 10089 10093} in 1.5 ms
12-22 01:11:14.902  7473  7726 I chatty  : uid=10018(com.google.android.gms) lowpool[2] expire 6 lines
12-22 01:11:15.014  7473  7473 I chatty  : uid=10018 com.google.android.gms.persistent expire 1 line
12-22 01:11:15.183  7652 18957 I chatty  : uid=10018(com.google.android.gms) expire 1 line
12-22 01:11:15.195  5040  7543 E BatteryStatsService: no controller energy info supplied
12-22 01:11:15.379  7473 18956 I chatty  : uid=10018 com.google.android.gms.persistent expire 4 lines
12-22 01:11:17.195  5040  7224 I ActivityManager: Start proc 18966:com.google.android.gms.ui/u0a18 for service com.google.android.gms/.chimera.UiIntentOperationService
12-22 01:11:17.293  7652 18964 I chatty  : uid=10018(com.google.android.gms) expire 1 line
12-22 01:11:17.320 18966 18966 I chatty  : uid=10018 com.google.android.gms.ui expire 5 lines
12-22 01:11:17.330  7652 18965 I chatty  : uid=10018(com.google.android.gms) expire 2 lines
12-22 01:11:17.348  7652 18979 I chatty  : uid=10018(com.google.android.gms) expire 1 line
12-22 01:11:17.377  7473 18980 I chatty  : uid=10018 com.google.android.gms.persistent expire 4 lines
12-22 01:11:17.525 18966 18987 I chatty  : uid=10018 com.google.android.gms.ui expire 1 line
12-22 01:17:16.647  5040 15567 I chatty  : uid=1000 system_server expire 10 lines
12-22 01:17:16.657  7473  7727 I chatty  : uid=10018(com.google.android.gms) lowpool[3] expire 12 lines
12-22 01:17:16.742  7473  7726 I chatty  : uid=10018(com.google.android.gms) lowpool[2] expire 13 lines
12-22 01:20:10.286  5040  7559 I ActivityManager: Killing 15291:com.google.android.gm/u0a79 (adj 906): empty #17
12-22 01:20:10.348  5040 20954 D ActivityManager: cleanUpApplicationRecord -- 15291
12-22 01:22:48.719  3810 16361 I Netd    : Destroyed 1 sockets for UidRanges{ 10000-2147483647 } skip={1001 1027 10010 10013 10018 10021 10035 10037 10081 10089 10093} in 1.1 ms
12-22 01:25:41.626  5040  9241 I ActivityManager: Killing 17965:com.google.android.talk/u0a66 (adj 906): empty #17
12-22 01:25:41.664  5040 10531 D ActivityManager: cleanUpApplicationRecord -- 17965
12-22 01:30:31.620 18707 18707 I Periodic: Executing periodic callback for HOUR because the period ended
12-22 01:31:31.698  7473  7727 I chatty  : uid=10018(com.google.android.gms) lowpool[3] expire 8 lines
12-22 01:31:31.723  7652 19019 I chatty  : uid=10018(com.google.android.gms) expire 3 lines
12-22 01:35:23.639  7473 19017 I chatty  : uid=10018 com.google.android.gms.persistent expire 7 lines
12-22 01:35:23.751  5040  5095 I ActivityManager: Start proc 19031:com.google.android.apps.docs/u0a52 for service com.google.android.apps.docs/.sync.syncadapter.DocsSyncAdapterService
12-22 01:35:23.816 19031 19031 I art     : Starting a blocking GC AddRemoveAppImageSpace
12-22 01:35:23.908 19031 19051 I GAv4    : Google Analytics 8.4.87 is starting up. To enable debug logging on a device run:
12-22 01:35:23.908 19031 19051 I GAv4    :   adb shell setprop log.tag.GAv4 DEBUG
12-22 01:35:23.908 19031 19051 I GAv4    :   adb logcat -s GAv4
12-22 01:35:23.922 19031 19051 W GAv4    : AnalyticsReceiver is not registered or is disabled. Register the receiver for reliable dispatching on non-Google Play devices. See http://goo.gl/8Rd3yj for instructions.
12-22 01:35:23.929 19031 19051 W GAv4    : CampaignTrackingReceiver is not registered, not exported or is disabled. Installation campaign tracking is not possible. See http://goo.gl/8Rd3yj for instructions.
12-22 01:35:23.934 19031 19054 W GAv4    : AnalyticsService not registered in the app manifest. Hits might not be delivered reliably. See http://goo.gl/8Rd3yj for instructions.
12-22 01:35:24.055 19031 19068 W SyncManagerImpl: Initiating sync for AccountId 9744fb62 (com.google.android.apps.docs)
12-22 01:35:24.151 19031 19068 W SyncManagerImpl: Started sync for AccountId 9744fb62
12-22 01:35:24.154 19031 19068 W Flag    : Duration spec must be at least 2 characters long: 
12-22 01:35:24.208 19031 19068 D ApplicationLoaders: ignored Vulkan layer search path /data/app/com.google.android.gms-1/lib/arm64:/system/fake-libs64:/data/app/com.google.android.gms-1/base.apk!/lib/arm64-v8a for namespace 0x7aa2b180f0
12-22 01:35:24.225 19031 19068 W linker  : /data/app/com.google.android.gms-1/lib/arm64/libgmscore.so: unused DT entry: type 0x7ffffffd arg 0x885
12-22 01:35:24.231 19031 19068 W linker  : /data/app/com.google.android.gms-1/lib/arm64/libconscrypt_gmscore_jni.so: unused DT entry: type 0x7ffffffd arg 0x169
12-22 01:35:24.231 19031 19068 V JNIHelp : Registering com/google/android/gms/org/conscrypt/NativeCrypto's 235 native methods...
12-22 01:35:24.301 19031 19068 D NetworkSecurityConfig: No Network Security Config specified, using platform default
12-22 01:35:24.303 19031 19068 I ProviderInstaller: Installed default security provider GmsCore_OpenSSL
12-22 01:35:25.179  7473  7822 I chatty  : uid=10018(com.google.android.gms) Binder:7473_5 expire 2 lines
12-22 01:35:25.717 19031 19068 W ksr     : Application name is not set. Call Builder#setApplicationName.
12-22 01:35:25.718 19031 19068 W ksr     : Application name is not set. Call Builder#setApplicationName.
12-22 01:35:25.761 19031 19068 W ksr     : Application name is not set. Call Builder#setApplicationName.
12-22 01:35:27.030 19031 19048 W Flag    : Duration spec must be at least 2 characters long: 
12-22 01:35:27.030 19031 19048 W Flag    : Duration spec must be at least 2 characters long: 
12-22 01:35:27.464 19031 19068 W ksr     : Application name is not set. Call Builder#setApplicationName.
12-22 01:35:28.181 19031 19068 W SyncManagerImpl: Sync for AccountId 9744fb62 took 3261 ms
12-22 01:35:28.229 19031 19068 W SyncManagerImpl: Sync completed for AccountId 9744fb62 (com.google.android.apps.docs)
12-22 01:35:28.239  5040  7595 I ActivityManager: Killing 18707:com.google.android.deskclock/u0a78 (adj 906): empty #17
12-22 01:35:28.266  5040  5092 D ActivityManager: cleanUpApplicationRecord -- 18707
12-22 01:35:41.721  3810 15093 I Netd    : Destroyed 3 sockets for UidRanges{ 10000-2147483647 } skip={1001 1027 10010 10013 10018 10021 10035 10037 10081 10089 10093} in 5.4 ms
12-22 01:35:41.723 19031 19074 V NativeCrypto: Read error: ssl=0x7a976616c0: I/O error during system call, Software caused connection abort
12-22 01:35:41.723 19031 19074 V NativeCrypto: Write error: ssl=0x7a976616c0: I/O error during system call, Broken pipe
12-22 01:35:41.724 19031 19074 V NativeCrypto: Write error: ssl=0x7a976616c0: I/O error during system call, Broken pipe
12-22 01:35:41.724 19031 19074 V NativeCrypto: SSL shutdown failed: ssl=0x7a976616c0: I/O error during system call, Success
12-22 01:35:41.725 19031 19082 V NativeCrypto: Read error: ssl=0x7a97661dc0: I/O error during system call, Software caused connection abort
12-22 01:35:41.732 19031 19082 V NativeCrypto: Write error: ssl=0x7a97661dc0: I/O error during system call, Broken pipe
12-22 01:35:41.733 19031 19082 V NativeCrypto: Write error: ssl=0x7a97661dc0: I/O error during system call, Broken pipe
12-22 01:35:41.733 19031 19082 V NativeCrypto: SSL shutdown failed: ssl=0x7a97661dc0: I/O error during system call, Success
12-22 01:36:13.618  7473  7722 I chatty  : uid=10018 com.google.android.gms.persistent expire 12 lines
12-22 01:41:32.631  7473 19017 I chatty  : uid=10018 com.google.android.gms.persistent expire 2 lines
12-22 01:42:05.652  7473  8475 I chatty  : uid=10018(com.google.android.gms) netscheduler-qu expire 3 lines
12-22 01:42:05.710  7652  7982 I chatty  : uid=10018(com.google.android.gms) lowpool[4] expire 2 lines
12-22 01:42:06.038  7473  7485 I chatty  : uid=10018(com.google.android.gms) HeapTaskDaemon expire 1 line
12-22 01:45:57.636  7473  7726 I chatty  : uid=10018(com.google.android.gms) lowpool[2] expire 12 lines
12-22 01:47:19.844  5040 15569 I chatty  : uid=1000 system_server expire 6 lines
12-22 01:49:48.805  5040  5090 I ActivityManager: Start proc 19102:com.google.android.apps.gcs/u0a17 for service com.google.android.apps.gcs/.service.WfaEligibilityRefreshingGcmTaskService
12-22 01:49:48.861 19102 19102 I art     : Starting a blocking GC AddRemoveAppImageSpace
12-22 01:49:48.863 19102 19102 W System  : ClassLoader referenced unknown path: /data/app/com.google.android.apps.gcs-2/lib/arm64
12-22 01:49:49.020 19102 19102 W InstanceID/Rpc: Found 10018
12-22 01:49:49.055  7473 19118 I chatty  : uid=10018 com.google.android.gms.persistent expire 4 lines
12-22 01:49:49.083  7473  7726 I chatty  : uid=10018(com.google.android.gms) lowpool[2] expire 17 lines
12-22 01:49:49.084 19102 19102 I GAv4    : Google Analytics 8.4.87 is starting up. To enable debug logging on a device run:
12-22 01:49:49.084 19102 19102 I GAv4    :   adb shell setprop log.tag.GAv4 DEBUG
12-22 01:49:49.084 19102 19102 I GAv4    :   adb logcat -s GAv4
12-22 01:49:49.094 19102 19102 W GAv4    : AnalyticsReceiver is not registered or is disabled. Register the receiver for reliable dispatching on non-Google Play devices. See http://goo.gl/8Rd3yj for instructions.
12-22 01:49:49.097 19102 19102 W GAv4    : CampaignTrackingReceiver is not registered, not exported or is disabled. Installation campaign tracking is not possible. See http://goo.gl/8Rd3yj for instructions.
12-22 01:49:49.101 19102 19129 W GAv4    : AnalyticsService not registered in the app manifest. Hits might not be delivered reliably. See http://goo.gl/8Rd3yj for instructions.
12-22 01:49:49.142 19102 19131 D Primes  : Package metric disabled.
12-22 01:49:49.146  5040 18544 D CryptdConnector: SND -> {89 cryptfs getpwtype}
12-22 01:49:49.146   365   372 D VoldCryptCmdListener: cryptfs getpwtype
12-22 01:49:49.149  5040  6493 D CryptdConnector: RCV <- {213 89 pin}
12-22 01:49:49.532  7473 21586 I chatty  : uid=10018(com.google.android.gms) Binder:7473_8 expire 2 lines
12-22 01:49:49.869  7473  8475 I chatty  : uid=10018(com.google.android.gms) netscheduler-qu expire 10 lines
12-22 01:49:49.890  7473 19017 I chatty  : uid=10018 com.google.android.gms.persistent expire 10 lines
12-22 01:49:50.044 19102 19145 I PhenotypeFlagCommitter: Experiment Configs successfully retrieved for com.google.android.apps.gcs
12-22 01:49:50.053 19102 19145 I PhenotypeExpCommitSvc: [2117] PhenotypeExperimentCommitService.a: Successfully committed experiments for user [NVE2-ezzbIx6Mnuy2dOTKEYtmOM]
12-22 01:50:10.210  5040  7595 I ActivityManager: Killing 18684:com.android.providers.calendar/u0a2 (adj 906): empty #17
12-22 01:50:10.246  5040  7541 D ActivityManager: cleanUpApplicationRecord -- 18684
12-22 01:50:39.138 10876 10938 I PlayCommon: [426] com.google.android.play.a.g.e(900): Preparing logs for uploading
12-22 01:50:39.139 10876 10938 I PlayCommon: [426] com.google.android.play.a.g.e(902): No file ready to send
12-22 01:50:43.693 10876 10893 I PlayCommon: [399] com.google.android.play.a.g.e(900): Preparing logs for uploading
12-22 01:50:43.694 10876 10893 I PlayCommon: [399] com.google.android.play.a.g.e(902): No file ready to send
12-22 01:50:50.733 19102 19132 E Gcs.NfeApertureClient: [2105] h.a: Failed to get WFA elibility.
12-22 01:50:50.733 19102 19132 E Gcs.NfeApertureClient: java.util.concurrent.ExecutionException: com.a.a.v
12-22 01:50:50.733 19102 19132 E Gcs.NfeApertureClient: 	at com.a.a.a.h.a(SourceFile:117)
12-22 01:50:50.733 19102 19132 E Gcs.NfeApertureClient: 	at com.a.a.a.h.get(SourceFile:88)
12-22 01:50:50.733 19102 19132 E Gcs.NfeApertureClient: 	at com.google.android.apps.gcs.chell.a.a.a(SourceFile:37)
12-22 01:50:50.733 19102 19132 E Gcs.NfeApertureClient: 	at com.google.android.apps.gcs.service.WfaEligibilityRefreshingGcmTaskService.a(SourceFile:45)
12-22 01:50:50.733 19102 19132 E Gcs.NfeApertureClient: 	at com.google.android.gms.gcm.b$a.run(Unknown Source)
12-22 01:50:50.733 19102 19132 E Gcs.NfeApertureClient: Caused by: com.a.a.v
12-22 01:50:50.733 19102 19132 E Gcs.NfeApertureClient: 	at com.a.a.a.a.a(SourceFile:143)
12-22 01:50:50.733 19102 19132 E Gcs.NfeApertureClient: 	at com.a.a.j.run(SourceFile:112)
12-22 01:50:50.735 19102 19132 W Gcs.WfaEliRefreshTask: [2105] h.c: NULL eligibility response.
12-22 01:50:50.750  5040  5090 I ActivityManager: Killing 18728:com.qualcomm.timeservice/1000 (adj 906): empty #17
12-22 01:50:50.792  5040  6852 D ActivityManager: cleanUpApplicationRecord -- 18728
12-22 01:53:39.790  3810 12945 I Netd    : Destroyed 1 sockets for UidRanges{ 10000-2147483647 } skip={1001 1027 10010 10013 10018 10021 10035 10037 10081 10089 10093} in 1.5 ms
12-22 01:53:39.796  7473 18571 I chatty  : uid=10018 com.google.android.gms.persistent expire 1 line
12-22 01:58:58.737  7473 19202 I chatty  : uid=10018 com.google.android.gms.persistent expire 1 line
12-22 02:06:40.658  5040  5095 I chatty  : uid=1000(system) android.bg expire 13 lines
12-22 02:06:40.684  5040  6456 I chatty  : uid=1000(system) n HAL callback. expire 14 lines
12-22 02:06:40.708  7652 19214 I chatty  : uid=10018(com.google.android.gms) expire 3 lines
12-22 02:06:42.060  5040  5040 I chatty  : uid=1000 system_server expire 5 lines
12-22 02:06:46.010  3810 18424 I Netd    : Destroyed 1 sockets for UidRanges{ 10000-2147483647 } skip={1001 1027 10010 10013 10018 10021 10035 10037 10081 10089 10093 10152} in 1.3 ms
12-22 02:06:48.524  5040  5040 D AnyMotionDetector: angleBetween: this = timeMillisSinceBoot=484230236 | x=0.013381127, y=0.0842676, z=0.99635327, other = timeMillisSinceBoot=484236691 | x=0.013660971, y=0.08400547, z=0.9963717, degrees = 0.021994831
12-22 02:06:48.585  7473  7726 I chatty  : uid=10018(com.google.android.gms) lowpool[2] expire 12 lines
12-22 02:06:48.596  5040  7224 I chatty  : uid=1000(system) Binder:5040_5 expire 4 lines
12-22 02:06:48.609  5040 18544 I chatty  : uid=1000(system) Binder:5040_E expire 4 lines
12-22 02:06:48.642  5040 19130 I chatty  : uid=1000(system) Binder:5040_15 expire 3 lines
12-22 02:06:48.645  5040 18947 I chatty  : uid=1000(system) Binder:5040_12 expire 3 lines
12-22 02:06:48.650  3874  4499 I slim_daemon: [QMILOC] requestTimeData: Sending Time Data to LocApi
12-22 02:06:48.808  5040  6995 I chatty  : uid=1000(system) FLP Service Cal expire 11 lines
12-22 02:06:48.809  5040  5095 D ConnectivityService: requestNetwork for uid/pid:1000/5040 NetworkRequest [ REQUEST id=144, legacyType=3, [ Transports: CELLULAR Capabilities: SUPL&NOT_RESTRICTED&TRUSTED&NOT_VPN] ]
12-22 02:06:48.811  5040  6815 I chatty  : uid=1000(system) EthernetService expire 2 lines
12-22 02:06:48.812  5040  6785 I chatty  : uid=1000(system) WifiStateMachin expire 12 lines
12-22 02:06:48.813  7040  7040 D PhoneSwitcherNetworkRequstListener: got request NetworkRequest [ REQUEST id=144, legacyType=3, [ Transports: CELLULAR Capabilities: SUPL&NOT_RESTRICTED&TRUSTED&NOT_VPN] ] with score 0
12-22 02:06:48.815  5040  6789 D ConnectivityService: releasing NetworkRequest [ REQUEST id=144, legacyType=3, [ Transports: CELLULAR Capabilities: SUPL&NOT_RESTRICTED&TRUSTED&NOT_VPN] ]
12-22 02:06:48.819  7040  7040 D TelephonyProvider: subIdString = 1 subId = 1
12-22 02:06:51.465  5040  9241 D ConnectivityService: registerNetworkAgent NetworkAgentInfo{ ni{[type: MOBILE[UMTS], state: CONNECTED/CONNECTED, reason: connected, extra: gprswap, failover: false, available: true, roaming: false, metered: true]}  network{247}  nethandle{1060873358046}  lp{{InterfaceName: rmnet_data0 LinkAddresses: [10.154.79.119/28,]  Routes: [0.0.0.0/0 -> 10.154.79.120 rmnet_data0,] DnsAddresses: [172.21.21.157,172.21.21.158,] Domains: null MTU: 1500 TcpBufferSizes: 4094,87380,1220608,4096,16384,1220608}}  nc{[ Transports: CELLULAR Capabilities: SUPL&INTERNET&NOT_RESTRICTED&TRUSTED&NOT_VPN LinkUpBandwidth>=384Kbps LinkDnBandwidth>=384Kbps Specifier: <1>]}  Score{10}  everValidated{false}  lastValidated{false}  created{false} lingering{false} explicitlySelected{false} acceptUnvalidated{false} everCaptivePortalDetected{false} lastCaptivePortalDetected{false} }
12-22 02:06:51.465  5040  6789 D ConnectivityService: NetworkAgentInfo [MOBILE (UMTS) - 247] EVENT_NETWORK_INFO_CHANGED, going from null to CONNECTED
12-22 02:06:51.467  5040  6789 D ConnectivityService: Adding iface rmnet_data0 to network 247
12-22 02:06:51.471  5040 18947 D NetworkNotificationManager: clearNotification id=65537
12-22 02:06:51.505  5040  6789 D ConnectivityService: Setting DNS servers for network 247 to [/172.21.21.157, /172.21.21.158]
12-22 02:06:51.538  5040  6789 D ConnectivityService: Reaping NetworkAgentInfo [MOBILE (UMTS) - 247]
12-22 02:06:51.538  5040  6789 D ConnectivityService: NetworkAgentInfo [MOBILE (UMTS) - 247] got DISCONNECTED, was satisfying 5
12-22 02:06:51.539  7040  7199 D DcNetworkAgent: NetworkAgent: NetworkAgent channel lost
12-22 02:06:51.540  7040  7199 D DcNetworkAgent: NetworkAgent: DcNetworkAgent: [unwanted]: disconnect apnContext={mApnType=supl mState=CONNECTED mWaitingApns={[[ApnSettingV3] mt:s wap, 231, 22003, gprswap, 172.17.88.198, , , , 8080, 1, default | supl, IP, IP, true, 0, 0, 0, false, 0, 0, 0, 0, , , false]} mApnSetting={[ApnSettingV3] mt:s wap, 231, 22003, gprswap, 172.17.88.198, , , , 8080, 1, default | supl, IP, IP, true, 0, 0, 0, false, 0, 0, 0, 0, , , false} mReason=connected mDataEnabled=false mDependencyMet=true}
12-22 02:06:51.609  3810  5189 E Netd    : netlink response contains error (No such file or directory)
12-22 02:08:19.353   395   395 I rmt_storage: rmt_storage_connect_cb: clnt_h=0x7d conn_h=0x7e37a2a220
12-22 02:08:19.354   395   395 I rmt_storage: rmt_storage_rw_iovec_cb: /boot/modem_fs2: req_h=0x7d msg_id=3: R/W request received
12-22 02:08:19.354   395   395 I rmt_storage: wakelock acquired: 1, error no: 42
12-22 02:08:19.354   395   793 I rmt_storage: rmt_storage_client_thread: /boot/modem_fs2: Unblock worker thread (th_id: 542096499792)
12-22 02:08:19.429   395   793 I rmt_storage: rmt_storage_client_thread: /boot/modem_fs2: req_h=0x7d msg_id=3: Bytes written = 1572864
12-22 02:08:19.429   395   793 I rmt_storage: rmt_storage_client_thread: /boot/modem_fs2: req_h=0x7d msg_id=3: Send response: res=0 err=0
12-22 02:08:19.429   395   793 I rmt_storage: rmt_storage_client_thread: /boot/modem_fs2: About to block rmt_storage client thread (th_id: 542096499792) wakelock released: 1, error no: 0
12-22 02:08:19.429   395   793 I rmt_storage: 
12-22 02:08:19.432   395   395 I rmt_storage: rmt_storage_disconnect_cb: clnt_h=0x7d conn_h=0x7e37a2a220
12-22 02:16:12.619  7473  7473 I chatty  : uid=10018 com.google.android.gms.persistent expire 2 lines
12-22 02:16:12.629  5040 18544 D ConnectivityService: reportNetworkConnectivity(242, false) by 10018
12-22 02:16:13.119  5040  6789 D NetworkNotificationManager: clearNotification id=242
12-22 02:16:13.121  5040  6789 D ConnectivityService: NetworkAgentInfo [WIFI () - 242] validation passed
12-22 02:16:13.127  5040 19459 I chatty  : uid=1000 system_server expire 6 lines
12-22 02:16:13.194  5040  5097 I ActivityManager: Start proc 19460:com.google.android.talk/u0a66 for broadcast com.google.android.talk/com.google.android.apps.hangouts.service.broadcastreceiver.GcmStateReceiver
12-22 02:16:13.277 19460 19460 I art     : Starting a blocking GC AddRemoveAppImageSpace
12-22 02:16:13.469 19460 19460 I Babel_telephony: TeleModule.onApplicationCreate
12-22 02:17:21.665 19460 19487 I Babel_SMS: MmsConfig: mnc/mcc: 220/3
12-22 02:17:21.665 19460 19487 I Babel_SMS: MmsConfig.loadMmsSettings
12-22 02:17:21.669 19460 19487 I Babel_SMS: MmsConfig.loadDeviceMmsSettings from API: userAgent=Nexus5X, uaProfUrl=http://gsm.lge.com/html/gsm/ZTtB_KsOlQIGkFIA/Nexus5X-M3.xml
12-22 02:17:21.669 19460 19487 I Babel_SMS: MmsConfig.loadFromDatabase
12-22 02:17:21.670  5040 15567 I chatty  : uid=1000 system_server expire 10 lines
12-22 02:17:21.689 19460 19460 I Babel_Prime: wrapCrashReportingIntoUncaughtExceptionHandler
12-22 02:17:21.690 19460 19460 I Babel_App: Startup - clean
12-22 02:17:21.701 19460 19460 I Babel_Prime: startMemoryMonitor
12-22 02:17:21.706 19460 19487 E SQLiteLog: (1) no such table: mmsconfig
12-22 02:17:21.707 19460 19487 I Babel_SMS: MmsConfig: no mmsconfig table android.database.sqlite.SQLiteException: no such table: mmsconfig (code 1): , while compiling: SELECT key, value, type FROM mmsconfig WHERE numeric=?
12-22 02:17:21.707 19460 19487 I Babel_SMS: MmsConfig.loadFromResources
12-22 02:17:21.708 19460 19487 E Babel_SMS: canonicalizeMccMnc: invalid mccmnc nullnull
12-22 02:17:21.708 19460 19487 I Babel_SMS: MmsConfig.loadMmsSettings: userAgent=Nexus5X, uaProfUrl=http://gsm.lge.com/html/gsm/ZTtB_KsOlQIGkFIA/Nexus5X-M3.xml
12-22 02:17:21.721 19460 19491 I Babel_Prime: isMemoryEnabled=false
12-22 02:17:21.722 19460 19491 I Babel_Prime: isTimerEnabled=false
12-22 02:17:21.723 19460 19491 I Babel_Prime: isCrashCounterEnabled=true
12-22 02:17:21.723 19460 19491 I Babel_Prime: primesPackageConfigurationsProvider=false
12-22 02:17:21.753  5040  7559 D CryptdConnector: SND -> {90 cryptfs getpwtype}
12-22 02:17:21.754   365   372 D VoldCryptCmdListener: cryptfs getpwtype
12-22 02:17:21.756  5040  6493 D CryptdConnector: RCV <- {213 90 pin}
12-22 02:34:24.711  7473 19500 I chatty  : uid=10018 com.google.android.gms.persistent expire 1 line
12-22 02:34:24.711  5040  9241 D ConnectivityService: reportNetworkConnectivity(242, false) by 10018
12-22 02:34:25.069  5040  6789 D NetworkNotificationManager: clearNotification id=242
12-22 02:34:25.070  5040  6789 D ConnectivityService: NetworkAgentInfo [WIFI () - 242] validation passed
12-22 02:34:25.076  5040 19508 I chatty  : uid=1000 system_server expire 6 lines
12-22 02:38:25.513  5040  6789 D NetworkNotificationManager: clearNotification id=247
12-22 02:40:38.042  5040  5053 I chatty  : uid=1000(system) HeapTaskDaemon expire 1 line
12-22 02:55:37.827  5040  5040 I ActivityManager: Start proc 19525:com.android.connectivity.metrics/u0a7 for service com.android.connectivity.metrics/.TelecommJobService
12-22 02:55:37.879  7652 19538 I chatty  : uid=10018(com.google.android.gms) expire 3 lines
12-22 02:55:37.903 19525 19525 W System  : ClassLoader referenced unknown path: /system/priv-app/ConnMetrics/lib/arm64
12-22 02:55:37.913 19525 19525 D ConnMetrics:App: onCreate()
12-22 02:55:37.923  5040  5095 I chatty  : uid=1000(system) android.bg expire 5 lines
12-22 02:55:37.923 19525 19525 V ConnMetrics:SnapshotJobService: onStartJob(2)
12-22 02:55:37.933 19525 19544 V ConnMetrics:SnapshotJobService: Task.doInBackground(2)
12-22 02:55:38.016  3874  4499 I slim_daemon: [QMILOC] requestTimeData: Sending Time Data to LocApi
12-22 02:55:38.024 19525 19548 E GooglePlayServicesUtil: The Google Play services resources were not found. Check your project configuration to ensure that the resources are included.
12-22 02:55:38.037  7473 18693 I chatty  : uid=10018(com.google.android.gms) Binder:7473_C expire 2 lines
12-22 02:55:38.059 19525 19544 D ConnMetrics:App: IsOptedIn = true
12-22 02:55:38.065  5040  6995 I chatty  : uid=1000(system) FLP Service Cal expire 20 lines
12-22 02:55:38.066  5040  5095 D ConnectivityService: requestNetwork for uid/pid:1000/5040 NetworkRequest [ REQUEST id=145, legacyType=3, [ Transports: CELLULAR Capabilities: SUPL&NOT_RESTRICTED&TRUSTED&NOT_VPN] ]
12-22 02:55:38.068  7040  7040 D PhoneSwitcherNetworkRequstListener: got request NetworkRequest [ REQUEST id=145, legacyType=3, [ Transports: CELLULAR Capabilities: SUPL&NOT_RESTRICTED&TRUSTED&NOT_VPN] ] with score 0
12-22 02:55:38.074  7040  7040 D TelephonyProvider: subIdString = 1 subId = 1
12-22 02:55:38.132  5040  5090 I ActivityManager: Start proc 19570:com.google.android.youtube/u0a85 for service com.google.android.youtube/com.google.android.libraries.youtube.common.gcore.gcoreclient.gcm.impl.GcmTaskServiceDelegator
12-22 02:55:38.213 19570 19570 I art     : Starting a blocking GC AddRemoveAppImageSpace
12-22 02:55:38.266  7473 19551 I chatty  : uid=10018 com.google.android.gms.persistent expire 5 lines
12-22 02:55:38.276 19525 19544 V ConnMetrics:TelecommJobService: Taking Telecom snapshot at 1482371738275
12-22 02:55:38.366 19570 19629 D ApplicationLoaders: ignored Vulkan layer search path /data/app/com.google.android.gms-1/lib/arm64:/system/fake-libs64:/data/app/com.google.android.gms-1/base.apk!/lib/arm64-v8a for namespace 0x7aa2b180f0
12-22 02:55:38.386 19570 19629 W linker  : /data/app/com.google.android.gms-1/lib/arm64/libgmscore.so: unused DT entry: type 0x7ffffffd arg 0x885
12-22 02:55:38.389  5040  7541 D ConnectivityService: Returning unblocked NetworkInfo to uid=10152
12-22 02:55:38.391 19570 19629 W linker  : /data/app/com.google.android.gms-1/lib/arm64/libconscrypt_gmscore_jni.so: unused DT entry: type 0x7ffffffd arg 0x169
12-22 02:55:38.391 19570 19629 V JNIHelp : Registering com/google/android/gms/org/conscrypt/NativeCrypto's 235 native methods...
12-22 02:55:38.409 19570 19629 D NetworkSecurityConfig: No Network Security Config specified, using platform default
12-22 02:55:38.411 19570 19629 I ProviderInstaller: Installed default security provider GmsCore_OpenSSL
12-22 02:55:38.427 19570 19631 W System  : ClassLoader referenced unknown path: 
12-22 02:55:38.433 19570 19631 D ApplicationLoaders: ignored Vulkan layer search path /data/app/com.google.android.gms-1/lib/arm64:/system/fake-libs64:/data/app/com.google.android.gms-1/base.apk!/lib/arm64-v8a for namespace 0x7aa2b18160
12-22 02:55:38.453 19570 19570 W InstanceID/Rpc: Found 10018
12-22 02:55:38.457 19525 19548 E GooglePlayServicesUtil: The Google Play services resources were not found. Check your project configuration to ensure that the resources are included.
12-22 02:55:38.463 19570 19631 D DynamitePackage: Instantiated singleton DynamitePackage.
12-22 02:55:38.463 19570 19631 D DynamitePackage: Instantiating com.google.android.gms.ads.adshield.ChimeraAdShieldCreatorImpl
12-22 02:55:38.476  7473  7727 I chatty  : uid=10018(com.google.android.gms) lowpool[3] expire 12 lines
12-22 02:55:38.533 19525 19525 V ConnMetrics:SnapshotJobService: onStartJob(2)
12-22 02:55:38.539 19525 19670 V ConnMetrics:SnapshotJobService: Task.doInBackground(2)
12-22 02:55:38.547 19525 19549 E GooglePlayServicesUtil: The Google Play services resources were not found. Check your project configuration to ensure that the resources are included.
12-22 02:55:38.565 19525 19670 D ConnMetrics:App: IsOptedIn = true
12-22 02:55:38.566 19525 19670 V ConnMetrics:TelecommJobService: Taking Telecom snapshot at 1482371738565
12-22 02:55:38.584  5040  6852 D CryptdConnector: SND -> {91 cryptfs getpwtype}
12-22 02:55:38.585   365   372 D VoldCryptCmdListener: cryptfs getpwtype
12-22 02:55:38.587  7473  7726 I chatty  : uid=10018(com.google.android.gms) lowpool[2] expire 4 lines
12-22 02:55:38.587  5040  6493 D CryptdConnector: RCV <- {213 91 pin}
12-22 02:55:38.698 19525 19670 I ConnMetrics:TelecommJobService: No new data to upload. Skipping upload.
12-22 02:55:38.708 19570 19631 W art     : Before Android 4.1, method double java.util.concurrent.ThreadLocalRandom.internalNextDouble(double, double) would have incorrectly overridden the package-private method in java.util.Random
12-22 02:55:38.708 19570 19631 W art     : Before Android 4.1, method int java.util.concurrent.ThreadLocalRandom.internalNextInt(int, int) would have incorrectly overridden the package-private method in java.util.Random
12-22 02:55:38.708 19570 19631 W art     : Before Android 4.1, method long java.util.concurrent.ThreadLocalRandom.internalNextLong(long, long) would have incorrectly overridden the package-private method in java.util.Random
12-22 02:55:38.767 19570 19570 V MediaRouter: Adding route: RouteInfo{ name=Phone, description=null, status=null, category=RouteCategory{ name=null types=ROUTE_TYPE_LIVE_AUDIO ROUTE_TYPE_LIVE_VIDEO  groupable=false }, supportedTypes=ROUTE_TYPE_LIVE_AUDIO ROUTE_TYPE_LIVE_VIDEO , presentationDisplay=null }
12-22 02:55:38.776 19570 19570 V MediaRouter: Updating audio routes: AudioRoutesInfo{ type=SPEAKER }
12-22 02:55:38.779 19570 19570 V MediaRouter: Selecting route: RouteInfo{ name=Phone, description=null, status=null, category=RouteCategory{ name=null types=ROUTE_TYPE_LIVE_AUDIO ROUTE_TYPE_LIVE_VIDEO  groupable=false }, supportedTypes=ROUTE_TYPE_LIVE_AUDIO ROUTE_TYPE_LIVE_VIDEO , presentationDisplay=null }
12-22 02:55:38.790 19570 19645 I qtaguid : Untagging socket -1 failed errno=-9
12-22 02:55:38.791 19570 19645 W NetworkManagementSocketTagger: untagSocket(-1) failed with errno -9
12-22 02:55:38.868  8121  8132 W art     : Suspending all threads took: 9.526ms
12-22 02:55:38.914 19570 19570 V MediaRouter: Selecting route: RouteInfo{ name=Phone, description=null, status=null, category=RouteCategory{ name=null types=ROUTE_TYPE_LIVE_AUDIO ROUTE_TYPE_LIVE_VIDEO  groupable=false }, supportedTypes=ROUTE_TYPE_LIVE_AUDIO ROUTE_TYPE_LIVE_VIDEO , presentationDisplay=null }
12-22 02:55:38.927  5040 17957 W ActivityManager: Permission Denial: Accessing service ComponentInfo{com.google.android.music/com.google.android.music.dial.DialMediaRouteProviderService} from pid=19570, uid=10085 that is not exported from uid 10071
12-22 02:55:38.934  7652  7652 I chatty  : uid=10018(com.google.android.gms) expire 3 lines
12-22 02:55:39.032  5040 20954 I ActivityManager: Killing 18768:com.android.cellbroadcastreceiver/u0a5 (adj 906): empty #17
12-22 02:55:39.062  5040  6849 D ActivityManager: cleanUpApplicationRecord -- 18768
12-22 02:55:39.321 19460 19481 W Babel   : bbo TOOK TOO LONG! (2365876ms > 10000ms)
12-22 02:55:39.387 19460 19460 I Babel_ConcService: Binding ConcurrentService
12-22 02:55:39.423 19460 19735 I Babel_ConcService: Acquired partial wake lock to keep ConcurrentService alive
12-22 02:55:39.424 19460 19735 I Babel_ConcService: Released partial wake lock as ConcurrentService became idle
12-22 02:55:39.426 19570 19699 I qtaguid : Untagging socket -1 failed errno=-9
12-22 02:55:39.426 19570 19699 W NetworkManagementSocketTagger: untagSocket(-1) failed with errno -9
12-22 02:55:39.522 19460 19734 D ApplicationLoaders: ignored Vulkan layer search path /data/app/com.google.android.gms-1/lib/arm64:/system/fake-libs64:/data/app/com.google.android.gms-1/base.apk!/lib/arm64-v8a for namespace 0x7aa2b180f0
12-22 02:55:39.543 19460 19734 W linker  : /data/app/com.google.android.gms-1/lib/arm64/libgmscore.so: unused DT entry: type 0x7ffffffd arg 0x885
12-22 02:55:39.550 19460 19734 W linker  : /data/app/com.google.android.gms-1/lib/arm64/libconscrypt_gmscore_jni.so: unused DT entry: type 0x7ffffffd arg 0x169
12-22 02:55:39.550 19460 19734 V JNIHelp : Registering com/google/android/gms/org/conscrypt/NativeCrypto's 235 native methods...
12-22 02:55:39.576 19460 19734 D NetworkSecurityConfig: No Network Security Config specified, using platform default
12-22 02:55:39.578 19460 19734 I ProviderInstaller: Installed default security provider GmsCore_OpenSSL
12-22 02:55:39.773 19460 19486 W Babel   : bbo TOOK TOO LONG! (2298106ms > 10000ms)
12-22 02:55:39.781  5040 10531 I Telecom : PhoneAccountRegistrar: SimCallManager queried, returning: null: TSI.gSCM@BrY
12-22 02:55:39.788 19460 19460 I Babel_telephony: TeleModule.updateConnectionManagerRegistration, registration preference changed from false to false
12-22 02:55:39.790 19460 19460 W Babel   : BAM#gBA: invalid account id: -1
12-22 02:55:39.790 19460 19460 W Babel   : BAM#gBA: invalid account id: -1
12-22 02:55:39.790 19460 19460 I Babel_telephony: TeleModule.updateIncomingCallRegistration, preferred account for incoming calls changed from: null to null
12-22 02:55:39.798  5040 18546 I Telecom : PhoneAccountRegistrar: SimCallManager queried, returning: null: TSI.gSCM@Brg
12-22 02:55:39.822 19460 19493 W Babel   : bbo TOOK TOO LONG! (2298106ms > 10000ms)
12-22 02:55:40.233 19460 19734 I Babel   : connection state changed from UNKNOWN to CONNECTED
12-22 02:55:40.338  7473  8475 I chatty  : uid=10018(com.google.android.gms) netscheduler-qu expire 16 lines
12-22 02:55:40.454  5040 18543 I ActivityManager: Start proc 19742:com.google.android.apps.photos/u0a74 for service com.google.android.apps.photos/.metasync.periodic.MetaSyncGcoreGcmTaskService
12-22 02:55:40.519 19742 19742 I art     : Starting a blocking GC AddRemoveAppImageSpace
12-22 02:55:40.563 19742 19747 I art     : Do partial code cache collection, code=0B, data=11KB
12-22 02:55:40.568 19742 19747 I art     : After code cache collection, code=0B, data=11KB
12-22 02:55:40.568 19742 19747 I art     : Increasing code cache capacity to 128KB
12-22 02:55:40.623  5040  7543 I ActivityManager: Start proc 19783:android.process.media/u0a13 for content provider com.android.providers.media/.MediaProvider
12-22 02:55:40.652 19783 19783 W System  : ClassLoader referenced unknown path: /system/priv-app/MediaProvider/lib/arm64
12-22 02:55:40.667 19783 19783 W System  : ClassLoader referenced unknown path: /system/priv-app/DownloadProvider/lib/arm64
12-22 02:55:40.668 19783 19783 D ApplicationLoaders: ignored Vulkan layer search path /system/priv-app/DownloadProvider/lib/arm64:/system/priv-app/DownloadProvider/DownloadProvider.apk!/lib/arm64-v8a:/system/lib64:/vendor/lib64 for namespace 0x7aa2cb50f0
12-22 02:55:40.726  5040  7595 D ConnectivityService: registerNetworkAgent NetworkAgentInfo{ ni{[type: MOBILE[UMTS], state: CONNECTED/CONNECTED, reason: connected, extra: gprswap, failover: false, available: true, roaming: false, metered: true]}  network{248}  nethandle{1065168325342}  lp{{InterfaceName: rmnet_data0 LinkAddresses: [10.157.110.141/30,]  Routes: [0.0.0.0/0 -> 10.157.110.142 rmnet_data0,] DnsAddresses: [172.21.21.157,172.21.21.158,] Domains: null MTU: 1500 TcpBufferSizes: 4094,87380,1220608,4096,16384,1220608}}  nc{[ Transports: CELLULAR Capabilities: SUPL&INTERNET&NOT_RESTRICTED&TRUSTED&NOT_VPN LinkUpBandwidth>=384Kbps LinkDnBandwidth>=384Kbps Specifier: <1>]}  Score{10}  everValidated{false}  lastValidated{false}  created{false} lingering{false} explicitlySelected{false} acceptUnvalidated{false} everCaptivePortalDetected{false} lastCaptivePortalDetected{false} }
12-22 02:55:40.726  5040  6789 D ConnectivityService: NetworkAgentInfo [MOBILE (UMTS) - 248] EVENT_NETWORK_INFO_CHANGED, going from null to CONNECTED
12-22 02:55:40.729  5040  7559 D NetworkNotificationManager: clearNotification id=65537
12-22 02:55:40.730  5040  6789 D ConnectivityService: Adding iface rmnet_data0 to network 248
12-22 02:55:40.773  5040  6789 D ConnectivityService: Setting DNS servers for network 248 to [/172.21.21.157, /172.21.21.158]
12-22 02:55:40.816  5040  9241 I ActivityManager: Killing 18653:com.google.android.calendar/u0a45 (adj 906): empty #17
12-22 02:55:40.822  5040  6789 D ConnectivityService: Sending CONNECTED broadcast for type 3 NetworkAgentInfo [MOBILE (UMTS) - 248] isDefaultNetwork=false
12-22 02:55:40.822  5040  6814 I chatty  : uid=1000(system) ConnectivityMan expire 6 lines
12-22 02:55:40.826  5040  6789 D ConnectivityService: sending Proxy Broadcast for [] 0 xl=
12-22 02:55:40.847  5040  5095 D ConnectivityService: Adding legacy route 122.0.0.0/32 -> 10.157.110.142 rmnet_data0 for UID/PID 1000/5040
12-22 02:55:40.849  5040  5095 D ConnectivityService: requestRouteToHostAddress ok=true
12-22 02:55:40.876  5040  5092 D ActivityManager: cleanUpApplicationRecord -- 18653
12-22 02:55:41.275  5040  6789 D NetworkNotificationManager: clearNotification id=248
12-22 02:55:41.276  5040  6789 D ConnectivityService: NetworkAgentInfo [MOBILE (UMTS) - 248] validation passed
12-22 02:55:41.788  5040  6789 D ConnectivityService: releasing NetworkRequest [ REQUEST id=145, legacyType=3, [ Transports: CELLULAR Capabilities: SUPL&NOT_RESTRICTED&TRUSTED&NOT_VPN] ]
12-22 02:55:41.789  5040  6789 D ConnectivityService: no live requests for NetworkAgentInfo [MOBILE (UMTS) - 248]; disconnecting
12-22 02:55:41.789  5040  6789 D ConnectivityService: Sending DISCONNECTED broadcast for type 3 NetworkAgentInfo [MOBILE (UMTS) - 248] isDefaultNetwork=false
12-22 02:55:41.790  7040  7199 D DcNetworkAgent: NetworkAgent: NetworkAgent channel lost
12-22 02:55:41.790  7040  7199 D DcNetworkAgent: NetworkAgent: DcNetworkAgent: [unwanted]: disconnect apnContext={mApnType=supl mState=CONNECTED mWaitingApns={[[ApnSettingV3] mt:s wap, 231, 22003, gprswap, 172.17.88.198, , , , 8080, 1, default | supl, IP, IP, true, 0, 0, 0, false, 0, 0, 0, 0, , , false]} mApnSetting={[ApnSettingV3] mt:s wap, 231, 22003, gprswap, 172.17.88.198, , , , 8080, 1, default | supl, IP, IP, true, 0, 0, 0, false, 0, 0, 0, 0, , , false} mReason=connected mDataEnabled=true mDependencyMet=true}
12-22 02:55:41.791  5040  6789 D ConnectivityService: NetworkAgentInfo [MOBILE (UMTS) - 248] got DISCONNECTED, was satisfying 6
12-22 02:55:41.909  3810  5189 E Netd    : netlink response contains error (No such file or directory)
12-22 02:55:44.112  7473  7727 I chatty  : uid=10018(com.google.android.gms) lowpool[3] expire 11 lines
12-22 02:55:46.235  5040  6849 I chatty  : uid=1000(system) Binder:5040_3 expire 1 line
12-22 02:55:51.682 19102 19136 I ClearcutLoggerApiImpl: disconnect managed GoogleApiClient
12-22 02:56:08.210  3810 12945 I Netd    : Destroyed 5 sockets for UidRanges{ 10000-2147483647 } skip={1001 1027 10010 10013 10018 10021 10035 10037 10081 10089 10093} in 5.1 ms
12-22 02:57:12.455   395   395 I rmt_storage: rmt_storage_connect_cb: clnt_h=0x7e conn_h=0x7e37a2a220
12-22 02:57:12.455   395   395 I rmt_storage: rmt_storage_rw_iovec_cb: /boot/modem_fs1: req_h=0x7e msg_id=3: R/W request received
12-22 02:57:12.455   395   395 I rmt_storage: wakelock acquired: 1, error no: 42
12-22 02:57:12.456   395   791 I rmt_storage: rmt_storage_client_thread: /boot/modem_fs1: Unblock worker thread (th_id: 542097536080)
12-22 02:57:12.473  5040  6849 I ActivityManager: Killing 16244:com.google.android.dialer/u0a20 (adj 906): empty #17
12-22 02:57:12.474  5040  6849 I ActivityManager: Killing 17786:com.android.calllogbackup/u0a1 (adj 906): empty #18
12-22 02:57:12.475  5040  6849 I ActivityManager: Killing 17773:com.lge.lifetimer/u0a27 (adj 906): empty #19
12-22 02:57:12.502   395   791 I rmt_storage: rmt_storage_client_thread: /boot/modem_fs1: req_h=0x7e msg_id=3: Bytes written = 1572864
12-22 02:57:12.502   395   791 I rmt_storage: rmt_storage_client_thread: /boot/modem_fs1: req_h=0x7e msg_id=3: Send response: res=0 err=0
12-22 02:57:12.503   395   791 I rmt_storage: rmt_storage_client_thread: /boot/modem_fs1: About to block rmt_storage client thread (th_id: 542097536080) wakelock released: 1, error no: 0
12-22 02:57:12.503   395   791 I rmt_storage: 
12-22 02:57:12.505   395   395 I rmt_storage: rmt_storage_disconnect_cb: clnt_h=0x7e conn_h=0x7e37a2a220
12-22 02:57:12.506  5040  5095 E NetdConnector: NDC Command {4220 firewall enable_chain standby} took too long (64295ms)
12-22 02:57:12.519  5040 10531 D ActivityManager: cleanUpApplicationRecord -- 17773
12-22 02:57:12.520  5040 18545 D ActivityManager: cleanUpApplicationRecord -- 17786
12-22 02:57:12.540  5040 19130 D ActivityManager: cleanUpApplicationRecord -- 16244
12-22 02:57:29.679  7473  7727 I chatty  : uid=10018(com.google.android.gms) lowpool[3] expire 15 lines
12-22 03:17:26.660  5040 15567 I chatty  : uid=1000 system_server expire 10 lines
12-22 03:25:41.653  5040  5100 E BatteryStatsService: no controller energy info supplied
12-22 03:25:41.728  5040  6794 I chatty  : uid=1000(system) notification-sq expire 1 line
12-22 04:04:30.310  5040  5040 I EntropyMixer: Added HW RNG output to entropy pool
12-22 04:04:30.310  5040  5040 I EntropyMixer: Writing entropy...
12-22 04:07:27.094  6830  6830 I wpa_supplicant: wlan0: CTRL-EVENT-DISCONNECTED bssid=a8:a7:95:bd:6f:c5 reason=7
12-22 04:07:27.116  5040  6786 I chatty  : uid=1000(system) IpManager.wlan0 expire 2 lines
12-22 04:07:27.116  5040  6789 D ConnectivityService: NetworkAgentInfo [WIFI () - 242] EVENT_NETWORK_INFO_CHANGED, going from CONNECTED to DISCONNECTED
12-22 04:07:27.116  5040  6789 D ConnectivityService: NetworkAgentInfo [WIFI () - 242] got DISCONNECTED, was satisfying 8
12-22 04:07:27.118  5040 15567 I chatty  : uid=1000 system_server expire 1 line
12-22 04:07:27.123  6830  6830 I wpa_supplicant: wlan0: CTRL-EVENT-REGDOM-CHANGE init=USER type=COUNTRY alpha2=RS
12-22 04:07:27.133  7504  7636 W QCNEJ   : |CORE| network lost: 242
12-22 04:07:27.134  7504  7636 W QCNEJ   : |CORE| onLost: unbind the process to WIFI
12-22 04:07:27.135  5040  6789 D ConnectivityService: Sending DISCONNECTED broadcast for type 1 NetworkAgentInfo [WIFI () - 242] isDefaultNetwork=true
12-22 04:07:27.135  5040  6787 I chatty  : uid=1000(system) WifiScanningSer expire 11 lines
12-22 04:07:27.141  7652  7652 I chatty  : uid=10018(com.google.android.gms) expire 4 lines
12-22 04:07:27.146  7040  7040 D TelephonyProvider: subIdString = 1 subId = 1
12-22 04:07:27.167  9031  9069 D RcsStack: a: processConnectivityIntent(): mNetworkInfo=[type: WIFI[], state: DISCONNECTED/BLOCKED, reason: (unspecified), extra: (none), failover: false, available: true, roaming: false, metered: false] isConnected=false mState=DISCONNECTED
12-22 04:07:27.214  3810  5189 E Netd    : netlink response contains error (No such file or directory)
12-22 04:07:27.215  3810  5189 D CommandListener: Setting iface cfg
12-22 04:07:27.218  3810  5181 I Netd    : Destroyed 62 sockets on 192.168.0.11 in 1.9 ms
12-22 04:07:27.257  5040  5092 I ActivityManager: Start proc 19995:com.wunderground.android.weather/u0a94 for broadcast com.wunderground.android.weather/.widgets.refresh.receivers.NetworkReceiver
12-22 04:07:27.344 19995 19995 I art     : Starting a blocking GC AddRemoveAppImageSpace
12-22 04:07:27.349 19995 19995 W System  : ClassLoader referenced unknown path: /data/app/com.wunderground.android.weather-1/lib/arm64
12-22 04:07:27.388 19995 19995 I FirebaseInitProvider: FirebaseApp initialization unsuccessful
12-22 04:07:27.390  3810  5189 D CommandListener: Clearing all IP addresses on wlan0
12-22 04:07:27.521  5040  6852 I ActivityManager: Killing 18890:com.google.process.gapps/u0a56 (adj 906): empty #17
12-22 04:07:27.571  5040  7595 D ActivityManager: cleanUpApplicationRecord -- 18890
12-22 04:07:29.613  5040 20071 I chatty  : uid=1000 system_server expire 6 lines
12-22 04:07:29.625  5040 20072 I chatty  : uid=1000 system_server expire 6 lines
12-22 04:07:29.625  6830  6830 I wpa_supplicant: wlan0: Trying to associate with SSID 'hope_this_works'
12-22 04:07:29.773  5040  7541 D ConnectivityService: registerNetworkAgent NetworkAgentInfo{ ni{[type: MOBILE[UMTS], state: CONNECTED/CONNECTED, reason: connected, extra: gprswap, failover: false, available: true, roaming: false, metered: true]}  network{249}  nethandle{1069463292638}  lp{{InterfaceName: rmnet_data0 LinkAddresses: [10.155.249.88/28,]  Routes: [0.0.0.0/0 -> 10.155.249.89 rmnet_data0,] DnsAddresses: [172.21.21.157,172.21.21.158,] Domains: null MTU: 1500 TcpBufferSizes: 4094,87380,1220608,4096,16384,1220608}}  nc{[ Transports: CELLULAR Capabilities: SUPL&INTERNET&NOT_RESTRICTED&TRUSTED&NOT_VPN LinkUpBandwidth>=384Kbps LinkDnBandwidth>=384Kbps Specifier: <1>]}  Score{10}  everValidated{false}  lastValidated{false}  created{false} lingering{false} explicitlySelected{false} acceptUnvalidated{false} everCaptivePortalDetected{false} lastCaptivePortalDetected{false} }
12-22 04:07:29.773  5040  6789 D ConnectivityService: NetworkAgentInfo [MOBILE (UMTS) - 249] EVENT_NETWORK_INFO_CHANGED, going from null to CONNECTED
12-22 04:07:29.775  5040  6789 D ConnectivityService: Adding iface rmnet_data0 to network 249
12-22 04:07:29.776  5040  6852 D NetworkNotificationManager: clearNotification id=65537
12-22 04:07:29.824  5040  6789 D ConnectivityService: Setting DNS servers for network 249 to [/172.21.21.157, /172.21.21.158]
12-22 04:07:29.855  5040  6789 D ConnectivityService: Switching to new default network: NetworkAgentInfo{ ni{[type: MOBILE[UMTS], state: CONNECTED/CONNECTED, reason: connected, extra: gprswap, failover: false, available: true, roaming: false, metered: true]}  network{249}  nethandle{1069463292638}  lp{{InterfaceName: rmnet_data0 LinkAddresses: [10.155.249.88/28,]  Routes: [0.0.0.0/0 -> 10.155.249.89 rmnet_data0,] DnsAddresses: [172.21.21.157,172.21.21.158,] Domains: null MTU: 1500 TcpBufferSizes: 4094,87380,1220608,4096,16384,1220608}}  nc{[ Transports: CELLULAR Capabilities: SUPL&INTERNET&NOT_RESTRICTED&TRUSTED&NOT_VPN&FOREGROUND LinkUpBandwidth>=384Kbps LinkDnBandwidth>=384Kbps Specifier: <1>]}  Score{10}  everValidated{false}  lastValidated{false}  created{true} lingering{false} explicitlySelected{false} acceptUnvalidated{false} everCaptivePortalDetected{false} lastCaptivePortalDetected{false} }
12-22 04:07:29.862  5040  6789 D ConnectivityService: Sending CONNECTED broadcast for type 0 NetworkAgentInfo [MOBILE (UMTS) - 249] isDefaultNetwork=true
12-22 04:07:29.865  5040  6789 D ConnectivityService: sending Proxy Broadcast for [172.17.88.198] 8080
12-22 04:07:29.884  5040 18544 D ConnectivityService: Returning blocked NetworkInfo to uid=10030
12-22 04:07:29.885  5040 10531 D ConnectivityService: Returning blocked NetworkInfo to uid=10085
12-22 04:07:29.885  5040 18547 D ConnectivityService: Returning blocked NetworkInfo to uid=10052
12-22 04:07:29.886  5040 17957 D ConnectivityService: Returning blocked NetworkInfo to uid=10152
12-22 04:07:29.886  5040 18947 D ConnectivityService: Returning blocked NetworkInfo to uid=10066
12-22 04:07:29.886  5040 18545 D ConnectivityService: Returning blocked NetworkInfo to uid=10151
12-22 04:07:29.887  5040  6852 D ConnectivityService: Returning blocked NetworkInfo to uid=10092
