D/WifiStateMachine(  649): L2ConnectedState{ when=-5ms what=131155 arg1=1 target=com.android.internal.util.StateMachine$SmHandler target=Handler (com.android.internal.util.StateMachine$SmHandler) {42461588} }
D/WifiHW  (  649): enter -->wifi_send_command cmd=IFNAME=wlan0 SIGNAL_POLL
D/wpa_supplicant( 2439): RX ctrl_iface - hexdump(len=11): 53 49 47 4e 41 4c 5f 50 4f 4c 4c
D/wpa_supplicant( 2439): wlan0: Control interface command 'SIGNAL_POLL'
D/OpenGLRenderer(  858): prepareDirty (0.00, 0.00, 480.00, 38.00) opaque 0 <0x61c46008>
D/OpenGLRenderer(  858): clear (0.00, 38 - 38.00 = 0.00, 480.00 - 0.00 = 480.00, 38.00 - 0.00 = 38.00) opaque 0 <0x61c46008>
D/OpenGLRenderer(  858): finish <0x61c46008>
D/OpenGLRenderer(  858): prepareDirty (0.00, 0.00, 480.00, 38.00) opaque 0 <0x61c46008>
D/OpenGLRenderer(  858): clear (0.00, 38 - 38.00 = 0.00, 480.00 - 0.00 = 480.00, 38.00 - 0.00 = 38.00) opaque 0 <0x61c46008>
D/OpenGLRenderer(  858): finish <0x61c46008>
V/UsbDeviceManager(  649): USB UEVENT: {USB_STATE=CONNECTED, SUBSYSTEM=android_usb, DEVPATH=/devices/virtual/android_usb/android0, SEQNUM=1640, ACTION=change}
D/UsbDeviceManager(  649): mUEventObserver - onUEvent - state: CONNECTED
D/UsbDeviceManager(  649): updateState - CONNECTED
D/UsbDeviceManager(  649): updateState - RNDIS_UPDATE_DELAY  CONNECTED mSettingFunction: mtp
W/UsbDeviceManager(  649): handleMessage - 0
D/UsbDeviceManager(  649): updateUsbNotification - mNotificationManager: android.app.NotificationManager@424769e0
D/UsbDeviceManager(  649): updateUsbNotification - mUseUsbNotification: true
W/UsbDeviceManager(  649): updateUsbNotification - mConnected: true
W/UsbDeviceManager(  649): updateUsbNotification - mCurrentFunctions: mtp,adb
D/UsbDeviceManager(  649): Does mtp,adb contain mtp? index: 0
D/UsbDeviceManager(  649): updateUsbNotification - containsFunction:  USB_FUNCTION_MTP
D/UsbDeviceManager(  649): Does mtp,adb contain accessory? index: -1
D/wpa_supplicant( 2439): nl80211: survey data missing!
D/UsbDeviceManager(  649): updateUsbState - mConnected: true, mConfigured: false, mHwDisconnected: false, mCurrentFunctions: mtp,adb, mSettingUsbCharging: false
V/ActivityManager(  649): Broadcast sticky: Intent { act=android.hardware.usb.action.USB_STATE flg=0x20000010 (has extras) } ordered=false userid=-1 callerApp=ProcessRecord{41f69f08 649:system/1000}
D/WifiHW  (  649): leave --> reply=RSSI=-50
D/WifiHW  (  649): LINKSPEED=65
D/WifiHW  (  649): NOISE=9999
D/WifiHW  (  649): FREQUENCY=2462
D/WifiHW  (  649): 
D/wifi    (  649): doStringCommand, buf IFNAME=wlan0 SIGNAL_POLL
I/WifiStateMachine(  649): fetchRssiAndLinkSpeedNative, newRssi:-50, newLinkSpeed:65, SSID:"irichanin.com"
V/WifiManager(  649): calculateSignalLevel(),numLevels = 5
D/UsbDataStateTracker(  649): Broadcast received: ignore android.hardware.usb.action.USB_STATE
I/Tethering(  649): StateReceiver onReceive action:android.hardware.usb.action.USB_STATE
I/Tethering(  649): StateReceiver onReceive action synchronized: usbConnected = true usbConfigured = false, mRndisEnabled = false, mUsbTetherRequested = false
I/Tethering(  649): StateReceiver onReceive action synchronized: mUsbTetherEnabled = false
D/dalvikvm(  136): threadid=4: exiting
D/dalvikvm(  136): threadid=4: bye!
D/dalvikvm(  136): threadid=3: exiting
D/dalvikvm(  136): threadid=3: bye!
D/UsbDeviceManager(  649): Does mtp,adb contain ptp? index: -1
D/dalvikvm(  136): threadid=2: exiting
D/dalvikvm(  136): threadid=2: bye!
D/UsbDeviceManager(  649): Does mtp,adb contain mtp? index: 0
W/UsbDeviceManager(  649): sys.usb.mtpConnect = mtpConnection
D/UsbDeviceManager(  649): Does mtp,adb contain audio_source? index: -1
D/UsbDeviceManager(  649): handleMessage mConnected:true,mConfigured:false, mHwDisconnected:false
V/UsbDeviceManager(  649): USB UEVENT: {USB_STATE=CONFIGURED, SUBSYSTEM=android_usb, DEVPATH=/devices/virtual/android_usb/android0, SEQNUM=1641, ACTION=change}
D/UsbDeviceManager(  649): mUEventObserver - onUEvent - state: CONFIGURED
D/UsbDeviceManager(  649): updateState - CONFIGURED
D/UsbDeviceManager(  649): updateState - RNDIS_UPDATE_DELAY  CONFIGURED mSettingFunction: mtp
W/UsbDeviceManager(  649): handleMessage - 0
D/UsbDeviceManager(  649): updateUsbNotification - mNotificationManager: android.app.NotificationManager@424769e0
D/UsbDeviceManager(  649): updateUsbNotification - mUseUsbNotification: true
W/UsbDeviceManager(  649): updateUsbNotification - mConnected: true
W/UsbDeviceManager(  649): updateUsbNotification - mCurrentFunctions: mtp,adb
D/UsbDeviceManager(  649): Does mtp,adb contain mtp? index: 0
D/UsbDeviceManager(  649): updateUsbNotification - containsFunction:  USB_FUNCTION_MTP
D/UsbDeviceManager(  649): Does mtp,adb contain accessory? index: -1
D/UsbDeviceManager(  649): updateUsbState - mConnected: true, mConfigured: true, mHwDisconnected: false, mCurrentFunctions: mtp,adb, mSettingUsbCharging: false
D/OpenGLRenderer(  858): prepareDirty (0.00, 0.00, 480.00, 38.00) opaque 0 <0x61c46008>
D/OpenGLRenderer(  858): clear (0.00, 38 - 38.00 = 0.00, 480.00 - 0.00 = 480.00, 38.00 - 0.00 = 38.00) opaque 0 <0x61c46008>
D/dalvikvm(  136): pre gc
D/dalvikvm(  136): Zygote::ForkAndSpecialize +
D/OpenGLRenderer(  858): finish <0x61c46008>
D/StorageNotification(  858): onUsbMassStorageConnectionChangedAsync - mLastState: mounted, st: removed, mLastConnected: false, connected: false
D/StorageNotification(  858): isAbleToShare - length:2
D/StorageNotification(  858): isAbleToShare - allowMassStorage:falseisEmulated:true
D/StorageNotification(  858): isAbleToShare - allowMassStorage:trueisEmulated:false
D/dalvikvm(  136): Zygote::ForkAndSpecialize : 5049
D/dalvikvm(  136): create interp thread : stack size=128KB
D/StorageNotification(  858): isAbleToShare - /storage/sdcard1 @ removed
D/dalvikvm(  136): create new thread
D/StorageNotification(  858): isAbleToShare - allowedShareNum:0
D/StorageNotification(  858): updateUsbMassStorageNotification - isStorageCanShared=false,available=false
D/VoldConnector(  649): SND -> {9 volume shared /storage/sdcard0 ums}
D/dalvikvm( 5049): Zygote::ForkAndSpecialize : 0
I/FrameworkListener(  121): onDataAvailable get 37 bytes 
D/FrameworkListener(  121): dispatchCommand data = (9 volume shared /storage/sdcard0 ums)
D/VoldCmdListener(  121): volume shared /storage/sdcard0 ums
D/SocketClient(  121): SocketClient msg = Share disabled
D/SocketClient(  121): SocketClient sendDatalocked done: 212 9 Share disabled
D/VoldConnector(  649): RCV <- {212 9 Share disabled}
D/dalvikvm(  136): new thread created
D/dalvikvm(  136): update thread list
D/VoldConnector(  649): RMV <- {212 9 Share disabled}
D/VoldConnector(  649): SND -> {10 volume shared /storage/sdcard1 ums}
I/FrameworkListener(  121): onDataAvailable get 38 bytes 
D/FrameworkListener(  121): dispatchCommand data = (10 volume shared /storage/sdcard1 ums)
D/VoldCmdListener(  121): volume shared /storage/sdcard1 ums
D/SocketClient(  121): SocketClient msg = Share disabled
D/SocketClient(  121): SocketClient sendDatalocked done: 212 10 Share disabled
D/dalvikvm(  136): threadid=2: interp stack at 0x5ca4e000
D/VoldConnector(  649): RCV <- {212 10 Share disabled}
D/dalvikvm(  136): threadid=2: created from interp
D/dalvikvm(  136): start new thread
D/dalvikvm(  136): create interp thread : stack size=128KB
D/dalvikvm(  136): create new thread
D/dalvikvm( 5049): zygote get new systemTid : 5049
D/dalvikvm(  136): new thread created
D/dalvikvm(  136): update thread list
D/dalvikvm(  136): threadid=2: notify debugger
D/dalvikvm(  136): threadid=2 (ReferenceQueueDaemon): calling run()
D/dalvikvm( 5049): threadid=2: interp stack at 0x5cb4e000
D/dalvikvm(  136): threadid=3: interp stack at 0x5cb6e000
D/dalvikvm(  136): threadid=3: created from interp
D/dalvikvm(  136): start new thread
D/VoldConnector(  649): RMV <- {212 10 Share disabled}
D/dalvikvm(  136): create interp thread : stack size=128KB
D/dalvikvm(  136): create new thread
D/dalvikvm(  136): new thread created
D/dalvikvm(  136): update thread list
I/MountService(  649): isUsbMassStorageEnabled: false
D/dalvikvm(  136): threadid=3: notify debugger
D/StorageNotification(  858): updateUsbMassStorageNotification - [false]
D/dalvikvm(  136): threadid=3 (FinalizerDaemon): calling run()
D/StorageNotification(  858): setUsbStorageNotification - visible: {false}
D/StorageNotification(  858): setUsbStorageNotification - mIsLastVisible: false
D/StorageNotification(  858): onUsbMassStorageConnectionChangedAsync - Disconnect
D/StorageNotification(  858): onUsbMassStorageConnectionChangedAsync - mLastConnected: false
D/dalvikvm(  136): threadid=4: interp stack at 0x5cc8e000
D/dalvikvm(  136): threadid=4: created from interp
D/dalvikvm(  136): start new thread
D/dalvikvm(  136): threadid=4: notify debugger
D/dalvikvm(  136): threadid=4 (FinalizerWatchdogDaemon): calling run()
D/dalvikvm( 5049): threadid=3: interp stack at 0x5cc6e000
D/dalvikvm( 5049): Elevating priority from 0 to -8
I/ActivityManager(  649): Start proc com.mediatek.mtklogger for broadcast com.mediatek.mtklogger/.framework.LogReceiver: pid=5049 uid=10089 gids={50089, 3003, 1028, 1015, 1035, 1023}
V/ActivityManager(  649): Broadcast: Intent { act=android.intent.action.UMS_DISCONNECTED flg=0x10 } ordered=false userid=-1 callerApp=ProcessRecord{41f69f08 649:system/1000}
D/dalvikvm( 5049): threadid=4: interp stack at 0x5cd8e000
D/dalvikvm( 5049): zygote get thread init done
D/dalvikvm( 5049): create interp thread : stack size=128KB
D/dalvikvm( 5049): create new thread
D/dalvikvm( 5049): new thread created
D/dalvikvm( 5049): update thread list
V/ActivityManager(  649): Broadcast sticky: Intent { act=android.hardware.usb.action.USB_STATE flg=0x20000010 (has extras) } ordered=false userid=-1 callerApp=ProcessRecord{41f69f08 649:system/1000}
D/dalvikvm( 5049): threadid=5: interp stack at 0x5fd2e000
D/dalvikvm( 5049): threadid=5: created from interp
D/dalvikvm( 5049): start new thread
D/dalvikvm( 5049): create interp thread : stack size=128KB
D/dalvikvm( 5049): create new thread
D/dalvikvm( 5049): new thread created
D/dalvikvm( 5049): update thread list
D/dalvikvm( 5049): threadid=5: notify debugger
D/dalvikvm( 5049): threadid=5 (ReferenceQueueDaemon): calling run()
D/UsbDeviceManager(  649): Does mtp,adb contain ptp? index: -1
D/UsbDeviceManager(  649): Does mtp,adb contain mtp? index: 0
D/UsbDataStateTracker(  649): Broadcast received: ignore android.hardware.usb.action.USB_STATE
D/dalvikvm( 5049): threadid=6: interp stack at 0x5fe4c000
I/Tethering(  649): StateReceiver onReceive action:android.hardware.usb.action.USB_STATE
I/Tethering(  649): StateReceiver onReceive action synchronized: usbConnected = true usbConfigured = true, mRndisEnabled = false, mUsbTetherRequested = false
I/Tethering(  649): StateReceiver onReceive action synchronized: mUsbTetherEnabled = false
D/dalvikvm( 5049): threadid=6: created from interp
D/dalvikvm( 5049): start new thread
D/dalvikvm( 5049): create interp thread : stack size=128KB
D/dalvikvm( 5049): create new thread
D/dalvikvm( 5049): new thread created
D/dalvikvm( 5049): update thread list
D/dalvikvm( 5049): threadid=6: notify debugger
D/dalvikvm( 5049): threadid=6 (FinalizerDaemon): calling run()
D/dalvikvm( 5049): threadid=7: interp stack at 0x5ff6a000
D/dalvikvm( 5049): threadid=7: created from interp
D/dalvikvm( 5049): start new thread
V/ActivityManager(  649): Broadcast: Intent { act=android.intent.action.UMS_DISCONNECTED flg=0x10 } ordered=false userid=-1 callerApp=ProcessRecord{41f69f08 649:system/1000}
W/UsbDeviceManager(  649): sys.usb.mtpConnect = mtpConnection
D/UsbDeviceManager(  649): Does mtp,adb contain audio_source? index: -1
D/UsbDeviceManager(  649): handleMessage mConnected:true,mConfigured:true, mHwDisconnected:false
D/dalvikvm( 5049): threadid=7: notify debugger
D/dalvikvm( 5049): threadid=7 (FinalizerWatchdogDaemon): calling run()
D/OpenGLRenderer(  858): prepareDirty (0.00, 0.00, 480.00, 38.00) opaque 0 <0x61c46008>
D/OpenGLRenderer(  858): clear (0.00, 38 - 38.00 = 0.00, 480.00 - 0.00 = 480.00, 38.00 - 0.00 = 38.00) opaque 0 <0x61c46008>
D/OpenGLRenderer(  858): finish <0x61c46008>
D/dalvikvm( 5049): threadid=8: interp stack at 0x60384000
D/dalvikvm( 5049): threadid=9: interp stack at 0x604a2000
D/StorageNotification(  858): onUsbMassStorageConnectionChangedAsync - mLastState: mounted, st: removed, mLastConnected: false, connected: false
D/StorageNotification(  858): isAbleToShare - length:2
D/StorageNotification(  858): isAbleToShare - allowMassStorage:falseisEmulated:true
D/StorageNotification(  858): isAbleToShare - allowMassStorage:trueisEmulated:false
D/StorageNotification(  858): isAbleToShare - /storage/sdcard1 @ removed
D/StorageNotification(  858): isAbleToShare - allowedShareNum:0
D/StorageNotification(  858): updateUsbMassStorageNotification - isStorageCanShared=false,available=false
D/VoldConnector(  649): SND -> {11 volume shared /storage/sdcard0 ums}
I/FrameworkListener(  121): onDataAvailable get 38 bytes 
D/FrameworkListener(  121): dispatchCommand data = (11 volume shared /storage/sdcard0 ums)
D/VoldCmdListener(  121): volume shared /storage/sdcard0 ums
D/SocketClient(  121): SocketClient msg = Share disabled
D/SocketClient(  121): SocketClient sendDatalocked done: 212 11 Share disabled
D/VoldConnector(  649): RCV <- {212 11 Share disabled}
D/VoldConnector(  649): RMV <- {212 11 Share disabled}
D/VoldConnector(  649): SND -> {12 volume shared /storage/sdcard1 ums}
I/FrameworkListener(  121): onDataAvailable get 38 bytes 
D/FrameworkListener(  121): dispatchCommand data = (12 volume shared /storage/sdcard1 ums)
D/VoldCmdListener(  121): volume shared /storage/sdcard1 ums
D/SocketClient(  121): SocketClient msg = Share disabled
D/SocketClient(  121): SocketClient sendDatalocked done: 212 12 Share disabled
D/VoldConnector(  649): RCV <- {212 12 Share disabled}
D/VoldConnector(  649): RMV <- {212 12 Share disabled}
I/MountService(  649): isUsbMassStorageEnabled: false
D/StorageNotification(  858): updateUsbMassStorageNotification - [false]
D/StorageNotification(  858): setUsbStorageNotification - visible: {false}
D/StorageNotification(  858): setUsbStorageNotification - mIsLastVisible: false
D/StorageNotification(  858): onUsbMassStorageConnectionChangedAsync - Disconnect
D/StorageNotification(  858): onUsbMassStorageConnectionChangedAsync - mLastConnected: false
D/OpenGLRenderer(  858): prepareDirty (0.00, 0.00, 480.00, 38.00) opaque 0 <0x61c46008>
D/OpenGLRenderer(  858): clear (0.00, 38 - 38.00 = 0.00, 480.00 - 0.00 = 480.00, 38.00 - 0.00 = 38.00) opaque 0 <0x61c46008>
D/OpenGLRenderer(  858): finish <0x61c46008>
V/ActivityManager(  649): ensureActivitiesVisibleLocked: consider front
V/ActivityManager(  649): ensureActivitiesVisibleLocked: consider back
V/Provider/Settings( 5049): invalidate [system]: current 43 != cached 0
D/ActivityManager(  649): getContentProviderImpl: from callerandroid.app.ApplicationThreadProxy@42113dd0 (pid=5049) to get content provider settings
D/ActivityManager(  649): getContentProviderImpl: updateLruProcessLocked cpr.proc=ProcessRecord{41f69f08 649:system/1000}
D/ActivityThread( 5049): hoder:android.app.IActivityManager$ContentProviderHolder@41ea2210,provider,holder.Provider:android.content.ContentProviderProxy@41ea2990
V/SettingsProvider(  649): call(system:anr_debugging_mechanism) for 0
D/SettingsProvider(  649): lookupValue table system cache contains Key anr_debugging_mechanism , value = Bundle[{value=1}]
V/Provider/Settings( 5049): from db cache, name = anr_debugging_mechanism , value = 1
D/asset   ( 5049): AssetManager-->addDefaultAssets CIP path not exsit!
D/Proxy   ( 5049): setHttpRequestCheckHandler
D/OpenGLRenderer(  858): prepareDirty (0.00, 0.00, 480.00, 38.00) opaque 0 <0x61c46008>
D/OpenGLRenderer(  858): clear (0.00, 38 - 38.00 = 0.00, 480.00 - 0.00 = 480.00, 38.00 - 0.00 = 38.00) opaque 0 <0x61c46008>
D/dalvikvm( 5049): open_cached_dex_file : /system/app/MTKLogger.apk /data/dalvik-cache/system@app@MTKLogger.apk@classes.dex
D/OpenGLRenderer(  858): finish <0x61c46008>
D/ActivityThread( 5049): BIND_APPLICATION handled : 0 / AppBindData{appInfo=ApplicationInfo{41e9fed8 com.mediatek.mtklogger}}
D/ActivityThread( 5049): BDC-Calling onReceive: intent=Intent { act=android.hardware.usb.action.USB_STATE flg=0x20000010 cmp=com.mediatek.mtklogger/.framework.LogReceiver (has extras) }, ordered=true, receiver=com.mediatek.mtklogger.framework.LogReceiver@41ea78c8
I/MTKLogger/Utils( 5049): Andriod version string = 4.4.2
I/MTKLogger/Utils( 5049): Formated version number = 4.4
I/MTKLogger/Utils( 5049): Android version number=4.4
I/MTKLogger/LogReceiver( 5049):  -->onReceive(), action=android.hardware.usb.action.USB_STATE, bootupFlag=false
D/dalvikvm( 5049): create interp thread : stack size=128KB
D/dalvikvm( 5049): create new thread
D/dalvikvm( 5049): new thread created
D/dalvikvm( 5049): update thread list
D/dalvikvm( 5049): threadid=10: interp stack at 0x60527000
D/dalvikvm( 5049): threadid=10: created from interp
D/dalvikvm( 5049): start new thread
D/dalvikvm( 5049): threadid=10: notify debugger
D/dalvikvm( 5049): threadid=10 (SharedPreferencesImpl-load): calling run()
D/dalvikvm( 5049): create interp thread : stack size=128KB
D/dalvikvm( 5049): create new thread
D/dalvikvm( 5049): new thread created
D/dalvikvm( 5049): update thread list
D/dalvikvm( 5049): threadid=11: interp stack at 0x60647000
D/dalvikvm( 5049): threadid=11: created from interp
D/dalvikvm( 5049): start new thread
D/dalvikvm( 5049): threadid=11: notify debugger
D/dalvikvm( 5049): threadid=11 (SharedPreferencesImpl-load): calling run()
I/MTKLogger/LogReceiver( 5049):  Native modem log running status=0
D/dalvikvm( 5049): threadid=11: exiting
D/dalvikvm( 5049): threadid=10: exiting
D/dalvikvm( 5049): threadid=11: bye!
V/MTKLogger/LogReceiver( 5049): isModemLogRunning?false, modemLogRunningMode=2
V/MTKLogger/Utils( 5049): ptp=false
V/MTKLogger/Utils( 5049): mass_storage=false
V/MTKLogger/Utils( 5049): audio_source=false
V/MTKLogger/Utils( 5049): acm=false
V/MTKLogger/Utils( 5049): adb=true
V/MTKLogger/Utils( 5049): accessory=false
V/MTKLogger/Utils( 5049): charging=false
V/MTKLogger/Utils( 5049): rndis=false
V/MTKLogger/Utils( 5049): eem=false
V/MTKLogger/Utils( 5049): mtp=true
V/MTKLogger/Utils( 5049): bicr=false
I/MTKLogger/LogReceiver( 5049):  usbConfigured?false, usbConnected?true, nweUsbMode=10, oldUSBModeValue=8, oldUsbConnectedValue=true, needNotifyModemLog=true
D/dalvikvm( 5049): threadid=10: bye!
D/OpenGLRenderer(  858): prepareDirty (0.00, 0.00, 480.00, 38.00) opaque 0 <0x61c46008>
V/MTKLogger/LogReceiver( 5049): Modem log is not running in USB mode or USB status not change, do not need to send down switch command. newUsbMode=10, usbConnected=true
D/MTKLogger/LogReceiver( 5049): -->needStartLogAtBootTime(), needStart=false
D/OpenGLRenderer(  858): clear (0.00, 38 - 38.00 = 0.00, 480.00 - 0.00 = 480.00, 38.00 - 0.00 = 38.00) opaque 0 <0x61c46008>
D/MTKLogger/LogReceiver( 5049): -->checkProcess(), needAutoStart=false, canKillSelf=true
I/MTKLogger/LogReceiver( 5049): MTKLogger process should not startup, send a kill message to kill it.
V/MTKLogger/LogReceiver( 5049):  OnReceive function exit.
I/ActivityManager(  649): Killing 4187:com.google.android.calendar/u0a54 (adj 15): empty #17
D/OpenGLRenderer(  858): finish <0x61c46008>
D/ActivityThread( 1572): BDC-Calling onReceive: intent=Intent { act=android.hardware.usb.action.USB_STATE flg=0x20000010 cmp=com.android.providers.media/.MtpReceiver (has extras) }, ordered=true, receiver=com.android.providers.media.MtpReceiver@41ede7a8
V/MediaProvider( 1572): delete>>>: uri=content://media/none/mtp_connected, match=705, userWhere=, whereArgs=null
V/MediaProvider( 1572): delete>>>: uri=content://media/none/mtp_connected, match=705, userWhere=null, whereArgs=null
V/MediaProvider( 1572): delete: match = 705, MTP_CONNECTED= 705
V/MediaProvider( 1572): unbind the MtpServiceConnection and delete the MtpService 
D/ActivityThread( 5049): BDC-RECEIVER handled : 0 / ReceiverData{intent=Intent { act=android.hardware.usb.action.USB_STATE flg=0x20000010 cmp=com.mediatek.mtklogger/.framework.LogReceiver (has extras) } packageName=com.mediatek.mtklogger resultCode=-1 resultData=null resultExtras=null}
V/MediaProvider( 1572): deleteMtpTransferFile: path=null
V/MediaProvider( 1572): delete<<<: uri=content://media/none/mtp_connected, count=1
D/ActivityThread( 1572): BDC-RECEIVER handled : 0 / ReceiverData{intent=Intent { act=android.hardware.usb.action.USB_STATE flg=0x20000010 cmp=com.android.providers.media/.MtpReceiver (has extras) } packageName=com.android.providers.media resultCode=0 resultData=null resultExtras=null}
D/ActivityThread( 1572): SVC-UNBIND_SERVICE handled : 0 / BindServiceData{token=android.os.BinderProxy@41f6dad8 intent=Intent { cmp=com.android.providers.media/.MtpService }}
D/ActivityThread( 1572): SVC-Destroying service: com.android.providers.media.MtpService@41f6fe00
E/MountService(  649): mount service unregisterListener=android.os.storage.IMountServiceListener$Stub$Proxy@420409f0
E/MountService(  649): mount service mListeners bl=com.android.server.MountService$MountServiceBinderListener@41f1e088
E/MountService(  649): mount service mListeners bl=com.android.server.MountService$MountServiceBinderListener@42ce7790
D/ActivityThread( 1572): SVC-STOP_SERVICE handled : 0 / android.os.BinderProxy@41f6dad8
D/ActivityThread( 5049): BDC-Calling onReceive: intent=Intent { act=android.hardware.usb.action.USB_STATE flg=0x20000010 cmp=com.mediatek.mtklogger/.framework.LogReceiver (has extras) }, ordered=true, receiver=com.mediatek.mtklogger.framework.LogReceiver@41ed3b10
I/MTKLogger/LogReceiver( 5049):  -->onReceive(), action=android.hardware.usb.action.USB_STATE, bootupFlag=false
I/MTKLogger/LogReceiver( 5049):  Native modem log running status=0
V/MTKLogger/LogReceiver( 5049): isModemLogRunning?false, modemLogRunningMode=2
V/MTKLogger/Utils( 5049): ptp=false
V/MTKLogger/Utils( 5049): mass_storage=false
V/MTKLogger/Utils( 5049): audio_source=false
V/MTKLogger/Utils( 5049): acm=false
V/MTKLogger/Utils( 5049): adb=true
V/MTKLogger/Utils( 5049): accessory=false
D/IPCThreadState(  649): [DN #5] BR_DEAD_BINDER cookie 0x62899e50
D/IPCThreadState(  649): [DN #5] BR_DEAD_BINDER cookie 0x62942860
D/DisplayManagerService(  649): Display listener for pid 4187 died.
D/IPCThreadState(  649): [DN #5] BR_CLEAR_DEATH_NOTIFICATION_DONE cookie 0x62899e50
D/IPCThreadState( 4221): [DN #5] BR_DEAD_BINDER cookie 0x604ceeb0
D/IPCThreadState( 4221): [DN #5] BR_CLEAR_DEATH_NOTIFICATION_DONE cookie 0x604ceeb0
D/IPCThreadState(  649): [DN #5] BR_CLEAR_DEATH_NOTIFICATION_DONE cookie 0x62942860
V/MTKLogger/Utils( 5049): charging=false
V/MTKLogger/Utils( 5049): rndis=false
V/MTKLogger/Utils( 5049): eem=false
V/MTKLogger/Utils( 5049): mtp=true
V/MTKLogger/Utils( 5049): bicr=false
I/MTKLogger/LogReceiver( 5049):  usbConfigured?true, usbConnected?true, nweUsbMode=10, oldUSBModeValue=10, oldUsbConnectedValue=true, needNotifyModemLog=false
V/MTKLogger/LogReceiver( 5049): Modem log is not running in USB mode or USB status not change, do not need to send down switch command. newUsbMode=10, usbConnected=true
D/MTKLogger/LogReceiver( 5049): -->needStartLogAtBootTime(), needStart=false
D/MTKLogger/LogReceiver( 5049): -->checkProcess(), needAutoStart=false, canKillSelf=true
I/MTKLogger/LogReceiver( 5049): MTKLogger process should not startup, send a kill message to kill it.
V/MTKLogger/LogReceiver( 5049):  OnReceive function exit.
D/ActivityThread( 5049): BDC-RECEIVER handled : 0 / ReceiverData{intent=Intent { act=android.hardware.usb.action.USB_STATE flg=0x20000010 cmp=com.mediatek.mtklogger/.framework.LogReceiver (has extras) } packageName=com.mediatek.mtklogger resultCode=-1 resultData=null resultExtras=null}
D/OpenGLRenderer(  858): prepareDirty (0.00, 0.00, 480.00, 38.00) opaque 0 <0x61c46008>
D/OpenGLRenderer(  858): clear (0.00, 38 - 38.00 = 0.00, 480.00 - 0.00 = 480.00, 38.00 - 0.00 = 38.00) opaque 0 <0x61c46008>
D/OpenGLRenderer(  858): finish <0x61c46008>
D/ActivityThread( 1572): BDC-Calling onReceive: intent=Intent { act=android.hardware.usb.action.USB_STATE flg=0x20000010 cmp=com.android.providers.media/.MtpReceiver (has extras) }, ordered=true, receiver=com.android.providers.media.MtpReceiver@41ea2c48
V/MediaProvider( 1572): insertInternal>>>: uri=content://media/none/mtp_connected, match=705, initValues=null
V/MediaProvider( 1572): insertInternal: match = 705, MTP_CONNECTED= 705
V/MediaProvider( 1572): MtpService is null, new the service and bind the connection
V/MediaProvider( 1572): insertInternal<<<: return newUri null
D/ActivityThread( 1572): BDC-RECEIVER handled : 0 / ReceiverData{intent=Intent { act=android.hardware.usb.action.USB_STATE flg=0x20000010 cmp=com.android.providers.media/.MtpReceiver (has extras) } packageName=com.android.providers.media resultCode=0 resultData=null resultExtras=null}
D/ActivityThread( 1572): SVC-Creating service: CreateServiceData{token=android.os.BinderProxy@42018548 className=com.android.providers.media.MtpService packageName=com.android.providers.media intent=null}
D/KeyguardViewMediator(  858): isInputRestricted: showing=false, needReshow=false, provisioned=true
D/KeyguardUpdateMonitor(  858): mSimState = ABSENT for simId = 0
W/MtpService( 1572): updating state; keyguardManager.isKeyguardLocked()=false, keyguardManager.isKeyguardSecure()=false
D/KeyguardViewMediator(  858): isInputRestricted: showing=false, needReshow=false, provisioned=true
W/MtpService( 1572): updating state; isCurrentUser=true, mMtpDisabled=false
E/MountService(  649): mount service registerListener=android.os.storage.IMountServiceListener$Stub$Proxy@42800040
W/MtpService( 1572): onCreate: volumes.length=2
W/MtpService( 1572): onCreate: path of volumes[0]=/storage/sdcard0
W/MtpService( 1572): onCreate: state of volumes[0]=mounted
D/MtpService( 1572): addStorageLocked 65537 /storage/sdcard0
D/StorageManagerEx( 1572): getSdSwapState = 0
W/MtpService( 1572): onCreate: path of volumes[1]=/storage/sdcard1
W/MtpService( 1572): onCreate: state of volumes[1]=removed
D/ActivityThread( 1572): SVC-CREATE_SERVICE handled : 0 / CreateServiceData{token=android.os.BinderProxy@42018548 className=com.android.providers.media.MtpService packageName=com.android.providers.media intent=null}
D/ActivityThread( 1572): SVC-Calling onStartCommand: com.android.providers.media.MtpService@41fe0568, flags=0, startId=1
D/KeyguardViewMediator(  858): isInputRestricted: showing=false, needReshow=false, provisioned=true
D/OpenGLRenderer(  858): prepareDirty (0.00, 0.00, 480.00, 38.00) opaque 0 <0x61c46008>
D/OpenGLRenderer(  858): clear (0.00, 38 - 38.00 = 0.00, 480.00 - 0.00 = 480.00, 38.00 - 0.00 = 38.00) opaque 0 <0x61c46008>
D/KeyguardUpdateMonitor(  858): mSimState = ABSENT for simId = 0
W/MtpService( 1572): updating state; keyguardManager.isKeyguardLocked()=false, keyguardManager.isKeyguardSecure()=false
D/OpenGLRenderer(  858): finish <0x61c46008>
D/KeyguardViewMediator(  858): isInputRestricted: showing=false, needReshow=false, provisioned=true
W/MtpService( 1572): updating state; isCurrentUser=true, mMtpDisabled=false
I/StagefrightMediaScanner( 1572): StagefrightMediaScanner Constructor
V/MediaScanner( 1572): setDefaultRingtoneFileNames: ringtone=Celebration.mp3,notification=Crystal.mp3,alarm=Alarm_Classic.ogg
W/MtpService( 1572): manageServiceLocked: starting MTP server in isCurrentUser: true
W/MtpService( 1572): starting MTP server in MTP mode
W/MtpService( 1572): starting MTP server in mMtpDisabled = false
V/MtpServer( 1572): MtpServer constructor: native_setup!!
I/MtpServerJNI( 1572): Finish to setup MtpServer
D/MtpService( 1572): addStorageLocked 65537 /storage/sdcard0
D/StorageManagerEx( 1572): getSdSwapState = 0
D/MtpService( 1572): addStorageLocked: add storage /storage/sdcard0 into MtpDatabase
D/MtpService( 1572): addStorageLocked: add storage /storage/sdcard0 into MtpServer
E/MtpServerJNI( 1572): void android_mtp_MtpServer_add_storage(JNIEnv*, jobject, jobject), line 158: descriptionStr = Internal storage
I/MtpStorage( 1572): MtpStorage id: 0x00010001 path: /storage/sdcard0
D/MtpServer( 1572): void android::MtpServer::addStorage(android::MtpStorage*), storage->getStorageID() = 0x10001 
I/MtpServer( 1572): sendStoreAdded 00010001
E/MtpServer( 1572): void android::MtpServer::sendEvent(android::MtpEventCode, uint32_t): Without OpenSession to send event code = 0x4004, 
D/MtpServer( 1572): void android::MtpServer::addStorage(android::MtpStorage*), mStorages.size = 1 
V/MtpServer( 1572): MtpServer start!!
D/dalvikvm( 1572): create interp thread : stack size=128KB
D/dalvikvm( 1572): create new thread
D/dalvikvm( 1572): new thread created
D/dalvikvm( 1572): update thread list
D/dalvikvm( 1572): threadid=16: interp stack at 0x60d55000
D/dalvikvm( 1572): threadid=16: created from interp
D/dalvikvm( 1572): start new thread
D/dalvikvm( 1572): threadid=16: notify debugger
D/dalvikvm( 1572): threadid=16 (MtpServer): calling run()
V/MtpServer( 1572): MtpServer run!!
I/MtpServerJNI( 1572): android_mtp_MtpServer_run
I/MtpServerJNI( 1572): Ready to run MtpServer
I/MtpServer( 1572): MtpServer::run fd: 70
E/MtpServer( 1572): MtpServer::run mFD: 70
D/ActivityThread( 1572): SVC-SERVICE_ARGS handled : 0 / ServiceArgsData{token=android.os.BinderProxy@42018548 startId=1 args=Intent { cmp=com.android.providers.media/.MtpService (has extras) }}
D/ActivityThread( 1572): SVC-BIND_SERVICE handled : 0 / BindServiceData{token=android.os.BinderProxy@42018548 intent=Intent { cmp=com.android.providers.media/.MtpService }}
V/MediaProvider( 1572): MtpService: ServiceConnection!!
D/OpenGLRenderer(  858): prepareDirty (0.00, 0.00, 480.00, 38.00) opaque 0 <0x61c46008>
D/OpenGLRenderer(  858): clear (0.00, 38 - 38.00 = 0.00, 480.00 - 0.00 = 480.00, 38.00 - 0.00 = 38.00) opaque 0 <0x61c46008>
D/OpenGLRenderer(  858): finish <0x61c46008>
D/OpenGLRenderer(  858): prepareDirty (0.00, 0.00, 480.00, 38.00) opaque 0 <0x61c46008>
D/OpenGLRenderer(  858): clear (0.00, 38 - 38.00 = 0.00, 480.00 - 0.00 = 480.00, 38.00 - 0.00 = 38.00) opaque 0 <0x61c46008>
D/OpenGLRenderer(  858): finish <0x61c46008>
D/OpenGLRenderer(  858): prepareDirty (0.00, 0.00, 480.00, 38.00) opaque 0 <0x61c46008>
D/OpenGLRenderer(  858): clear (0.00, 38 - 38.00 = 0.00, 480.00 - 0.00 = 480.00, 38.00 - 0.00 = 38.00) opaque 0 <0x61c46008>
D/OpenGLRenderer(  858): finish <0x61c46008>
D/OpenGLRenderer(  858): prepareDirty (0.00, 0.00, 480.00, 38.00) opaque 0 <0x61c46008>
D/OpenGLRenderer(  858): clear (0.00, 38 - 38.00 = 0.00, 480.00 - 0.00 = 480.00, 38.00 - 0.00 = 38.00) opaque 0 <0x61c46008>
D/OpenGLRenderer(  858): finish <0x61c46008>
D/ADB_SERVICES( 5043): recv: CNXN 01000000 00040000 001b host::features=cmd,shell_v2
D/UsbDebuggingManager(  649): Received public key: QAAAAIdtD1XJN42Vq5ZgpdDyDqMoALFE3xsDmxcAp/X/AJci0Ra/GVTrXomqmZfAK8hgpMvwya1oBfXMHFiNEgP1a4sqJTkfZqo6qc6uP+T9Rn6laqlIq3vGwZTm/tPSlpS2RFFw1xm/IoBChVitBwHLohaqnlroANr67PS7S5QT7uAljNhOZ+x/7Ea9O6OAJK77h1oy01n2nsiwPGFlxyx5v42NqXYtCI9aUpeAr26HKd0RshF0/UvvIe1yBfekTVyZva9A9P9lQlKKARi2XJYlMCIBcWrgk4x60ABaVPn8+yNE5LSWuU4blnwHAXHDtBTJ6yxt0hpIr7QUksuRplTJeJUvewrN1fnORZeV/lJjbmSSqJp/E0LsnQ10HAUVENw2FiAURKMkosb6EF/ctQamjBt/c9WQ7buN5MXWOd6r8ctja4EuReROJDLfN+rErJQZpwh2gVY/dySNtPPk1GLdCuL0NRcRcKCuj8rt+Ci5hU+/lZpAgtmKwotZpJIMfT0+0Ks5oHqOa9awa+tsfQdf7cjD+RE+dPwnbajvdZmsohQiB4BZ6Qqqjx35cLQowoyUouG+yzDevOeQYDm/UR8SUdGyNmpdpg9GEqPPQ8TUtZcXZxnVEwvM9XD+zRCAQwUQHpeqMGLnxnjs3QgCD2ozhoAuWQ/L8nqKZXRrs9w1yr1VPDlcsgEAAQA= milosvasic@Miloss-MacBook-Pro.local
W/ContextImpl(  649): Calling a method in the system process without a qualified user: android.app.ContextImpl.startActivity:1116 com.android.server.usb.UsbDebuggingManager.showConfirmationDialog:259 com.android.server.usb.UsbDebuggingManager.access$900:45 com.android.server.usb.UsbDebuggingManager$UsbDebuggingHandler.handleMessage:215 android.os.Handler.dispatchMessage:110 
W/ContextImpl(  649): Calling a method in the system process without a qualified user: android.app.ContextImpl.startActivity:1128 android.app.ContextImpl.startActivity:1117 com.android.server.usb.UsbDebuggingManager.showConfirmationDialog:259 com.android.server.usb.UsbDebuggingManager.access$900:45 com.android.server.usb.UsbDebuggingManager$UsbDebuggingHandler.handleMessage:215 
D/ActivityManager(  649): startActivityMayWait() with permission: android.permission.MANAGE_USB
I/ActivityManager(  649): START u0 {flg=0x10000000 cmp=com.android.systemui/.usb.UsbDebuggingActivity (has extras)} from pid 649
D/asset   (  649): AssetManager-->addDefaultAssets CIP path not exsit!
D/ActivityManager(  649): ACT-moveHomeTask toFront : false homeInFront = false
D/ActivityManager(  649): ACT-BMW, insertTaskAtTop fromHome = false lastStack = ActivityStack{42808e18 stackId=1, 1 tasks} this = ActivityStack{42808e18 stackId=1, 1 tasks} topTask() = TaskRecord{42716800 #5 A=com.android.settings U=0 sz=2}
D/ActivityManager(  649): ACT-BMW, insertTaskAtTop fromHome = false lastStack = ActivityStack{42808e18 stackId=1, 2 tasks} this = ActivityStack{42808e18 stackId=1, 2 tasks} topTask() = TaskRecord{421b1d40 #6 A=com.android.systemui U=0 sz=0}
I/libPerfService(  649): 1: set: 2
E/        (  649): Could not open '/data/data/hotplug/cmd'
E/        (  649): error : 2, No such file or directory
I/BufferQueue(  649): [unnamed-649-3](this:0x634d8298,id:3,api:0,p:-1,c:-1) BufferQueue
I/GLConsumer(  649): [void android::RingBuffer<TYPE>::resize(uint32_t, bool) [with TYPE = android::sp<android::BackupBuffer>; uint32_t = unsigned int]] 0x6c6092e4 resize to 10 (force=true)
I/GLConsumer(  649): [void android::RingBuffer<TYPE>::resize(uint32_t, bool) [with TYPE = android::sp<android::BackupBuffer>; uint32_t = unsigned int]] 0x6c6092e4 resize to 0 (force=false)
I/BufferQueue(  649): [unnamed-649-3](this:0x634d8298,id:3,api:0,p:-1,c:649) consumerConnect consumer=(649:system_server) controlledByApp=false
I/BufferQueue(  649): [unnamed-649-3](this:0x634d8298,id:3,api:0,p:-1,c:649) setConsumerName: unnamed-649-3
I/BufferQueue(  649): [ScreenshotClient](this:0x634d8298,id:3,api:0,p:-1,c:649) setConsumerName: ScreenshotClient
I/BufferQueue(  649): [ScreenshotClient](this:0x634d8298,id:3,api:0,p:135,c:649) connect: api=1 producer=(135:/system/bin/surfaceflinger) producerControlledByApp=false
I/BufferQueue(  649): [ScreenshotClient](this:0x634d8298,id:3,api:1,p:135,c:649) new GraphicBuffer needed
D/BufferQueue(  649):     [OLD] gb:NULL
I/GraphicBuffer(  135): allocate buffer (w:256 h:437 f:1) handle(0xb7081b88) err(0)
D/GraphicBuffer(  649): create handle(0x684b7f78) (w:256, h:437, f:1)
I/BufferQueue(  649):     [NEW] gb=0x634d8900, handle=0x684b7f78, w=246, h=437, s=256, fmt=1
I/GraphicBuffer(  135): free buffer (w:256 h:437 f:1) handle(0xb7081b88)
D/GraphicBuffer(  135): create handle(0xb709be78) (w:256, h:437, f:1)
D/GraphicBuffer(  135): close handle(0xb709be78) (w:256 h:437 f:1)
I/BufferQueue(  649): [ScreenshotClient](this:0x634d8298,id:3,api:1,p:-1,c:649) disconnect: api=1
I/BufferQueue(  649): [ScreenshotClient](this:0x634d8298,id:3,api:0,p:-1,c:649) getReleasedBuffers: returning mask 0xffffffff
D/IPCThreadState(  649): [DN #5] BR_CLEAR_DEATH_NOTIFICATION_DONE cookie 0x6359b8b0
D/dalvikvm(  649): between the previous GC alloc  1015K
D/dalvikvm(  649): GC_FOR_ALLOC freed 967K (7649), 41% free 13311K/22244K, paused 208ms, total 208ms
I/BufferQueue(  649): [ScreenshotClient](this:0x634d8298,id:3,api:0,p:-1,c:-1) consumerDisconnect
I/BufferQueue(  649): [ScreenshotClient](this:0x634d8298,id:3,api:0,p:-1,c:-1) ~BufferQueue
D/GraphicBuffer(  649): close handle(0x684b7f78) (w:256 h:437 f:1)
D/dalvikvm(  649): between the previous GC alloc  420K
D/dalvikvm(  649): GC_FOR_ALLOC freed 445K (586), 41% free 13286K/22244K, paused 190ms, total 190ms
D/PowerManagerService(  649): acquireWakeLockInternal: lock=1106266744, flags=0x1, tag="ActivityManager-Launch", ws=null, uid=1000, pid=649
D/PowerManagerNotifier(  649): onWakeLockAcquired: flags=1, tag="ActivityManager-Launch", packageName=android, ownerUid=1000, ownerPid=649, workSource=null
D/StatusBar.NetworkController(  858): PhoneStateListener:onSignalStrengthsChanged, sim0 before.
D/AppOps  (  649): startOperation: allowing code 40 uid 1000 package android
D/PowerManagerService(  649): updateWakeLockSummaryLocked: mWakefulness=Awake, mWakeLockSummary=0x1
D/StatusBar.NetworkController(  858): PhoneStateListener:onSignalStrengthsChanged, signalStrength=4
D/PowerManagerService(  649): newScreenState = 2
D/StatusBar.NetworkController(  858): updateDataNetType(0), DataNetType=0 / 0
D/SIMHelper(  858): isSimInserted(0), SimInserted=false
D/SIMHelper(  858): isSimInserted(0), SimInserted=false
D/StatusBar.NetworkController(  858): updateTelephonySignalStrength(0), is null signal.
D/PowerManagerDisplayController(  649): requestPowerState: screenState=2, useProximitySensor=false, forceProximitySensorEnable=false, forceWakeUpEnable=false, screenBrightness=102, screenAutoBrightnessAdjustment=0.0, useAutoBrightness=true, useEcoBrightness=false, blockScreenOn=false, waitForNegativeProximity=false
D/StatusBar.NetworkController(  858): updateTelephonySignalStrength(0), null signal
I/PowerManagerService(  649): setBrightness mButtonLight 0.
D/StatusBar.NetworkController(  858):  updateTelephonySignalStrength(0) tempSIMCUSignVisible= true
D/PowerManagerService(  649): updateScreenStateLocked: mDisplayReady=true, newScreenState=2, mWakefulness=1, mWakeLockSummary=0x1, mUserActivitySummary=0x1, mBootCompleted=true
D/SIMHelper(  858): isSimInserted(0), SimInserted=false
D/StatusBar.NetworkController(  858): refreshViews(0), DataConnected=false simColorId = -1
D/PowerManagerService(  649): Acquiring suspend blocker "PowerManagerService.WakeLocks".
V/MobileDataChecked(  858): onMobileDataChanged()
V/Provider/Settings(  858): invalidate [global]: current 27 != cached 26
D/PowerManagerService(  649): handleSandman: canDream=false, mWakefulness=Awake
V/SettingsProvider(  649): call(global:mobile_data) for 0
D/SettingsProvider(  649): lookupValue table global cache contains Key mobile_data , value = Bundle[{value=1}]
V/Provider/Settings(  858): from db cache, name = mobile_data , value = 1
V/MobileDataChecked(  858): isMobileDataEnabled() MOBILE_DATA=1
V/SettingsProvider(  649): call(global:mobile_data) for 0
D/SettingsProvider(  649): lookupValue table global cache contains Key mobile_data , value = Bundle[{value=1}]
V/Provider/Settings(  649): from db cache, name = mobile_data , value = 1
D/ConnectivityService(  649): getMobileDataEnabled returning true
V/QS      (  858): DataConnection | getMobileDataEnabled():true
V/Provider/Settings(  649):  from settings cache , name = mobile_data , value = 1
D/ConnectivityService(  649): getMobileDataEnabled returning true
V/Provider/Settings(  858):  from settings cache , name = gprs_connection_sim_setting , value = 0
V/WindowManager(  649): Changing focus from Window{42ec1ec0 u0 com.android.settings/com.android.settings.SubSettings} to null Callers=com.android.server.wm.WindowManagerService.setFocusedApp:4406 com.android.server.am.ActivityManagerService.setFocusedActivityLocked:2413 com.android.server.am.ActivityStackSupervisor.startActivityUncheckedLocked:2286 com.android.server.am.ActivityStackSupervisor.startActivityLocked:1530 
D/ActivityManager(  649): getContentProviderImpl: from callerandroid.app.ApplicationThreadProxy@42dc0688 (pid=858) to get content provider telephony
I/WindowManager(  649): Losing focus: Window{42ec1ec0 u0 com.android.settings/com.android.settings.SubSettings}
V/ActivityManager(  649): Broadcast sticky: Intent { act=android.intent.action.SIG_STR flg=0x20000010 (has extras) } ordered=false userid=-1 callerApp=ProcessRecord{41f69f08 649:system/1000}
D/ActivityManager(  649): getContentProviderImpl: updateLruProcessLocked cpr.proc=ProcessRecord{42231450 1092:com.android.phone/1001}
D/ActivityThread(  858): hoder:android.app.IActivityManager$ContentProviderHolder@427f4608,provider,holder.Provider:android.content.ContentProviderProxy@422a6190
D/ActivityThread( 4973): ACT-AM_ON_PAUSE_CALLED ActivityRecord{41fe79d0 token=android.os.BinderProxy@420f85e8 {com.android.settings/com.android.settings.SubSettings}}
I/TelephonyProvider( 1092): initDatabaseIfNeeded begin content://telephony/siminfo
I/TelephonyProvider( 1092):  mInitAPNGemini[0]: true,uricontent://telephony/siminfo
I/TelephonyProvider( 1092):  mInitAPNGemini[0] unlock: true,uricontent://telephony/siminfo
I/TelephonyProvider( 1092): initDatabaseIfNeeded end content://telephony/siminfo
D/InputReader(  649): InputReader:: getSwitchState lock 
D/InputReader(  649): InputReader::getStateLocked:: return 
V/Provider/Settings(  649):  from settings cache , name = flip_wakeup , value = null
V/Provider/Settings(  649):  from settings cache , name = flip_wakeup_window , value = null
V/Provider/Settings(  649): Global.putString(name=lid_switch_state, value=1 for 0
D/Provider/Settings(  649): put string name = lid_switch_state , value = 1 userHandle = 0
D/AppOps  (  649): noteOperation: allowing code 23 uid 1000 package android
V/SettingsProvider(  649): call_put(global:lid_switch_state=1) for 0
V/SettingsProvider(  649): insert(content://settings/global) for user 0 by 0
D/SettingsProvider(  649): redundant, old Value: 1 new value: 1
V/ActivityManager(  649): ensureActivitiesVisibleLocked: consider front
V/ActivityManager(  649): ensureActivitiesVisibleLocked: consider back
V/ActivityManager(  649): ensureActivitiesVisibleLocked: consider front
V/ActivityManager(  649): ensureActivitiesVisibleLocked: consider back
D/dalvikvm(  649): create interp thread : stack size=128KB
D/dalvikvm(  649): create new thread
D/dalvikvm(  649): new thread created
D/dalvikvm(  649): update thread list
D/dalvikvm(  649): threadid=80: interp stack at 0x63294000
D/dalvikvm(  649): threadid=80: created from interp
D/dalvikvm(  649): start new thread
D/dalvikvm(  649): threadid=80: notify debugger
D/dalvikvm(  649): threadid=80 (Thread-179): calling run()
D/ActivityThread( 4973): ACT-PAUSE_ACTIVITY handled : 1 / android.os.BinderProxy@420f85e8
D/dalvikvm(  649): threadid=80: exiting
D/AbsListView( 4973): onWindowFocusChanged: hasWindowFocus=false, this=android.widget.ListView{4205d398 V.ED.VC. ......I. 0,0-0,0 #102000a android:id/list}
D/AbsListView( 4973): onWindowFocusChanged: hasWindowFocus=false, this=android.widget.ListView{42088910 VFED.VC. .F...... 0,0-480,744 #102000a android:id/list}
D/dalvikvm(  649): threadid=80: bye!
D/AbsListView( 4973): endFling+: mScrollY = 0,mTouchMode = -1,mFirstPosition = 0
D/AbsListView( 4973): reportScrollStateChange: newState=0, mLastScrollState=0, mOnScrollListener=null, mScrollY=0, mTouchMode=-1, mFirstPosition=0
D/AbsListView( 4973): endFling-: mScrollY = 0,mTouchMode = -1,mFirstPosition = 0
D/IPCThreadState( 1092): [DN #5] BR_CLEAR_DEATH_NOTIFICATION_DONE cookie 0x62998c28
D/IPCThreadState(  649): [DN #5] BR_CLEAR_DEATH_NOTIFICATION_DONE cookie 0x63591bf0
I/TelephonyProvider( 1092): initDatabaseIfNeeded begin content://telephony/siminfo
I/TelephonyProvider( 1092):  mInitAPNGemini[0]: true,uricontent://telephony/siminfo
I/TelephonyProvider( 1092):  mInitAPNGemini[0] unlock: true,uricontent://telephony/siminfo
I/TelephonyProvider( 1092): initDatabaseIfNeeded end content://telephony/siminfo
D/IPCThreadState( 1092): [DN #5] BR_CLEAR_DEATH_NOTIFICATION_DONE cookie 0x629ac0c0
D/IPCThreadState(  649): [DN #5] BR_CLEAR_DEATH_NOTIFICATION_DONE cookie 0x68476ee8
D/PhoneInterfaceManagerEx( 1092): [PhoneIntfMgrEx] hasIccCard  simId=0
D/PhoneInterfaceManager( 1092): getSimState simId = 0prop = ABSENT
V/SettingsProvider(  649): call(global:airplane_mode_on) for 0
D/SettingsProvider(  649): lookupValue table global cache contains Key airplane_mode_on , value = Bundle[{value=0}]
V/Provider/Settings(  858): from db cache, name = airplane_mode_on , value = 0
D/SignalClusterView(  858): setRoamingFlagandResource(0), roaming=false, roamingId=0
D/SignalClusterView(  858): setShowSimIndicator(0), showSimIndicator=false simIndicatorResource = 0
D/SignalClusterView(  858): setDataNetType3G(0), NetworkType=null
D/SignalClusterView(  858): apply(), mWifiVisible is true
D/SIMHelper(  858): isSimInserted(0), SimInserted=false
D/SignalClusterView(  858): apply(), slotId=0, mMobileVisible=true, mShouldMobileGroupVisible=true
D/SignalClusterView(  858): apply(), slotId=0, mRoaming=false mMobileActivityId=0 mMobileTypeId=0 mMobileStrengthId[0] = 2130837997 mMobileStrengthId[1] = 0
D/SIMHelper(  858): isSimInserted(0), SimInserted=false
D/SignalClusterView(  858): apply(). mIsAirplaneMode is false, NWType slot(0) is 8
D/StatusBar.NetworkController(  858): PhoneStateListener:onSignalStrengthsChanged, sim0 after.
D/OpenGLRenderer( 4973): prepareDirty (0.00, 0.00, 480.00, 854.00) opaque 1 <0x6249f798>
D/OpenGLRenderer( 4973): finish <0x6249f798>
I/BufferQueue(  135): [com.android.settings/com.android.settings.SubSettings](this:0xb708fe70,id:48,api:1,p:4973,c:135) [queue] fps:1.35, dur:1480.75, max:1463.20, min:17.55
I/BufferQueue(  135): [com.android.settings/com.android.settings.SubSettings](this:0xb708fe70,id:48,api:1,p:4973,c:135) [release] fps:1.35, dur:1481.26, max:1463.93, min:17.34
I/SurfaceFlinger(  135): [Built-in Screen (type:0)] fps:19.127333,dur:1254.75,max:854.03,min:17.02
D/ActivityThread(  858): ACT-AM_ON_RESUME_CALLED ActivityRecord{42397f98 token=android.os.BinderProxy@42397730 {com.android.systemui/com.android.systemui.usb.UsbDebuggingActivity}}
V/PhoneWindow(  858): DecorView setVisiblity: visibility = 4 ,Parent =null, this =com.android.internal.policy.impl.PhoneWindow$DecorView{42070200 I.E..... R.....I. 0,0-0,0}
V/PhoneWindow(  858): DecorView setVisiblity: visibility = 0 ,Parent =ViewRoot{42467fe0 com.android.systemui/com.android.systemui.usb.UsbDebuggingActivity,ident = 1}, this =com.android.internal.policy.impl.PhoneWindow$DecorView{42070200 V.E..... R.....I. 0,0-0,0}
D/ActivityThread(  858): ACT-LAUNCH_ACTIVITY handled : 0 / ActivityRecord{42397f98 token=android.os.BinderProxy@42397730 {com.android.systemui/com.android.systemui.usb.UsbDebuggingActivity}}
D/OpenGLRenderer(  858): prepareDirty (0.00, 0.00, 480.00, 38.00) opaque 0 <0x61c46008>
D/OpenGLRenderer(  858): clear (0.00, 38 - 38.00 = 0.00, 480.00 - 0.00 = 480.00, 38.00 - 0.00 = 38.00) opaque 0 <0x61c46008>
D/OpenGLRenderer(  858): finish <0x61c46008>
I/BufferQueue(  135): [StatusBar](this:0xb7080918,id:6,api:1,p:858,c:135) [queue] fps:22.42, dur:1427.13, max:892.40, min:11.72
I/BufferQueue(  135): [StatusBar](this:0xb7080918,id:6,api:1,p:858,c:135) [release] fps:22.40, dur:1428.85, max:888.49, min:17.09
I/BufferQueue(  135): [unnamed-135-50](this:0xb70b8130,id:50,api:0,p:-1,c:-1) BufferQueue
I/GLConsumer(  135): [void android::RingBuffer<TYPE>::resize(uint32_t, bool) [with TYPE = android::sp<android::BackupBuffer>; uint32_t = unsigned int]] 0xb70752a4 resize to 10 (force=true)
I/GLConsumer(  135): [void android::RingBuffer<TYPE>::resize(uint32_t, bool) [with TYPE = android::sp<android::BackupBuffer>; uint32_t = unsigned int]] 0xb70752a4 resize to 0 (force=false)
I/BufferQueue(  135): [unnamed-135-50](this:0xb70b8130,id:50,api:0,p:-1,c:135) consumerConnect consumer=(135:/system/bin/surfaceflinger) controlledByApp=false
I/BufferQueue(  135): [unnamed-135-50](this:0xb70b8130,id:50,api:0,p:-1,c:135) setConsumerName: unnamed-135-50
I/GLConsumer(  135): [unnamed-135-50](this:0xb70ade98,api:0) GLConsumer
I/BufferQueue(  135): [com.android.systemui/com.android.systemui.usb.UsbDebuggingActivity](this:0xb70b8130,id:50,api:0,p:-1,c:135) setConsumerName: com.android.systemui/com.android.systemui.usb.UsbDebuggingActivity
I/BufferQueue(  135): [com.android.systemui/com.android.systemui.usb.UsbDebuggingActivity](this:0xb70b8130,id:50,api:0,p:-1,c:135) setDefaultBufferSize: w=1, h=1
V/WindowManager(  649): Changing focus from null to Window{421547c0 u0 com.android.systemui/com.android.systemui.usb.UsbDebuggingActivity} Callers=com.android.server.wm.WindowManagerService.relayoutWindow:3466 com.android.server.wm.Session.relayout:191 android.view.IWindowSession$Stub.onTransact:235 com.android.server.wm.Session.onTransact:126 
I/BufferQueue(  135): [com.android.systemui/com.android.systemui.usb.UsbDebuggingActivity](this:0xb70b8130,id:50,api:0,p:-1,c:135) setDefaultBufferSize: w=480, h=449
I/SurfaceFlinger(  135): Skip composition for [Built-in Screen (type:0)] since dirtyRegion is empty
I/WindowManager(  649): Gaining focus: Window{421547c0 u0 com.android.systemui/com.android.systemui.usb.UsbDebuggingActivity}
I/BufferQueue(  135): [com.android.systemui/com.android.systemui.usb.UsbDebuggingActivity](this:0xb70b8130,id:50,api:0,p:858,c:135) connect: api=1 producer=(858:com.android.systemui) producerControlledByApp=true
I/BufferQueue(  135): [com.android.systemui/com.android.systemui.usb.UsbDebuggingActivity](this:0xb70b8130,id:50,api:1,p:858,c:135) new GraphicBuffer needed
D/BufferQueue(  135):     [OLD] gb:NULL
I/GraphicBuffer(  135): allocate buffer (w:480 h:449 f:1) handle(0xb708d170) err(0)
I/BufferQueue(  135):     [NEW] gb=0xb707bdd0, handle=0xb708d170, w=480, h=449, s=480, fmt=1
D/GraphicBuffer(  858): create handle(0x6231ca90) (w:480, h:449, f:1)
D/BufferQueue(  135): [com.android.systemui/com.android.systemui.usb.UsbDebuggingActivity](this:0xb70b8130,id:50,api:1,p:858,c:135) cancelBuffer: slot=0
I/MaliEGL (  858): [Mali]window_type=1, is_framebuffer=0, errnum = 0
I/MaliEGL (  858): [Mali]surface->num_buffers=4, surface->num_frames=3, win_min_undequeued=1
I/MaliEGL (  858): [Mali]max_allowed_dequeued_buffers=3
I/BufferQueue(  135): [com.android.systemui/com.android.systemui.usb.UsbDebuggingActivity](this:0xb70b8130,id:50,api:1,p:858,c:135) setBufferCount: count=4
I/GraphicBuffer(  135): free buffer (w:480 h:449 f:1) handle(0xb708d170)
