12-21 08:40:39.124  5040  6789 D ConnectivityService: releasing NetworkRequest [ REQUEST id=126, legacyType=3, [ Transports: CELLULAR Capabilities: SUPL&NOT_RESTRICTED&TRUSTED&NOT_VPN] ]
12-21 08:40:39.126  5040  6789 D ConnectivityService: no live requests for NetworkAgentInfo [MOBILE (UMTS) - 227]; disconnecting
12-21 08:40:39.126  5040  6789 D ConnectivityService: Sending DISCONNECTED broadcast for type 3 NetworkAgentInfo [MOBILE (UMTS) - 227] isDefaultNetwork=false
12-21 08:40:39.128  5040  6789 D ConnectivityService: NetworkAgentInfo [MOBILE (UMTS) - 227] got DISCONNECTED, was satisfying 7
12-21 08:55:13.562  5040  5092 E BatteryStatsService: no controller energy info supplied
12-21 09:00:52.181  5040  6789 D ConnectivityService: NetworkAgentInfo [WIFI () - 224] EVENT_NETWORK_INFO_CHANGED, going from CONNECTED to DISCONNECTED
12-21 09:00:52.182  5040  6789 D ConnectivityService: NetworkAgentInfo [WIFI () - 224] got DISCONNECTED, was satisfying 9
12-21 09:00:52.207  5040  6789 D ConnectivityService: Sending DISCONNECTED broadcast for type 1 NetworkAgentInfo [WIFI () - 224] isDefaultNetwork=true
12-21 09:00:54.770  5040  6785 D ConnectivityService: registerNetworkAgent NetworkAgentInfo{ ni{[type: WIFI[], state: CONNECTING/CONNECTING, reason: (unspecified), extra: "remoteOffice", failover: false, available: true, roaming: false, metered: false]}  network{228}  nethandle{979268979422}  lp{{LinkAddresses: []  Routes: [] DnsAddresses: [] Domains: null MTU: 0}}  nc{[ Transports: WIFI Capabilities: NOT_METERED&INTERNET&NOT_RESTRICTED&TRUSTED&NOT_VPN LinkUpBandwidth>=1048576Kbps LinkDnBandwidth>=1048576Kbps]}  Score{20}  everValidated{false}  lastValidated{false}  created{false} lingering{false} explicitlySelected{false} acceptUnvalidated{false} everCaptivePortalDetected{false} lastCaptivePortalDetected{false} }
12-21 09:00:54.771  5040  6789 D ConnectivityService: NetworkAgentInfo [WIFI () - 228] EVENT_NETWORK_INFO_CHANGED, going from null to CONNECTING
12-21 09:00:54.824  5040 18546 D ConnectivityService: registerNetworkAgent NetworkAgentInfo{ ni{[type: MOBILE[UMTS], state: CONNECTED/CONNECTED, reason: connected, extra: gprswap, failover: false, available: true, roaming: false, metered: true]}  network{229}  nethandle{983563946718}  lp{{InterfaceName: rmnet_data0 LinkAddresses: [10.154.217.214/30,]  Routes: [0.0.0.0/0 -> 10.154.217.213 rmnet_data0,] DnsAddresses: [172.21.21.157,172.21.21.158,] Domains: null MTU: 1500 TcpBufferSizes: 4094,87380,1220608,4096,16384,1220608}}  nc{[ Transports: CELLULAR Capabilities: SUPL&INTERNET&NOT_RESTRICTED&TRUSTED&NOT_VPN LinkUpBandwidth>=384Kbps LinkDnBandwidth>=384Kbps Specifier: <1>]}  Score{10}  everValidated{false}  lastValidated{false}  created{false} lingering{false} explicitlySelected{false} acceptUnvalidated{false} everCaptivePortalDetected{false} lastCaptivePortalDetected{false} }
12-21 09:00:54.824  5040  6789 D ConnectivityService: NetworkAgentInfo [MOBILE (UMTS) - 229] EVENT_NETWORK_INFO_CHANGED, going from null to CONNECTED
12-21 09:00:54.826  5040  6789 D ConnectivityService: Adding iface rmnet_data0 to network 229
12-21 09:00:54.826  5040 18543 D NetworkNotificationManager: clearNotification id=65537
12-21 09:00:54.862  5040  6789 D ConnectivityService: Setting DNS servers for network 229 to [/172.21.21.157, /172.21.21.158]
12-21 09:00:54.891  5040  6789 D ConnectivityService: Switching to new default network: NetworkAgentInfo{ ni{[type: MOBILE[UMTS], state: CONNECTED/CONNECTED, reason: connected, extra: gprswap, failover: false, available: true, roaming: false, metered: true]}  network{229}  nethandle{983563946718}  lp{{InterfaceName: rmnet_data0 LinkAddresses: [10.154.217.214/30,]  Routes: [0.0.0.0/0 -> 10.154.217.213 rmnet_data0,] DnsAddresses: [172.21.21.157,172.21.21.158,] Domains: null MTU: 1500 TcpBufferSizes: 4094,87380,1220608,4096,16384,1220608}}  nc{[ Transports: CELLULAR Capabilities: SUPL&INTERNET&NOT_RESTRICTED&TRUSTED&NOT_VPN&FOREGROUND LinkUpBandwidth>=384Kbps LinkDnBandwidth>=384Kbps Specifier: <1>]}  Score{10}  everValidated{false}  lastValidated{false}  created{true} lingering{false} explicitlySelected{false} acceptUnvalidated{false} everCaptivePortalDetected{false} lastCaptivePortalDetected{false} }
12-21 09:00:54.902  5040  6789 D ConnectivityService: Sending CONNECTED broadcast for type 0 NetworkAgentInfo [MOBILE (UMTS) - 229] isDefaultNetwork=true
12-21 09:00:54.912  5040 18544 D ConnectivityService: Returning blocked NetworkInfo to uid=10151
12-21 09:00:54.919  5040  6789 D ConnectivityService: sending Proxy Broadcast for [172.17.88.198] 8080
12-21 09:00:55.458  5040  6789 D NetworkNotificationManager: clearNotification id=229
12-21 09:00:55.458  5040  6789 D ConnectivityService: NetworkAgentInfo [MOBILE (UMTS) - 229] validation passed
12-21 09:00:55.993  5040  6789 D ConnectivityService: NetworkAgentInfo [WIFI () - 228] EVENT_NETWORK_INFO_CHANGED, going from CONNECTING to CONNECTED
12-21 09:00:55.995  5040  6789 D ConnectivityService: Adding iface wlan0 to network 228
12-21 09:00:56.046  5040  6789 D ConnectivityService: Setting DNS servers for network 228 to [/212.121.128.10, /8.8.8.8]
12-21 09:01:03.725  5040  6789 D NetworkNotificationManager: clearNotification id=228
12-21 09:01:03.725  5040  6789 D ConnectivityService: NetworkAgentInfo [WIFI () - 228] validation passed
12-21 09:01:03.729  5040  6789 D ConnectivityService: Switching to new default network: NetworkAgentInfo{ ni{[type: WIFI[], state: CONNECTED/CONNECTED, reason: (unspecified), extra: "remoteOffice", failover: false, available: true, roaming: false, metered: false]}  network{228}  nethandle{979268979422}  lp{{InterfaceName: wlan0 LinkAddresses: [10.1.1.239/21,fe80::7af8:82ff:fea0:950d/64,]  Routes: [fe80::/64 -> :: wlan0,10.1.0.0/21 -> 0.0.0.0 wlan0,0.0.0.0/0 -> 10.1.0.1 wlan0,] DnsAddresses: [212.121.128.10,8.8.8.8,] Domains: mome MTU: 0 TcpBufferSizes: 524288,6291456,8291456,524288,6291456,8291456}}  nc{[ Transports: WIFI Capabilities: NOT_METERED&INTERNET&NOT_RESTRICTED&TRUSTED&NOT_VPN&VALIDATED&FOREGROUND LinkUpBandwidth>=1048576Kbps LinkDnBandwidth>=1048576Kbps SignalStrength: -49]}  Score{60}  everValidated{true}  lastValidated{true}  created{true} lingering{false} explicitlySelected{false} acceptUnvalidated{false} everCaptivePortalDetected{false} lastCaptivePortalDetected{false} }
12-21 09:01:03.735  5040  6789 D ConnectivityService: sending Proxy Broadcast for [] 0 xl=
12-21 09:01:03.749  5040  6789 D ConnectivityService: Lingering NetworkAgentInfo [MOBILE (UMTS) - 229] for 30000ms
12-21 09:01:03.750  5040  6789 D ConnectivityService: Sending DISCONNECTED broadcast for type 0 NetworkAgentInfo [MOBILE (UMTS) - 229] isDefaultNetwork=true
12-21 09:01:03.753  5040  6789 D ConnectivityService: Sending CONNECTED broadcast for type 1 NetworkAgentInfo [WIFI () - 228] isDefaultNetwork=true
12-21 09:01:07.490  5040  5040 D AnyMotionDetector: angleBetween: this = timeMillisSinceBoot=422689241 | x=0.021783223, y=0.091943264, z=0.99552596, other = timeMillisSinceBoot=422695659 | x=0.021934923, y=0.092212446, z=0.9954977, degrees = 0.01777738
12-21 09:01:07.674  5040  5095 D ConnectivityService: requestNetwork for uid/pid:1000/5040 NetworkRequest [ REQUEST id=127, legacyType=3, [ Transports: CELLULAR Capabilities: SUPL&NOT_RESTRICTED&TRUSTED&NOT_VPN] ]
12-21 09:01:07.675  5040  6789 D ConnectivityService: Unlingering NetworkAgentInfo [MOBILE (UMTS) - 229]
12-21 09:01:07.676  5040  6789 D ConnectivityService: Sending CONNECTED broadcast for type 3 NetworkAgentInfo [MOBILE (UMTS) - 229] isDefaultNetwork=false
12-21 09:01:07.690  5040  5095 D ConnectivityService: Adding legacy route 122.0.0.0/32 -> 10.154.217.213 rmnet_data0 for UID/PID 1000/5040
12-21 09:01:07.693  5040  5095 D ConnectivityService: requestRouteToHostAddress ok=true
12-21 09:01:07.694  5040  6789 D ConnectivityService: releasing NetworkRequest [ REQUEST id=127, legacyType=3, [ Transports: CELLULAR Capabilities: SUPL&NOT_RESTRICTED&TRUSTED&NOT_VPN] ]
12-21 09:01:07.694  5040  6789 D ConnectivityService: Lingering NetworkAgentInfo [MOBILE (UMTS) - 229] for 26031ms
12-21 09:01:07.697  5040  6789 D ConnectivityService: Sending DISCONNECTED broadcast for type 3 NetworkAgentInfo [MOBILE (UMTS) - 229] isDefaultNetwork=false
12-21 09:01:35.311  5040  6789 D ConnectivityService: handleLingerComplete for NetworkAgentInfo [MOBILE (UMTS) - 229]
12-21 09:01:35.312  5040  6789 D ConnectivityService: NetworkAgentInfo [MOBILE (UMTS) - 229] got DISCONNECTED, was satisfying 7
12-21 09:14:12.778  5040  6789 D ConnectivityService: NetworkAgentInfo [WIFI () - 228] EVENT_NETWORK_INFO_CHANGED, going from CONNECTED to DISCONNECTED
12-21 09:14:12.778  5040  6789 D ConnectivityService: NetworkAgentInfo [WIFI () - 228] got DISCONNECTED, was satisfying 9
12-21 09:14:12.802  5040  6789 D ConnectivityService: Sending DISCONNECTED broadcast for type 1 NetworkAgentInfo [WIFI () - 228] isDefaultNetwork=true
12-21 09:14:15.377  5040  6785 D ConnectivityService: registerNetworkAgent NetworkAgentInfo{ ni{[type: WIFI[], state: CONNECTING/CONNECTING, reason: (unspecified), extra: "remoteOffice", failover: false, available: true, roaming: false, metered: false]}  network{230}  nethandle{987858914014}  lp{{LinkAddresses: []  Routes: [] DnsAddresses: [] Domains: null MTU: 0}}  nc{[ Transports: WIFI Capabilities: NOT_METERED&INTERNET&NOT_RESTRICTED&TRUSTED&NOT_VPN LinkUpBandwidth>=1048576Kbps LinkDnBandwidth>=1048576Kbps]}  Score{20}  everValidated{false}  lastValidated{false}  created{false} lingering{false} explicitlySelected{false} acceptUnvalidated{false} everCaptivePortalDetected{false} lastCaptivePortalDetected{false} }
12-21 09:14:15.377  5040  6789 D ConnectivityService: NetworkAgentInfo [WIFI () - 230] EVENT_NETWORK_INFO_CHANGED, going from null to CONNECTING
12-21 09:14:15.463  5040 20954 D ConnectivityService: registerNetworkAgent NetworkAgentInfo{ ni{[type: MOBILE[UMTS], state: CONNECTED/CONNECTED, reason: connected, extra: gprswap, failover: false, available: true, roaming: false, metered: true]}  network{231}  nethandle{992153881310}  lp{{InterfaceName: rmnet_data0 LinkAddresses: [10.154.43.160/26,]  Routes: [0.0.0.0/0 -> 10.154.43.161 rmnet_data0,] DnsAddresses: [172.21.21.157,172.21.21.158,] Domains: null MTU: 1500 TcpBufferSizes: 4094,87380,1220608,4096,16384,1220608}}  nc{[ Transports: CELLULAR Capabilities: SUPL&INTERNET&NOT_RESTRICTED&TRUSTED&NOT_VPN LinkUpBandwidth>=384Kbps LinkDnBandwidth>=384Kbps Specifier: <1>]}  Score{10}  everValidated{false}  lastValidated{false}  created{false} lingering{false} explicitlySelected{false} acceptUnvalidated{false} everCaptivePortalDetected{false} lastCaptivePortalDetected{false} }
12-21 09:14:15.463  5040  6789 D ConnectivityService: NetworkAgentInfo [MOBILE (UMTS) - 231] EVENT_NETWORK_INFO_CHANGED, going from null to CONNECTED
12-21 09:14:15.465  5040  6789 D ConnectivityService: Adding iface rmnet_data0 to network 231
12-21 09:14:15.466  5040  7224 D NetworkNotificationManager: clearNotification id=65537
12-21 09:14:15.505  5040  6789 D ConnectivityService: Setting DNS servers for network 231 to [/172.21.21.157, /172.21.21.158]
12-21 09:14:15.533  5040  6789 D ConnectivityService: Switching to new default network: NetworkAgentInfo{ ni{[type: MOBILE[UMTS], state: CONNECTED/CONNECTED, reason: connected, extra: gprswap, failover: false, available: true, roaming: false, metered: true]}  network{231}  nethandle{992153881310}  lp{{InterfaceName: rmnet_data0 LinkAddresses: [10.154.43.160/26,]  Routes: [0.0.0.0/0 -> 10.154.43.161 rmnet_data0,] DnsAddresses: [172.21.21.157,172.21.21.158,] Domains: null MTU: 1500 TcpBufferSizes: 4094,87380,1220608,4096,16384,1220608}}  nc{[ Transports: CELLULAR Capabilities: SUPL&INTERNET&NOT_RESTRICTED&TRUSTED&NOT_VPN&FOREGROUND LinkUpBandwidth>=384Kbps LinkDnBandwidth>=384Kbps Specifier: <1>]}  Score{10}  everValidated{false}  lastValidated{false}  created{true} lingering{false} explicitlySelected{false} acceptUnvalidated{false} everCaptivePortalDetected{false} lastCaptivePortalDetected{false} }
12-21 09:14:15.539  5040  6789 D ConnectivityService: Sending CONNECTED broadcast for type 0 NetworkAgentInfo [MOBILE (UMTS) - 231] isDefaultNetwork=true
12-21 09:14:15.545  5040  6789 D ConnectivityService: sending Proxy Broadcast for [172.17.88.198] 8080
12-21 09:14:15.922  5040  6789 D NetworkNotificationManager: clearNotification id=231
12-21 09:14:15.922  5040  6789 D ConnectivityService: NetworkAgentInfo [MOBILE (UMTS) - 231] validation passed
12-21 09:14:16.581  5040  6789 D ConnectivityService: NetworkAgentInfo [WIFI () - 230] EVENT_NETWORK_INFO_CHANGED, going from CONNECTING to CONNECTED
12-21 09:14:16.586  5040  6789 D ConnectivityService: Adding iface wlan0 to network 230
12-21 09:14:16.640  5040  6789 D ConnectivityService: Setting DNS servers for network 230 to [/212.121.128.10, /8.8.8.8]
12-21 09:14:53.435  5040  6789 D NetworkNotificationManager: clearNotification id=230
12-21 09:14:53.436  5040  6789 D ConnectivityService: NetworkAgentInfo [WIFI () - 230] validation passed
12-21 09:14:53.442  5040  6789 D ConnectivityService: Switching to new default network: NetworkAgentInfo{ ni{[type: WIFI[], state: CONNECTED/CONNECTED, reason: (unspecified), extra: "remoteOffice", failover: false, available: true, roaming: false, metered: false]}  network{230}  nethandle{987858914014}  lp{{InterfaceName: wlan0 LinkAddresses: [10.1.1.239/21,fe80::7af8:82ff:fea0:950d/64,]  Routes: [fe80::/64 -> :: wlan0,10.1.0.0/21 -> 0.0.0.0 wlan0,0.0.0.0/0 -> 10.1.0.1 wlan0,] DnsAddresses: [212.121.128.10,8.8.8.8,] Domains: mome MTU: 0 TcpBufferSizes: 524288,6291456,8291456,524288,6291456,8291456}}  nc{[ Transports: WIFI Capabilities: NOT_METERED&INTERNET&NOT_RESTRICTED&TRUSTED&NOT_VPN&VALIDATED&FOREGROUND LinkUpBandwidth>=1048576Kbps LinkDnBandwidth>=1048576Kbps SignalStrength: -51]}  Score{60}  everValidated{true}  lastValidated{true}  created{true} lingering{false} explicitlySelected{false} acceptUnvalidated{false} everCaptivePortalDetected{false} lastCaptivePortalDetected{false} }
12-21 09:14:53.445  5040  6789 D ConnectivityService: sending Proxy Broadcast for [] 0 xl=
12-21 09:14:53.453  5040  6789 D ConnectivityService: Lingering NetworkAgentInfo [MOBILE (UMTS) - 231] for 30000ms
12-21 09:14:53.454  5040  6789 D ConnectivityService: Sending DISCONNECTED broadcast for type 0 NetworkAgentInfo [MOBILE (UMTS) - 231] isDefaultNetwork=true
12-21 09:14:53.455  5040  6789 D ConnectivityService: Sending CONNECTED broadcast for type 1 NetworkAgentInfo [WIFI () - 230] isDefaultNetwork=true
12-21 09:14:54.459  5040  6782 E NetdConnector: NDC Command {3759 bandwidth setiquota rmnet_data0 9223372036854775807} took too long (773ms)
12-21 09:15:04.647  5040  6782 E NetdConnector: NDC Command {3762 bandwidth setiquota rmnet_data0 9223372036854775807} took too long (10039ms)
12-21 09:15:24.295  5040  6789 D ConnectivityService: handleLingerComplete for NetworkAgentInfo [MOBILE (UMTS) - 231]
12-21 09:15:24.300  5040  6789 D ConnectivityService: NetworkAgentInfo [MOBILE (UMTS) - 231] got DISCONNECTED, was satisfying 7
12-21 09:28:36.222  5040  6789 D ConnectivityService: NetworkAgentInfo [WIFI () - 230] EVENT_NETWORK_INFO_CHANGED, going from CONNECTED to DISCONNECTED
12-21 09:28:36.223  5040  6789 D ConnectivityService: NetworkAgentInfo [WIFI () - 230] got DISCONNECTED, was satisfying 9
12-21 09:28:36.272  5040  6789 D ConnectivityService: Sending DISCONNECTED broadcast for type 1 NetworkAgentInfo [WIFI () - 230] isDefaultNetwork=true
12-21 09:28:38.818  5040  6785 D ConnectivityService: registerNetworkAgent NetworkAgentInfo{ ni{[type: WIFI[], state: CONNECTING/CONNECTING, reason: (unspecified), extra: "remoteOffice", failover: false, available: true, roaming: false, metered: false]}  network{232}  nethandle{996448848606}  lp{{LinkAddresses: []  Routes: [] DnsAddresses: [] Domains: null MTU: 0}}  nc{[ Transports: WIFI Capabilities: NOT_METERED&INTERNET&NOT_RESTRICTED&TRUSTED&NOT_VPN LinkUpBandwidth>=1048576Kbps LinkDnBandwidth>=1048576Kbps]}  Score{20}  everValidated{false}  lastValidated{false}  created{false} lingering{false} explicitlySelected{false} acceptUnvalidated{false} everCaptivePortalDetected{false} lastCaptivePortalDetected{false} }
12-21 09:28:38.818  5040  6789 D ConnectivityService: NetworkAgentInfo [WIFI () - 232] EVENT_NETWORK_INFO_CHANGED, going from null to CONNECTING
12-21 09:28:38.991  5040  7559 D ConnectivityService: registerNetworkAgent NetworkAgentInfo{ ni{[type: MOBILE[UMTS], state: CONNECTED/CONNECTED, reason: connected, extra: gprswap, failover: false, available: true, roaming: false, metered: true]}  network{233}  nethandle{1000743815902}  lp{{InterfaceName: rmnet_data0 LinkAddresses: [10.154.129.249/30,]  Routes: [0.0.0.0/0 -> 10.154.129.250 rmnet_data0,] DnsAddresses: [172.21.21.157,172.21.21.158,] Domains: null MTU: 1500 TcpBufferSizes: 4094,87380,1220608,4096,16384,1220608}}  nc{[ Transports: CELLULAR Capabilities: SUPL&INTERNET&NOT_RESTRICTED&TRUSTED&NOT_VPN LinkUpBandwidth>=384Kbps LinkDnBandwidth>=384Kbps Specifier: <1>]}  Score{10}  everValidated{false}  lastValidated{false}  created{false} lingering{false} explicitlySelected{false} acceptUnvalidated{false} everCaptivePortalDetected{false} lastCaptivePortalDetected{false} }
12-21 09:28:38.991  5040  6789 D ConnectivityService: NetworkAgentInfo [MOBILE (UMTS) - 233] EVENT_NETWORK_INFO_CHANGED, going from null to CONNECTED
12-21 09:28:38.993  5040  6789 D ConnectivityService: Adding iface rmnet_data0 to network 233
12-21 09:28:38.993  5040  6852 D NetworkNotificationManager: clearNotification id=65537
12-21 09:28:39.031  5040  6789 D ConnectivityService: Setting DNS servers for network 233 to [/172.21.21.157, /172.21.21.158]
12-21 09:28:39.060  5040  6789 D ConnectivityService: Switching to new default network: NetworkAgentInfo{ ni{[type: MOBILE[UMTS], state: CONNECTED/CONNECTED, reason: connected, extra: gprswap, failover: false, available: true, roaming: false, metered: true]}  network{233}  nethandle{1000743815902}  lp{{InterfaceName: rmnet_data0 LinkAddresses: [10.154.129.249/30,]  Routes: [0.0.0.0/0 -> 10.154.129.250 rmnet_data0,] DnsAddresses: [172.21.21.157,172.21.21.158,] Domains: null MTU: 1500 TcpBufferSizes: 4094,87380,1220608,4096,16384,1220608}}  nc{[ Transports: CELLULAR Capabilities: SUPL&INTERNET&NOT_RESTRICTED&TRUSTED&NOT_VPN&FOREGROUND LinkUpBandwidth>=384Kbps LinkDnBandwidth>=384Kbps Specifier: <1>]}  Score{10}  everValidated{false}  lastValidated{false}  created{true} lingering{false} explicitlySelected{false} acceptUnvalidated{false} everCaptivePortalDetected{false} lastCaptivePortalDetected{false} }
12-21 09:28:39.067  5040  6789 D ConnectivityService: Sending CONNECTED broadcast for type 0 NetworkAgentInfo [MOBILE (UMTS) - 233] isDefaultNetwork=true
12-21 09:28:39.071  5040  6789 D ConnectivityService: sending Proxy Broadcast for [172.17.88.198] 8080
12-21 09:28:39.489  5040  6789 D NetworkNotificationManager: clearNotification id=233
12-21 09:28:39.489  5040  6789 D ConnectivityService: NetworkAgentInfo [MOBILE (UMTS) - 233] validation passed
12-21 09:28:40.040  5040  6789 D ConnectivityService: NetworkAgentInfo [WIFI () - 232] EVENT_NETWORK_INFO_CHANGED, going from CONNECTING to CONNECTED
12-21 09:28:40.044  5040  6789 D ConnectivityService: Adding iface wlan0 to network 232
12-21 09:28:40.089  5040  6789 D ConnectivityService: Setting DNS servers for network 232 to [/212.121.128.10, /8.8.8.8]
12-21 09:28:46.973  5040  6789 D NetworkNotificationManager: clearNotification id=232
12-21 09:28:46.973  5040  6789 D ConnectivityService: NetworkAgentInfo [WIFI () - 232] validation passed
12-21 09:28:46.974  5040  6789 D ConnectivityService: Switching to new default network: NetworkAgentInfo{ ni{[type: WIFI[], state: CONNECTED/CONNECTED, reason: (unspecified), extra: "remoteOffice", failover: false, available: true, roaming: false, metered: false]}  network{232}  nethandle{996448848606}  lp{{InterfaceName: wlan0 LinkAddresses: [10.1.1.239/21,fe80::7af8:82ff:fea0:950d/64,]  Routes: [fe80::/64 -> :: wlan0,10.1.0.0/21 -> 0.0.0.0 wlan0,0.0.0.0/0 -> 10.1.0.1 wlan0,] DnsAddresses: [212.121.128.10,8.8.8.8,] Domains: mome MTU: 0 TcpBufferSizes: 524288,6291456,8291456,524288,6291456,8291456}}  nc{[ Transports: WIFI Capabilities: NOT_METERED&INTERNET&NOT_RESTRICTED&TRUSTED&NOT_VPN&VALIDATED&FOREGROUND LinkUpBandwidth>=1048576Kbps LinkDnBandwidth>=1048576Kbps SignalStrength: -45]}  Score{60}  everValidated{true}  lastValidated{true}  created{true} lingering{false} explicitlySelected{false} acceptUnvalidated{false} everCaptivePortalDetected{false} lastCaptivePortalDetected{false} }
12-21 09:28:46.978  5040  6789 D ConnectivityService: sending Proxy Broadcast for [] 0 xl=
12-21 09:28:46.987  5040  6789 D ConnectivityService: Lingering NetworkAgentInfo [MOBILE (UMTS) - 233] for 30000ms
12-21 09:28:46.988  5040  6789 D ConnectivityService: Sending DISCONNECTED broadcast for type 0 NetworkAgentInfo [MOBILE (UMTS) - 233] isDefaultNetwork=true
12-21 09:28:46.989  5040  6789 D ConnectivityService: Sending CONNECTED broadcast for type 1 NetworkAgentInfo [WIFI () - 232] isDefaultNetwork=true
12-21 09:29:16.508  5040  6782 E NetdConnector: NDC Command {3798 bandwidth setiquota rmnet_data0 9223372036854775807} took too long (815ms)
12-21 09:29:16.973  5040  6789 D ConnectivityService: handleLingerComplete for NetworkAgentInfo [MOBILE (UMTS) - 233]
12-21 09:29:16.975  5040  6789 D ConnectivityService: NetworkAgentInfo [MOBILE (UMTS) - 233] got DISCONNECTED, was satisfying 7
12-21 09:29:17.060  5040  5097 W ProcessCpuTracker: Skipping unknown process pid 11284
12-21 09:33:05.027  5040 10531 D ConnectivityService: Returning unblocked NetworkInfo to uid=10151
12-21 09:34:53.047  5040  6789 D ConnectivityService: NetworkAgentInfo [WIFI () - 232] EVENT_NETWORK_INFO_CHANGED, going from CONNECTED to DISCONNECTED
12-21 09:34:53.047  5040  6789 D ConnectivityService: NetworkAgentInfo [WIFI () - 232] got DISCONNECTED, was satisfying 9
12-21 09:34:53.077  5040  6789 D ConnectivityService: Sending DISCONNECTED broadcast for type 1 NetworkAgentInfo [WIFI () - 232] isDefaultNetwork=true
12-21 09:34:56.608  5040  6849 D ConnectivityService: registerNetworkAgent NetworkAgentInfo{ ni{[type: MOBILE[UMTS], state: CONNECTED/CONNECTED, reason: connected, extra: gprswap, failover: false, available: true, roaming: false, metered: true]}  network{234}  nethandle{1005038783198}  lp{{InterfaceName: rmnet_data0 LinkAddresses: [10.155.19.80/27,]  Routes: [0.0.0.0/0 -> 10.155.19.81 rmnet_data0,] DnsAddresses: [172.21.21.157,172.21.21.158,] Domains: null MTU: 1500 TcpBufferSizes: 4094,87380,1220608,4096,16384,1220608}}  nc{[ Transports: CELLULAR Capabilities: SUPL&INTERNET&NOT_RESTRICTED&TRUSTED&NOT_VPN LinkUpBandwidth>=384Kbps LinkDnBandwidth>=384Kbps Specifier: <1>]}  Score{10}  everValidated{false}  lastValidated{false}  created{false} lingering{false} explicitlySelected{false} acceptUnvalidated{false} everCaptivePortalDetected{false} lastCaptivePortalDetected{false} }
12-21 09:34:56.609  5040  6789 D ConnectivityService: NetworkAgentInfo [MOBILE (UMTS) - 234] EVENT_NETWORK_INFO_CHANGED, going from null to CONNECTED
12-21 09:34:56.610  5040  6789 D ConnectivityService: Adding iface rmnet_data0 to network 234
12-21 09:34:56.614  5040  7595 D NetworkNotificationManager: clearNotification id=65537
12-21 09:34:56.651  5040  6789 D ConnectivityService: Setting DNS servers for network 234 to [/172.21.21.157, /172.21.21.158]
12-21 09:34:56.684  5040  6789 D ConnectivityService: Switching to new default network: NetworkAgentInfo{ ni{[type: MOBILE[UMTS], state: CONNECTED/CONNECTED, reason: connected, extra: gprswap, failover: false, available: true, roaming: false, metered: true]}  network{234}  nethandle{1005038783198}  lp{{InterfaceName: rmnet_data0 LinkAddresses: [10.155.19.80/27,]  Routes: [0.0.0.0/0 -> 10.155.19.81 rmnet_data0,] DnsAddresses: [172.21.21.157,172.21.21.158,] Domains: null MTU: 1500 TcpBufferSizes: 4094,87380,1220608,4096,16384,1220608}}  nc{[ Transports: CELLULAR Capabilities: SUPL&INTERNET&NOT_RESTRICTED&TRUSTED&NOT_VPN&FOREGROUND LinkUpBandwidth>=384Kbps LinkDnBandwidth>=384Kbps Specifier: <1>]}  Score{10}  everValidated{false}  lastValidated{false}  created{true} lingering{false} explicitlySelected{false} acceptUnvalidated{false} everCaptivePortalDetected{false} lastCaptivePortalDetected{false} }
12-21 09:34:56.692  5040  6789 D ConnectivityService: Sending CONNECTED broadcast for type 0 NetworkAgentInfo [MOBILE (UMTS) - 234] isDefaultNetwork=true
12-21 09:34:56.697  5040  6789 D ConnectivityService: sending Proxy Broadcast for [172.17.88.198] 8080
12-21 09:34:56.733  5040 17957 D ConnectivityService: Returning unblocked NetworkInfo to uid=10030
12-21 09:34:56.733  5040 18543 D ConnectivityService: Returning unblocked NetworkInfo to uid=10092
12-21 09:34:56.737  5040 19130 D ConnectivityService: Returning unblocked NetworkInfo to uid=10066
12-21 09:34:56.812  5040 17957 D ConnectivityService: Returning unblocked NetworkInfo to uid=10094
12-21 09:34:57.266  5040  6789 D NetworkNotificationManager: clearNotification id=234
12-21 09:34:57.266  5040  6789 D ConnectivityService: NetworkAgentInfo [MOBILE (UMTS) - 234] validation passed
12-21 09:36:21.991  5040  6785 D ConnectivityService: registerNetworkAgent NetworkAgentInfo{ ni{[type: WIFI[], state: CONNECTING/CONNECTING, reason: (unspecified), extra: "remoteOffice", failover: false, available: true, roaming: false, metered: false]}  network{235}  nethandle{1009333750494}  lp{{LinkAddresses: []  Routes: [] DnsAddresses: [] Domains: null MTU: 0}}  nc{[ Transports: WIFI Capabilities: NOT_METERED&INTERNET&NOT_RESTRICTED&TRUSTED&NOT_VPN LinkUpBandwidth>=1048576Kbps LinkDnBandwidth>=1048576Kbps]}  Score{20}  everValidated{false}  lastValidated{false}  created{false} lingering{false} explicitlySelected{false} acceptUnvalidated{false} everCaptivePortalDetected{false} lastCaptivePortalDetected{false} }
12-21 09:36:21.992  5040  6789 D ConnectivityService: NetworkAgentInfo [WIFI () - 235] EVENT_NETWORK_INFO_CHANGED, going from null to CONNECTING
12-21 09:36:37.452  5040  6789 D ConnectivityService: NetworkAgentInfo [WIFI () - 235] EVENT_NETWORK_INFO_CHANGED, going from CONNECTING to DISCONNECTED
12-21 09:36:37.452  5040  6789 D ConnectivityService: NetworkAgentInfo [WIFI () - 235] got DISCONNECTED, was satisfying 0
12-21 09:44:50.425  5040  5097 I ActivityManager: Start proc 11674:com.android.cellbroadcastreceiver/u0a5 for broadcast com.android.cellbroadcastreceiver/.CellBroadcastReceiver
12-21 09:44:50.724  5040 18545 I ActivityManager: Killing 5468:com.google.android.configupdater/u0a6 (adj 906): empty #17
12-21 09:44:50.742  5040 18546 D ActivityManager: cleanUpApplicationRecord -- 5468
12-21 09:46:40.568  5040  5095 D ConnectivityService: requestNetwork for uid/pid:1000/5040 NetworkRequest [ REQUEST id=128, legacyType=3, [ Transports: CELLULAR Capabilities: SUPL&NOT_RESTRICTED&TRUSTED&NOT_VPN] ]
12-21 09:46:40.571  5040  6789 D ConnectivityService: Sending CONNECTED broadcast for type 3 NetworkAgentInfo [MOBILE (UMTS) - 234] isDefaultNetwork=true
12-21 09:46:40.596  5040  5095 D ConnectivityService: Adding legacy route 122.0.0.0/32 -> 10.155.19.81 rmnet_data0 for UID/PID 1000/5040
12-21 09:46:40.598  5040  5095 D ConnectivityService: requestRouteToHostAddress ok=true
12-21 09:46:43.325  5040  6789 D ConnectivityService: releasing NetworkRequest [ REQUEST id=128, legacyType=3, [ Transports: CELLULAR Capabilities: SUPL&NOT_RESTRICTED&TRUSTED&NOT_VPN] ]
12-21 09:46:43.326  5040  6789 D ConnectivityService: Sending DISCONNECTED broadcast for type 3 NetworkAgentInfo [MOBILE (UMTS) - 234] isDefaultNetwork=false
12-21 09:48:48.460  5040  5100 E BatteryStatsService: no controller energy info supplied
12-21 10:00:01.454  5040  5040 D ConditionProviders.SCP: onReceive ScheduleConditionProvider.EVALUATE
12-21 10:00:01.454  5040  5040 D ConditionProviders.SCP: notifyCondition condition://android/schedule?days=6.7&start=23.30&end=10.0&exitAtAlarm=false STATE_FALSE reason=!meetsSchedule
12-21 10:00:01.455  5040  5040 D ConditionProviders.SCP: notifyCondition condition://android/schedule?days=1.2.3.4.5&start=22.0&end=7.0&exitAtAlarm=false STATE_FALSE reason=!meetsSchedule
12-21 10:00:01.455  5040  5040 D ConditionProviders.SCP: Scheduling evaluate for Wed Dec 21 22:00:00 GMT+01:00 2016 (1482354000000), in +11h59m58s546ms, now=Wed Dec 21 10:00:01 GMT+01:00 2016 (1482310801454)
12-21 10:01:39.514  5040  6785 D ConnectivityService: registerNetworkAgent NetworkAgentInfo{ ni{[type: WIFI[], state: CONNECTING/CONNECTING, reason: (unspecified), extra: "hope_this_works", failover: false, available: true, roaming: false, metered: false]}  network{236}  nethandle{1013628717790}  lp{{LinkAddresses: []  Routes: [] DnsAddresses: [] Domains: null MTU: 0}}  nc{[ Transports: WIFI Capabilities: NOT_METERED&INTERNET&NOT_RESTRICTED&TRUSTED&NOT_VPN LinkUpBandwidth>=1048576Kbps LinkDnBandwidth>=1048576Kbps]}  Score{20}  everValidated{false}  lastValidated{false}  created{false} lingering{false} explicitlySelected{false} acceptUnvalidated{false} everCaptivePortalDetected{false} lastCaptivePortalDetected{false} }
12-21 10:01:39.514  5040  6789 D ConnectivityService: NetworkAgentInfo [WIFI () - 236] EVENT_NETWORK_INFO_CHANGED, going from null to CONNECTING
12-21 10:01:46.581  5040  6789 D ConnectivityService: NetworkAgentInfo [WIFI () - 236] EVENT_NETWORK_INFO_CHANGED, going from CONNECTING to CONNECTED
12-21 10:01:46.582  5040  6789 D ConnectivityService: Adding iface wlan0 to network 236
12-21 10:01:46.620  5040  6789 D ConnectivityService: Setting DNS servers for network 236 to [/89.216.1.40, /89.216.1.50]
12-21 10:01:46.933  5040  6789 D NetworkNotificationManager: clearNotification id=236
12-21 10:01:46.933  5040  6789 D ConnectivityService: NetworkAgentInfo [WIFI () - 236] validation passed
12-21 10:01:46.935  5040  6789 D ConnectivityService: Switching to new default network: NetworkAgentInfo{ ni{[type: WIFI[], state: CONNECTED/CONNECTED, reason: (unspecified), extra: "hope_this_works", failover: false, available: true, roaming: false, metered: false]}  network{236}  nethandle{1013628717790}  lp{{InterfaceName: wlan0 LinkAddresses: [fe80::7af8:82ff:fea0:950d/64,192.168.0.11/24,]  Routes: [fe80::/64 -> :: wlan0,192.168.0.0/24 -> 0.0.0.0 wlan0,0.0.0.0/0 -> 192.168.0.1 wlan0,] DnsAddresses: [89.216.1.40,89.216.1.50,] Domains: null MTU: 0 TcpBufferSizes: 524288,6291456,8291456,524288,6291456,8291456}}  nc{[ Transports: WIFI Capabilities: NOT_METERED&INTERNET&NOT_RESTRICTED&TRUSTED&NOT_VPN&VALIDATED&FOREGROUND LinkUpBandwidth>=1048576Kbps LinkDnBandwidth>=1048576Kbps SignalStrength: -51]}  Score{60}  everValidated{true}  lastValidated{true}  created{true} lingering{false} explicitlySelected{false} acceptUnvalidated{false} everCaptivePortalDetected{false} lastCaptivePortalDetected{false} }
12-21 10:01:46.939  5040  6789 D ConnectivityService: sending Proxy Broadcast for [] 0 xl=
12-21 10:01:46.957  5040  6789 D ConnectivityService: Lingering NetworkAgentInfo [MOBILE (UMTS) - 234] for 30000ms
12-21 10:01:46.958  5040  6789 D ConnectivityService: Sending DISCONNECTED broadcast for type 0 NetworkAgentInfo [MOBILE (UMTS) - 234] isDefaultNetwork=true
12-21 10:01:46.959  5040  6789 D ConnectivityService: Sending CONNECTED broadcast for type 1 NetworkAgentInfo [WIFI () - 236] isDefaultNetwork=true
12-21 10:01:47.001  5040 18947 D ConnectivityService: Returning blocked NetworkInfo to uid=10151
12-21 10:01:47.021  5040  5092 D ConnectivityService: Returning blocked NetworkInfo to uid=10030
12-21 10:01:47.021  5040 18543 D ConnectivityService: Returning blocked NetworkInfo to uid=10066
12-21 10:01:47.023  5040  7559 D ConnectivityService: Returning blocked NetworkInfo to uid=10092
12-21 10:01:47.152  5040  7559 D ConnectivityService: Returning blocked NetworkInfo to uid=10094
12-21 10:01:55.261  5040  6849 D ConnectivityService: Returning unblocked NetworkInfo to uid=10151
12-21 10:02:18.292  5040  6789 D ConnectivityService: handleLingerComplete for NetworkAgentInfo [MOBILE (UMTS) - 234]
12-21 10:02:18.302  5040  6789 D ConnectivityService: NetworkAgentInfo [MOBILE (UMTS) - 234] got DISCONNECTED, was satisfying 7
12-21 10:02:26.160  5040  6464 I PowerManagerService: Waking up from sleep (uid 1000)...
12-21 10:02:26.186  5040  5115 I DisplayPowerController: Blocking screen on until initial contents have been drawn.
12-21 10:02:26.195  5040  5113 I DisplayManagerService: Display device changed state: "Built-in Screen", ON
12-21 10:02:26.197  5040  5113 W LocalDisplayAdapter: Unable to find color mode 0, ignoring request.
12-21 10:02:26.250  5040  5115 I DisplayPowerController: Unblocked screen on after 64 ms
12-21 10:02:27.232  5040  6464 I PowerManagerService: Going to sleep due to power button (uid 1000)...
12-21 10:02:27.738  5040  5113 I DisplayManagerService: Display device changed state: "Built-in Screen", OFF
12-21 10:02:27.741  5040  5113 W LocalDisplayAdapter: Unable to find color mode 0, ignoring request.
12-21 10:02:27.883  5040  5115 I PowerManagerService: Sleeping (uid 1000)...
12-21 10:11:49.410  5040  7595 I ActivityManager: Start proc 12391:com.google.android.gms:snet/u0a18 for service com.google.android.gms/.chimera.SnetIntentOperationService
12-21 10:13:58.301  5040 18545 W ActivityManager: Unable to start service Intent { cmp=com.google.android.gms/.security.snet.SnetLaunchIntentService } U=0: not found
12-21 10:13:58.359  5040 19130 I ActivityManager: Process com.google.android.gms:snet (pid 12391) has died
12-21 10:13:58.359  5040 19130 D ActivityManager: cleanUpApplicationRecord -- 12391
12-21 10:13:58.359  5040 19130 W ActivityManager: Scheduling restart of crashed service com.google.android.gms/.chimera.SnetIntentOperationService in 1000ms
12-21 10:13:59.380  5040  5097 I ActivityManager: Start proc 12411:com.google.android.gms:snet/u0a18 for service com.google.android.gms/.chimera.SnetIntentOperationService
12-21 10:14:00.485  5040  7541 D CryptdConnector: SND -> {83 cryptfs getpwtype}
12-21 10:14:00.486   365   372 D VoldCryptCmdListener: cryptfs getpwtype
12-21 10:14:00.490  5040  6493 D CryptdConnector: RCV <- {213 83 pin}
12-21 10:18:09.315  5040  5040 I ActivityManager: Killing 4759:com.google.android.googlequicksearchbox:search/u0a37 (adj 906): empty #17
12-21 10:18:09.375  5040  7541 D ConnectivityService: ConnectivityService NetworkRequestInfo binderDied(NetworkRequest [ LISTEN id=120, [ Capabilities: INTERNET&NOT_RESTRICTED&TRUSTED] ], android.os.BinderProxy@9fcdb57)
12-21 10:18:09.377  5040  6789 E ConnectivityService: RemoteException caught trying to send a callback msg for NetworkRequest [ LISTEN id=120, [ Capabilities: INTERNET&NOT_RESTRICTED&TRUSTED] ]
12-21 10:18:09.378  5040  7543 D ActivityManager: cleanUpApplicationRecord -- 4759
12-21 10:31:19.580  5040 18546 I ActivityManager: Start proc 12515:com.google.android.gms.ui/u0a18 for service com.google.android.gms/.chimera.UiIntentOperationService
12-21 10:41:24.369  5040 18547 D ConnectivityService: reportNetworkConnectivity(236, false) by 10018
12-21 10:41:24.696  5040  6789 D NetworkNotificationManager: clearNotification id=236
12-21 10:41:24.696  5040  6789 D ConnectivityService: NetworkAgentInfo [WIFI () - 236] validation passed
12-21 10:41:56.433  5040  5095 I ActivityManager: Start proc 12575:com.google.process.gapps/u0a56 for service com.google.android.syncadapters.contacts/.ContactsSyncAdapterService
12-21 10:41:56.643  5040  5095 D ConnectivityService: requestNetwork for uid/pid:1000/5040 NetworkRequest [ REQUEST id=129, legacyType=3, [ Transports: CELLULAR Capabilities: SUPL&NOT_RESTRICTED&TRUSTED&NOT_VPN] ]
12-21 10:41:59.449  5040 18543 D ConnectivityService: registerNetworkAgent NetworkAgentInfo{ ni{[type: MOBILE[UMTS], state: CONNECTED/CONNECTED, reason: connected, extra: gprswap, failover: false, available: true, roaming: false, metered: true]}  network{237}  nethandle{1017923685086}  lp{{InterfaceName: rmnet_data0 LinkAddresses: [10.154.182.193/30,]  Routes: [0.0.0.0/0 -> 10.154.182.194 rmnet_data0,] DnsAddresses: [172.21.21.157,172.21.21.158,] Domains: null MTU: 1500 TcpBufferSizes: 4094,87380,1220608,4096,16384,1220608}}  nc{[ Transports: CELLULAR Capabilities: SUPL&INTERNET&NOT_RESTRICTED&TRUSTED&NOT_VPN LinkUpBandwidth>=384Kbps LinkDnBandwidth>=384Kbps Specifier: <1>]}  Score{10}  everValidated{false}  lastValidated{false}  created{false} lingering{false} explicitlySelected{false} acceptUnvalidated{false} everCaptivePortalDetected{false} lastCaptivePortalDetected{false} }
12-21 10:41:59.450  5040  6789 D ConnectivityService: NetworkAgentInfo [MOBILE (UMTS) - 237] EVENT_NETWORK_INFO_CHANGED, going from null to CONNECTED
12-21 10:41:59.452  5040  6789 D ConnectivityService: Adding iface rmnet_data0 to network 237
12-21 10:41:59.456  5040  7559 D NetworkNotificationManager: clearNotification id=65537
12-21 10:41:59.498  5040  6789 D ConnectivityService: Setting DNS servers for network 237 to [/172.21.21.157, /172.21.21.158]
12-21 10:41:59.528  5040  6789 D ConnectivityService: Sending CONNECTED broadcast for type 3 NetworkAgentInfo [MOBILE (UMTS) - 237] isDefaultNetwork=false
12-21 10:41:59.531  5040  6789 D ConnectivityService: sending Proxy Broadcast for [] 0 xl=
12-21 10:41:59.570  5040  5095 D ConnectivityService: Adding legacy route 122.0.0.0/32 -> 10.154.182.194 rmnet_data0 for UID/PID 1000/5040
12-21 10:41:59.571  5040  5095 D ConnectivityService: requestRouteToHostAddress ok=true
12-21 10:42:00.025  5040  6789 D NetworkNotificationManager: clearNotification id=237
12-21 10:42:00.025  5040  6789 D ConnectivityService: NetworkAgentInfo [MOBILE (UMTS) - 237] validation passed
12-21 10:42:00.661  5040  6789 D ConnectivityService: releasing NetworkRequest [ REQUEST id=129, legacyType=3, [ Transports: CELLULAR Capabilities: SUPL&NOT_RESTRICTED&TRUSTED&NOT_VPN] ]
12-21 10:42:00.663  5040  6789 D ConnectivityService: no live requests for NetworkAgentInfo [MOBILE (UMTS) - 237]; disconnecting
12-21 10:42:00.663  5040  6789 D ConnectivityService: Sending DISCONNECTED broadcast for type 3 NetworkAgentInfo [MOBILE (UMTS) - 237] isDefaultNetwork=false
12-21 10:42:00.667  5040  6789 D ConnectivityService: NetworkAgentInfo [MOBILE (UMTS) - 237] got DISCONNECTED, was satisfying 6
12-21 10:43:06.041  5040 20954 W ActivityManager: Unable to start service Intent { act=com.google.android.c2dm.intent.RECEIVE flg=0x10 pkg=com.wunderground.android.weather (has extras) } U=0: not found
12-21 10:43:21.064  5040  5097 I ActivityManager: Waited long enough for: ServiceRecord{eafd666 u0 com.wunderground.android.weather/.notifications.PushNotificationIntentService}
12-21 10:43:26.218  5040  7541 I ActivityManager: Killing 4805:com.google.android.partnersetup/u0a25 (adj 906): empty #17
12-21 10:43:26.276  5040  6849 D ActivityManager: cleanUpApplicationRecord -- 4805
12-21 10:43:46.482  5040  6852 I ActivityManager: Killing 4927:com.android.printspooler/u0a80 (adj 906): empty #17
12-21 10:43:46.513  5040 10531 D ActivityManager: cleanUpApplicationRecord -- 4927
12-21 10:52:17.521  5040  7543 E BatteryStatsService: no controller energy info supplied
12-21 10:53:18.343  5040 18543 D ConnectivityService: reportNetworkConnectivity(236, false) by 10018
12-21 10:53:18.593  5040  6789 D NetworkNotificationManager: clearNotification id=236
12-21 10:53:18.593  5040  6789 D ConnectivityService: NetworkAgentInfo [WIFI () - 236] validation passed
12-21 10:57:19.606  5040  5040 I ActivityManager: Start proc 12879:com.google.android.contacts/u0a19 for service com.google.android.contacts/com.android.contacts.ContactsJobService
12-21 10:57:19.757  5040 18547 I ActivityManager: Start proc 12902:com.google.android.gms.feedback/u0a18 for service com.google.android.gms/.feedback.FeedbackService
12-21 11:02:59.181  5040  5040 D AnyMotionDetector: angleBetween: this = timeMillisSinceBoot=430000875 | x=0.02693259, y=0.10213836, z=0.9944055, other = timeMillisSinceBoot=430007349 | x=0.026792917, y=0.10169709, z=0.99445456, degrees = 0.026667973
12-21 11:02:59.367  5040  5095 D ConnectivityService: requestNetwork for uid/pid:1000/5040 NetworkRequest [ REQUEST id=130, legacyType=3, [ Transports: CELLULAR Capabilities: SUPL&NOT_RESTRICTED&TRUSTED&NOT_VPN] ]
12-21 11:02:59.371  5040  6789 D ConnectivityService: releasing NetworkRequest [ REQUEST id=130, legacyType=3, [ Transports: CELLULAR Capabilities: SUPL&NOT_RESTRICTED&TRUSTED&NOT_VPN] ]
12-21 11:03:04.193  5040  7224 D ConnectivityService: registerNetworkAgent NetworkAgentInfo{ ni{[type: MOBILE[UMTS], state: CONNECTED/CONNECTED, reason: connected, extra: gprswap, failover: false, available: true, roaming: false, metered: true]}  network{238}  nethandle{1022218652382}  lp{{InterfaceName: rmnet_data0 LinkAddresses: [10.155.68.99/29,]  Routes: [0.0.0.0/0 -> 10.155.68.100 rmnet_data0,] DnsAddresses: [172.21.21.157,172.21.21.158,] Domains: null MTU: 1500 TcpBufferSizes: 4094,87380,1220608,4096,16384,1220608}}  nc{[ Transports: CELLULAR Capabilities: SUPL&INTERNET&NOT_RESTRICTED&TRUSTED&NOT_VPN LinkUpBandwidth>=384Kbps LinkDnBandwidth>=384Kbps Specifier: <1>]}  Score{10}  everValidated{false}  lastValidated{false}  created{false} lingering{false} explicitlySelected{false} acceptUnvalidated{false} everCaptivePortalDetected{false} lastCaptivePortalDetected{false} }
12-21 11:03:04.194  5040  6789 D ConnectivityService: NetworkAgentInfo [MOBILE (UMTS) - 238] EVENT_NETWORK_INFO_CHANGED, going from null to CONNECTED
12-21 11:03:04.195  5040  6789 D ConnectivityService: Adding iface rmnet_data0 to network 238
12-21 11:03:04.197  5040 18947 D NetworkNotificationManager: clearNotification id=65537
12-21 11:03:04.225  5040  5097 W ProcessCpuTracker: Skipping unknown process pid 13047
12-21 11:03:04.237  5040  6789 D ConnectivityService: Setting DNS servers for network 238 to [/172.21.21.157, /172.21.21.158]
12-21 11:03:04.265  5040  6789 D ConnectivityService: Reaping NetworkAgentInfo [MOBILE (UMTS) - 238]
12-21 11:03:04.266  5040  6789 D ConnectivityService: NetworkAgentInfo [MOBILE (UMTS) - 238] got DISCONNECTED, was satisfying 6
12-21 11:03:22.395  5040 18543 I ActivityManager: Killing 5022:com.google.android.gms.unstable/u0a18 (adj 906): empty #17
12-21 11:03:22.396  5040 18543 I ActivityManager: Killing 6685:com.google.android.gm/u0a79 (adj 906): empty #18
12-21 11:03:22.438  5040 19130 D ActivityManager: cleanUpApplicationRecord -- 6685
12-21 11:03:22.449  5040 18544 D ActivityManager: cleanUpApplicationRecord -- 5022
12-21 11:15:36.476  5040  5100 E BatteryStatsService: no controller energy info supplied
12-21 11:19:23.350  5040  6789 D NetworkNotificationManager: clearNotification id=238
12-21 11:43:09.344  5040 18543 D ConnectivityService: Returning blocked NetworkInfo to uid=10090
12-21 11:49:50.710  5040  6464 I PowerManagerService: Waking up from sleep (uid 1000)...
12-21 11:49:50.749  5040  5115 I DisplayPowerController: Blocking screen on until initial contents have been drawn.
12-21 11:49:50.764  5040  5113 I DisplayManagerService: Display device changed state: "Built-in Screen", ON
12-21 11:49:50.769  5040  5113 W LocalDisplayAdapter: Unable to find color mode 0, ignoring request.
12-21 11:49:50.917  5040 18547 I ActivityManager: Start proc 13189:com.google.android.youtube/u0a85 for service com.google.android.youtube/com.google.android.libraries.youtube.common.gcore.gcoreclient.gcm.impl.GcmTaskServiceDelegator
12-21 11:49:51.010  5040  5115 I DisplayPowerController: Unblocked screen on after 261 ms
12-21 11:49:51.180  5040 18544 D ConnectivityService: Returning unblocked NetworkInfo to uid=10085
12-21 11:49:51.297  5040 10531 D CryptdConnector: SND -> {84 cryptfs getpwtype}
12-21 11:49:51.298   365   372 D VoldCryptCmdListener: cryptfs getpwtype
12-21 11:49:51.300  5040  6493 D CryptdConnector: RCV <- {213 84 pin}
12-21 11:49:51.751  5040  7543 W ActivityManager: Permission Denial: Accessing service ComponentInfo{com.google.android.music/com.google.android.music.dial.DialMediaRouteProviderService} from pid=13189, uid=10085 that is not exported from uid 10071
12-21 11:49:52.067  5040  5040 V FingerprintService: onAuthenticated(owner=com.android.systemui, id=-1553357942, gp=0)
12-21 11:49:52.069  5040  5040 V FingerprintService: Done with client: com.android.systemui
12-21 11:49:52.327  5040 17957 W LocalDisplayAdapter: Unable to find color mode 0, ignoring request.
12-21 11:49:52.386  5040  5090 D ConnectivityService: Returning unblocked NetworkInfo to uid=10092
12-21 11:49:52.493  5040 19130 D ConnectivityService: Returning unblocked NetworkInfo to uid=10094
12-21 11:49:52.814  5040 18544 I ActivityManager: Setting hasTopUi=false for pid=6893
12-21 11:49:54.574  5040 19130 I ActivityManager: START u0 {act=android.intent.action.MAIN cat=[android.intent.category.LAUNCHER] flg=0x10200000 cmp=com.makonda.blic/.news.HomePageActivity (has extras)} from uid 10088 on display 0
12-21 11:49:54.654  5040 18546 I ActivityManager: Start proc 13343:com.makonda.blic/u0a95 for activity com.makonda.blic/.news.HomePageActivity
12-21 11:49:54.821  5040 18543 W ActivityManager: Bad activity token: android.os.BinderProxy@63d537f
12-21 11:49:54.821  5040 18543 W ActivityManager: java.lang.ClassCastException: android.os.BinderProxy cannot be cast to com.android.server.am.ActivityRecord$Token
12-21 11:49:54.821  5040 18543 W ActivityManager: 	at com.android.server.am.ActivityRecord.forTokenLocked(ActivityRecord.java:594)
12-21 11:49:54.821  5040 18543 W ActivityManager: 	at com.android.server.am.ActivityRecord.isInStackLocked(ActivityRecord.java:1352)
12-21 11:49:54.821  5040 18543 W ActivityManager: 	at com.android.server.am.ActivityRecord.getStackLocked(ActivityRecord.java:1357)
12-21 11:49:54.821  5040 18543 W ActivityManager: 	at com.android.server.am.ActivityManagerService.getActivityDisplayId(ActivityManagerService.java:9829)
12-21 11:49:54.821  5040 18543 W ActivityManager: 	at android.app.ActivityManagerNative.onTransact(ActivityManagerNative.java:2567)
12-21 11:49:54.821  5040 18543 W ActivityManager: 	at com.android.server.am.ActivityManagerService.onTransact(ActivityManagerService.java:2794)
12-21 11:49:54.821  5040 18543 W ActivityManager: 	at android.os.Binder.execTransact(Binder.java:565)
12-21 11:49:54.823  5040 18545 W ActivityManager: Bad activity token: android.os.BinderProxy@63d537f
12-21 11:49:54.823  5040 18545 W ActivityManager: java.lang.ClassCastException: android.os.BinderProxy cannot be cast to com.android.server.am.ActivityRecord$Token
12-21 11:49:54.823  5040 18545 W ActivityManager: 	at com.android.server.am.ActivityRecord.forTokenLocked(ActivityRecord.java:594)
12-21 11:49:54.823  5040 18545 W ActivityManager: 	at com.android.server.am.ActivityRecord.isInStackLocked(ActivityRecord.java:1352)
12-21 11:49:54.823  5040 18545 W ActivityManager: 	at com.android.server.am.ActivityManagerService.setTaskDescription(ActivityManagerService.java:9381)
12-21 11:49:54.823  5040 18545 W ActivityManager: 	at android.app.ActivityManagerNative.onTransact(ActivityManagerNative.java:2640)
12-21 11:49:54.823  5040 18545 W ActivityManager: 	at com.android.server.am.ActivityManagerService.onTransact(ActivityManagerService.java:2794)
12-21 11:49:54.823  5040 18545 W ActivityManager: 	at android.os.Binder.execTransact(Binder.java:565)
12-21 11:49:54.867  5040 20954 W ActivityManager: Bad activity token: android.os.BinderProxy@63d537f
12-21 11:49:54.867  5040 20954 W ActivityManager: java.lang.ClassCastException: android.os.BinderProxy cannot be cast to com.android.server.am.ActivityRecord$Token
12-21 11:49:54.867  5040 20954 W ActivityManager: 	at com.android.server.am.ActivityRecord.forTokenLocked(ActivityRecord.java:594)
12-21 11:49:54.867  5040 20954 W ActivityManager: 	at com.android.server.am.ActivityRecord.isInStackLocked(ActivityRecord.java:1352)
12-21 11:49:54.867  5040 20954 W ActivityManager: 	at com.android.server.am.ActivityRecord.getStackLocked(ActivityRecord.java:1357)
12-21 11:49:54.867  5040 20954 W ActivityManager: 	at com.android.server.am.ActivityManagerService.getActivityStackId(ActivityManagerService.java:9840)
12-21 11:49:54.867  5040 20954 W ActivityManager: 	at android.app.ActivityManagerNative.onTransact(ActivityManagerNative.java:2857)
12-21 11:49:54.867  5040 20954 W ActivityManager: 	at com.android.server.am.ActivityManagerService.onTransact(ActivityManagerService.java:2794)
12-21 11:49:54.867  5040 20954 W ActivityManager: 	at android.os.Binder.execTransact(Binder.java:565)
12-21 11:49:55.105  5040  7559 D ConnectivityService: Returning unblocked NetworkInfo to uid=10095
12-21 11:49:55.601  5040  7595 W ActivityManager: Bad activity token: android.os.BinderProxy@63d537f
12-21 11:49:55.601  5040  7595 W ActivityManager: java.lang.ClassCastException: android.os.BinderProxy cannot be cast to com.android.server.am.ActivityRecord$Token
12-21 11:49:55.601  5040  7595 W ActivityManager: 	at com.android.server.am.ActivityRecord.forTokenLocked(ActivityRecord.java:594)
12-21 11:49:55.601  5040  7595 W ActivityManager: 	at com.android.server.am.ActivityRecord.isInStackLocked(ActivityRecord.java:1352)
12-21 11:49:55.601  5040  7595 W ActivityManager: 	at com.android.server.am.ActivityManagerService.getActivityOptions(ActivityManagerService.java:12553)
12-21 11:49:55.601  5040  7595 W ActivityManager: 	at android.app.ActivityManagerNative.onTransact(ActivityManagerNative.java:1933)
12-21 11:49:55.601  5040  7595 W ActivityManager: 	at com.android.server.am.ActivityManagerService.onTransact(ActivityManagerService.java:2794)
12-21 11:49:55.601  5040  7595 W ActivityManager: 	at android.os.Binder.execTransact(Binder.java:565)
12-21 11:49:55.602  5040  7224 W ActivityManager: Bad activity token: android.os.BinderProxy@63d537f
