W/SQLiteConnectionPool( 2366): The connection pool for database '/data/data/com.android.providers.media/databases/external.db' has been unable to grant a connection to thread 215 (MtpMsgHandlerThread) with flags 0x1 for 1261.286 seconds.
W/SQLiteConnectionPool( 2366): Connections: 0 active, 1 idle, 0 available.
W/SQLiteConnectionPool( 2366): The connection pool for database '/data/data/com.android.providers.media/databases/external.db' has been unable to grant a connection to thread 178 (Binder_5) with flags 0x2 for 2070.06 seconds.
W/SQLiteConnectionPool( 2366): Connections: 0 active, 1 idle, 0 available.
D/Ulp_jni (  939): Location CB invoked
W/SQLiteConnectionPool( 2366): The connection pool for database '/data/data/com.android.providers.media/databases/external.db' has been unable to grant a connection to thread 179 (MediaScannerService) with flags 0x1 for 2072.125 seconds.
W/SQLiteConnectionPool( 2366): Connections: 0 active, 1 idle, 0 available.
W/SQLiteConnectionPool( 2366): The connection pool for database '/data/data/com.android.providers.media/databases/external.db' has been unable to grant a connection to thread 183 (Binder_6) with flags 0x1 for 1171.004 seconds.
W/SQLiteConnectionPool( 2366): Connections: 0 active, 1 idle, 0 available.
D/Ulp_jni (  939): Location CB invoked
W/SQLiteConnectionPool( 2366): The connection pool for database '/data/data/com.android.providers.media/databases/internal.db' has been unable to grant a connection to thread 219 (Binder_7) with flags 0x1 for 1140.7351 seconds.
W/SQLiteConnectionPool( 2366): Connections: 0 active, 1 idle, 0 available.
W/SQLiteConnectionPool( 2366): The connection pool for database '/data/data/com.android.providers.media/databases/external.db' has been unable to grant a connection to thread 173 (Binder_2) with flags 0x1 for 2072.3992 seconds.
W/SQLiteConnectionPool( 2366): Connections: 0 active, 1 idle, 0 available.
W/SQLiteConnectionPool( 2366): The connection pool for database '/data/data/com.android.providers.media/databases/external.db' has been unable to grant a connection to thread 221 (Binder_8) with flags 0x1 for 1141.2771 seconds.
W/SQLiteConnectionPool( 2366): Connections: 0 active, 1 idle, 0 available.
W/SQLiteConnectionPool( 2366): The connection pool for database '/data/data/com.android.providers.media/databases/external.db' has been unable to grant a connection to thread 176 (Binder_3) with flags 0x1 for 1290.0211 seconds.
W/SQLiteConnectionPool( 2366): Connections: 0 active, 1 idle, 0 available.
W/SQLiteConnectionPool( 2366): The connection pool for database '/data/data/com.android.providers.media/databases/external.db' has been unable to grant a connection to thread 172 (Binder_1) with flags 0x1 for 1290.0181 seconds.
W/SQLiteConnectionPool( 2366): Connections: 0 active, 1 idle, 0 available.
D/Ulp_jni (  939): Location CB invoked
W/SQLiteConnectionPool( 2366): The connection pool for database '/data/data/com.android.providers.media/databases/external.db' has been unable to grant a connection to thread 215 (MtpMsgHandlerThread) with flags 0x1 for 1291.29 seconds.
W/SQLiteConnectionPool( 2366): Connections: 0 active, 1 idle, 0 available.
W/SQLiteConnectionPool( 2366): The connection pool for database '/data/data/com.android.providers.media/databases/external.db' has been unable to grant a connection to thread 178 (Binder_5) with flags 0x2 for 2100.06 seconds.
W/SQLiteConnectionPool( 2366): Connections: 0 active, 1 idle, 0 available.
D/Ulp_jni (  939): Location CB invoked
W/SQLiteConnectionPool( 2366): The connection pool for database '/data/data/com.android.providers.media/databases/external.db' has been unable to grant a connection to thread 179 (MediaScannerService) with flags 0x1 for 2102.165 seconds.
W/SQLiteConnectionPool( 2366): Connections: 0 active, 1 idle, 0 available.
W/SQLiteConnectionPool( 2366): The connection pool for database '/data/data/com.android.providers.media/databases/external.db' has been unable to grant a connection to thread 183 (Binder_6) with flags 0x1 for 1201.045 seconds.
W/SQLiteConnectionPool( 2366): Connections: 0 active, 1 idle, 0 available.
D/Ulp_jni (  939): Location CB invoked
W/SQLiteConnectionPool( 2366): The connection pool for database '/data/data/com.android.providers.media/databases/internal.db' has been unable to grant a connection to thread 219 (Binder_7) with flags 0x1 for 1170.7411 seconds.
W/SQLiteConnectionPool( 2366): Connections: 0 active, 1 idle, 0 available.
W/SQLiteConnectionPool( 2366): The connection pool for database '/data/data/com.android.providers.media/databases/external.db' has been unable to grant a connection to thread 173 (Binder_2) with flags 0x1 for 2102.4392 seconds.
W/SQLiteConnectionPool( 2366): Connections: 0 active, 1 idle, 0 available.
W/SQLiteConnectionPool( 2366): The connection pool for database '/data/data/com.android.providers.media/databases/external.db' has been unable to grant a connection to thread 221 (Binder_8) with flags 0x1 for 1171.317 seconds.
W/SQLiteConnectionPool( 2366): Connections: 0 active, 1 idle, 0 available.
W/SQLiteConnectionPool( 2366): The connection pool for database '/data/data/com.android.providers.media/databases/external.db' has been unable to grant a connection to thread 176 (Binder_3) with flags 0x1 for 1320.0211 seconds.
W/SQLiteConnectionPool( 2366): Connections: 0 active, 1 idle, 0 available.
W/SQLiteConnectionPool( 2366): The connection pool for database '/data/data/com.android.providers.media/databases/external.db' has been unable to grant a connection to thread 172 (Binder_1) with flags 0x1 for 1320.0181 seconds.
W/SQLiteConnectionPool( 2366): Connections: 0 active, 1 idle, 0 available.
D/Ulp_jni (  939): Location CB invoked
W/SQLiteConnectionPool( 2366): The connection pool for database '/data/data/com.android.providers.media/databases/external.db' has been unable to grant a connection to thread 215 (MtpMsgHandlerThread) with flags 0x1 for 1321.2931 seconds.
W/SQLiteConnectionPool( 2366): Connections: 0 active, 1 idle, 0 available.
W/SQLiteConnectionPool( 2366): The connection pool for database '/data/data/com.android.providers.media/databases/external.db' has been unable to grant a connection to thread 178 (Binder_5) with flags 0x2 for 2130.06 seconds.
W/SQLiteConnectionPool( 2366): Connections: 0 active, 1 idle, 0 available.
D/Ulp_jni (  939): Location CB invoked
W/SQLiteConnectionPool( 2366): The connection pool for database '/data/data/com.android.providers.media/databases/external.db' has been unable to grant a connection to thread 179 (MediaScannerService) with flags 0x1 for 2132.205 seconds.
W/SQLiteConnectionPool( 2366): Connections: 0 active, 1 idle, 0 available.
W/SQLiteConnectionPool( 2366): The connection pool for database '/data/data/com.android.providers.media/databases/external.db' has been unable to grant a connection to thread 183 (Binder_6) with flags 0x1 for 1231.071 seconds.
W/SQLiteConnectionPool( 2366): Connections: 0 active, 1 idle, 0 available.
D/Ulp_jni (  939): Location CB invoked
W/SQLiteConnectionPool( 2366): The connection pool for database '/data/data/com.android.providers.media/databases/internal.db' has been unable to grant a connection to thread 219 (Binder_7) with flags 0x1 for 1200.749 seconds.
W/SQLiteConnectionPool( 2366): Connections: 0 active, 1 idle, 0 available.
W/SQLiteConnectionPool( 2366): The connection pool for database '/data/data/com.android.providers.media/databases/external.db' has been unable to grant a connection to thread 173 (Binder_2) with flags 0x1 for 2132.48 seconds.
W/SQLiteConnectionPool( 2366): Connections: 0 active, 1 idle, 0 available.
W/SQLiteConnectionPool( 2366): The connection pool for database '/data/data/com.android.providers.media/databases/external.db' has been unable to grant a connection to thread 221 (Binder_8) with flags 0x1 for 1201.358 seconds.
W/SQLiteConnectionPool( 2366): Connections: 0 active, 1 idle, 0 available.
W/SQLiteConnectionPool( 2366): The connection pool for database '/data/data/com.android.providers.media/databases/external.db' has been unable to grant a connection to thread 176 (Binder_3) with flags 0x1 for 1350.0221 seconds.
W/SQLiteConnectionPool( 2366): Connections: 0 active, 1 idle, 0 available.
W/SQLiteConnectionPool( 2366): The connection pool for database '/data/data/com.android.providers.media/databases/external.db' has been unable to grant a connection to thread 172 (Binder_1) with flags 0x1 for 1350.019 seconds.
W/SQLiteConnectionPool( 2366): Connections: 0 active, 1 idle, 0 available.
D/Ulp_jni (  939): Location CB invoked
W/SQLiteConnectionPool( 2366): The connection pool for database '/data/data/com.android.providers.media/databases/external.db' has been unable to grant a connection to thread 215 (MtpMsgHandlerThread) with flags 0x1 for 1351.2971 seconds.
W/SQLiteConnectionPool( 2366): Connections: 0 active, 1 idle, 0 available.
W/SQLiteConnectionPool( 2366): The connection pool for database '/data/data/com.android.providers.media/databases/external.db' has been unable to grant a connection to thread 178 (Binder_5) with flags 0x2 for 2160.061 seconds.
W/SQLiteConnectionPool( 2366): Connections: 0 active, 1 idle, 0 available.
D/Ulp_jni (  939): Location CB invoked
W/SQLiteConnectionPool( 2366): The connection pool for database '/data/data/com.android.providers.media/databases/external.db' has been unable to grant a connection to thread 179 (MediaScannerService) with flags 0x1 for 2162.246 seconds.
W/SQLiteConnectionPool( 2366): Connections: 0 active, 1 idle, 0 available.
W/SQLiteConnectionPool( 2366): The connection pool for database '/data/data/com.android.providers.media/databases/external.db' has been unable to grant a connection to thread 183 (Binder_6) with flags 0x1 for 1261.1111 seconds.
W/SQLiteConnectionPool( 2366): Connections: 0 active, 1 idle, 0 available.
D/Ulp_jni (  939): Location CB invoked
D/charger_monitor(  475): vchg_loop stable: 0, is_settled = 0,usb_target_ua = 500000, usbin_current_now = 500000,fastchg_sts = 1, num_attempts = 0
D/Dormancy( 2230): prepareMoniterDataDormancy: start_moniter_dormancy = false
D/Dormancy( 2230): prepareMoniterDataDormancy: start_moniter_dormancy = false
W/SQLiteConnectionPool( 2366): The connection pool for database '/data/data/com.android.providers.media/databases/internal.db' has been unable to grant a connection to thread 219 (Binder_7) with flags 0x1 for 1230.786 seconds.
W/SQLiteConnectionPool( 2366): Connections: 0 active, 1 idle, 0 available.
W/SQLiteConnectionPool( 2366): The connection pool for database '/data/data/com.android.providers.media/databases/external.db' has been unable to grant a connection to thread 173 (Binder_2) with flags 0x1 for 2162.52 seconds.
W/SQLiteConnectionPool( 2366): Connections: 0 active, 1 idle, 0 available.
W/SQLiteConnectionPool( 2366): The connection pool for database '/data/data/com.android.providers.media/databases/external.db' has been unable to grant a connection to thread 221 (Binder_8) with flags 0x1 for 1231.379 seconds.
W/SQLiteConnectionPool( 2366): Connections: 0 active, 1 idle, 0 available.
W/SQLiteConnectionPool( 2366): The connection pool for database '/data/data/com.android.providers.media/databases/external.db' has been unable to grant a connection to thread 176 (Binder_3) with flags 0x1 for 1380.0221 seconds.
W/SQLiteConnectionPool( 2366): Connections: 0 active, 1 idle, 0 available.
W/SQLiteConnectionPool( 2366): The connection pool for database '/data/data/com.android.providers.media/databases/external.db' has been unable to grant a connection to thread 172 (Binder_1) with flags 0x1 for 1380.019 seconds.
W/SQLiteConnectionPool( 2366): Connections: 0 active, 1 idle, 0 available.
D/Ulp_jni (  939): Location CB invoked
W/SQLiteConnectionPool( 2366): The connection pool for database '/data/data/com.android.providers.media/databases/external.db' has been unable to grant a connection to thread 215 (MtpMsgHandlerThread) with flags 0x1 for 1381.3 seconds.
W/SQLiteConnectionPool( 2366): Connections: 0 active, 1 idle, 0 available.
W/SQLiteConnectionPool( 2366): The connection pool for database '/data/data/com.android.providers.media/databases/external.db' has been unable to grant a connection to thread 178 (Binder_5) with flags 0x2 for 2190.061 seconds.
W/SQLiteConnectionPool( 2366): Connections: 0 active, 1 idle, 0 available.
I/UsageStatsService(  939): User[0] Flushing usage stats to disk
D/Ulp_jni (  939): Location CB invoked
W/SQLiteConnectionPool( 2366): The connection pool for database '/data/data/com.android.providers.media/databases/external.db' has been unable to grant a connection to thread 179 (MediaScannerService) with flags 0x1 for 2192.2861 seconds.
W/SQLiteConnectionPool( 2366): Connections: 0 active, 1 idle, 0 available.
W/SQLiteConnectionPool( 2366): The connection pool for database '/data/data/com.android.providers.media/databases/external.db' has been unable to grant a connection to thread 183 (Binder_6) with flags 0x1 for 1291.151 seconds.
W/SQLiteConnectionPool( 2366): Connections: 0 active, 1 idle, 0 available.
D/Ulp_jni (  939): Location CB invoked
W/SQLiteConnectionPool( 2366): The connection pool for database '/data/data/com.android.providers.media/databases/internal.db' has been unable to grant a connection to thread 219 (Binder_7) with flags 0x1 for 1260.826 seconds.
W/SQLiteConnectionPool( 2366): Connections: 0 active, 1 idle, 0 available.
W/SQLiteConnectionPool( 2366): The connection pool for database '/data/data/com.android.providers.media/databases/external.db' has been unable to grant a connection to thread 173 (Binder_2) with flags 0x1 for 2192.56 seconds.
W/SQLiteConnectionPool( 2366): Connections: 0 active, 1 idle, 0 available.
W/SQLiteConnectionPool( 2366): The connection pool for database '/data/data/com.android.providers.media/databases/external.db' has been unable to grant a connection to thread 221 (Binder_8) with flags 0x1 for 1261.3861 seconds.
W/SQLiteConnectionPool( 2366): Connections: 0 active, 1 idle, 0 available.
W/SQLiteConnectionPool( 2366): The connection pool for database '/data/data/com.android.providers.media/databases/external.db' has been unable to grant a connection to thread 176 (Binder_3) with flags 0x1 for 1410.0221 seconds.
W/SQLiteConnectionPool( 2366): Connections: 0 active, 1 idle, 0 available.
W/SQLiteConnectionPool( 2366): The connection pool for database '/data/data/com.android.providers.media/databases/external.db' has been unable to grant a connection to thread 172 (Binder_1) with flags 0x1 for 1410.02 seconds.
W/SQLiteConnectionPool( 2366): Connections: 0 active, 1 idle, 0 available.
D/Ulp_jni (  939): Location CB invoked
W/SQLiteConnectionPool( 2366): The connection pool for database '/data/data/com.android.providers.media/databases/external.db' has been unable to grant a connection to thread 215 (MtpMsgHandlerThread) with flags 0x1 for 1411.3041 seconds.
W/SQLiteConnectionPool( 2366): Connections: 0 active, 1 idle, 0 available.
W/SQLiteConnectionPool( 2366): The connection pool for database '/data/data/com.android.providers.media/databases/external.db' has been unable to grant a connection to thread 178 (Binder_5) with flags 0x2 for 2220.062 seconds.
W/SQLiteConnectionPool( 2366): Connections: 0 active, 1 idle, 0 available.
D/Ulp_jni (  939): Location CB invoked
W/SQLiteConnectionPool( 2366): The connection pool for database '/data/data/com.android.providers.media/databases/external.db' has been unable to grant a connection to thread 179 (MediaScannerService) with flags 0x1 for 2222.3262 seconds.
W/SQLiteConnectionPool( 2366): Connections: 0 active, 1 idle, 0 available.
W/SQLiteConnectionPool( 2366): The connection pool for database '/data/data/com.android.providers.media/databases/external.db' has been unable to grant a connection to thread 183 (Binder_6) with flags 0x1 for 1321.1901 seconds.
W/SQLiteConnectionPool( 2366): Connections: 0 active, 1 idle, 0 available.
D/Ulp_jni (  939): Location CB invoked
W/SQLiteConnectionPool( 2366): The connection pool for database '/data/data/com.android.providers.media/databases/internal.db' has been unable to grant a connection to thread 219 (Binder_7) with flags 0x1 for 1290.8661 seconds.
W/SQLiteConnectionPool( 2366): Connections: 0 active, 1 idle, 0 available.
W/SQLiteConnectionPool( 2366): The connection pool for database '/data/data/com.android.providers.media/databases/external.db' has been unable to grant a connection to thread 173 (Binder_2) with flags 0x1 for 2222.5671 seconds.
W/SQLiteConnectionPool( 2366): Connections: 0 active, 1 idle, 0 available.
W/SQLiteConnectionPool( 2366): The connection pool for database '/data/data/com.android.providers.media/databases/external.db' has been unable to grant a connection to thread 221 (Binder_8) with flags 0x1 for 1291.3931 seconds.
W/SQLiteConnectionPool( 2366): Connections: 0 active, 1 idle, 0 available.
W/SQLiteConnectionPool( 2366): The connection pool for database '/data/data/com.android.providers.media/databases/external.db' has been unable to grant a connection to thread 176 (Binder_3) with flags 0x1 for 1440.0231 seconds.
W/SQLiteConnectionPool( 2366): Connections: 0 active, 1 idle, 0 available.
W/SQLiteConnectionPool( 2366): The connection pool for database '/data/data/com.android.providers.media/databases/external.db' has been unable to grant a connection to thread 172 (Binder_1) with flags 0x1 for 1440.02 seconds.
W/SQLiteConnectionPool( 2366): Connections: 0 active, 1 idle, 0 available.
D/Ulp_jni (  939): Location CB invoked
W/SQLiteConnectionPool( 2366): The connection pool for database '/data/data/com.android.providers.media/databases/external.db' has been unable to grant a connection to thread 215 (MtpMsgHandlerThread) with flags 0x1 for 1441.3081 seconds.
W/SQLiteConnectionPool( 2366): Connections: 0 active, 1 idle, 0 available.
W/SQLiteConnectionPool( 2366): The connection pool for database '/data/data/com.android.providers.media/databases/external.db' has been unable to grant a connection to thread 178 (Binder_5) with flags 0x2 for 2250.062 seconds.
W/SQLiteConnectionPool( 2366): Connections: 0 active, 1 idle, 0 available.
D/Ulp_jni (  939): Location CB invoked
W/SQLiteConnectionPool( 2366): The connection pool for database '/data/data/com.android.providers.media/databases/external.db' has been unable to grant a connection to thread 179 (MediaScannerService) with flags 0x1 for 2252.3672 seconds.
W/SQLiteConnectionPool( 2366): Connections: 0 active, 1 idle, 0 available.
W/SQLiteConnectionPool( 2366): The connection pool for database '/data/data/com.android.providers.media/databases/external.db' has been unable to grant a connection to thread 183 (Binder_6) with flags 0x1 for 1351.191 seconds.
W/SQLiteConnectionPool( 2366): Connections: 0 active, 1 idle, 0 available.
D/Ulp_jni (  939): Location CB invoked
W/SQLiteConnectionPool( 2366): The connection pool for database '/data/data/com.android.providers.media/databases/internal.db' has been unable to grant a connection to thread 219 (Binder_7) with flags 0x1 for 1320.9071 seconds.
W/SQLiteConnectionPool( 2366): Connections: 0 active, 1 idle, 0 available.
W/SQLiteConnectionPool( 2366): The connection pool for database '/data/data/com.android.providers.media/databases/external.db' has been unable to grant a connection to thread 173 (Binder_2) with flags 0x1 for 2252.573 seconds.
W/SQLiteConnectionPool( 2366): Connections: 0 active, 1 idle, 0 available.
W/SQLiteConnectionPool( 2366): The connection pool for database '/data/data/com.android.providers.media/databases/external.db' has been unable to grant a connection to thread 221 (Binder_8) with flags 0x1 for 1321.4 seconds.
W/SQLiteConnectionPool( 2366): Connections: 0 active, 1 idle, 0 available.
W/SQLiteConnectionPool( 2366): The connection pool for database '/data/data/com.android.providers.media/databases/external.db' has been unable to grant a connection to thread 176 (Binder_3) with flags 0x1 for 1470.0231 seconds.
W/SQLiteConnectionPool( 2366): Connections: 0 active, 1 idle, 0 available.
W/SQLiteConnectionPool( 2366): The connection pool for database '/data/data/com.android.providers.media/databases/external.db' has been unable to grant a connection to thread 172 (Binder_1) with flags 0x1 for 1470.02 seconds.
W/SQLiteConnectionPool( 2366): Connections: 0 active, 1 idle, 0 available.
D/Ulp_jni (  939): Location CB invoked
W/SQLiteConnectionPool( 2366): The connection pool for database '/data/data/com.android.providers.media/databases/external.db' has been unable to grant a connection to thread 215 (MtpMsgHandlerThread) with flags 0x1 for 1471.311 seconds.
W/SQLiteConnectionPool( 2366): Connections: 0 active, 1 idle, 0 available.
W/SQLiteConnectionPool( 2366): The connection pool for database '/data/data/com.android.providers.media/databases/external.db' has been unable to grant a connection to thread 178 (Binder_5) with flags 0x2 for 2280.062 seconds.
W/SQLiteConnectionPool( 2366): Connections: 0 active, 1 idle, 0 available.
D/Ulp_jni (  939): Location CB invoked
W/SQLiteConnectionPool( 2366): The connection pool for database '/data/data/com.android.providers.media/databases/external.db' has been unable to grant a connection to thread 179 (MediaScannerService) with flags 0x1 for 2282.415 seconds.
W/SQLiteConnectionPool( 2366): Connections: 0 active, 1 idle, 0 available.
W/SQLiteConnectionPool( 2366): The connection pool for database '/data/data/com.android.providers.media/databases/external.db' has been unable to grant a connection to thread 183 (Binder_6) with flags 0x1 for 1381.192 seconds.
W/SQLiteConnectionPool( 2366): Connections: 0 active, 1 idle, 0 available.
D/Ulp_jni (  939): Location CB invoked
W/SQLiteConnectionPool( 2366): The connection pool for database '/data/data/com.android.providers.media/databases/internal.db' has been unable to grant a connection to thread 219 (Binder_7) with flags 0x1 for 1350.947 seconds.
W/SQLiteConnectionPool( 2366): Connections: 0 active, 1 idle, 0 available.
W/SQLiteConnectionPool( 2366): The connection pool for database '/data/data/com.android.providers.media/databases/external.db' has been unable to grant a connection to thread 173 (Binder_2) with flags 0x1 for 2282.58 seconds.
W/SQLiteConnectionPool( 2366): Connections: 0 active, 1 idle, 0 available.
W/SQLiteConnectionPool( 2366): The connection pool for database '/data/data/com.android.providers.media/databases/external.db' has been unable to grant a connection to thread 221 (Binder_8) with flags 0x1 for 1351.4401 seconds.
W/SQLiteConnectionPool( 2366): Connections: 0 active, 1 idle, 0 available.
W/SQLiteConnectionPool( 2366): The connection pool for database '/data/data/com.android.providers.media/databases/external.db' has been unable to grant a connection to thread 176 (Binder_3) with flags 0x1 for 1500.024 seconds.
W/SQLiteConnectionPool( 2366): Connections: 0 active, 1 idle, 0 available.
W/SQLiteConnectionPool( 2366): The connection pool for database '/data/data/com.android.providers.media/databases/external.db' has been unable to grant a connection to thread 172 (Binder_1) with flags 0x1 for 1500.0211 seconds.
W/SQLiteConnectionPool( 2366): Connections: 0 active, 1 idle, 0 available.
D/Ulp_jni (  939): Location CB invoked
W/SQLiteConnectionPool( 2366): The connection pool for database '/data/data/com.android.providers.media/databases/external.db' has been unable to grant a connection to thread 215 (MtpMsgHandlerThread) with flags 0x1 for 1501.3251 seconds.
W/SQLiteConnectionPool( 2366): Connections: 0 active, 1 idle, 0 available.
W/SQLiteConnectionPool( 2366): The connection pool for database '/data/data/com.android.providers.media/databases/external.db' has been unable to grant a connection to thread 178 (Binder_5) with flags 0x2 for 2310.063 seconds.
W/SQLiteConnectionPool( 2366): Connections: 0 active, 1 idle, 0 available.
D/Ulp_jni (  939): Location CB invoked
W/SQLiteConnectionPool( 2366): The connection pool for database '/data/data/com.android.providers.media/databases/external.db' has been unable to grant a connection to thread 179 (MediaScannerService) with flags 0x1 for 2312.455 seconds.
W/SQLiteConnectionPool( 2366): Connections: 0 active, 1 idle, 0 available.
W/SQLiteConnectionPool( 2366): The connection pool for database '/data/data/com.android.providers.media/databases/external.db' has been unable to grant a connection to thread 183 (Binder_6) with flags 0x1 for 1411.1941 seconds.
W/SQLiteConnectionPool( 2366): Connections: 0 active, 1 idle, 0 available.
D/Ulp_jni (  939): Location CB invoked
W/SQLiteConnectionPool( 2366): The connection pool for database '/data/data/com.android.providers.media/databases/internal.db' has been unable to grant a connection to thread 219 (Binder_7) with flags 0x1 for 1380.987 seconds.
W/SQLiteConnectionPool( 2366): Connections: 0 active, 1 idle, 0 available.
W/SQLiteConnectionPool( 2366): The connection pool for database '/data/data/com.android.providers.media/databases/external.db' has been unable to grant a connection to thread 173 (Binder_2) with flags 0x1 for 2312.5872 seconds.
W/SQLiteConnectionPool( 2366): Connections: 0 active, 1 idle, 0 available.
W/SQLiteConnectionPool( 2366): The connection pool for database '/data/data/com.android.providers.media/databases/external.db' has been unable to grant a connection to thread 221 (Binder_8) with flags 0x1 for 1381.4801 seconds.
W/SQLiteConnectionPool( 2366): Connections: 0 active, 1 idle, 0 available.
W/SQLiteConnectionPool( 2366): The connection pool for database '/data/data/com.android.providers.media/databases/external.db' has been unable to grant a connection to thread 176 (Binder_3) with flags 0x1 for 1530.024 seconds.
W/SQLiteConnectionPool( 2366): Connections: 0 active, 1 idle, 0 available.
W/SQLiteConnectionPool( 2366): The connection pool for database '/data/data/com.android.providers.media/databases/external.db' has been unable to grant a connection to thread 172 (Binder_1) with flags 0x1 for 1530.0211 seconds.
W/SQLiteConnectionPool( 2366): Connections: 0 active, 1 idle, 0 available.
D/Ulp_jni (  939): Location CB invoked
W/SQLiteConnectionPool( 2366): The connection pool for database '/data/data/com.android.providers.media/databases/external.db' has been unable to grant a connection to thread 215 (MtpMsgHandlerThread) with flags 0x1 for 1531.3291 seconds.
W/SQLiteConnectionPool( 2366): Connections: 0 active, 1 idle, 0 available.
W/SQLiteConnectionPool( 2366): The connection pool for database '/data/data/com.android.providers.media/databases/external.db' has been unable to grant a connection to thread 178 (Binder_5) with flags 0x2 for 2340.0632 seconds.
W/SQLiteConnectionPool( 2366): Connections: 0 active, 1 idle, 0 available.
D/Ulp_jni (  939): Location CB invoked
W/SQLiteConnectionPool( 2366): The connection pool for database '/data/data/com.android.providers.media/databases/external.db' has been unable to grant a connection to thread 179 (MediaScannerService) with flags 0x1 for 2342.496 seconds.
W/SQLiteConnectionPool( 2366): Connections: 0 active, 1 idle, 0 available.
W/SQLiteConnectionPool( 2366): The connection pool for database '/data/data/com.android.providers.media/databases/external.db' has been unable to grant a connection to thread 183 (Binder_6) with flags 0x1 for 1441.1951 seconds.
W/SQLiteConnectionPool( 2366): Connections: 0 active, 1 idle, 0 available.
D/Ulp_jni (  939): Location CB invoked
W/SQLiteConnectionPool( 2366): The connection pool for database '/data/data/com.android.providers.media/databases/internal.db' has been unable to grant a connection to thread 219 (Binder_7) with flags 0x1 for 1411.0281 seconds.
W/SQLiteConnectionPool( 2366): Connections: 0 active, 1 idle, 0 available.
W/SQLiteConnectionPool( 2366): The connection pool for database '/data/data/com.android.providers.media/databases/external.db' has been unable to grant a connection to thread 173 (Binder_2) with flags 0x1 for 2342.594 seconds.
W/SQLiteConnectionPool( 2366): Connections: 0 active, 1 idle, 0 available.
W/SQLiteConnectionPool( 2366): The connection pool for database '/data/data/com.android.providers.media/databases/external.db' has been unable to grant a connection to thread 221 (Binder_8) with flags 0x1 for 1411.52 seconds.
W/SQLiteConnectionPool( 2366): Connections: 0 active, 1 idle, 0 available.
W/SQLiteConnectionPool( 2366): The connection pool for database '/data/data/com.android.providers.media/databases/external.db' has been unable to grant a connection to thread 176 (Binder_3) with flags 0x1 for 1560.024 seconds.
W/SQLiteConnectionPool( 2366): Connections: 0 active, 1 idle, 0 available.
W/SQLiteConnectionPool( 2366): The connection pool for database '/data/data/com.android.providers.media/databases/external.db' has been unable to grant a connection to thread 172 (Binder_1) with flags 0x1 for 1560.0221 seconds.
W/SQLiteConnectionPool( 2366): Connections: 0 active, 1 idle, 0 available.
D/Ulp_jni (  939): Location CB invoked
W/SQLiteConnectionPool( 2366): The connection pool for database '/data/data/com.android.providers.media/databases/external.db' has been unable to grant a connection to thread 215 (MtpMsgHandlerThread) with flags 0x1 for 1561.363 seconds.
W/SQLiteConnectionPool( 2366): Connections: 0 active, 1 idle, 0 available.
W/SQLiteConnectionPool( 2366): The connection pool for database '/data/data/com.android.providers.media/databases/external.db' has been unable to grant a connection to thread 178 (Binder_5) with flags 0x2 for 2370.0642 seconds.
W/SQLiteConnectionPool( 2366): Connections: 0 active, 1 idle, 0 available.
D/Ulp_jni (  939): Location CB invoked
D/charger_monitor(  475): vchg_loop stable: 0, is_settled = 0,usb_target_ua = 500000, usbin_current_now = 500000,fastchg_sts = 1, num_attempts = 0
D/Dormancy( 2230): prepareMoniterDataDormancy: start_moniter_dormancy = false
D/Dormancy( 2230): prepareMoniterDataDormancy: start_moniter_dormancy = false
W/SQLiteConnectionPool( 2366): The connection pool for database '/data/data/com.android.providers.media/databases/external.db' has been unable to grant a connection to thread 179 (MediaScannerService) with flags 0x1 for 2372.5112 seconds.
W/SQLiteConnectionPool( 2366): Connections: 0 active, 1 idle, 0 available.
W/SQLiteConnectionPool( 2366): The connection pool for database '/data/data/com.android.providers.media/databases/external.db' has been unable to grant a connection to thread 183 (Binder_6) with flags 0x1 for 1471.196 seconds.
W/SQLiteConnectionPool( 2366): Connections: 0 active, 1 idle, 0 available.
D/Ulp_jni (  939): Location CB invoked
W/SQLiteConnectionPool( 2366): The connection pool for database '/data/data/com.android.providers.media/databases/internal.db' has been unable to grant a connection to thread 219 (Binder_7) with flags 0x1 for 1441.0541 seconds.
W/SQLiteConnectionPool( 2366): Connections: 0 active, 1 idle, 0 available.
W/SQLiteConnectionPool( 2366): The connection pool for database '/data/data/com.android.providers.media/databases/external.db' has been unable to grant a connection to thread 173 (Binder_2) with flags 0x1 for 2372.601 seconds.
W/SQLiteConnectionPool( 2366): Connections: 0 active, 1 idle, 0 available.
W/SQLiteConnectionPool( 2366): The connection pool for database '/data/data/com.android.providers.media/databases/external.db' has been unable to grant a connection to thread 221 (Binder_8) with flags 0x1 for 1441.561 seconds.
W/SQLiteConnectionPool( 2366): Connections: 0 active, 1 idle, 0 available.
W/SQLiteConnectionPool( 2366): The connection pool for database '/data/data/com.android.providers.media/databases/external.db' has been unable to grant a connection to thread 176 (Binder_3) with flags 0x1 for 1590.025 seconds.
W/SQLiteConnectionPool( 2366): Connections: 0 active, 1 idle, 0 available.
W/SQLiteConnectionPool( 2366): The connection pool for database '/data/data/com.android.providers.media/databases/external.db' has been unable to grant a connection to thread 172 (Binder_1) with flags 0x1 for 1590.0221 seconds.
W/SQLiteConnectionPool( 2366): Connections: 0 active, 1 idle, 0 available.
D/Ulp_jni (  939): Location CB invoked
W/SQLiteConnectionPool( 2366): The connection pool for database '/data/data/com.android.providers.media/databases/external.db' has been unable to grant a connection to thread 215 (MtpMsgHandlerThread) with flags 0x1 for 1591.4031 seconds.
W/SQLiteConnectionPool( 2366): Connections: 0 active, 1 idle, 0 available.
W/SQLiteConnectionPool( 2366): The connection pool for database '/data/data/com.android.providers.media/databases/external.db' has been unable to grant a connection to thread 178 (Binder_5) with flags 0x2 for 2400.0642 seconds.
W/SQLiteConnectionPool( 2366): Connections: 0 active, 1 idle, 0 available.
D/Ulp_jni (  939): Location CB invoked
W/SQLiteConnectionPool( 2366): The connection pool for database '/data/data/com.android.providers.media/databases/external.db' has been unable to grant a connection to thread 179 (MediaScannerService) with flags 0x1 for 2402.552 seconds.
W/SQLiteConnectionPool( 2366): Connections: 0 active, 1 idle, 0 available.
W/SQLiteConnectionPool( 2366): The connection pool for database '/data/data/com.android.providers.media/databases/external.db' has been unable to grant a connection to thread 183 (Binder_6) with flags 0x1 for 1501.197 seconds.
W/SQLiteConnectionPool( 2366): Connections: 0 active, 1 idle, 0 available.
W/GCM     ( 2510): Heartbeat timeout, GCM connection reset -3
D/ConnectivityService(  939): reportBadNetwork(NetworkAgentInfo [WIFI () - 100]) by 10028
D/NetworkMonitor/NetworkAgentInfo [WIFI () - 100](  939): ValidatedState{ when=-1ms what=532488 arg1=10028 target=com.android.internal.util.StateMachine$SmHandler }
D/NetworkMonitor/NetworkAgentInfo [WIFI () - 100](  939): DefaultState{ when=-1ms what=532488 arg1=10028 target=com.android.internal.util.StateMachine$SmHandler }
D/NetworkMonitor/NetworkAgentInfo [WIFI () - 100](  939): Forcing reevaluation
D/NetworkMonitor/NetworkAgentInfo [WIFI () - 100](  939): EvaluatingState{ when=0 what=532486 arg1=5 target=com.android.internal.util.StateMachine$SmHandler }
D/NetworkMonitor/NetworkAgentInfo [WIFI () - 100](  939): Checking http://connectivitycheck.android.com/generate_204 on "hope_this_works"
D/NetworkMonitor/NetworkAgentInfo [WIFI () - 100](  939): isCaptivePortal: ret=204 headers={null=[HTTP/1.1 204 No Content], Content-Length=[0], Date=[Fri, 23 Dec 2016 10:21:59 GMT], X-Android-Received-Millis=[1482488518653], X-Android-Response-Source=[NETWORK 204], X-Android-Sent-Millis=[1482488518643]}
I/ActivityManager(  939): Start proc 26986:com.google.android.talk/u0a102 for broadcast com.google.android.talk/com.google.android.apps.hangouts.service.NetworkStateReceiver
D/NetworkMonitor/NetworkAgentInfo [WIFI () - 100](  939): Validated
D/ConnectivityService(  939): setProvNotificationVisibleIntent: E visible=false networkType=0 extraInfo=null
D/ConnectivityService(  939): Validated NetworkAgentInfo [WIFI () - 100]
W/ResourceType(26986): Found multiple library tables, ignoring...
W/ResourceType(26986): Found multiple library tables, ignoring...
W/ResourcesManager(26986): Asset path '/system/framework/com.google.android.media.effects.jar' does not exist or contains no resources.
W/ResourceType(26986): Found multiple library tables, ignoring...
I/Babel   (26986): MmsConfig: mnc/mcc: 0/0
I/Babel   (26986): MmsConfig.loadMmsSettings
I/Babel   (26986): MmsConfig.loadDeviceMmsSettings from API: mUserAgent=Android-Mms/2.0, mUaProfUrl=http://www.google.com/oha/rdf/ua-profile-kila.xml
I/Babel   (26986): MmsConfig.loadFromDatabase
W/ResourcesManager(26986): Asset path '/system/framework/com.google.android.maps.jar' does not exist or contains no resources.
W/ResourcesManager(26986): Asset path '/system/framework/com.sonymobile.settings.illumination.jar' does not exist or contains no resources.
W/ResourceType(26986): Found multiple library tables, ignoring...
E/Babel   (26986): canonicalizeMccMnc: invalid mccmnc 
I/Babel   (26986): MmsConfig.loadFromResources
E/Babel   (26986): canonicalizeMccMnc: invalid mccmnc nullnull
I/Babel   (26986): MmsConfig.loadMmsSettings: mUserAgent=Android-Mms/2.0, mUaProfUrl=http://www.google.com/oha/rdf/ua-profile-kila.xml
W/Settings(26986): Setting airplane_mode_on has moved from android.provider.Settings.System to android.provider.Settings.Global, returning read-only value.
I/Babel_StickerModule(26986): App launched.
I/Babel_StickerModule(26986): Trying first logged in account.
W/Babel_StickerModule(26986): Unable to load, account not configured.
I/Babel   (26986): TeleModule.launchCompleted
W/Telecom (  939): TelecomServiceImpl: null is not visible for the calling user
I/Babel   (26986): TeleModule.updateConnectionManagerRegistration, registration preference changed from false to false
I/Babel   (26986): TeleModule.updateIncomingCallRegistration, preferred account for incoming calls changed from: null to null
W/Telecom (  939): TelecomServiceImpl: null is not visible for the calling user
W/AudioCapabilities(26986): Unsupported mime audio/evrc
W/AudioCapabilities(26986): Unsupported mime audio/qcelp
W/VideoCapabilities(26986): Unrecognized profile 2130706433 for video/avc
W/AudioCapabilities(26986): Unsupported mime audio/x-ms-wma
W/AudioCapabilities(26986): Unsupported mime audio/amr-wb-plus
W/AudioCapabilities(26986): Unsupported mime audio/qcelp
W/AudioCapabilities(26986): Unsupported mime audio/evrc
W/VideoCapabilities(26986): Unsupported mime video/divx
W/VideoCapabilities(26986): Unsupported mime video/divx311
W/VideoCapabilities(26986): Unsupported mime video/divx4
I/VideoCapabilities(26986): Unsupported profile 4 for video/mp4v-es
I/ActivityManager(  939): Killing 26551:com.google.android.partnersetup/u0a31 (adj 15): empty #9
D/Ulp_jni (  939): Location CB invoked
D/charger_monitor(  475): vchg_loop stable: 0, is_settled = 0,usb_target_ua = 500000, usbin_current_now = 500000,fastchg_sts = 1, num_attempts = 0
D/Dormancy( 2230): prepareMoniterDataDormancy: start_moniter_dormancy = false
W/SQLiteConnectionPool( 2366): The connection pool for database '/data/data/com.android.providers.media/databases/internal.db' has been unable to grant a connection to thread 219 (Binder_7) with flags 0x1 for 1471.0951 seconds.
W/SQLiteConnectionPool( 2366): Connections: 0 active, 1 idle, 0 available.
D/GCM     ( 2510): Connected
D/GCM     ( 2510): Message class com.google.f.a.a.p
W/SQLiteConnectionPool( 2366): The connection pool for database '/data/data/com.android.providers.media/databases/external.db' has been unable to grant a connection to thread 173 (Binder_2) with flags 0x1 for 2402.641 seconds.
W/SQLiteConnectionPool( 2366): Connections: 0 active, 1 idle, 0 available.
W/SQLiteConnectionPool( 2366): The connection pool for database '/data/data/com.android.providers.media/databases/external.db' has been unable to grant a connection to thread 221 (Binder_8) with flags 0x1 for 1471.6011 seconds.
W/SQLiteConnectionPool( 2366): Connections: 0 active, 1 idle, 0 available.
W/SQLiteConnectionPool( 2366): The connection pool for database '/data/data/com.android.providers.media/databases/external.db' has been unable to grant a connection to thread 176 (Binder_3) with flags 0x1 for 1620.025 seconds.
W/SQLiteConnectionPool( 2366): Connections: 0 active, 1 idle, 0 available.
W/SQLiteConnectionPool( 2366): The connection pool for database '/data/data/com.android.providers.media/databases/external.db' has been unable to grant a connection to thread 172 (Binder_1) with flags 0x1 for 1620.0221 seconds.
W/SQLiteConnectionPool( 2366): Connections: 0 active, 1 idle, 0 available.
D/Ulp_jni (  939): Location CB invoked
W/SQLiteConnectionPool( 2366): The connection pool for database '/data/data/com.android.providers.media/databases/external.db' has been unable to grant a connection to thread 215 (MtpMsgHandlerThread) with flags 0x1 for 1621.43 seconds.
W/SQLiteConnectionPool( 2366): Connections: 0 active, 1 idle, 0 available.
W/SQLiteConnectionPool( 2366): The connection pool for database '/data/data/com.android.providers.media/databases/external.db' has been unable to grant a connection to thread 178 (Binder_5) with flags 0x2 for 2430.0642 seconds.
W/SQLiteConnectionPool( 2366): Connections: 0 active, 1 idle, 0 available.
D/Ulp_jni (  939): Location CB invoked
W/SQLiteConnectionPool( 2366): The connection pool for database '/data/data/com.android.providers.media/databases/external.db' has been unable to grant a connection to thread 179 (MediaScannerService) with flags 0x1 for 2432.592 seconds.
W/SQLiteConnectionPool( 2366): Connections: 0 active, 1 idle, 0 available.
W/SQLiteConnectionPool( 2366): The connection pool for database '/data/data/com.android.providers.media/databases/external.db' has been unable to grant a connection to thread 183 (Binder_6) with flags 0x1 for 1531.1981 seconds.
W/SQLiteConnectionPool( 2366): Connections: 0 active, 1 idle, 0 available.
D/Ulp_jni (  939): Location CB invoked
W/SQLiteConnectionPool( 2366): The connection pool for database '/data/data/com.android.providers.media/databases/internal.db' has been unable to grant a connection to thread 219 (Binder_7) with flags 0x1 for 1501.1351 seconds.
W/SQLiteConnectionPool( 2366): Connections: 0 active, 1 idle, 0 available.
W/SQLiteConnectionPool( 2366): The connection pool for database '/data/data/com.android.providers.media/databases/external.db' has been unable to grant a connection to thread 173 (Binder_2) with flags 0x1 for 2432.673 seconds.
W/SQLiteConnectionPool( 2366): Connections: 0 active, 1 idle, 0 available.
W/SQLiteConnectionPool( 2366): The connection pool for database '/data/data/com.android.providers.media/databases/external.db' has been unable to grant a connection to thread 221 (Binder_8) with flags 0x1 for 1501.649 seconds.
W/SQLiteConnectionPool( 2366): Connections: 0 active, 1 idle, 0 available.
W/SQLiteConnectionPool( 2366): The connection pool for database '/data/data/com.android.providers.media/databases/external.db' has been unable to grant a connection to thread 176 (Binder_3) with flags 0x1 for 1650.0261 seconds.
W/SQLiteConnectionPool( 2366): Connections: 0 active, 1 idle, 0 available.
W/SQLiteConnectionPool( 2366): The connection pool for database '/data/data/com.android.providers.media/databases/external.db' has been unable to grant a connection to thread 172 (Binder_1) with flags 0x1 for 1650.0231 seconds.
W/SQLiteConnectionPool( 2366): Connections: 0 active, 1 idle, 0 available.
D/Ulp_jni (  939): Location CB invoked
W/SQLiteConnectionPool( 2366): The connection pool for database '/data/data/com.android.providers.media/databases/external.db' has been unable to grant a connection to thread 215 (MtpMsgHandlerThread) with flags 0x1 for 1651.4381 seconds.
W/SQLiteConnectionPool( 2366): Connections: 0 active, 1 idle, 0 available.
W/SQLiteConnectionPool( 2366): The connection pool for database '/data/data/com.android.providers.media/databases/external.db' has been unable to grant a connection to thread 178 (Binder_5) with flags 0x2 for 2460.0652 seconds.
W/SQLiteConnectionPool( 2366): Connections: 0 active, 1 idle, 0 available.
D/Ulp_jni (  939): Location CB invoked
W/SQLiteConnectionPool( 2366): The connection pool for database '/data/data/com.android.providers.media/databases/external.db' has been unable to grant a connection to thread 179 (MediaScannerService) with flags 0x1 for 2462.632 seconds.
W/SQLiteConnectionPool( 2366): Connections: 0 active, 1 idle, 0 available.
W/SQLiteConnectionPool( 2366): The connection pool for database '/data/data/com.android.providers.media/databases/external.db' has been unable to grant a connection to thread 183 (Binder_6) with flags 0x1 for 1561.1991 seconds.
W/SQLiteConnectionPool( 2366): Connections: 0 active, 1 idle, 0 available.
D/Ulp_jni (  939): Location CB invoked
W/SQLiteConnectionPool( 2366): The connection pool for database '/data/data/com.android.providers.media/databases/internal.db' has been unable to grant a connection to thread 219 (Binder_7) with flags 0x1 for 1531.175 seconds.
W/SQLiteConnectionPool( 2366): Connections: 0 active, 1 idle, 0 available.
W/SQLiteConnectionPool( 2366): The connection pool for database '/data/data/com.android.providers.media/databases/external.db' has been unable to grant a connection to thread 173 (Binder_2) with flags 0x1 for 2462.7131 seconds.
W/SQLiteConnectionPool( 2366): Connections: 0 active, 1 idle, 0 available.
W/SQLiteConnectionPool( 2366): The connection pool for database '/data/data/com.android.providers.media/databases/external.db' has been unable to grant a connection to thread 221 (Binder_8) with flags 0x1 for 1531.6891 seconds.
W/SQLiteConnectionPool( 2366): Connections: 0 active, 1 idle, 0 available.
W/SQLiteConnectionPool( 2366): The connection pool for database '/data/data/com.android.providers.media/databases/external.db' has been unable to grant a connection to thread 176 (Binder_3) with flags 0x1 for 1680.0261 seconds.
W/SQLiteConnectionPool( 2366): Connections: 0 active, 1 idle, 0 available.
W/SQLiteConnectionPool( 2366): The connection pool for database '/data/data/com.android.providers.media/databases/external.db' has been unable to grant a connection to thread 172 (Binder_1) with flags 0x1 for 1680.0231 seconds.
W/SQLiteConnectionPool( 2366): Connections: 0 active, 1 idle, 0 available.
D/Ulp_jni (  939): Location CB invoked
W/SQLiteConnectionPool( 2366): The connection pool for database '/data/data/com.android.providers.media/databases/external.db' has been unable to grant a connection to thread 215 (MtpMsgHandlerThread) with flags 0x1 for 1681.4451 seconds.
W/SQLiteConnectionPool( 2366): Connections: 0 active, 1 idle, 0 available.
W/SQLiteConnectionPool( 2366): The connection pool for database '/data/data/com.android.providers.media/databases/external.db' has been unable to grant a connection to thread 178 (Binder_5) with flags 0x2 for 2490.0652 seconds.
W/SQLiteConnectionPool( 2366): Connections: 0 active, 1 idle, 0 available.
D/Ulp_jni (  939): Location CB invoked
W/SQLiteConnectionPool( 2366): The connection pool for database '/data/data/com.android.providers.media/databases/external.db' has been unable to grant a connection to thread 179 (MediaScannerService) with flags 0x1 for 2492.673 seconds.
W/SQLiteConnectionPool( 2366): Connections: 0 active, 1 idle, 0 available.
W/SQLiteConnectionPool( 2366): The connection pool for database '/data/data/com.android.providers.media/databases/external.db' has been unable to grant a connection to thread 183 (Binder_6) with flags 0x1 for 1591.201 seconds.
W/SQLiteConnectionPool( 2366): Connections: 0 active, 1 idle, 0 available.
D/Ulp_jni (  939): Location CB invoked
W/SQLiteConnectionPool( 2366): The connection pool for database '/data/data/com.android.providers.media/databases/internal.db' has been unable to grant a connection to thread 219 (Binder_7) with flags 0x1 for 1561.217 seconds.
W/SQLiteConnectionPool( 2366): Connections: 0 active, 1 idle, 0 available.
W/SQLiteConnectionPool( 2366): The connection pool for database '/data/data/com.android.providers.media/databases/external.db' has been unable to grant a connection to thread 173 (Binder_2) with flags 0x1 for 2492.7192 seconds.
W/SQLiteConnectionPool( 2366): Connections: 0 active, 1 idle, 0 available.
W/SQLiteConnectionPool( 2366): The connection pool for database '/data/data/com.android.providers.media/databases/external.db' has been unable to grant a connection to thread 221 (Binder_8) with flags 0x1 for 1561.6991 seconds.
W/SQLiteConnectionPool( 2366): Connections: 0 active, 1 idle, 0 available.
W/SQLiteConnectionPool( 2366): The connection pool for database '/data/data/com.android.providers.media/databases/external.db' has been unable to grant a connection to thread 176 (Binder_3) with flags 0x1 for 1710.0261 seconds.
W/SQLiteConnectionPool( 2366): Connections: 0 active, 1 idle, 0 available.
W/SQLiteConnectionPool( 2366): The connection pool for database '/data/data/com.android.providers.media/databases