12-22 04:07:29.903  9031  9069 D RcsStack: a: processConnectivityIntent(): mNetworkInfo=[type: MOBILE[UMTS], state: DISCONNECTED/BLOCKED, reason: (unspecified), extra: (none), failover: false, available: true, roaming: false, metered: true] isConnected=false mState=DISCONNECTED
12-22 04:07:29.969  5040 17957 D ConnectivityService: Returning blocked NetworkInfo to uid=10094
12-22 04:07:30.066  6830  6830 I wpa_supplicant: wlan0: Associated with a8:a7:95:bd:6f:c5
12-22 04:07:30.067  6830  6830 I wpa_supplicant: wlan0: CTRL-EVENT-SUBNET-STATUS-UPDATE status=0
12-22 04:07:30.334  5040  6789 D NetworkNotificationManager: clearNotification id=249
12-22 04:07:30.334  5040  6789 D ConnectivityService: NetworkAgentInfo [MOBILE (UMTS) - 249] validation passed
12-22 04:07:34.556  6830  6830 E wpa_supplicant: PNO: In assoc process
12-22 04:07:34.560  5040  6785 I chatty  : uid=1000(system) WifiStateMachin expire 13 lines
12-22 04:07:40.727  6830  6830 I wpa_supplicant: wlan0: Authentication with a8:a7:95:bd:6f:c5 timed out.
12-22 04:07:40.734  6830  6830 I wpa_supplicant: wlan0: CTRL-EVENT-DISCONNECTED bssid=a8:a7:95:bd:6f:c5 reason=3 locally_generated=1
12-22 04:07:40.797  6785  6785 W WifiStateMachin: type=1400 audit(0.0:177): avc: denied { syslog_read } for scontext=u:r:system_server:s0 tcontext=u:r:kernel:s0 tclass=system permissive=0
12-22 04:07:40.805  5040  6829 I chatty  : uid=1000(system) Thread-5 expire 3 lines
12-22 04:07:43.242  5040 20151 I chatty  : uid=1000 system_server expire 6 lines
12-22 04:07:43.253  5040 20152 I chatty  : uid=1000 system_server expire 6 lines
12-22 04:07:43.254  6830  6830 I wpa_supplicant: wlan0: Trying to associate with SSID 'hope_this_works'
12-22 04:07:43.628  6830  6830 I wpa_supplicant: wlan0: Associated with a8:a7:95:bd:6f:c5
12-22 04:07:43.632  6830  6830 I wpa_supplicant: wlan0: CTRL-EVENT-SUBNET-STATUS-UPDATE status=0
12-22 04:07:48.187  6830  6830 E wpa_supplicant: PNO: In assoc process
12-22 04:07:48.189  5040  6787 I chatty  : uid=1000(system) WifiScanningSer expire 7 lines
12-22 04:07:53.724  6830  6830 I wpa_supplicant: wlan0: Authentication with a8:a7:95:bd:6f:c5 timed out.
12-22 04:07:53.734  6830  6830 I wpa_supplicant: wlan0: CTRL-EVENT-DISCONNECTED bssid=a8:a7:95:bd:6f:c5 reason=3 locally_generated=1
12-22 04:07:53.736  6830  6830 I wpa_supplicant: wlan0: WPA: 4-Way Handshake failed - pre-shared key may be incorrect
12-22 04:07:53.743  6830  6830 I wpa_supplicant: wlan0: CTRL-EVENT-SSID-TEMP-DISABLED id=1 ssid="hope_this_works" auth_failures=1 duration=10 reason=WRONG_KEY
12-22 04:07:53.804  6785  6785 W WifiStateMachin: type=1400 audit(0.0:178): avc: denied { syslog_read } for scontext=u:r:system_server:s0 tcontext=u:r:kernel:s0 tclass=system permissive=0
12-22 04:07:56.236  5040 20163 I chatty  : uid=1000 system_server expire 6 lines
12-22 04:07:56.251  6830  6830 I wpa_supplicant: wlan0: CTRL-EVENT-SSID-REENABLED id=1 ssid="hope_this_works"
12-22 04:07:56.252  5040 20164 I chatty  : uid=1000 system_server expire 6 lines
12-22 04:07:56.254  6830  6830 I wpa_supplicant: wlan0: Trying to associate with SSID 'hope_this_works'
12-22 04:07:56.263  5040  6785 I chatty  : uid=1000(system) WifiStateMachin expire 11 lines
12-22 04:07:56.320  6830  6830 I wpa_supplicant: wlan0: Associated with a8:a7:95:bd:6f:c5
12-22 04:07:56.320  6830  6830 I wpa_supplicant: wlan0: CTRL-EVENT-SUBNET-STATUS-UPDATE status=0
12-22 04:07:56.343  6830  6830 I wpa_supplicant: wlan0: WPA: Key negotiation completed with a8:a7:95:bd:6f:c5 [PTK=CCMP GTK=TKIP]
12-22 04:07:56.343  6830  6830 I wpa_supplicant: wlan0: CTRL-EVENT-CONNECTED - Connection to a8:a7:95:bd:6f:c5 completed [id=1 id_str=%7B%22creatorUid%22%3A%221000%22%2C%22configKey%22%3A%22%5C%22hope_this_works%5C%22WPA_PSK%22%7D]
12-22 04:07:56.353  5040  6785 D ConnectivityService: registerNetworkAgent NetworkAgentInfo{ ni{[type: WIFI[], state: CONNECTING/CONNECTING, reason: (unspecified), extra: "hope_this_works", failover: false, available: true, roaming: false, metered: false]}  network{250}  nethandle{1073758259934}  lp{{LinkAddresses: []  Routes: [] DnsAddresses: [] Domains: null MTU: 0}}  nc{[ Transports: WIFI Capabilities: NOT_METERED&INTERNET&NOT_RESTRICTED&TRUSTED&NOT_VPN LinkUpBandwidth>=1048576Kbps LinkDnBandwidth>=1048576Kbps]}  Score{20}  everValidated{false}  lastValidated{false}  created{false} lingering{false} explicitlySelected{false} acceptUnvalidated{false} everCaptivePortalDetected{false} lastCaptivePortalDetected{false} }
12-22 04:07:56.354  5040  6789 D ConnectivityService: NetworkAgentInfo [WIFI () - 250] EVENT_NETWORK_INFO_CHANGED, going from null to CONNECTING
12-22 04:07:56.381  5040 20166 I chatty  : uid=1000(system) Thread-992 expire 1 line
12-22 04:07:56.392  5040 20169 I chatty  : uid=1000(system) Thread-994 expire 10 lines
12-22 04:07:56.397  5040 20167 I chatty  : uid=1000(system) DhcpClient expire 13 lines
12-22 04:08:02.985  3810  5189 D CommandListener: Setting iface cfg
12-22 04:08:02.997  5040  6789 D ConnectivityService: NetworkAgentInfo [WIFI () - 250] EVENT_NETWORK_INFO_CHANGED, going from CONNECTING to CONNECTED
12-22 04:08:02.998  5040  6789 D ConnectivityService: Adding iface wlan0 to network 250
12-22 04:08:03.040  5040  6789 D ConnectivityService: Setting DNS servers for network 250 to [/89.216.1.40, /89.216.1.50]
12-22 04:08:03.068  7504  7636 W QCNEJ   : |CORE| network available: 250
12-22 04:08:03.072  7504  7636 W QCNEJ   : |CORE| onAvailable: bind the process to WIFI
12-22 04:08:03.074  7504  7636 W QCNEJ   : |CORE| newLp: {InterfaceName: wlan0 LinkAddresses: [fe80::7af8:82ff:fea0:950d/64,192.168.0.11/24,]  Routes: [fe80::/64 -> :: wlan0,192.168.0.0/24 -> 0.0.0.0 wlan0,0.0.0.0/0 -> 192.168.0.1 wlan0,] DnsAddresses: [89.216.1.40,89.216.1.50,] Domains: null MTU: 0 TcpBufferSizes: 524288,6291456,8291456,524288,6291456,8291456}
12-22 04:08:03.074  7504  7636 W QCNEJ   : |CORE| curLp: {InterfaceName: wlan0 LinkAddresses: [fe80::7af8:82ff:fea0:950d/64,192.168.0.11/24,]  Routes: [fe80::/64 -> :: wlan0,192.168.0.0/24 -> 0.0.0.0 wlan0,0.0.0.0/0 -> 192.168.0.1 wlan0,] DnsAddresses: [89.216.1.40,89.216.1.50,] Domains: null MTU: 0}
12-22 04:08:03.415  5040  6789 D NetworkNotificationManager: clearNotification id=250
12-22 04:08:03.415  5040  6789 D ConnectivityService: NetworkAgentInfo [WIFI () - 250] validation passed
12-22 04:08:03.420  5040  6789 D ConnectivityService: Switching to new default network: NetworkAgentInfo{ ni{[type: WIFI[], state: CONNECTED/CONNECTED, reason: (unspecified), extra: "hope_this_works", failover: false, available: true, roaming: false, metered: false]}  network{250}  nethandle{1073758259934}  lp{{InterfaceName: wlan0 LinkAddresses: [fe80::7af8:82ff:fea0:950d/64,192.168.0.11/24,]  Routes: [fe80::/64 -> :: wlan0,192.168.0.0/24 -> 0.0.0.0 wlan0,0.0.0.0/0 -> 192.168.0.1 wlan0,] DnsAddresses: [89.216.1.40,89.216.1.50,] Domains: null MTU: 0 TcpBufferSizes: 524288,6291456,8291456,524288,6291456,8291456}}  nc{[ Transports: WIFI Capabilities: NOT_METERED&INTERNET&NOT_RESTRICTED&TRUSTED&NOT_VPN&VALIDATED&FOREGROUND LinkUpBandwidth>=1048576Kbps LinkDnBandwidth>=1048576Kbps SignalStrength: -51]}  Score{60}  everValidated{true}  lastValidated{true}  created{true} lingering{false} explicitlySelected{false} acceptUnvalidated{false} everCaptivePortalDetected{false} lastCaptivePortalDetected{false} }
12-22 04:08:03.426  5040  6789 D ConnectivityService: sending Proxy Broadcast for [] 0 xl=
12-22 04:08:03.442  5040  6789 D ConnectivityService: Lingering NetworkAgentInfo [MOBILE (UMTS) - 249] for 30000ms
12-22 04:08:03.444  5040  6789 D ConnectivityService: Sending DISCONNECTED broadcast for type 0 NetworkAgentInfo [MOBILE (UMTS) - 249] isDefaultNetwork=true
12-22 04:08:03.446  5040  6789 D ConnectivityService: Sending CONNECTED broadcast for type 1 NetworkAgentInfo [WIFI () - 250] isDefaultNetwork=true
12-22 04:08:03.522  9031  9069 D RcsStack: a: processConnectivityIntent(): mNetworkInfo=[type: MOBILE[], state: DISCONNECTED/BLOCKED, reason: (unspecified), extra: (none), failover: false, available: true, roaming: false, metered: true] isConnected=false mState=DISCONNECTED
12-22 04:08:03.537  9031  9069 D RcsStack: a: processConnectivityIntent(): mNetworkInfo=[type: WIFI[], state: DISCONNECTED/BLOCKED, reason: (unspecified), extra: (none), failover: false, available: true, roaming: false, metered: false] isConnected=false mState=DISCONNECTED
12-22 04:08:04.019  5040 20227 I chatty  : uid=1000 system_server expire 6 lines
12-22 04:08:34.687  5040  6789 D ConnectivityService: handleLingerComplete for NetworkAgentInfo [MOBILE (UMTS) - 249]
12-22 04:08:34.688  5040  6789 D ConnectivityService: NetworkAgentInfo [MOBILE (UMTS) - 249] got DISCONNECTED, was satisfying 6
12-22 04:08:34.688  7040  7199 D DcNetworkAgent: NetworkAgent: NetworkAgent channel lost
12-22 04:08:34.688  7040  7199 D DcNetworkAgent: NetworkAgent: DcNetworkAgent: [unwanted]: disconnect apnContext={mApnType=default mState=CONNECTED mWaitingApns={[[ApnSettingV3] mt:s wap, 231, 22003, gprswap, 172.17.88.198, , , , 8080, 1, default | supl, IP, IP, true, 0, 0, 0, false, 0, 0, 0, 0, , , false]} mApnSetting={[ApnSettingV3] mt:s wap, 231, 22003, gprswap, 172.17.88.198, , , , 8080, 1, default | supl, IP, IP, true, 0, 0, 0, false, 0, 0, 0, 0, , , false} mReason=dataDisabled mDataEnabled=false mDependencyMet=true}
12-22 04:08:34.768  3810  5189 E Netd    : netlink response contains error (No such file or directory)
12-22 04:10:05.614   395   395 I rmt_storage: rmt_storage_connect_cb: clnt_h=0x7f conn_h=0x7e37a2a220
12-22 04:10:05.614   395   395 I rmt_storage: rmt_storage_rw_iovec_cb: /boot/modem_fs2: req_h=0x7f msg_id=3: R/W request received
12-22 04:10:05.615   395   395 I rmt_storage: wakelock acquired: 1, error no: 42
12-22 04:10:05.615   395   793 I rmt_storage: rmt_storage_client_thread: /boot/modem_fs2: Unblock worker thread (th_id: 542096499792)
12-22 04:10:05.656   395   793 I rmt_storage: rmt_storage_client_thread: /boot/modem_fs2: req_h=0x7f msg_id=3: Bytes written = 1572864
12-22 04:10:05.656   395   793 I rmt_storage: rmt_storage_client_thread: /boot/modem_fs2: req_h=0x7f msg_id=3: Send response: res=0 err=0
12-22 04:10:05.656   395   793 I rmt_storage: rmt_storage_client_thread: /boot/modem_fs2: About to block rmt_storage client thread (th_id: 542096499792) wakelock released: 1, error no: 0
12-22 04:10:05.656   395   793 I rmt_storage: 
12-22 04:10:05.660   395   395 I rmt_storage: rmt_storage_disconnect_cb: clnt_h=0x7f conn_h=0x7e37a2a220
12-22 04:45:59.743  7473  7726 I chatty  : uid=10018(com.google.android.gms) lowpool[2] expire 5 lines
12-22 04:45:59.767  5040 20953 I ActivityManager: Start proc 20315:com.google.android.apps.messaging/u0a77 for broadcast com.google.android.apps.messaging/.shared.analytics.AnalyticsAlarmReceiver
12-22 04:45:59.840 20315 20315 I art     : Starting a blocking GC AddRemoveAppImageSpace
12-22 04:45:59.856  7473 20313 I chatty  : uid=10018 com.google.android.gms.persistent expire 1 line
12-22 04:45:59.875 20315 20315 I MultiDex: VM with version 2.1.0 has multidex support
12-22 04:45:59.875 20315 20315 I MultiDex: install
12-22 04:45:59.876 20315 20315 I MultiDex: VM has multidex support, MultiDex support library is disabled.
12-22 04:45:59.907 19525 19525 V ConnMetrics:SnapshotJobService: onStartJob(1)
12-22 04:45:59.908 19525 19525 V ConnMetrics:SnapshotJobService: onStartJob(2)
12-22 04:45:59.915 19525 20331 V ConnMetrics:SnapshotJobService: Task.doInBackground(1)
12-22 04:45:59.920 19525 19548 E GooglePlayServicesUtil: The Google Play services resources were not found. Check your project configuration to ensure that the resources are included.
12-22 04:45:59.965 19525 20331 D ConnMetrics:App: IsOptedIn = true
12-22 04:45:59.993 20315 20315 I BugleBackup: Registering preference change eventsListener for "bugle".
12-22 04:46:00.066  7473 20341 I chatty  : uid=10018 com.google.android.gms.persistent expire 4 lines
12-22 04:46:00.083 20315 20338 D Primes  : Package metric: registered for startup notifications
12-22 04:46:00.083 20315 20338 D Primes  : Battery metric disabled [experiment_enabled: false]
12-22 04:46:00.088  5040 18543 D CryptdConnector: SND -> {92 cryptfs getpwtype}
12-22 04:46:00.089   365   372 D VoldCryptCmdListener: cryptfs getpwtype
12-22 04:46:00.091  5040  6493 D CryptdConnector: RCV <- {213 92 pin}
12-22 04:46:00.126 19525 20331 V ConnMetrics:BluetoothJobService: Taking Bluetooth snapshot at 1482378360126
12-22 04:46:00.173 20315 20315 I BugleRcs: updating RCS availability
12-22 04:46:00.297 20315 20353 I BugleRcs: RCS signup service signed up: false
12-22 04:46:00.298 20315 20353 I BugleRcs: RCS registration state: RegistrationState UNDEFINED, reason UNKNOWN
12-22 04:46:00.361  7652 20364 I chatty  : uid=10018(com.google.android.gms) expire 3 lines
12-22 04:46:00.377 20315 20315 I Bugle   : Carrier config changed. Reloading MMS config.
12-22 04:46:00.408 20315 20353 I BugleBackup: Registering preference change eventsListener for "buglesub_1".
12-22 04:46:00.420 20315 20363 I BugleDataModel: Fixup: Send failed - 0 Download failed - 0
12-22 04:46:00.443 20315 20363 W BugleDataModel: ProcessPendingMessagesAction: skipped - not default SMS app
12-22 04:46:00.495 20315 20334 W Bugle   : canonicalizeMccMnc: invalid mccmnc:null ,null
12-22 04:46:00.520  5040  5092 D MmsServiceBroker: getCarrierConfigValues() by com.google.android.apps.messaging
12-22 04:46:00.520  7040  7385 D MmsService: getCarrierConfigValues
12-22 04:46:00.520  7040  7385 I MmsService: mms config for sub 1: Bundle[{httpSocketTimeout=60000, aliasMinChars=2, smsToMmsTextThreshold=-1, enableSMSDeliveryReports=true, maxMessageTextSize=-1, supportMmsContentDisposition=true, enabledTransID=false, aliasEnabled=false, supportHttpCharsetHeader=false, allowAttachAudio=true, smsToMmsTextLengthThreshold=-1, recipientLimit=2147483647, uaProfTagName=x-wap-profile, aliasMaxChars=48, maxImageHeight=480, enableMMSDeliveryReports=false, userAgent=, mmsCloseConnection=false, config_cellBroadcastAppLinks=true, maxSubjectLength=40, httpParams=, enableGroupMms=true, emailGatewayNumber=, maxMessageSize=307200, naiSuffix=, enableMMSReadReports=false, maxImageWidth=640, uaProfUrl=, enabledMMS=true, enabledNotifyWapMMSC=false, sendMultipartSmsAsSeparateMessages=false, enableMultipartSMS=true}]
12-22 04:46:00.523 20315 20334 I Bugle   : Carrier configs loaded: Bundle[{httpSocketTimeout=60000, aliasMinChars=2, smsToMmsTextThreshold=-1, enableSMSDeliveryReports=true, maxMessageTextSize=-1, supportMmsContentDisposition=true, enabledTransID=false, aliasEnabled=false, supportHttpCharsetHeader=false, allowAttachAudio=true, smsToMmsTextLengthThreshold=-1, recipientLimit=2147483647, uaProfTagName=x-wap-profile, aliasMaxChars=48, maxImageHeight=480, enableMMSDeliveryReports=false, userAgent=, mmsCloseConnection=false, config_cellBroadcastAppLinks=true, maxSubjectLength=40, httpParams=, enableGroupMms=true, emailGatewayNumber=, maxMessageSize=307200, naiSuffix=, enableMMSReadReports=false, maxImageWidth=640, uaProfUrl=, enabledMMS=true, enabledNotifyWapMMSC=false, sendMultipartSmsAsSeparateMessages=false, enableMultipartSMS=true}] from resources+system for subId=1
12-22 04:46:00.563 20315 20367 W Bugle   : canonicalizeMccMnc: invalid mccmnc:null ,null
12-22 04:46:00.577  5040 18546 D MmsServiceBroker: getCarrierConfigValues() by com.google.android.apps.messaging
12-22 04:46:00.577  7040  7385 D MmsService: getCarrierConfigValues
12-22 04:46:00.577  7040  7385 I MmsService: mms config for sub 1: Bundle[{httpSocketTimeout=60000, aliasMinChars=2, smsToMmsTextThreshold=-1, enableSMSDeliveryReports=true, maxMessageTextSize=-1, supportMmsContentDisposition=true, enabledTransID=false, aliasEnabled=false, supportHttpCharsetHeader=false, allowAttachAudio=true, smsToMmsTextLengthThreshold=-1, recipientLimit=2147483647, uaProfTagName=x-wap-profile, aliasMaxChars=48, maxImageHeight=480, enableMMSDeliveryReports=false, userAgent=, mmsCloseConnection=false, config_cellBroadcastAppLinks=true, maxSubjectLength=40, httpParams=, enableGroupMms=true, emailGatewayNumber=, maxMessageSize=307200, naiSuffix=, enableMMSReadReports=false, maxImageWidth=640, uaProfUrl=, enabledMMS=true, enabledNotifyWapMMSC=false, sendMultipartSmsAsSeparateMessages=false, enableMultipartSMS=true}]
12-22 04:46:00.579 20315 20367 I Bugle   : Carrier configs loaded: Bundle[{httpSocketTimeout=60000, aliasMinChars=2, smsToMmsTextThreshold=-1, enableSMSDeliveryReports=true, maxMessageTextSize=-1, supportMmsContentDisposition=true, enabledTransID=false, aliasEnabled=false, supportHttpCharsetHeader=false, allowAttachAudio=true, smsToMmsTextLengthThreshold=-1, recipientLimit=2147483647, uaProfTagName=x-wap-profile, aliasMaxChars=48, maxImageHeight=480, enableMMSDeliveryReports=false, userAgent=, mmsCloseConnection=false, config_cellBroadcastAppLinks=true, maxSubjectLength=40, httpParams=, enableGroupMms=true, emailGatewayNumber=, maxMessageSize=307200, naiSuffix=, enableMMSReadReports=false, maxImageWidth=640, uaProfUrl=, enabledMMS=true, enabledNotifyWapMMSC=false, sendMultipartSmsAsSeparateMessages=false, enableMultipartSMS=true}] from resources+system for subId=1
12-22 04:46:00.650 20315 20315 I BugleRcs: RcsAvailability updated: RCS is disabled for this carrier by Google
12-22 04:46:00.651 20315 20315 I BugleRcs: Broadcast disable RCS for availability (2)
12-22 04:46:00.663  9031  9031 D RcsService: Received broadcast of intent rcs.intent.action.disableRcs
12-22 04:46:00.664  9031  9031 D RcsService: Disabling RCS connectivity setting
12-22 04:46:00.739 20315 20357 W Bugle   : canonicalizeMccMnc: invalid mccmnc:null ,null
12-22 04:46:00.782  5040 18543 D MmsServiceBroker: getCarrierConfigValues() by com.google.android.apps.messaging
12-22 04:46:00.782  7040  7385 D MmsService: getCarrierConfigValues
12-22 04:46:00.783  7040  7385 I MmsService: mms config for sub 1: Bundle[{httpSocketTimeout=60000, aliasMinChars=2, smsToMmsTextThreshold=-1, enableSMSDeliveryReports=true, maxMessageTextSize=-1, supportMmsContentDisposition=true, enabledTransID=false, aliasEnabled=false, supportHttpCharsetHeader=false, allowAttachAudio=true, smsToMmsTextLengthThreshold=-1, recipientLimit=2147483647, uaProfTagName=x-wap-profile, aliasMaxChars=48, maxImageHeight=480, enableMMSDeliveryReports=false, userAgent=, mmsCloseConnection=false, config_cellBroadcastAppLinks=true, maxSubjectLength=40, httpParams=, enableGroupMms=true, emailGatewayNumber=, maxMessageSize=307200, naiSuffix=, enableMMSReadReports=false, maxImageWidth=640, uaProfUrl=, enabledMMS=true, enabledNotifyWapMMSC=false, sendMultipartSmsAsSeparateMessages=false, enableMultipartSMS=true}]
12-22 04:46:00.787  5040  5092 D ConnectivityService: Returning unblocked NetworkInfo to uid=10151
12-22 04:46:00.790 20315 20357 I Bugle   : Carrier configs loaded: Bundle[{httpSocketTimeout=60000, aliasMinChars=2, smsToMmsTextThreshold=-1, enableSMSDeliveryReports=true, maxMessageTextSize=-1, supportMmsContentDisposition=true, enabledTransID=false, aliasEnabled=false, supportHttpCharsetHeader=false, allowAttachAudio=true, smsToMmsTextLengthThreshold=-1, recipientLimit=2147483647, uaProfTagName=x-wap-profile, aliasMaxChars=48, maxImageHeight=480, enableMMSDeliveryReports=false, userAgent=, mmsCloseConnection=false, config_cellBroadcastAppLinks=true, maxSubjectLength=40, httpParams=, enableGroupMms=true, emailGatewayNumber=, maxMessageSize=307200, naiSuffix=, enableMMSReadReports=false, maxImageWidth=640, uaProfUrl=, enabledMMS=true, enabledNotifyWapMMSC=false, sendMultipartSmsAsSeparateMessages=false, enableMultipartSMS=true}] from resources+system for subId=1
12-22 04:46:00.955 20315 20325 W art     : Suspending all threads took: 10.222ms
12-22 04:46:01.113  7652  7939 I chatty  : uid=10018(com.google.android.gms) lowpool[2] expire 3 lines
12-22 04:46:01.119  7652 20385 I chatty  : uid=10018(com.google.android.gms) expire 1 line
12-22 04:46:01.153 20315 20384 I ShortcutBadger: Checking if platform supports badge counters, attempt 1/3.
12-22 04:46:01.165 20315 20384 E ActivityThread: Failed to find provider info for com.teslacoilsw.notifier
12-22 04:46:01.165 20315 20384 I ShortcutBadger: Checking if platform supports badge counters, attempt 2/3.
12-22 04:46:01.191 20315 20384 E ActivityThread: Failed to find provider info for com.teslacoilsw.notifier
12-22 04:46:01.195 20315 20384 I ShortcutBadger: Checking if platform supports badge counters, attempt 3/3.
12-22 04:46:01.234 20315 20384 E ActivityThread: Failed to find provider info for com.teslacoilsw.notifier
12-22 04:46:01.234 20315 20384 W ShortcutBadger: Badge counter seems disabled for this platform: Unknown URL content://com.teslacoilsw.notifier/unread_count
12-22 04:46:01.365 19525 20392 V ConnMetrics:SnapshotJobService: Task.doInBackground(2)
12-22 04:46:01.366 19525 19549 E GooglePlayServicesUtil: The Google Play services resources were not found. Check your project configuration to ensure that the resources are included.
12-22 04:46:01.377 19525 20392 D ConnMetrics:App: IsOptedIn = true
12-22 04:46:01.377 19525 20392 V ConnMetrics:TelecommJobService: Taking Telecom snapshot at 1482378361377
12-22 04:46:01.439 19525 20392 I ConnMetrics:TelecommJobService: No new data to upload. Skipping upload.
12-22 04:46:02.000  7652 20398 I chatty  : uid=10018(com.google.android.gms) expire 1 line
12-22 04:46:02.012  5040 20954 E BatteryStatsService: no controller energy info supplied
12-22 04:46:17.055  7652 18380 I chatty  : uid=10018(com.google.android.gms) expire 1 line
12-22 04:46:18.902 19525 19662 I ClearcutLoggerApiImpl: disconnect managed GoogleApiClient
12-22 04:46:30.029  5040 10531 I ActivityManager: Killing 18751:com.google.android.keep/u0a131 (adj 906): empty #17
12-22 04:46:30.056  5040  5090 D ActivityManager: cleanUpApplicationRecord -- 18751
12-22 04:46:30.113  3810 21769 I Netd    : Destroyed 1 sockets for UidRanges{ 10000-2147483647 } skip={1001 1027 10010 10013 10018 10021 10035 10037 10081 10089 10093} in 3.0 ms
12-22 05:08:07.691  5040 20167 I chatty  : uid=1000(system) DhcpClient expire 35 lines
12-22 05:38:28.853  7473 20206 I chatty  : uid=10018 com.google.android.gms.persistent expire 1 line
12-22 05:45:41.789  5040  5100 E BatteryStatsService: no controller energy info supplied
12-22 06:01:01.706  7473  7473 I chatty  : uid=10018 com.google.android.gms.persistent expire 2 lines
12-22 06:01:01.720  5040 18543 D ConnectivityService: reportNetworkConnectivity(250, false) by 10018
12-22 06:01:02.131  5040  6789 D NetworkNotificationManager: clearNotification id=250
12-22 06:01:02.131  5040  6789 D ConnectivityService: NetworkAgentInfo [WIFI () - 250] validation passed
12-22 06:01:02.137  5040 20447 I chatty  : uid=1000 system_server expire 6 lines
12-22 06:01:02.327  7594 20448 I chatty  : uid=10018(com.google.android.gms) com.google.process.gapps expire 1 line
12-22 06:10:13.756  5040  5095 I UsageStatsService: User[0] Flushing usage stats to disk
12-22 06:19:14.748  7473 20449 I chatty  : uid=10018 com.google.android.gms.persistent expire 1 line
12-22 06:19:14.749  5040  7543 D ConnectivityService: reportNetworkConnectivity(250, false) by 10018
12-22 06:19:15.453  5040  6789 D NetworkNotificationManager: clearNotification id=250
12-22 06:19:15.453  5040  6789 D ConnectivityService: NetworkAgentInfo [WIFI () - 250] validation passed
12-22 06:19:15.462  5040 20457 I chatty  : uid=1000 system_server expire 6 lines
12-22 06:36:37.602  7594 20458 I chatty  : uid=10018(com.google.android.gms) com.google.process.gapps expire 1 line
12-22 06:44:49.490  5040  5117 I chatty  : uid=1000 system_server expire 1 line
12-22 07:00:01.747  5040  5040 D ConditionProviders.SCP: onReceive ScheduleConditionProvider.EVALUATE
12-22 07:00:01.748  5040  5040 D ConditionProviders.SCP: notifyCondition condition://android/schedule?days=6.7&start=23.30&end=10.0&exitAtAlarm=false STATE_FALSE reason=!meetsSchedule
12-22 07:00:01.749  5040  5040 D ConditionProviders.SCP: notifyCondition condition://android/schedule?days=1.2.3.4.5&start=22.0&end=7.0&exitAtAlarm=false STATE_FALSE reason=!meetsSchedule
12-22 07:00:01.750  5040  5040 D ConditionProviders.SCP: Scheduling evaluate for Thu Dec 22 10:00:00 GMT+01:00 2016 (1482397200000), in +2h59m58s253ms, now=Thu Dec 22 07:00:01 GMT+01:00 2016 (1482386401747)
12-22 07:18:05.719  7473 18382 I chatty  : uid=10018 com.google.android.gms.persistent expire 3 lines
12-22 08:08:24.951  5040 20169 I chatty  : uid=1000(system) Thread-994 expire 4 lines
12-22 08:08:38.203  5040  5097 I ActivityManager: Start proc 20472:com.android.cellbroadcastreceiver/u0a5 for broadcast com.android.cellbroadcastreceiver/.CellBroadcastReceiver
12-22 08:08:38.255 20472 20472 W System  : ClassLoader referenced unknown path: /system/priv-app/CellBroadcastReceiver/lib/arm64
12-22 08:08:38.295 20472 20472 D CellBroadcastReceiver: Service state changed! 0 Full: 0 1 voice home data home mt:s mt:s 22003 mt:s mt:s 22003 (manual) UMTS Unknown CSS not supported -1 -1 RoamInd=-1 DefRoamInd=-1 EmergOnly=false IsDataRoamingFromRegistration=false IsUsingCarrierAggregation=false Current state=-1
12-22 08:08:38.296 20472 20472 D CellBroadcastReceiver: Start Cell Broadcast configuration.
12-22 08:08:38.306 20472 20495 D CellBroadcastConfigService: Enable CellBroadcast on sub 1
12-22 08:08:38.323  7040  7181 D IccSmsInterfaceManager: [IccSmsInterfaceManager] Calling setCdmaBroadcastConfig with 1 configurations
12-22 08:08:38.329  7040  7181 D IccSmsInterfaceManager: [IccSmsInterfaceManager] Failed to add cdma broadcast subscription for MID range 4096 to 4096 from client com.android.cellbroadcastreceiver
12-22 08:08:38.337  7040  7375 D IccSmsInterfaceManager: [IccSmsInterfaceManager] Calling setCdmaBroadcastConfig with 1 configurations
12-22 08:08:38.340  7040  7375 D IccSmsInterfaceManager: [IccSmsInterfaceManager] Failed to add cdma broadcast subscription for MID range 4097 to 4097 from client com.android.cellbroadcastreceiver
12-22 08:08:38.348  7040  7056 D IccSmsInterfaceManager: [IccSmsInterfaceManager] Calling setCdmaBroadcastConfig with 1 configurations
12-22 08:08:38.351  7040  7056 D IccSmsInterfaceManager: [IccSmsInterfaceManager] Failed to add cdma broadcast subscription for MID range 4098 to 4098 from client com.android.cellbroadcastreceiver
12-22 08:08:38.358  7040  7385 D IccSmsInterfaceManager: [IccSmsInterfaceManager] Calling setCdmaBroadcastConfig with 1 configurations
12-22 08:08:38.362  7040  7385 D IccSmsInterfaceManager: [IccSmsInterfaceManager] Failed to add cdma broadcast subscription for MID range 4099 to 4099 from client com.android.cellbroadcastreceiver
12-22 08:08:38.374  7040  7384 D IccSmsInterfaceManager: [IccSmsInterfaceManager] Failed to remove cdma broadcast subscription for MID range 4100 to 4100 from client com.android.cellbroadcastreceiver
12-22 08:08:38.398  7040 13266 D IccSmsInterfaceManager: [IccSmsInterfaceManager] Added GSM cell broadcast subscription for MID range 4352 to 4354 from client com.android.cellbroadcastreceiver
12-22 08:08:38.398  7040 13266 D IccSmsInterfaceManager: [IccSmsInterfaceManager] Calling setCellBroadcastActivation(true)
12-22 08:08:38.423  7040 11866 D IccSmsInterfaceManager: [IccSmsInterfaceManager] Added GSM cell broadcast subscription for MID range 4356 to 4356 from client com.android.cellbroadcastreceiver
12-22 08:08:38.423  7040 11866 D IccSmsInterfaceManager: [IccSmsInterfaceManager] Calling setCellBroadcastActivation(true)
12-22 08:08:38.433  7040 11867 D IccSmsInterfaceManager: [IccSmsInterfaceManager] Failed to remove GSM cell broadcast subscription for MID range 4355 to 4355 from client com.android.cellbroadcastreceiver
12-22 08:08:38.440  7040  7377 D IccSmsInterfaceManager: [IccSmsInterfaceManager] Added GSM cell broadcast subscription for MID range 4370 to 4370 from client com.android.cellbroadcastreceiver
12-22 08:08:38.440  7040  7377 D IccSmsInterfaceManager: [IccSmsInterfaceManager] Calling setCellBroadcastActivation(true)
12-22 08:08:38.451  7040  7180 D IccSmsInterfaceManager: [IccSmsInterfaceManager] Added GSM cell broadcast subscription for MID range 4371 to 4372 from client com.android.cellbroadcastreceiver
12-22 08:08:38.451  7040  7180 D IccSmsInterfaceManager: [IccSmsInterfaceManager] Calling setCellBroadcastActivation(true)
12-22 08:08:38.461  7040  7054 D IccSmsInterfaceManager: [IccSmsInterfaceManager] Added GSM cell broadcast subscription for MID range 4373 to 4378 from client com.android.cellbroadcastreceiver
12-22 08:08:38.461  7040  7054 D IccSmsInterfaceManager: [IccSmsInterfaceManager] Calling setCellBroadcastActivation(true)
12-22 08:08:38.472  7040  7181 D IccSmsInterfaceManager: [IccSmsInterfaceManager] Added GSM cell broadcast subscription for MID range 4379 to 4379 from client com.android.cellbroadcastreceiver
12-22 08:08:38.472  7040  7181 D IccSmsInterfaceManager: [IccSmsInterfaceManager] Calling setCellBroadcastActivation(true)
12-22 08:08:38.483  7040  7375 D IccSmsInterfaceManager: [IccSmsInterfaceManager] Failed to remove GSM cell broadcast subscription for MID range 4380 to 4382 from client com.android.cellbroadcastreceiver
12-22 08:08:38.491  7040  7056 D IccSmsInterfaceManager: [IccSmsInterfaceManager] Added GSM cell broadcast subscription for MID range 4383 to 4383 from client com.android.cellbroadcastreceiver
12-22 08:08:38.491  7040  7056 D IccSmsInterfaceManager: [IccSmsInterfaceManager] Calling setCellBroadcastActivation(true)
12-22 08:08:38.514  7040  7385 D IccSmsInterfaceManager: [IccSmsInterfaceManager] Added GSM cell broadcast subscription for MID range 4384 to 4385 from client com.android.cellbroadcastreceiver
12-22 08:08:38.514  7040  7385 D IccSmsInterfaceManager: [IccSmsInterfaceManager] Calling setCellBroadcastActivation(true)
12-22 08:08:38.528  7040  7384 D IccSmsInterfaceManager: [IccSmsInterfaceManager] Added GSM cell broadcast subscription for MID range 4386 to 4391 from client com.android.cellbroadcastreceiver
12-22 08:08:38.528  7040  7384 D IccSmsInterfaceManager: [IccSmsInterfaceManager] Calling setCellBroadcastActivation(true)
12-22 08:08:38.541  7040 13266 D IccSmsInterfaceManager: [IccSmsInterfaceManager] Added GSM cell broadcast subscription for MID range 4392 to 4392 from client com.android.cellbroadcastreceiver
12-22 08:08:38.541  7040 13266 D IccSmsInterfaceManager: [IccSmsInterfaceManager] Calling setCellBroadcastActivation(true)
12-22 08:08:38.554  7040 11866 D IccSmsInterfaceManager: [IccSmsInterfaceManager] Failed to remove GSM cell broadcast subscription for MID range 4393 to 4395 from client com.android.cellbroadcastreceiver
12-22 08:08:38.561  7040 11867 D IccSmsInterfaceManager: [IccSmsInterfaceManager] Failed to remove GSM cell broadcast subscription for MID range 50 to 50 from client com.android.cellbroadcastreceiver
12-22 08:08:38.564 20472 20495 D CellBroadcastOtherChannelsManager: No additional channels configured. subId = 1
12-22 08:08:38.567  5040 18546 I ActivityManager: Killing 14527:com.google.android.gms.feedback/u0a18 (adj 906): empty #17
12-22 08:08:38.582  5040  6852 D ActivityManager: cleanUpApplicationRecord -- 14527
12-22 08:08:38.582  5040  6852 W ActivityManager: Scheduling restart of crashed service com.google.android.gms/.feedback.FeedbackService in 1000ms
12-22 08:12:33.707  5040  5097 I ActivityManager: Start proc 20525:com.google.android.gms.feedback/u0a18 for service com.google.android.gms/.feedback.FeedbackService
12-22 08:15:41.770 20525 20525 I chatty  : uid=10018 com.google.android.gms.feedback expire 5 lines
12-22 08:16:24.770  5040 18543 I ActivityManager: Killing 17847:com.google.android.contacts/u0a19 (adj 906): empty #17
12-22 08:16:24.824  5040 18947 D ActivityManager: cleanUpApplicationRecord -- 17847
12-22 08:38:25.817  5040 20167 I chatty  : uid=1000(system) DhcpClient expire 10 lines
12-22 08:40:43.968  7652 20546 I chatty  : uid=10018(com.google.android.gms) expire 3 lines
12-22 08:40:44.000  7473 20541 I chatty  : uid=10018 com.google.android.gms.persistent expire 1 line
12-22 08:40:44.020 19525 19525 V ConnMetrics:SnapshotJobService: onStartJob(2)
12-22 08:40:44.026 19525 20550 V ConnMetrics:SnapshotJobService: Task.doInBackground(2)
12-22 08:40:44.029 19525 19548 E GooglePlayServicesUtil: The Google Play services resources were not found. Check your project configuration to ensure that the resources are included.
12-22 08:40:44.035  7473  7727 I chatty  : uid=10018(com.google.android.gms) lowpool[3] expire 10 lines
12-22 08:40:44.038  7652 20548 I chatty  : uid=10018(com.google.android.gms) expire 4 lines
12-22 08:40:44.046 19525 20550 D ConnMetrics:App: IsOptedIn = true
12-22 08:40:44.046 19525 20550 V ConnMetrics:TelecommJobService: Taking Telecom snapshot at 1482392444046
12-22 08:40:44.051  5040 18544 I chatty  : uid=1000(system) Binder:5040_E expire 6 lines
12-22 08:40:44.061  5040  6456 I chatty  : uid=1000(system) n HAL callback. expire 5 lines
12-22 08:40:44.067  5040  5095 I ActivityManager: Start proc 20557:com.google.android.gm/u0a79 for service com.google.android.gm/.provider.MailSyncAdapterService
12-22 08:40:44.076  5040  9241 I chatty  : uid=1000(system) Binder:5040_A expire 5 lines
12-22 08:40:44.111  5040  7224 I chatty  : uid=1000(system) Binder:5040_5 expire 1 line
12-22 08:40:44.112  5040  5095 I chatty  : uid=1000(system) android.bg expire 5 lines
12-22 08:40:44.137 20557 20557 I art     : Starting a blocking GC AddRemoveAppImageSpace
12-22 08:40:44.140 20557 20557 W System  : ClassLoader referenced unknown path: /data/app/com.google.android.gm-2/lib/arm64
12-22 08:40:44.142  7652 20569 I chatty  : uid=10018(com.google.android.gms) expire 4 lines
12-22 08:40:44.146 19525 20550 I ConnMetrics:TelecommJobService: No new data to upload. Skipping upload.
12-22 08:40:44.149  7473  8475 I chatty  : uid=10018(com.google.android.gms) netscheduler-qu expire 2 lines
12-22 08:40:44.186 20557 20557 W EasBundling: in EasBundling.init, isBundlingEnabled=true
12-22 08:40:44.213 20557 20581 D ActivityThread: Loading provider com.google.android.gmail.provider;com.android.mail.notifier;com.google.android.gm.email.provider;com.google.android.gm.email.notifier: com.android.email.provider.EmailProvider
12-22 08:40:44.215 20557 20580 I Gmail   : getAccountsCursor
12-22 08:40:44.217  3874  4499 I slim_daemon: [QMILOC] requestTimeData: Sending Time Data to LocApi
12-22 08:40:44.290  7652 20582 I chatty  : uid=10018(com.google.android.gms) expire 7 lines
12-22 08:40:44.323 20557 20557 W GAV2    : Thread[main,5,main]: Need to call initialize() and be in fallback mode to start dispatch.
12-22 08:40:44.380  5040  6995 I chatty  : uid=1000(system) FLP Service Cal expire 22 lines
12-22 08:40:44.381  5040  5095 D ConnectivityService: requestNetwork for uid/pid:1000/5040 NetworkRequest [ REQUEST id=147, legacyType=3, [ Transports: CELLULAR Capabilities: SUPL&NOT_RESTRICTED&TRUSTED&NOT_VPN] ]
12-22 08:40:44.382  5040  6785 I chatty  : uid=1000(system) WifiStateMachin expire 2 lines
12-22 08:40:44.383  5040  6815 I chatty  : uid=1000(system) EthernetService expire 1 line
12-22 08:40:44.383  7040  7040 D PhoneSwitcherNetworkRequstListener: got request NetworkRequest [ REQUEST id=147, legacyType=3, [ Transports: CELLULAR Capabilities: SUPL&NOT_RESTRICTED&TRUSTED&NOT_VPN] ] with score 0
12-22 08:40:44.389  7473 20584 I chatty  : uid=10018 com.google.android.gms.persistent expire 7 lines
12-22 08:40:44.391  7040  7040 D TelephonyProvider: subIdString = 1 subId = 1
12-22 08:40:44.392 20557 20593 I Gmail   : Initiated Service map for: [gPop3, gLegacyImap, gEas, gmail]
12-22 08:40:44.402 20557 20594 W Gmail   : Sync started for account: account:-1757086878
12-22 08:40:44.420 20557 20557 I Exchange: EasService.onCreate
12-22 08:40:44.421  5040 10531 W ActivityManager: Unable to start service Intent { cmp=com.google.android.gm.exchange/com.android.exchange.service.EasService } U=0: not found
12-22 08:40:44.423 20557 20557 I Exchange: EasService.onCreate stoppedOldService=false
12-22 08:40:44.433 20557 20598 I Gmail   : getAccountsCursor
12-22 08:40:44.439 20557 20557 I Exchange: needResyncCalendar: false, hasCalendarPermission: true, needResyncContacts: false, hasContactsPermission: true
12-22 08:40:44.448 20557 20580 I Exchange: RestartPingTask
12-22 08:40:44.516  7473 19017 I chatty  : uid=10018 com.google.android.gms.persistent expire 1 line
12-22 08:40:44.530  7652 20582 E ActivityThread: Failed to find provider info for com.google.android.wearable.settings
12-22 08:40:44.640  7473  7822 I chatty  : uid=10018(com.google.android.gms) Binder:7473_5 expire 2 lines
12-22 08:40:44.671  5040  5090 W ActivityManager: Unable to start service Intent { cmp=com.google.android.gm/com.android.email.service.AttachmentService } U=0: not found
12-22 08:40:44.697 20557 20557 I Exchange: RestartPingsTask did not start any pings.
12-22 08:40:44.700 20557 20557 I Exchange: onDestroy
12-22 08:40:44.718 20557 20665 I Gmail   : Observing account changes for notifications
12-22 08:40:44.797  7473  2264 I chatty  : uid=10018(com.google.android.gms) Binder:7473_A expire 2 lines
12-22 08:40:44.994 20557 20662 I Gmail   : notifyAccountChanged
12-22 08:40:45.045 20557 20662 I Gmail   : calculateUnknownSyncRationalesAndPurgeInBackground: queueing
12-22 08:40:45.053 20557 20662 I Gmail   : calculateUnknownSyncRationalesAndPurgeInBackground: queueing
12-22 08:40:45.136 20557 20594 I Gmail   : notifyAccountChanged
12-22 08:40:45.179 20557 20662 I Gmail   : calculateUnknownSyncRationalesAndPurgeInBackground: running
12-22 08:40:45.192 20557 20662 I Gmail   : calculateUnknownSyncRationalesAndPurgeInBackground: running
12-22 08:40:45.259 20557 20593 I Gmail   : getAccountsCursor
12-22 08:40:45.343 20557 20594 I Gmail   : Force Start sync
12-22 08:40:45.433 20557 20580 I Gmail   : getAccountsCursor
12-22 08:40:45.465 20557 20671 I Gmail   : notifyAccountChanged
12-22 08:40:45.475 20557 20671 I Gmail   : calculateUnknownSyncRationalesAndPurgeInBackground: queueing
12-22 08:40:45.488 20557 20671 I Gmail   : calculateUnknownSyncRationalesAndPurgeInBackground: queueing
12-22 08:40:45.515  5040 18546 I ActivityManager: Start proc 20673:com.google.android.gms.unstable/u0a18 for service com.google.android.gms/.droidguard.DroidGuardService
12-22 08:40:45.519 20557 20581 I Gmail   : getAccountsCursor
12-22 08:40:45.533 20557 20594 I Gmail   : getStartSyncRequest: handledServerOpId: 444734, upperFetchedConvoId: 1550508206449491968, lowerFetchedConvoId: 0, ackedClientOp: 220
12-22 08:40:45.541 20557 20671 I Gmail   : calculateUnknownSyncRationalesAndPurgeInBackground: running
12-22 08:40:45.547 20557 20671 I Gmail   : calculateUnknownSyncRationalesAndPurgeInBackground: running
12-22 08:40:45.612 20557 20598 I Gmail   : getAccountsCursor
12-22 08:40:45.654 20673 20673 I chatty  : uid=10018 com.google.android.gms.unstable expire 5 lines
12-22 08:40:45.769 20557 20594 D ApplicationLoaders: ignored Vulkan layer search path /data/app/com.google.android.gms-1/lib/arm64:/system/fake-libs64:/data/app/com.google.android.gms-1/base.apk!/lib/arm64-v8a for namespace 0x7aa2cb50f0
12-22 08:40:45.782  3804  9332 D WVCdm   : Instantiating CDM.
12-22 08:40:45.783  3804 11155 I WVCdm   : CdmEngine::OpenSession
12-22 08:40:45.783  3804 11155 I WVCdm   : Level3 Library 4445 Sep 10 2016 21:30:01
12-22 08:40:45.787  3804 11155 D DrmWidevineDash: OEMCrypto_Initialize: starts! g_qsee_apps_version = 0x32
12-22 08:40:45.787  3804 11155 D DrmWidevineDash: Service_Initialize: starts!
12-22 08:40:45.787  3804 11155 D QSEECOMAPI: : QSEECom_get_handle sb_length = 0x19000
12-22 08:40:45.787  3804 11155 D QSEECOMAPI: : App is not loaded in QSEE
12-22 08:40:45.812 20557 20594 W linker  : /data/app/com.google.android.gms-1/lib/arm64/libgmscore.so: unused DT entry: type 0x7ffffffd arg 0x885
12-22 08:40:45.819 20557 20594 W linker  : /data/app/com.google.android.gms-1/lib/arm64/libconscrypt_gmscore_jni.so: unused DT entry: type 0x7ffffffd arg 0x169
12-22 08:40:45.820 20557 20594 V JNIHelp : Registering com/google/android/gms/org/conscrypt/NativeCrypto's 235 native methods...
12-22 08:40:45.832  3804 11155 D QSEECOMAPI: : Loaded image: APP id = 39
12-22 08:40:45.834  3804 11155 D DrmWidevineDash: Service_Initialize: ends! returns 0
12-22 08:40:45.834  3804 11155 D DrmWidevineDash: Service_Initialize: function time: 47ms (0s 47882817ns)
12-22 08:40:45.835  3804 11155 D QSAPPSVER: qsapps_get_capabilities: Capability from secure side: 0x0
12-22 08:40:45.835  3804 11155 D QSAPPSVER: qsapps_get_capabilities: returns 0
12-22 08:40:45.835  3804 11155 D DrmWidevineDash: OEMCrypto_Initialize sion_buffer g_wv_fhandle->ion_sbuffer  0x0xef201000
12-22 08:40:45.835  3804 11155 E DrmWidevineDash: sion_buffer g_wv_fhandle->ion_sbuffer  0x0xef201000
12-22 08:40:45.839   355   358 D DrmLibTime: got the req here! ret=0
12-22 08:40:45.840   355   358 D DrmLibTime: command id, time_cmd_id = 770
12-22 08:40:45.840   355   358 D DrmLibTime: time_getutcsec starts!
12-22 08:40:45.840   355   358 D DrmLibTime: QSEE Time Listener: time_getutcsec
12-22 08:40:45.840   355   358 D DrmLibTime: QSEE Time Listener: get_utc_seconds
12-22 08:40:45.840   355   358 D DrmLibTime: QSEE Time Listener: time_get_modem_time
12-22 08:40:45.840   355   358 D DrmLibTime: QSEE Time Listener: Checking if ATS_MODEM is set or not.
12-22 08:40:45.840   355   358 D QC-time-services: Lib:time_genoff_operation: pargs->base = 13
12-22 08:40:45.840   355   358 D QC-time-services: Lib:time_genoff_operation: pargs->operation = 2
12-22 08:40:45.840   355   358 D QC-time-services: Lib:time_genoff_operation: pargs->ts_val = 0
12-22 08:40:45.840   355   358 D QC-time-services: Lib:time_genoff_operation: Send to server  passed!!
12-22 08:40:45.840  3815  3879 D QC-time-services: Daemon: Connection accepted:time_genoff
12-22 08:40:45.841  3815 20726 D QC-time-services: Daemon:Received base = 13, unit = 1, operation = 2,value = 0
12-22 08:40:45.841  3815 20726 D QC-time-services: Daemon:genoff_opr: Base = 13, val = 0, operation = 2
12-22 08:40:45.841  3815 20726 D QC-time-services: offset is: 1 for base: 13
12-22 08:40:45.841   355   358 E QC-time-services: Receive Passed == base = 13, unit = 1, operation = 2, result = 0
12-22 08:40:45.841   355   358 D DrmLibTime: QSEE Time Listener: ATS_MODEM is set. Try to retrieve it.
12-22 08:40:45.841  3815  3879 E QC-time-services: Daemon: Time-services: Waiting to acceptconnection
12-22 08:40:45.841  3815  3879 D QC-time-services: Daemon: Connection accepted:time_genoff
12-22 08:40:45.842  3815 20727 D QC-time-services: Daemon:Received base = 13, unit = 1, operation = 1,value = 0
12-22 08:40:45.842  3815 20727 D QC-time-services: Daemon:genoff_opr: Base = 13, val = 0, operation = 1
12-22 08:40:45.842  3815 20727 D QC-time-services: Daemon: genoff get for 13
12-22 08:40:45.842  3815 20727 D QC-time-services: Daemon:rtc_get: Time read from RTC -- MM/DD/YY HH:MM:SS2/28/70 17:47:0
12-22 08:40:45.842  3815 20727 D QC-time-services: Daemon:Value read from RTC seconds = 7494420000
12-22 08:40:45.842  3815 20727 D QC-time-services: Daemon:Value read from generic offset = 1474898021000
12-22 08:40:45.842  3815 20727 D QC-time-services: Daemon:Final Time = 1482392441000
12-22 08:40:45.842   355   358 D DrmLibTime: QSEE Time Listener: Time GenOff - seconds: 1482392441
12-22 08:40:45.842   355   358 D DrmLibTime: time_getutcsec returns 0, sec = 1482392441; nsec = 0
12-22 08:40:45.842   355   358 D DrmLibTime: time_getutcsec finished! 
12-22 08:40:45.842   355   358 D DrmLibTime: iotcl_continue_command finished! and return 0 
12-22 08:40:45.842   355   358 D DrmLibTime: before calling ioctl to read the next time_cmd
12-22 08:40:45.843  3815  3879 E QC-time-services: Daemon: Time-services: Waiting to acceptconnection
12-22 08:40:45.853  3804 11155 D DrmWidevineDash: OEMCrypto_ION_Malloc: function time: 8ms (0s 8651303ns)
12-22 08:40:45.853  3804 11155 D DrmWidevineDash: OEMCrypto_Initialize: ends! returns 0
12-22 08:40:45.853  3804 11155 D DrmWidevineDash: _oecc01: function time: 66ms (0s 66107819ns)
12-22 08:40:45.853  3804 11155 D DrmWidevineDash: OEMCrypto_APIVersion: starts!
12-22 08:40:45.853  3804 11155 D DrmWidevineDash: hlos api version =  11
12-22 08:40:45.853  3804 11155 D DrmWidevineDash: tz api version =  11
12-22 08:40:45.853  3804 11155 D DrmWidevineDash: OEMCrypto_APIVersion: ends! returns version 11
12-22 08:40:45.853  3804 11155 D DrmWidevineDash: _oecc22: function time: 0ms (0s 648698ns)
12-22 08:40:45.853  3804 11155 D DrmWidevineDash: OEMCrypto_IsKeyboxValid: starts!
12-22 08:40:45.865 20557 20594 D NetworkSecurityConfig: Using Network Security Config from resource network_security_config debugBuild: false
12-22 08:40:45.874 20557 20594 I ProviderInstaller: Installed default security provider GmsCore_OpenSSL
12-22 08:40:45.882  3804 11155 D DrmWidevineDash: OEMCrypto_IsKeyboxValid: ends! returns 0
12-22 08:40:45.882  3804 11155 D DrmWidevineDash: _oecc05: function time: 28ms (0s 28217971ns)
12-22 08:40:45.882  3804 11155 D WVCdm   : OEMCrypto_Initialize Level 1 success. I will use level 1.
12-22 08:40:45.882  3804 11155 D DrmWidevineDash: OEMCrypto_OpenSession: starts! SID=0xedd7f3ec
12-22 08:40:45.882  3804 11155 D DrmWidevineDash: OEMCrypto_OpenSession Session ID = 0
12-22 08:40:45.882  3804 11155 D DrmWidevineDash: OEMCrypto_OpenSession SID = 1
12-22 08:40:45.882  3804 11155 D DrmWidevineDash: OEMCrypto_OpenSession: ends! returns 0
12-22 08:40:45.882  3804 11155 D DrmWidevineDash: _oecc09: function time: 0ms (0s 665833ns)
12-22 08:40:45.883  3804 11155 D DrmWidevineDash: _oecc06: function time: 0ms (0s 623750ns)
12-22 08:40:45.885  3804 11155 D DrmWidevineDash: OEMCrypto_LoadDeviceRSAKey: starts! SID=1, wrapped_rsa_key=0xedc4ac00, wrapped_rsa_key_length=1280
12-22 08:40:45.888  3804 11155 D DrmWidevineDash: OEMCrypto_LoadDeviceRSAKey: ends! returns 0
12-22 08:40:45.888  3804 11155 D DrmWidevineDash: _oecc19: function time: 3ms (0s 3171355ns)
12-22 08:40:45.889  3804 11155 D DrmWidevineDash: _oecc06: function time: 0ms (0s 708698ns)
12-22 08:40:45.889  3804 11155 I WVCdm   : CdmEngine::QueryKeyControlInfo
12-22 08:40:45.889  3804  3804 I WVCdm   : CdmEngine::GenerateKeyRequest
12-22 08:40:45.889  3804  3804 D DrmWidevineDash: OEMCrypto_GetDeviceID: starts! deviceID=0xee319a20, idLength=0xffd76efc
12-22 08:40:45.912  3804  3804 D DrmWidevineDash: OEMCrypto_GetDeviceID: ends! returns 0
12-22 08:40:45.912  3804  3804 D DrmWidevineDash: _oecc07: function time: 23ms (0s 23189481ns)
12-22 08:40:45.912  3804  3804 D DrmWidevineDash: OEMCrypto_Security_Patch_Level: starts!
12-22 08:40:45.913  3804  3804 E DrmWidevineDash: tz api security patch level =  0
12-22 08:40:45.913  3804  3804 D DrmWidevineDash: OEMCrypto_Security_Patch_Level: ends! returns level 0
12-22 08:40:45.913  3804  3804 D DrmWidevineDash: _oecc46: function time: 0ms (0s 502552ns)
12-22 08:40:45.913  3804  3804 D DrmWidevineDash: OEMCrypto_SupportsUsageTable: starts!
12-22 08:40:45.914  3804  3804 D DrmWidevineDash: OEMCrypto_SupportsUsageTable: is_supported = 1
12-22 08:40:45.914  3804  3804 D DrmWidevineDash: OEMCrypto_SupportsUsageTable: wv_app_version =0x34
12-22 08:40:45.914  3804  3804 D DrmWidevineDash: OEMCrypto_SupportsUsageTable: ends! returns 0
12-22 08:40:45.914  3804  3804 D DrmWidevineDash: _oecc29: function time: 0ms (0s 897396ns)
12-22 08:40:45.914  3804  3804 D DrmWidevineDash: OEMCrypto_IsAntiRollbackHwPresent: starts!
12-22 08:40:45.915  3804  3804 D DrmWidevineDash: OEMCrypto_IsAntiRollbackHwPresent ends! ret=0, is_antirb_enabled = 1
12-22 08:40:45.915  3804  3804 D DrmWidevineDash: _oecc39: function time: 0ms (0s 726823ns)
12-22 08:40:45.915  3804  3804 D DrmWidevineDash: OEMCrypto_APIVersion: starts!
12-22 08:40:45.915  3804  3804 D DrmWidevineDash: hlos api version =  11
12-22 08:40:45.915  3804  3804 D DrmWidevineDash: tz api version =  11
12-22 08:40:45.915  3804  3804 D DrmWidevineDash: OEMCrypto_APIVersion: ends! returns version 11
12-22 08:40:45.915  3804  3804 D DrmWidevineDash: _oecc22: function time: 0ms (0s 507136ns)
12-22 08:40:45.915  3804  3804 D DrmWidevineDash: OEMCrypto_GetHDCPCapability starts!
12-22 08:40:45.916  3804  3804 D DrmWidevineDash: OEMCrypto_GetHDCPCapability current=255, max=4
12-22 08:40:45.916  3804  3804 D DrmWidevineDash: OEMCrypto_GetHDCPCapability ends! ret = 0
12-22 08:40:45.916  3804  3804 D DrmWidevineDash: _oecc44: function time: 0ms (0s 809375ns)
12-22 08:40:45.916  3804  3804 D DrmWidevineDash: OEMCrypto_GenerateNonce: starts! SID=1, nonce=0xffd770e4
12-22 08:40:45.917  3804  3804 D DrmWidevineDash: OEMCrypto_GenerateNonce: ends! returns 0
12-22 08:40:45.917  3804  3804 D DrmWidevineDash: _oecc14: function time: 0ms (0s 726302ns)
12-22 08:40:45.917  3804  3804 D WVCdm   : PrepareKeyRequest: nonce=2447885149
12-22 08:40:45.917  3804  3804 D DrmWidevineDash: OEMCrypto_GenerateRSASignature starts! SID=1, message=0xedc5f300
12-22 08:40:45.917  3804  3804 D DrmWidevineDash: message_length=1668, signature=0xee339000, signature_length=0xffd77084
12-22 08:40:45.976  3804  3804 D DrmWidevineDash: OEMCrypto_GenerateRSASignature returns 0
12-22 08:40:45.976  3804  3804 D DrmWidevineDash: _oecc36: function time: 59ms (0s 59239016ns)
12-22 08:40:45.977  3804  4151 I WVCdm   : CdmEngine::CloseSession
12-22 08:40:45.977  3804  4151 D DrmWidevineDash: OEMCrypto_CloseSession: starts! SID=1
12-22 08:40:45.978  3804  4151 D DrmWidevineDash: OEMCrypto_CloseSession: ends! returns 0
12-22 08:40:45.978  3804  4151 D DrmWidevineDash: _oecc10: function time: 0ms (0s 766198ns)
12-22 08:40:45.978  3804  4151 D DrmWidevineDash: OEMCrypto_Terminate: starts!
12-22 08:40:45.978  3804  4151 D DrmWidevineDash: Service_Uninitialize: starts!
12-22 08:40:45.978  3804  4151 D QSEECOMAPI: : QSEECom_dealloc_memory 
12-22 08:40:45.978  3804  4151 D QSEECOMAPI: : QSEECom_shutdown_app, app_id = 39
12-22 08:40:45.979  3804  4151 D DrmWidevineDash: Service_Uninitialize: ends! returns 0x0
