W/ActivityManager(  939): Scheduling restart of crashed service com.google.android.gms/.car.CarService in 1000ms
I/ActivityManager(  939): Killing 23842:com.android.vending/u0a39 (adj 15): empty #9
I/ActivityManager(  939): Start proc 24122:com.android.musicfx/u0a34 for broadcast com.android.musicfx/.Compatibility$Receiver
I/ActivityManager(  939): Start proc 24149:com.google.android.apps.magazines/u0a112 for broadcast com.google.android.apps.magazines/com.google.apps.dots.android.app.receiver.FirstInstallNotificationReceiver
I/ActivityManager(  939): Killing 23620:com.google.android.apps.docs/u0a90 (adj 15): empty #9
D/PackageManager(  939): Renaming /data/app/vmdl718922775.tmp to /data/app/com.sonymobile.sketch-1
I/ActivityManager(  939): Force stopping com.sonymobile.sketch appid=10153 user=-1: replace sys pkg
W/PackageManager(  939): Trying to update system app code path from /system/app/SomcSketch to /data/app/com.sonymobile.sketch-1
W/ActivityManager(  939): getRunningAppProcesses: caller 10112 does not hold REAL_GET_TASKS; limiting output
W/ActivityManager(  939): getRunningAppProcesses: caller 10112 does not hold REAL_GET_TASKS; limiting output
W/ActivityManager(  939): getRunningAppProcesses: caller 10112 does not hold REAL_GET_TASKS; limiting output
I/ActivityManager(  939): Start proc 24222:com.sonyericsson.xhs/u0a178 for broadcast com.sonyericsson.xhs/com.sonymobile.xhs.receivers.XLPackageUpdateReceiver
I/ActivityManager(  939): Killing 24071:com.google.android.partnersetup/u0a31 (adj 15): empty #9
I/ActivityManager(  939): Start proc 24265:com.sony.nfx.app.sfrc/u0a185 for broadcast com.sony.nfx.app.sfrc/.SocialifeUpdateReceiver
I/ActivityManager(  939): Killing 24122:com.android.musicfx/u0a34 (adj 15): empty #9
I/ActivityManager(  939): Start proc 24288:com.android.vending/u0a39 for broadcast com.android.vending/com.google.android.vending.verifier.PackageVerificationReceiver
I/ActivityManager(  939): Killing 23963:com.sonymobile.social.services/u0a27 (adj 15): empty #9
I/ActivityManager(  939): Start proc 24324:com.google.android.gms:car/u0a28 for service com.google.android.gms/.car.CarService
W/ResourcesManager(24324): Asset path '/system/framework/com.android.media.remotedisplay.jar' does not exist or contains no resources.
W/ResourcesManager(24324): Asset path '/system/framework/com.android.location.provider.jar' does not exist or contains no resources.
I/ActivityManager(  939): Start proc 24346:com.android.exchange/u0a25 for broadcast com.android.exchange/.ExchangeBroadcastReceiver
I/ActivityManager(  939): Killing 23989:com.sonyericsson.album/u0a43 (adj 15): empty #9
W/ResourcesManager(24346): Asset path '/system/framework/com.sonymobile.provider.tasks.jar' does not exist or contains no resources.
W/ResourcesManager(24346): Asset path '/system/framework/com.sonymobile.smime.jar' does not exist or contains no resources.
W/ResourcesManager(24346): Asset path '/system/framework/jcifs.jar' does not exist or contains no resources.
W/ResourcesManager(24346): Asset path '/system/framework/com.google.protobuf-2.3.0.jar' does not exist or contains no resources.
W/ResourcesManager(24346): Asset path '/system/framework/com.sonyericsson.idd.jar' does not exist or contains no resources.
I/ActivityManager(  939): Killing 24020:android.process.acore/u0a46 (adj 15): empty #9
I/ActivityManager(  939): Killing 24149:com.google.android.apps.magazines/u0a112 (adj 15): empty #9
I/ActivityManager(  939): Start proc 24374:com.android.musicfx/u0a34 for broadcast com.android.musicfx/.Compatibility$Receiver
I/ActivityManager(  939): Start proc 24394:com.sonymobile.social.services/u0a27 for broadcast com.sonyericsson.facebook.proxylogin/.permissions.PackageChangedReceiver
I/ActivityManager(  939): Killing 24092:com.sonymobile.autopairing/u0a148 (adj 15): empty #9
I/ActivityManager(  939): Start proc 24413:com.sonyericsson.album/u0a43 for broadcast com.sonyericsson.album/.online.UpdateReceiver
I/ActivityManager(  939): Killing 24044:com.google.android.googlequicksearchbox:search/u0a62 (adj 15): empty #9
W/ResourcesManager(24413): Asset path '/system/framework/com.sonymobile.playanywhere.jar' does not exist or contains no resources.
W/ResourcesManager(24413): Asset path '/system/framework/com.sonymobile.remotefileaccess.jar' does not exist or contains no resources.
W/ResourcesManager(24413): Asset path '/system/framework/com.google.android.maps.jar' does not exist or contains no resources.
W/ResourcesManager(24413): Asset path '/system/framework/com.sonyericsson.dlna_impl.jar' does not exist or contains no resources.
W/ResourcesManager(24413): Asset path '/system/framework/com.sonymobile.drmstream_impl.jar' does not exist or contains no resources.
W/ResourcesManager(24413): Asset path '/system/framework/com.sonymobile.photoanalyzer_impl.jar' does not exist or contains no resources.
W/ResourcesManager(24413): Asset path '/system/framework/com.sonyericsson.colorextraction_impl.jar' does not exist or contains no resources.
W/ResourcesManager(24413): Asset path '/system/framework/com.sony.device.jar' does not exist or contains no resources.
W/ResourcesManager(24413): Asset path '/system/framework/com.sonyericsson.illumination.jar' does not exist or contains no resources.
W/ResourcesManager(24413): Asset path '/system/framework/com.sonymobile.settings.illumination.jar' does not exist or contains no resources.
I/ActivityManager(  939): Start proc 24435:android.process.acore/u0a46 for broadcast com.android.providers.contacts/.PackageIntentReceiver
I/ActivityManager(  939): Killing 24222:com.sonyericsson.xhs/u0a178 (adj 15): empty #9
I/ActivityManager(  939): Start proc 24456:com.google.android.googlequicksearchbox:search/u0a62 for broadcast com.google.android.googlequicksearchbox/com.google.android.search.core.icingsync.IcingCorporaChangedReceiver
I/ActivityManager(  939): Killing 24265:com.sony.nfx.app.sfrc/u0a185 (adj 15): empty #9
I/ActivityManager(  939): Killing 24346:com.android.exchange/u0a25 (adj 15): empty #9
I/ActivityManager(  939): Start proc 24474:com.google.android.apps.docs/u0a90 for broadcast com.google.android.apps.docs/.receivers.AppPackageAddRemoveReceiver
W/ActivityManager(  939): getRunningAppProcesses: caller 10090 does not hold REAL_GET_TASKS; limiting output
W/ActivityManager(  939): getRunningAppProcesses: caller 10090 does not hold REAL_GET_TASKS; limiting output
W/ActivityManager(  939): getRunningAppProcesses: caller 10090 does not hold REAL_GET_TASKS; limiting output
W/ActivityManager(  939): getRunningAppProcesses: caller 10090 does not hold REAL_GET_TASKS; limiting output
I/ActivityManager(  939): Start proc 24505:com.android.keychain/1000 for broadcast com.android.keychain/.KeyChainBroadcastReceiver
I/ActivityManager(  939): Killing 24324:com.google.android.gms:car/u0a28 (adj 15): empty #9
W/ActivityManager(  939): Scheduling restart of crashed service com.google.android.gms/.car.CarService in 1000ms
W/ContextImpl(24505): Calling a method in the system process without a qualified user: android.app.ContextImpl.startService:1713 android.content.ContextWrapper.startService:516 android.content.ContextWrapper.startService:516 com.android.keychain.KeyChainBroadcastReceiver.onReceive:12 android.app.ActivityThread.handleReceiver:2673 
I/ActivityManager(  939): Delay finish: com.google.android.apps.plus/.service.PackagesMediaMonitor
I/ActivityManager(  939): Resuming delayed broadcast
I/ActivityManager(  939): Delay finish: com.google.android.apps.plus/.service.PhotosAppTransitionMonitor
I/ActivityManager(  939): Resuming delayed broadcast
I/ActivityManager(  939): Start proc 24531:com.realvnc.android.remote/u0a130 for broadcast com.realvnc.android.remote/.RemoteControlService$PackageManagerReceiver
I/ActivityManager(  939): Killing 24374:com.android.musicfx/u0a34 (adj 15): empty #9
I/ActivityManager(  939): Start proc 24552:com.facebook.katana:dash/u0a192 for broadcast com.facebook.katana/com.facebook.dash.receivers.DashPackageUninstallReceiver
W/ResourcesManager(24552): Asset path '/system/framework/com.google.android.maps.jar' does not exist or contains no resources.
W/ActivityManager(  939): getRunningAppProcesses: caller 10192 does not hold REAL_GET_TASKS; limiting output
W/ActivityManager(  939): getRunningAppProcesses: caller 10192 does not hold REAL_GET_TASKS; limiting output
W/ActivityManager(  939): getRunningAppProcesses: caller 10192 does not hold REAL_GET_TASKS; limiting output
W/ActivityManager(  939): getRunningAppProcesses: caller 10192 does not hold REAL_GET_TASKS; limiting output
W/ActivityManager(  939): getRunningAppProcesses: caller 10192 does not hold REAL_GET_TASKS; limiting output
I/ActivityManager(  939): Start proc 24579:com.google.android.gms:car/u0a28 for service com.google.android.gms/.car.CarService
D/WifiService(  939): New client listening to asynchronous messages
I/ActivityManager(  939): Start proc 24598:com.facebook.katana/u0a192 for content provider com.facebook.katana/.provider.orca.FbSharedPreferencesContentProvider
I/ActivityManager(  939): Killing 24288:com.android.vending/u0a39 (adj 15): empty #9
W/ResourcesManager(24579): Asset path '/system/framework/com.android.media.remotedisplay.jar' does not exist or contains no resources.
W/ResourcesManager(24579): Asset path '/system/framework/com.android.location.provider.jar' does not exist or contains no resources.
I/ActivityManager(  939): Killing 24394:com.sonymobile.social.services/u0a27 (adj 15): empty #9
I/ActivityManager(  939): Start proc 24620:com.android.exchange/u0a25 for broadcast com.android.exchange/.ExchangeBroadcastReceiver
W/ResourcesManager(24620): Asset path '/system/framework/com.sonymobile.provider.tasks.jar' does not exist or contains no resources.
W/ResourcesManager(24620): Asset path '/system/framework/com.sonymobile.smime.jar' does not exist or contains no resources.
W/ResourcesManager(24620): Asset path '/system/framework/jcifs.jar' does not exist or contains no resources.
W/ResourcesManager(24620): Asset path '/system/framework/com.google.protobuf-2.3.0.jar' does not exist or contains no resources.
W/ResourcesManager(24620): Asset path '/system/framework/com.sonyericsson.idd.jar' does not exist or contains no resources.
W/ResourcesManager(24598): Asset path '/system/framework/com.google.android.maps.jar' does not exist or contains no resources.
I/ActivityManager(  939): Killing 24413:com.sonyericsson.album/u0a43 (adj 15): empty #9
W/ActivityManager(  939): getRunningAppProcesses: caller 10192 does not hold REAL_GET_TASKS; limiting output
I/ActivityManager(  939): Start proc 24643:com.google.android.partnersetup/u0a31 for broadcast com.google.android.partnersetup/.RlzPingBroadcastReceiver
I/ActivityManager(  939): Killing 24435:android.process.acore/u0a46 (adj 15): empty #9
I/ActivityManager(  939): Start proc 24662:com.google.android.gms.wearable/u0a28 for service com.google.android.gms/.wearable.service.WearableControlService
W/ActivityManager(  939): getRunningAppProcesses: caller 10192 does not hold REAL_GET_TASKS; limiting output
W/ResourcesManager(24662): Asset path '/system/framework/com.android.media.remotedisplay.jar' does not exist or contains no resources.
W/ResourcesManager(24662): Asset path '/system/framework/com.android.location.provider.jar' does not exist or contains no resources.
W/ActivityManager(  939): getRunningAppProcesses: caller 10192 does not hold REAL_GET_TASKS; limiting output
I/ActivityManager(  939): Start proc 24684:com.android.musicfx/u0a34 for broadcast com.android.musicfx/.Compatibility$Receiver
I/ActivityManager(  939): Killing 24456:com.google.android.googlequicksearchbox:search/u0a62 (adj 15): empty #9
I/ActivityManager(  939): Killing 24505:com.android.keychain/1000 (adj 15): empty #9
W/ActivityManager(  939): getRunningAppProcesses: caller 10192 does not hold REAL_GET_TASKS; limiting output
I/ActivityManager(  939): Start proc 24708:com.android.vending/u0a39 for broadcast com.android.vending/com.google.android.finsky.receivers.PackageMonitorReceiver$RegisteredReceiver
I/ActivityManager(  939): Killing 24531:com.realvnc.android.remote/u0a130 (adj 15): empty #9
W/ActivityManager(  939): getRunningAppProcesses: caller 10192 does not hold REAL_GET_TASKS; limiting output
I/ActivityManager(  939): Start proc 24750:com.sonymobile.social.services/u0a27 for broadcast com.sonyericsson.facebook.proxylogin/.permissions.PackageChangedReceiver
I/ActivityManager(  939): Killing 24552:com.facebook.katana:dash/u0a192 (adj 15): empty #9
D/WifiService(  939): Client connection lost with reason: 4
D/WifiService(  939): New client listening to asynchronous messages
I/ActivityManager(  939): Start proc 24777:com.sonyericsson.album/u0a43 for broadcast com.sonyericsson.album/.online.UpdateReceiver
I/ActivityManager(  939): Killing 24598:com.facebook.katana/u0a192 (adj 15): empty #9
D/WifiService(  939): Client connection lost with reason: 4
W/ResourcesManager(24777): Asset path '/system/framework/com.sonymobile.playanywhere.jar' does not exist or contains no resources.
W/ResourcesManager(24777): Asset path '/system/framework/com.sonymobile.remotefileaccess.jar' does not exist or contains no resources.
W/ResourcesManager(24777): Asset path '/system/framework/com.google.android.maps.jar' does not exist or contains no resources.
W/ResourcesManager(24777): Asset path '/system/framework/com.sonyericsson.dlna_impl.jar' does not exist or contains no resources.
W/ResourcesManager(24777): Asset path '/system/framework/com.sonymobile.drmstream_impl.jar' does not exist or contains no resources.
W/ResourcesManager(24777): Asset path '/system/framework/com.sonymobile.photoanalyzer_impl.jar' does not exist or contains no resources.
W/ResourcesManager(24777): Asset path '/system/framework/com.sonyericsson.colorextraction_impl.jar' does not exist or contains no resources.
W/ResourcesManager(24777): Asset path '/system/framework/com.sony.device.jar' does not exist or contains no resources.
W/ResourcesManager(24777): Asset path '/system/framework/com.sonyericsson.illumination.jar' does not exist or contains no resources.
W/ResourcesManager(24777): Asset path '/system/framework/com.sonymobile.settings.illumination.jar' does not exist or contains no resources.
I/ActivityManager(  939): Start proc 24802:android.process.acore/u0a46 for broadcast com.android.providers.contacts/.PackageIntentReceiver
I/ActivityManager(  939): Killing 24620:com.android.exchange/u0a25 (adj 15): empty #9
I/ActivityManager(  939): Start proc 24823:com.google.android.googlequicksearchbox:search/u0a62 for broadcast com.google.android.googlequicksearchbox/com.google.android.search.core.icingsync.IcingCorporaChangedReceiver
I/ActivityManager(  939): Killing 24662:com.google.android.gms.wearable/u0a28 (adj 15): empty #9
I/ActivityManager(  939): Delay finish: com.sonyericsson.extras.liveware/.aef.service.InstallEventReceiver
I/ActivityManager(  939): Resuming delayed broadcast
I/ActivityManager(  939): Delay finish: com.google.android.apps.plus/.service.PackagesMediaMonitor
I/ActivityManager(  939): Resuming delayed broadcast
I/ActivityManager(  939): Delay finish: com.google.android.apps.plus/.service.PhotosAppTransitionMonitor
I/ActivityManager(  939): Resuming delayed broadcast
I/ActivityManager(  939): Start proc 24854:com.sonymobile.autopairing/u0a148 for broadcast com.sonymobile.autopairing/.AndroidPackageIntentReceiver
W/ResourcesManager(24854): Asset path '/system/framework/com.sonymobile.tvout.wifidisplay_impl.jar' does not exist or contains no resources.
I/ActivityManager(  939): Killing 24643:com.google.android.partnersetup/u0a31 (adj 15): empty #9
I/ActivityManager(  939): Killing 24684:com.android.musicfx/u0a34 (adj 15): empty #9
I/ActivityManager(  939): Delay finish: com.sonyericsson.updatecenter/.update.ApplicationInstalledReceiver
I/ActivityManager(  939): Resuming delayed broadcast
I/ActivityManager(  939): Killing 24750:com.sonymobile.social.services/u0a27 (adj 15): empty #9
I/ActivityManager(  939): Start proc 24881:com.android.musicfx/u0a34 for broadcast com.android.musicfx/.Compatibility$Receiver
I/ActivityManager(  939): Start proc 24902:com.sonymobile.social.services/u0a27 for broadcast com.sonyericsson.facebook.proxylogin/.permissions.PackageChangedReceiver
I/ActivityManager(  939): Killing 24579:com.google.android.gms:car/u0a28 (adj 15): empty #9
W/ActivityManager(  939): Scheduling restart of crashed service com.google.android.gms/.car.CarService in 1000ms
I/ActivityManager(  939): Start proc 24923:com.google.android.apps.magazines/u0a112 for broadcast com.google.android.apps.magazines/com.google.apps.dots.android.app.receiver.FirstInstallNotificationReceiver
I/ActivityManager(  939): Killing 24708:com.android.vending/u0a39 (adj 15): empty #9
W/ActivityManager(  939): getRunningAppProcesses: caller 10112 does not hold REAL_GET_TASKS; limiting output
W/ActivityManager(  939): getRunningAppProcesses: caller 10112 does not hold REAL_GET_TASKS; limiting output
W/ActivityManager(  939): getRunningAppProcesses: caller 10112 does not hold REAL_GET_TASKS; limiting output
I/ActivityManager(  939): Start proc 24981:com.sonyericsson.xhs/u0a178 for broadcast com.sonyericsson.xhs/com.sonymobile.xhs.receivers.XLPackageUpdateReceiver
I/ActivityManager(  939): Killing 24474:com.google.android.apps.docs/u0a90 (adj 15): empty #9
I/ActivityManager(  939): Start proc 25020:com.sony.nfx.app.sfrc/u0a185 for broadcast com.sony.nfx.app.sfrc/.SocialifeUpdateReceiver
I/ActivityManager(  939): Killing 24881:com.android.musicfx/u0a34 (adj 15): empty #9
I/ActivityManager(  939): Killing 24902:com.sonymobile.social.services/u0a27 (adj 15): empty #9
I/ActivityManager(  939): Start proc 25043:com.google.android.gms.wearable/u0a28 for service com.google.android.gms/.wearable.service.WearableService
W/ResourcesManager(25043): Asset path '/system/framework/com.android.media.remotedisplay.jar' does not exist or contains no resources.
W/ResourcesManager(25043): Asset path '/system/framework/com.android.location.provider.jar' does not exist or contains no resources.
I/ActivityManager(  939): Start proc 25062:com.android.vending/u0a39 for broadcast com.android.vending/com.google.android.vending.verifier.PackageVerificationReceiver
I/ActivityManager(  939): Start proc 25101:com.google.android.gms:car/u0a28 for service com.google.android.gms/.car.CarService
W/ResourcesManager(25101): Asset path '/system/framework/com.android.media.remotedisplay.jar' does not exist or contains no resources.
W/ResourcesManager(25101): Asset path '/system/framework/com.android.location.provider.jar' does not exist or contains no resources.
I/ActivityManager(  939): Start proc 25124:com.sonymobile.runtimeskinning.picker/u0a184 for broadcast com.sonymobile.runtimeskinning.picker/.SkinVerifiedReceiver
I/ActivityManager(  939): Killing 24777:com.sonyericsson.album/u0a43 (adj 15): empty #9
I/ActivityManager(  939): Killing 24802:android.process.acore/u0a46 (adj 15): empty #9
I/ActivityManager(  939): Killing 24823:com.google.android.googlequicksearchbox:search/u0a62 (adj 15): empty #9
W/PackageManager(  939): Code path for pkg : com.sonymobile.sketch changing from /system/app/SomcSketch to /data/app/com.sonymobile.sketch-1
I/ActivityManager(  939): Force stopping com.sonymobile.sketch appid=10153 user=-1: update pkg
W/PackageManager(  939): Resource path for pkg : com.sonymobile.sketch changing from /system/app/SomcSketch to /data/app/com.sonymobile.sketch-1
W/PackageManager(  939): Unknown permission com.sony.snei.np.android.account.permission.ACCOUNT_BROADCAST in package com.sonymobile.sketch
W/PackageManager(  939): Not granting permission com.sonymobile.home.permission.PROVIDER_READ_BADGE to package com.sonymobile.sketch (protectionLevel=18 flags=0x583ec5)
I/ActivityManager(  939): Force stopping com.sonymobile.sketch appid=10153 user=0: pkg removed
I/ActivityManager(  939): Killing 24923:com.google.android.apps.magazines/u0a112 (adj 15): empty #9
D/JobSchedulerService(  939): Receieved: android.intent.action.PACKAGE_REMOVED
D/BackupManagerService(  939): Received broadcast Intent { act=android.intent.action.PACKAGE_REMOVED dat=package:com.sonymobile.sketch flg=0x4000010 (has extras) }
W/ResourcesManager(  939): Asset path '/system/framework/com.sonyericsson.uxpres.jar' does not exist or contains no resources.
W/ResourcesManager(  939): Asset path '/system/framework/com.sonymobile.smime.jar' does not exist or contains no resources.
W/ResourcesManager(  939): Asset path '/system/framework/com.google.protobuf-2.3.0.jar' does not exist or contains no resources.
W/ResourcesManager(  939): Asset path '/system/framework/com.sonyericsson.idd.jar' does not exist or contains no resources.
I/ActivityManager(  939): Start proc 25184:com.android.exchange/u0a25 for broadcast com.android.exchange/.ExchangeBroadcastReceiver
I/ActivityManager(  939): Start proc 25201:com.sony.smallapp.launcher/u0a146 for content provider com.sony.smallapp.launcher/.SmallAppInfoProvider
W/ResourcesManager(25184): Asset path '/system/framework/com.sonymobile.provider.tasks.jar' does not exist or contains no resources.
W/ResourcesManager(25184): Asset path '/system/framework/com.sonymobile.smime.jar' does not exist or contains no resources.
W/ResourcesManager(25184): Asset path '/system/framework/jcifs.jar' does not exist or contains no resources.
W/ResourcesManager(25184): Asset path '/system/framework/com.google.protobuf-2.3.0.jar' does not exist or contains no resources.
W/ResourcesManager(25184): Asset path '/system/framework/com.sonyericsson.idd.jar' does not exist or contains no resources.
W/ResourcesManager(25201): Asset path '/system/framework/com.sony.smallapp.jar' does not exist or contains no resources.
W/ResourcesManager(  939): Asset path '/system/framework/com.google.android.maps.jar' does not exist or contains no resources.
W/ResourcesManager(  939): Asset path '/system/framework/com.sonymobile.settings.illumination.jar' does not exist or contains no resources.
I/ActivityManager(  939): Killing 24854:com.sonymobile.autopairing/u0a148 (adj 15): empty #9
D/BackupManagerService(  939): Received broadcast Intent { act=android.intent.action.PACKAGE_ADDED dat=package:com.sonymobile.sketch flg=0x4000010 (has extras) }
W/ResourcesManager(  939): Asset path '/system/framework/com.google.android.maps.jar' does not exist or contains no resources.
W/ResourcesManager(  939): Asset path '/system/framework/com.sonymobile.settings.illumination.jar' does not exist or contains no resources.
W/ResourcesManager(  939): Asset path '/system/framework/com.sonyericsson.uxpres.jar' does not exist or contains no resources.
W/ResourcesManager(  939): Asset path '/system/framework/com.sonymobile.smime.jar' does not exist or contains no resources.
W/ResourcesManager(  939): Asset path '/system/framework/com.google.protobuf-2.3.0.jar' does not exist or contains no resources.
W/ResourcesManager(  939): Asset path '/system/framework/com.sonyericsson.idd.jar' does not exist or contains no resources.
I/ActivityManager(  939): Start proc 25230:com.android.musicfx/u0a34 for broadcast com.android.musicfx/.Compatibility$Receiver
I/ActivityManager(  939): Start proc 25258:com.sonymobile.social.services/u0a27 for broadcast com.sonyericsson.facebook.proxylogin/.permissions.PackageChangedReceiver
I/ActivityManager(  939): Killing 24981:com.sonyericsson.xhs/u0a178 (adj 15): empty #9
I/ActivityManager(  939): Killing 25020:com.sony.nfx.app.sfrc/u0a185 (adj 15): empty #9
I/ActivityManager(  939): Start proc 25277:com.sonyericsson.album/u0a43 for broadcast com.sonyericsson.album/.online.UpdateReceiver
I/ActivityManager(  939): Killing 25124:com.sonymobile.runtimeskinning.picker/u0a184 (adj 15): empty #9
I/ActivityManager(  939): Killing 25201:com.sony.smallapp.launcher/u0a146 (adj 15): empty #9
W/ResourcesManager(25277): Asset path '/system/framework/com.sonymobile.playanywhere.jar' does not exist or contains no resources.
W/ResourcesManager(25277): Asset path '/system/framework/com.sonymobile.remotefileaccess.jar' does not exist or contains no resources.
W/ResourcesManager(25277): Asset path '/system/framework/com.google.android.maps.jar' does not exist or contains no resources.
W/ResourcesManager(25277): Asset path '/system/framework/com.sonyericsson.dlna_impl.jar' does not exist or contains no resources.
W/ResourcesManager(25277): Asset path '/system/framework/com.sonymobile.drmstream_impl.jar' does not exist or contains no resources.
W/ResourcesManager(25277): Asset path '/system/framework/com.sonymobile.photoanalyzer_impl.jar' does not exist or contains no resources.
W/ResourcesManager(25277): Asset path '/system/framework/com.sonyericsson.colorextraction_impl.jar' does not exist or contains no resources.
W/ResourcesManager(25277): Asset path '/system/framework/com.sony.device.jar' does not exist or contains no resources.
W/ResourcesManager(25277): Asset path '/system/framework/com.sonyericsson.illumination.jar' does not exist or contains no resources.
W/ResourcesManager(25277): Asset path '/system/framework/com.sonymobile.settings.illumination.jar' does not exist or contains no resources.
I/ActivityManager(  939): Killing 23791:com.android.defcontainer/u0a23 (adj 15): empty #10
I/ActivityManager(  939): Start proc 25303:android.process.acore/u0a46 for broadcast com.android.providers.contacts/.PackageIntentReceiver
I/ActivityManager(  939): Killing 25184:com.android.exchange/u0a25 (adj 15): empty #9
I/ActivityManager(  939): Start proc 25327:com.google.android.googlequicksearchbox:search/u0a62 for broadcast com.google.android.googlequicksearchbox/com.google.android.search.core.icingsync.IcingCorporaChangedReceiver
I/ActivityManager(  939): Killing 21821:com.sonymobile.devicesecurity.service/1000 (adj 13): empty #9
W/ActivityManager(  939): Scheduling restart of crashed service com.sonymobile.devicesecurity.service/.DeviceSecurityService in 1000ms
I/ActivityManager(  939): Killing 25230:com.android.musicfx/u0a34 (adj 15): empty #9
I/ActivityManager(  939): Start proc 25345:com.google.android.apps.docs/u0a90 for broadcast com.google.android.apps.docs/.receivers.AppPackageAddRemoveReceiver
W/ActivityManager(  939): getRunningAppProcesses: caller 10090 does not hold REAL_GET_TASKS; limiting output
W/ActivityManager(  939): getRunningAppProcesses: caller 10090 does not hold REAL_GET_TASKS; limiting output
W/ActivityManager(  939): getRunningAppProcesses: caller 10090 does not hold REAL_GET_TASKS; limiting output
W/ActivityManager(  939): getRunningAppProcesses: caller 10090 does not hold REAL_GET_TASKS; limiting output
I/ActivityManager(  939): Start proc 25386:com.android.keychain/1000 for broadcast com.android.keychain/.KeyChainBroadcastReceiver
W/ContextImpl(25386): Calling a method in the system process without a qualified user: android.app.ContextImpl.startService:1713 android.content.ContextWrapper.startService:516 android.content.ContextWrapper.startService:516 com.android.keychain.KeyChainBroadcastReceiver.onReceive:12 android.app.ActivityThread.handleReceiver:2673 
I/ActivityManager(  939): Delay finish: com.google.android.apps.plus/.service.PackagesMediaMonitor
I/ActivityManager(  939): Resuming delayed broadcast
I/ActivityManager(  939): Delay finish: com.google.android.apps.plus/.service.PhotosAppTransitionMonitor
I/ActivityManager(  939): Resuming delayed broadcast
I/ActivityManager(  939): Start proc 25407:com.realvnc.android.remote/u0a130 for broadcast com.realvnc.android.remote/.RemoteControlService$PackageManagerReceiver
I/ActivityManager(  939): Killing 25101:com.google.android.gms:car/u0a28 (adj 15): empty #9
W/ActivityManager(  939): Scheduling restart of crashed service com.google.android.gms/.car.CarService in 10179ms
I/ActivityManager(  939): Killing 21631:com.sonyericsson.updatecenter/u0a61 (adj 15): empty #9
I/ActivityManager(  939): Start proc 25428:com.sonyericsson.updatecenter/u0a61 for broadcast com.sonyericsson.updatecenter/.update.ApplicationRemovedReceiver
W/ResourcesManager(25428): Asset path '/system/framework/com.sonyericsson.uxpres.jar' does not exist or contains no resources.
W/ResourcesManager(25428): Asset path '/system/framework/com.sonymobile.devicesecurity_impl.jar' does not exist or contains no resources.
W/ResourcesManager(25428): Asset path '/system/framework/com.sonymobile.help.jar' does not exist or contains no resources.
W/ResourcesManager(25428): Asset path '/system/framework/com.sonyericsson.updatecenter.jar' does not exist or contains no resources.
W/ResourcesManager(25428): Asset path '/system/framework/com.sonymobile.fota.jar' does not exist or contains no resources.
I/ActivityManager(  939): Start proc 25456:com.facebook.katana:dash/u0a192 for broadcast com.facebook.katana/com.facebook.dash.receivers.DashPackageUninstallReceiver
I/ActivityManager(  939): Killing 25062:com.android.vending/u0a39 (adj 15): empty #9
I/ActivityManager(  939): Killing 25258:com.sonymobile.social.services/u0a27 (adj 15): empty #9
W/ResourcesManager(25456): Asset path '/system/framework/com.google.android.maps.jar' does not exist or contains no resources.
W/ActivityManager(  939): getRunningAppProcesses: caller 10192 does not hold REAL_GET_TASKS; limiting output
W/ActivityManager(  939): getRunningAppProcesses: caller 10192 does not hold REAL_GET_TASKS; limiting output
W/ActivityManager(  939): getRunningAppProcesses: caller 10192 does not hold REAL_GET_TASKS; limiting output
W/ActivityManager(  939): getRunningAppProcesses: caller 10192 does not hold REAL_GET_TASKS; limiting output
W/ActivityManager(  939): getRunningAppProcesses: caller 10192 does not hold REAL_GET_TASKS; limiting output
I/ActivityManager(  939): Start proc 25480:com.facebook.katana/u0a192 for content provider com.facebook.katana/.provider.orca.FbSharedPreferencesContentProvider
D/WifiService(  939): New client listening to asynchronous messages
I/ActivityManager(  939): Killing 25303:android.process.acore/u0a46 (adj 15): empty #9
W/ResourcesManager(25480): Asset path '/system/framework/com.google.android.maps.jar' does not exist or contains no resources.
I/ActivityManager(  939): Killing 25277:com.sonyericsson.album/u0a43 (adj 15): empty #10
W/ActivityManager(  939): getRunningAppProcesses: caller 10192 does not hold REAL_GET_TASKS; limiting output
I/ActivityManager(  939): Start proc 25504:com.android.exchange/u0a25 for broadcast com.android.exchange/.ExchangeBroadcastReceiver
W/ResourcesManager(25504): Asset path '/system/framework/com.sonymobile.provider.tasks.jar' does not exist or contains no resources.
W/ResourcesManager(25504): Asset path '/system/framework/com.sonymobile.smime.jar' does not exist or contains no resources.
W/ResourcesManager(25504): Asset path '/system/framework/jcifs.jar' does not exist or contains no resources.
W/ResourcesManager(25504): Asset path '/system/framework/com.google.protobuf-2.3.0.jar' does not exist or contains no resources.
W/ResourcesManager(25504): Asset path '/system/framework/com.sonyericsson.idd.jar' does not exist or contains no resources.
W/ActivityManager(  939): getRunningAppProcesses: caller 10192 does not hold REAL_GET_TASKS; limiting output
W/ActivityManager(  939): getRunningAppProcesses: caller 10192 does not hold REAL_GET_TASKS; limiting output
I/ActivityManager(  939): Delay finish: com.google.android.gms/.games.chimera.GamesSystemBroadcastReceiverProxy
I/ActivityManager(  939): Killing 25327:com.google.android.googlequicksearchbox:search/u0a62 (adj 15): empty #9
I/ActivityManager(  939): Delaying start of: ServiceRecord{13d01d83 u0 com.google.android.gms/.wearable.service.WearableControlService}
W/ActivityManager(  939): getRunningAppProcesses: caller 10192 does not hold REAL_GET_TASKS; limiting output
W/ActivityManager(  939): getRunningAppProcesses: caller 10192 does not hold REAL_GET_TASKS; limiting output
I/ActivityManager(  939): Resuming delayed broadcast
D/WifiService(  939): New client listening to asynchronous messages
I/ActivityManager(  939): Start proc 25561:com.google.android.partnersetup/u0a31 for broadcast com.google.android.partnersetup/.RlzPingBroadcastReceiver
I/ActivityManager(  939): Delay finish: com.google.android.partnersetup/.RlzPingBroadcastReceiver
I/ActivityManager(  939): Resuming delayed broadcast
I/ActivityManager(  939): Delay finish: com.google.android.partnersetup/.AppInstalledReceiver
I/ActivityManager(  939): Resuming delayed broadcast
I/ActivityManager(  939): Start proc 25583:com.android.musicfx/u0a34 for broadcast com.android.musicfx/.Compatibility$Receiver
I/ActivityManager(  939): Killing 25386:com.android.keychain/1000 (adj 15): empty #9
I/ActivityManager(  939): Delay finish: com.android.musicfx/.Compatibility$Receiver
I/ActivityManager(  939): Resuming delayed broadcast
I/ActivityManager(  939): Killing 25407:com.realvnc.android.remote/u0a130 (adj 15): empty #9
--------- beginning of main
D/SoLoader(25456): found fbjni in default place
D/SoLoader(25456): found heartbleed in default place
I/ActivityManager(  939): Start proc 25614:com.android.vending/u0a39 for broadcast com.android.vending/com.google.android.finsky.receivers.PackageMonitorReceiver$RegisteredReceiver
W/fb4a(:<default>):UserScope(25480): Called user scoped provider with no viewer. ViewerContextManager was created with no ViewerContext. Using EmptyViewerContextManager to return fake logged in instance.
W/fb4a(:<default>):ViewerContextManagerForUserScope(25480): User no longer logged in. Original uid: 0, viewer context: null, is_logged_in: false. Returning original viewer context.
W/fb4a(:<default>):UserScope(25480): Called user scoped provider with no viewer. ViewerContextManager was created with no ViewerContext. Using EmptyViewerContextManager to return fake logged in instance.
W/Finsky  (25614): [1] FinskyApp.getCurrentAccount: No account configured on this device.
D/Finsky  (25614): [1] FinskyApp.onCreate: Initializing network with DFE https://android.clients.google.com/fdfe/
W/Finsky  (25614): [1] FinskyApp.getCurrentAccount: No account configured on this device.
W/BroadcastQueue(  939): Permission Denial: broadcasting Intent { act=android.net.conn.INET_CONDITION_ACTION flg=0x4000010 (has extras) } from null (pid=-1, uid=-1) requires com.facebook.permission.prod.FB_APP_COMMUNICATION due to registered receiver BroadcastFilter{320bbaf2 u0 ReceiverList{14968dfd 25456 com.facebook.katana:dash/10192/u0 remote:2209ea54}}
W/BroadcastQueue(  939): Permission Denial: broadcasting Intent { act=android.net.conn.CONNECTIVITY_CHANGE flg=0x4000010 (has extras) } from null (pid=-1, uid=-1) requires com.facebook.permission.prod.FB_APP_COMMUNICATION due to registered receiver BroadcastFilter{320bbaf2 u0 ReceiverList{14968dfd 25456 com.facebook.katana:dash/10192/u0 remote:2209ea54}}
W/Finsky  (25614): [1] FinskyApp.getCurrentAccount: No account configured on this device.
W/Finsky  (25614): [1] FinskyApp.getCurrentAccount: No account configured on this device.
W/Finsky  (25614): [1] FinskyApp.getCurrentAccount: No account configured on this device.
D/Finsky  (25614): [1] DailyHygiene.goMakeHygieneIfDirty: No need to run daily hygiene.
I/ActivityManager(  939): Start proc 25659:com.google.android.gms:car/u0a28 for service com.google.android.gms/.car.CarService
W/Settings(25614): Setting download_manager_max_bytes_over_mobile has moved from android.provider.Settings.Secure to android.provider.Settings.Global.
W/Settings(25614): Setting download_manager_recommended_max_bytes_over_mobile has moved from android.provider.Settings.Secure to android.provider.Settings.Global.
W/Finsky  (25614): [1] FinskyApp.getCurrentAccount: No account configured on this device.
W/Finsky  (25614): [1] FinskyApp.getDfeApi: No account configured on this device.
W/ResourceType(25659): Found multiple library tables, ignoring...
W/ResourceType(25659): Found multiple library tables, ignoring...
W/fb4a(:dash):QuickExperimentControllerImpl(25456): Exposure of experiment com.facebook.http.qe.LigerHttpQuickExperiment@2920ee95 occurred when no user was logged in
W/ResourcesManager(25659): Asset path '/system/framework/com.android.media.remotedisplay.jar' does not exist or contains no resources.
W/ResourcesManager(25659): Asset path '/system/framework/com.android.location.provider.jar' does not exist or contains no resources.
W/ResourceType(25659): Found multiple library tables, ignoring...
I/MultiDex(25659): VM with version 2.1.0 has multidex support
I/MultiDex(25659): install
I/MultiDex(25659): VM has multidex support, MultiDex support library is disabled.
W/fb4a(:<default>):QuickExperimentControllerImpl(25480): Exposure of experiment com.facebook.common.util.typeface.ForcedRobotoQuickExperiment@10113df3 occurred when no user was logged in
I/ActivityManager(  939): Start proc 25685:com.sonymobile.social.services/u0a27 for broadcast com.sonyericsson.facebook.proxylogin/.permissions.PackageChangedReceiver
I/ActivityManager(  939): Killing 25428:com.sonyericsson.updatecenter/u0a61 (adj 15): empty #9
W/fb4a(:dash):QuickExperimentControllerImpl(25456): Exposure of experiment com.facebook.video.abtest.VideoBufferManagerExperiment@b47ce77 occurred when no user was logged in
W/fb4a(:dash):QuickExperimentControllerImpl(25456): Exposure of experiment com.facebook.video.abtest.VideoBufferManagerExperiment@b47ce77 occurred when no user was logged in
W/fb4a(:dash):QuickExperimentControllerImpl(25456): Exposure of experiment com.facebook.video.abtest.VideoBufferManagerExperiment@b47ce77 occurred when no user was logged in
W/fb4a(:dash):QuickExperimentControllerImpl(25456): Exposure of experiment com.facebook.video.abtest.VideoBufferManagerExperiment@b47ce77 occurred when no user was logged in
I/ProviderInstaller(25659): Insert disabled by gate 'gms:security:enable_conscrypt_in_gms_application'
D/Finsky  (25614): [1] GmsCoreHelper.cleanupNlp: result=false type=4
W/ResourceType(25685): Found multiple library tables, ignoring...
W/ResourceType(25685): Found multiple library tables, ignoring...
W/ResourceType(25685): Found multiple library tables, ignoring...
D/Finsky  (25614): [1] RestoreTracker.stopServiceIfDone: Restore complete with 0 success and 0 failed.
I/ActivityManager(  939): Delay finish: com.sonyericsson.facebook.proxylogin/.permissions.PackageChangedReceiver
E/JavaBinder( 2276): *** Uncaught remote exception!  (Exceptions are not yet supported across processes.)
E/JavaBinder( 2276): java.lang.RuntimeException: android.os.RemoteException
E/JavaBinder( 2276): 	at android.os.Parcel.writeException(Parcel.java:1436)
E/JavaBinder( 2276): 	at android.os.Binder.execTransact(Binder.java:452)
E/JavaBinder( 2276): Caused by: android.os.RemoteException
E/JavaBinder( 2276): 	at com.google.android.gms.ads.identifier.service.b.a(SourceFile:77)
E/JavaBinder( 2276): 	at com.google.android.gms.ads.identifier.a.e.onTransact(SourceFile:63)
E/JavaBinder( 2276): 	at android.os.Binder.execTransact(Binder.java:446)
W/BroadcastQueue(  939): Permission Denial: broadcasting Intent { act=android.net.conn.CONNECTIVITY_CHANGE flg=0x4000010 (has extras) } from null (pid=-1, uid=-1) requires com.facebook.permission.prod.FB_APP_COMMUNICATION due to registered receiver BroadcastFilter{39367bd9 u0 ReceiverList{1077b620 25456 com.facebook.katana:dash/10192/u0 remote:3d01e123}}
I/ActivityManager(  939): Delaying start of: ServiceRecord{33ab3c02 u0 com.facebook.katana/com.facebook.conditionalworker.ConditionalWorkerService}
W/fb4a(:<default>):QuickExperimentControllerImpl(25480): Exposure of experiment com.facebook.composer.minutiae.abtest.MinutiaeBackgroundUpdateQuickExperiment@12f7c64f occurred when no user was logged in
W/fb4a(:<default>):QuickExperimentControllerImpl(25480): Exposure of experiment com.facebook.timeline.prefetch.TimelinePrefetchExperiment@4c5f2e5 occurred when no user was logged in
W/fb4a(:<default>):QuickExperimentControllerImpl(25480): Exposure of experiment com.facebook.timeline.prefetch.TimelinePrefetchExperiment@4c5f2e5 occurred when no user was logged in
I/ActivityManager(  939): Killing 25456:com.facebook.katana:dash/u0a192 (adj 15): empty #9
D/WifiService(  939): Client connection lost with reason: 4
W/ResourceType(25659): Found multiple library tables, ignoring...
I/ActivityManager(  939): Resuming delayed broadcast
V/Finsky  (25614): [1] GearheadStateMonitor.onReady: sIsProjecting:false
I/CAR.SERVICE(25659): eventsListener not found in list
I/ActivityManager(  939): Start proc 25716:com.sonyericsson.album/u0a43 for broadcast com.sonyericsson.album/.online.UpdateReceiver
I/ActivityManager(  939): Killing 25504:com.android.exchange/u0a25 (adj 15): empty #9
W/ResourceType(25716): Found multiple library tables, ignoring...
W/ResourceType(25716): Found multiple library tables, ignoring...
W/ResourcesManager(25716): Asset path '/system/framework/com.sonymobile.playanywhere.jar' does not exist or contains no resources.
W/ResourcesManager(25716): Asset path '/system/framework/com.sonymobile.remotefileaccess.jar' does not exist or contains no resources.
W/ResourcesManager(25716): Asset path '/system/framework/com.google.android.maps.jar' does not exist or contains no resources.
W/ResourcesManager(25716): Asset path '/system/framework/com.sonyericsson.dlna_impl.jar' does not exist or contains no resources.
W/ResourcesManager(25716): Asset path '/system/framework/com.sonymobile.drmstream_impl.jar' does not exist or contains no resources.
W/ResourcesManager(25716): Asset path '/system/framework/com.sonymobile.photoanalyzer_impl.jar' does not exist or contains no resources.
W/ResourcesManager(25716): Asset path '/system/framework/com.sonyericsson.colorextraction_impl.jar' does not exist or contains no resources.
W/ResourcesManager(25716): Asset path '/system/framework/com.sony.device.jar' does not exist or contains no resources.
W/ResourcesManager(25716): Asset path '/system/framework/com.sonyericsson.illumination.jar' does not exist or contains no resources.
W/ResourcesManager(25716): Asset path '/system/framework/com.sonymobile.settings.illumination.jar' does not exist or contains no resources.
W/ResourceType(25716): Found multiple library tables, ignoring...
W/SQLiteConnectionPool( 2366): The connection pool for database '/data/data/com.android.providers.media/databases/external.db' has been unable to grant a connection to thread 172 (Binder_1) with flags 0x1 for 240.00401 seconds.
W/SQLiteConnectionPool( 2366): Connections: 0 active, 1 idle, 0 available.
D/Ulp_jni (  939): Location CB invoked
I/ActivityManager(  939): Start proc 25743:android.process.acore/u0a46 for broadcast com.android.providers.contacts/.PackageIntentReceiver
I/ActivityManager(  939): Killing 25043:com.google.android.gms.wearable/u0a28 (adj 15): empty #9
I/art     (  360): Explicit concurrent mark sweep GC freed 706(30KB) AllocSpace objects, 0(0B) LOS objects, 49% free, 4MB/8MB, paused 387us total 24.284ms
W/ResourceType(25743): Found multiple library tables, ignoring...
W/ResourceType(25743): Found multiple library tables, ignoring...
W/ResourceType(25743): Found multiple library tables, ignoring...
W/ResourceType(25743): Found multiple library tables, ignoring...
W/SQLiteConnectionPool( 2366): The connection pool for database '/data/data/com.android.providers.media/databases/external.db' has been unable to grant a connection to thread 215 (MtpMsgHandlerThread) with flags 0x1 for 240.30101 seconds.
W/SQLiteConnectionPool( 2366): Connections: 0 active, 1 idle, 0 available.
I/ActivityManager(  939): Start proc 25764:com.google.android.googlequicksearchbox:search/u0a62 for broadcast com.google.android.googlequicksearchbox/com.google.android.search.core.icingsync.IcingCorporaChangedReceiver
I/ActivityManager(  939): Killing 25561:com.google.android.partnersetup/u0a31 (adj 15): empty #9
I/ContactLocale(25743): AddressBook Labels [en-US;sr-RS]: [, A, B, C, D, E, F, G, H, I, J, K, L, M, N, O, P, Q, R, S, T, U, V, W, X, Y, Z, , , , , , , , , , , , , , , , , , , , , , , , , , , , , , , , , , , , , , , , , , , , , , , , , , , , , , , , , , , , , , , , , , , , , , , , , , , , , , , , , , , , , , , , , , , , , , , , , , , , , , , , , , , , , , , , , , , , , , , , , , , , , , , , , , , , , , , , , , , , , , , , , , , , , , , , , , , , , , , , , , , , , , , , , , , , , , , , , , , , , , , , , , , , #, ]
I/ActivityManager(  939): Delay finish: com.google.android.googlequicksearchbox/com.google.android.search.core.icingsync.IcingCorporaChangedReceiver
I/UpdateIcingCorporaServi(25764): Updating corpora: APPS=com.sonymobile.sketch, CONTACTS=MAYBE
I/ActivityManager(  939): Start proc 25786:com.google.android.partnersetup/u0a31 for content provider com.google.android.partnersetup/.RlzAppProvider
W/ResourceType(25786): Found multiple library tables, ignoring...
W/ResourceType(25786): Found multiple library tables, ignoring...
W/ResourceType(25786): Found multiple library tables, ignoring...
I/ActivityManager(  939): Killing 25583:com.android.musicfx/u0a34 (adj 15): empty #9
I/UpdateIcingCorporaServi(25764): UpdateCorporaTask done [took 128 ms] updated apps [took 128 ms] 
I/ActivityManager(  939): Killing 25659:com.google.android.gms:car/u0a28 (adj 15): empty #9
I/ActivityManager(  939): Resuming delayed broadcast
W/ActivityManager(  939): Scheduling restart of crashed service com.google.android.gms/.car.CarService in 1000ms
I/ActivityManager(  939): Delay finish: com.sonyericsson.extras.liveware/.aef.service.InstallEventReceiver
W/GAV2    (25345): Thread[main,5,main]: dispatch call queued.  Need to call GAServiceManager.getInstance().initialize().
I/ActivityManager(  939): Killing 25345:com.google.android.apps.docs/u0a90 (adj 15): empty #9
I/ActivityManager(  939): Resuming delayed broadcast
W/BroadcastQueue(  939): Exception when sending broadcast to ComponentInfo{com.google.android.apps.docs/com.google.android.apps.docs.receivers.AppPackageAddRemoveReceiver}
W/BroadcastQueue(  939): android.os.DeadObjectException
W/BroadcastQueue(  939): 	at android.os.BinderProxy.transactNative(Native Method)
W/BroadcastQueue(  939): 	at android.os.BinderProxy.transact(Binder.java:496)
W/BroadcastQueue(  939): 	at android.app.ApplicationThreadProxy.scheduleReceiver(ApplicationThreadNative.java:866)
W/BroadcastQueue(  939): 	at com.android.server.am.BroadcastQueue.processCurBroadcastLocked(BroadcastQueue.java:251)
W/BroadcastQueue(  939): 	at com.android.server.am.BroadcastQueue.processNextBroadcast(BroadcastQueue.java:904)
W/BroadcastQueue(  939): 	at com.android.server.am.BroadcastQueue.backgroundServicesFinishedLocked(BroadcastQueue.java:424)
W/BroadcastQueue(  939): 	at com.android.server.am.ActivityManagerService.backgroundServicesFinishedLocked(ActivityManagerService.java:16673)
W/BroadcastQueue(  939): 	at com.android.server.am.ActiveServices$ServiceMap.rescheduleDelayedStarts(ActiveServices.java:261)
W/BroadcastQueue(  939): 	at com.android.server.am.ActiveServices$ServiceMap.ensureNotStartingBackground(ActiveServices.java:214)
W/BroadcastQueue(  939): 	at com.android.server.am.ActiveServices.bringDownServiceLocked(ActiveServices.java:1740)
W/BroadcastQueue(  939): 	at com.android.server.am.ActiveServices.bringDownServiceIfNeededLocked(ActiveServices.java:1615)
W/BroadcastQueue(  939): 	at com.android.server.am.ActiveServices.stopServiceTokenLocked(ActiveServices.java:572)
W/BroadcastQueue(  939): 	at com.android.server.am.ActivityManagerService.stopServiceToken(ActivityManagerService.java:15416)
W/BroadcastQueue(  939): 	at android.app.ActivityManagerNative.onTransact(ActivityManagerNative.java:926)
W/BroadcastQueue(  939): 	at com.android.server.am.ActivityManagerService.onTransact(ActivityManagerService.java:2249)
W/BroadcastQueue(  939): 	at android.os.Binder.execTransact(Binder.java:446)
W/libprocessgroup(  939): failed to open /acct/uid_10090/pid_25345/cgroup.procs: No such file or directory
I/ActivityManager(  939): Start proc 25814:com.google.android.apps.docs/u0a90 for broadcast com.google.android.apps.docs/.receivers.AppPackageAddRemoveReceiver
W/ActivityManager(  939): Spurious death for ProcessRecord{3ba29fd6 25814:com.google.android.apps.docs/u0a90}, curProc for 25345: null
W/ResourceType(25814): Found multiple library tables, ignoring...
W/ResourceType(25814): Found multiple library tables, ignoring...
W/ResourceType(25814): Found multiple library tables, ignoring...
W/ActivityManager(  939): getRunningAppProcesses: caller 10090 does not hold REAL_GET_TASKS; limiting output
W/ActivityManager(  939): getRunningAppProcesses: caller 10090 does not hold REAL_GET_TASKS; limiting output
E/PhotosPlugin(25814): Loading PhotosPlugin
W/ActivityManager(  939): getRunningAppProcesses: caller 10090 does not hold REAL_GET_TASKS; limiting output
W/ActivityManager(  939): getRunningAppProcesses: caller 10090 does not hold REAL_GET_TASKS; limiting output
W/GAV2    (25814): Thread[main,5,main]: Need to call initialize() and be in fallback mode to start dispatch.
I/ActivityManager(  939): Killing 25614:com.android.vending/u0a39 (adj 15): empty #9
W/GAV2    (25814): Thread[main,5,main]: Need to call initialize() and be in fallback mode to start dispatch.
I/ActivityManager(  939): Delay finish: com.google.android.apps.plus/.service.PackagesMediaMonitor
I/Icing   ( 2276): Indexing DC04B53071F44FFC17350CBEEF6FE821BF613A67 from com.google.android.googlequicksearchbox
I/Icing   ( 2276): Indexing done DC04B53071F44FFC17350CBEEF6FE821BF613A67
I/ActivityManager(  939): Resuming delayed broadcast
I/ActivityManager(  939): Delay finish: com.google.android.apps.plus/.service.PhotosAppTransitionMonitor
I/ActivityManager(  939): Resuming delayed broadcast
I/ActivityManager(  939): Start proc 25851:com.sonymobile.autopairing/u0a148 for broadcast com.sonymobile.autopairing/.AndroidPackageIntentReceiver
W/ResourceType(25851): Found multiple library tables, ignoring...
W/ResourceType(25851): Found multiple library tables, ignoring...
