W/MtpService( 1572): onCreate: state of volumes[0]=mounted
W/MtpService( 1572): onCreate: path of volumes[1]=/storage/sdcard1
W/MtpService( 1572): onCreate: state of volumes[1]=removed
D/ActivityThread( 1572): SVC-CREATE_SERVICE handled : 0 / CreateServiceData{token=android.os.BinderProxy@4214b088 className=com.android.providers.media.MtpService packageName=com.android.providers.media intent=null}
D/MtpService( 1572): addStorageLocked: add storage /storage/sdcard0 into MtpDatabase
D/MtpService( 1572): addStorageLocked: add storage /storage/sdcard0 into MtpServer
I/MtpStorage( 1572): MtpStorage id: 0x00010001 path: /storage/sdcard0
D/MtpServer( 1572): void android::MtpServer::addStorage(android::MtpStorage*), storage->getStorageID() = 0x10001 
E/MtpServer( 1572): void android::MtpServer::sendEvent(android::MtpEventCode, uint32_t): Without OpenSession to send event code = 0x4004, 
D/MtpServer( 1572): void android::MtpServer::addStorage(android::MtpStorage*), mStorages.size = 1 
E/MtpServer( 1572): MtpServer::run mFD: 70
D/ActivityThread( 1572): SVC-SERVICE_ARGS handled : 0 / ServiceArgsData{token=android.os.BinderProxy@4214b088 startId=1 args=Intent { cmp=com.android.providers.media/.MtpService (has extras) }}
D/ActivityThread( 1572): SVC-BIND_SERVICE handled : 0 / BindServiceData{token=android.os.BinderProxy@4214b088 intent=Intent { cmp=com.android.providers.media/.MtpService }}
V/UsbDeviceManager(  649): USB UEVENT: {USB_STATE=DISCONNECTED, SUBSYSTEM=android_usb, DEVPATH=/devices/virtual/android_usb/android0, SEQNUM=1665, ACTION=change}
D/UsbDeviceManager(  649): mUEventObserver - onUEvent - state: DISCONNECTED
D/UsbDeviceManager(  649): updateState - DISCONNECTED
D/UsbDeviceManager(  649): updateState - RNDIS_UPDATE_DELAY  DISCONNECTED mSettingFunction: mtp
V/WindowManager(  649): Rotation changed to 1 from 0, forceApp=-1
D/PowerManagerService(  649): acquireWakeLockInternal: lock=1108511032, flags=0x1, tag="SCREEN_FROZEN", ws=null, uid=1000, pid=649
D/PowerManagerNotifier(  649): onWakeLockAcquired: flags=1, tag="SCREEN_FROZEN", packageName=android, ownerUid=1000, ownerPid=649, workSource=null
D/PowerManagerService(  649): updateWakeLockSummaryLocked: mWakefulness=Awake, mWakeLockSummary=0x1
D/PowerManagerService(  649): newScreenState = 2
D/PowerManagerDisplayController(  649): requestPowerState: screenState=2, useProximitySensor=false, forceProximitySensorEnable=false, forceWakeUpEnable=false, screenBrightness=102, screenAutoBrightnessAdjustment=0.0, useAutoBrightness=true, useEcoBrightness=false, blockScreenOn=false, waitForNegativeProximity=false
I/PowerManagerService(  649): setBrightness mButtonLight, screenBrightness=102
D/PowerManagerService(  649): updateScreenStateLocked: mDisplayReady=true, newScreenState=2, mWakefulness=1, mWakeLockSummary=0x1, mUserActivitySummary=0x5, mBootCompleted=true
D/PowerManagerService(  649): Acquiring suspend blocker "PowerManagerService.WakeLocks".
D/PowerManagerService(  649): handleSandman: canDream=false, mWakefulness=Awake
I/WindowManager(  649):   FREEZE Surface(name=ScreenshotSurface): CREATE, w = 480, h = 854, r=0
I/ActivityManager(  649): haltActivityResuming
D/DisplayManagerService(  649): Delivering display event: displayId=0, event=2
V/UsbDeviceManager(  649): USB UEVENT: {USB_STATE=CONNECTED, SUBSYSTEM=android_usb, DEVPATH=/devices/virtual/android_usb/android0, SEQNUM=1666, ACTION=change}
D/UsbDeviceManager(  649): mUEventObserver - onUEvent - state: CONNECTED
D/UsbDeviceManager(  649): updateState - CONNECTED
D/UsbDeviceManager(  649): updateState - RNDIS_UPDATE_DELAY  CONNECTED mSettingFunction: mtp
D/UsbDeviceManager(  649): updateUsbNotification - mNotificationManager: android.app.NotificationManager@424769e0
D/UsbDeviceManager(  649): updateUsbNotification - mUseUsbNotification: true
W/UsbDeviceManager(  649): updateUsbNotification - mConnected: true
W/UsbDeviceManager(  649): updateUsbNotification - mCurrentFunctions: mtp,adb
D/UsbDeviceManager(  649): Does mtp,adb contain mtp? index: 0
D/UsbDeviceManager(  649): updateUsbNotification - containsFunction:  USB_FUNCTION_MTP
D/UsbDeviceManager(  649): Does mtp,adb contain accessory? index: -1
D/UsbDeviceManager(  649): updateUsbState - mConnected: true, mConfigured: false, mHwDisconnected: false, mCurrentFunctions: mtp,adb, mSettingUsbCharging: false
V/ActivityManager(  649): Broadcast sticky: Intent { act=android.hardware.usb.action.USB_STATE flg=0x20000010 (has extras) } ordered=false userid=-1 callerApp=ProcessRecord{41f69f08 649:system/1000}
D/UsbDeviceManager(  649): Does mtp,adb contain ptp? index: -1
D/UsbDeviceManager(  649): Does mtp,adb contain mtp? index: 0
W/UsbDeviceManager(  649): sys.usb.mtpConnect = mtpConnection
D/UsbDeviceManager(  649): Does mtp,adb contain audio_source? index: -1
V/SettingsProvider(  649): call_put(global:lid_switch_state=1) for 0
D/UsbDeviceManager(  649): handleMessage mConnected:true,mConfigured:false, mHwDisconnected:false
V/SettingsProvider(  649): insert(content://settings/global) for user 0 by 0
V/UsbDeviceManager(  649): USB UEVENT: {USB_STATE=CONFIGURED, SUBSYSTEM=android_usb, DEVPATH=/devices/virtual/android_usb/android0, SEQNUM=1667, ACTION=change}
D/UsbDeviceManager(  649): mUEventObserver - onUEvent - state: CONFIGURED
D/UsbDeviceManager(  649): updateState - CONFIGURED
D/UsbDeviceManager(  649): updateState - RNDIS_UPDATE_DELAY  CONFIGURED mSettingFunction: mtp
I/ActivityManager(  649): Config changes=480 {1.0 ?mcc?mnc en_GB ldltr sw320dp w569dp h294dp 240dpi nrml long land finger -keyb/v/h -nav/h skin=/system/app/theme-res-acer.apk s.7}
D/UsbDeviceManager(  649): updateUsbNotification - mNotificationManager: android.app.NotificationManager@424769e0
D/UsbDeviceManager(  649): updateUsbNotification - mUseUsbNotification: true
W/UsbDeviceManager(  649): updateUsbNotification - mConnected: true
W/UsbDeviceManager(  649): updateUsbNotification - mCurrentFunctions: mtp,adb
D/UsbDeviceManager(  649): Does mtp,adb contain mtp? index: 0
D/UsbDeviceManager(  649): updateUsbNotification - containsFunction:  USB_FUNCTION_MTP
D/UsbDeviceManager(  649): Does mtp,adb contain accessory? index: -1
D/UsbDeviceManager(  649): updateUsbState - mConnected: true, mConfigured: true, mHwDisconnected: false, mCurrentFunctions: mtp,adb, mSettingUsbCharging: false
V/ActivityManager(  649): Broadcast: Intent { act=android.intent.action.CONFIGURATION_CHANGED flg=0x60000010 } ordered=false userid=-1 callerApp=null
V/ActivityManager(  649): ensureActivitiesVisibleLocked: consider front
V/ActivityManager(  649): ensureActivitiesVisibleLocked: consider back
I/ActivityThread( 4973): requestRelaunchActivity target = null
D/ActivityManager(  649): getContentProviderImpl: from callerandroid.app.ApplicationThreadProxy@421647a0 (pid=1289) to get content provider com.google.android.gsf.gservices
D/UsbDataStateTracker(  649): Broadcast received: ignore android.hardware.usb.action.USB_STATE
V/ActivityManager(  649): Broadcast sticky: Intent { act=android.hardware.usb.action.USB_STATE flg=0x20000010 (has extras) } ordered=false userid=-1 callerApp=ProcessRecord{41f69f08 649:system/1000}
D/UsbDeviceManager(  649): Does mtp,adb contain ptp? index: -1
D/UsbDeviceManager(  649): Does mtp,adb contain mtp? index: 0
D/ActivityManager(  649): getContentProviderImpl: updateLruProcessLocked cpr.proc=ProcessRecord{424446f0 1346:com.google.process.gapps/u0a27}
D/ActivityThread( 1289): hoder:android.app.IActivityManager$ContentProviderHolder@42171860,provider,holder.Provider:android.content.ContentProviderProxy@4219a150
D/UsbDataStateTracker(  649): Broadcast received: ignore android.hardware.usb.action.USB_STATE
D/ActivityThread( 4973): ACT-AM_ON_PAUSE_CALLED ActivityRecord{4232ed90 token=android.os.BinderProxy@4232e4e8 {com.android.settings/com.android.settings.DevelopmentSettings}}
V/ActivityManager(  649): Broadcast: Intent { act=android.intent.action.UMS_DISCONNECTED flg=0x10 } ordered=false userid=-1 callerApp=ProcessRecord{41f69f08 649:system/1000}
W/UsbDeviceManager(  649): sys.usb.mtpConnect = mtpConnection
D/UsbDeviceManager(  649): Does mtp,adb contain audio_source? index: -1
D/UsbDeviceManager(  649): handleMessage mConnected:true,mConfigured:true, mHwDisconnected:false
V/ActivityManager(  649): Broadcast: Intent { act=android.intent.action.UMS_DISCONNECTED flg=0x10 } ordered=false userid=-1 callerApp=ProcessRecord{41f69f08 649:system/1000}
V/SettingsProvider(  649): call(global:fancy_ime_animations) for 0
V/ActivityManager(  649): Broadcast sticky: Intent { act=android.provider.Telephony.SPN_STRINGS_UPDATED flg=0x20000010 (has extras) } ordered=false userid=0 callerApp=ProcessRecord{42231450 1092:com.android.phone/1001}
D/ActivityThread( 5126): BDC-Calling onReceive: intent=Intent { act=android.hardware.usb.action.USB_STATE flg=0x20000010 cmp=com.mediatek.mtklogger/.framework.LogReceiver (has extras) }, ordered=true, receiver=com.mediatek.mtklogger.framework.LogReceiver@41ed2068
V/WindowManager(  649): Changing focus from Window{427f3b70 u0 com.android.settings/com.android.settings.DevelopmentSettings} to null Callers=com.android.server.wm.WindowManagerService.removeWindowLocked:2868 com.android.server.wm.WindowManagerService.removeWindow:2789 com.android.server.wm.Session.remove:182 android.view.IWindowSession$Stub.onTransact:197 
I/WindowManager(  649): Losing focus: Window{427f3b70 u0 com.android.settings/com.android.settings.DevelopmentSettings}
V/IntentResolver(  649): Resolving type=null scheme=null defaultOnly=false userId=0 of Intent { act=com.mediatek.settings.ext.ISettingsMiscExt flg=0x8 }
V/IntentResolver(  649): Action list: null
V/IntentResolver(  649): Final result list:
D/ConnectivityService(  649): getMobileDataEnabled returning true
D/ConnectivityService(  649): getMobileDataEnabled returning true
D/ActivityManager(  649): getContentProviderImpl: from callerandroid.app.ApplicationThreadProxy@42545dd8 (pid=858) to get content provider telephony
D/ActivityThread( 5126): BDC-RECEIVER handled : 0 / ReceiverData{intent=Intent { act=android.hardware.usb.action.USB_STATE flg=0x20000010 cmp=com.mediatek.mtklogger/.framework.LogReceiver (has extras) } packageName=com.mediatek.mtklogger resultCode=-1 resultData=null resultExtras=null}
D/ActivityManager(  649): getContentProviderImpl: updateLruProcessLocked cpr.proc=ProcessRecord{42231450 1092:com.android.phone/1001}
D/ActivityThread(  858): hoder:android.app.IActivityManager$ContentProviderHolder@428b47f8,provider,holder.Provider:android.content.ContentProviderProxy@42060240
D/ActivityThread( 1572): BDC-Calling onReceive: intent=Intent { act=android.hardware.usb.action.USB_STATE flg=0x20000010 cmp=com.android.providers.media/.MtpReceiver (has extras) }, ordered=true, receiver=com.android.providers.media.MtpReceiver@41f39f48
D/ActivityThread( 1572): BDC-RECEIVER handled : 0 / ReceiverData{intent=Intent { act=android.hardware.usb.action.USB_STATE flg=0x20000010 cmp=com.android.providers.media/.MtpReceiver (has extras) } packageName=com.android.providers.media resultCode=0 resultData=null resultExtras=null}
D/ActivityThread( 5126): BDC-Calling onReceive: intent=Intent { act=android.hardware.usb.action.USB_STATE flg=0x20000010 cmp=com.mediatek.mtklogger/.framework.LogReceiver (has extras) }, ordered=true, receiver=com.mediatek.mtklogger.framework.LogReceiver@41ed5a78
D/ActivityThread( 1572): SVC-UNBIND_SERVICE handled : 0 / BindServiceData{token=android.os.BinderProxy@4214b088 intent=Intent { cmp=com.android.providers.media/.MtpService }}
D/ActivityThread( 1572): SVC-Destroying service: com.android.providers.media.MtpService@421fe928
D/ActivityThread( 5126): BDC-RECEIVER handled : 0 / ReceiverData{intent=Intent { act=android.hardware.usb.action.USB_STATE flg=0x20000010 cmp=com.mediatek.mtklogger/.framework.LogReceiver (has extras) } packageName=com.mediatek.mtklogger resultCode=-1 resultData=null resultExtras=null}
E/MountService(  649): mount service unregisterListener=android.os.storage.IMountServiceListener$Stub$Proxy@4225d7f8
E/MountService(  649): mount service mListeners bl=com.android.server.MountService$MountServiceBinderListener@41f1e088
E/MountService(  649): mount service mListeners bl=com.android.server.MountService$MountServiceBinderListener@42ce7790
E/MountService(  649): mount service mListeners bl=com.android.server.MountService$MountServiceBinderListener@427e2048
E/MountService(  649): mount service mListeners bl=com.android.server.MountService$MountServiceBinderListener@41ef1eb8
D/ActivityThread( 1572): SVC-STOP_SERVICE handled : 0 / android.os.BinderProxy@4214b088
D/ActivityThread( 1572): BDC-Calling onReceive: intent=Intent { act=android.hardware.usb.action.USB_STATE flg=0x20000010 cmp=com.android.providers.media/.MtpReceiver (has extras) }, ordered=true, receiver=com.android.providers.media.MtpReceiver@42201b50
V/SettingsProvider(  649): call(system:phone_banner_enable) for 0
D/ActivityThread( 1572): BDC-RECEIVER handled : 0 / ReceiverData{intent=Intent { act=android.hardware.usb.action.USB_STATE flg=0x20000010 cmp=com.android.providers.media/.MtpReceiver (has extras) } packageName=com.android.providers.media resultCode=0 resultData=null resultExtras=null}
V/SettingsProvider(  649):    access setting for user 0
V/SettingsProvider(  649): call(system:accelerometer_rotation) for 0
D/ActivityThread( 1572): SVC-Creating service: CreateServiceData{token=android.os.BinderProxy@421564b0 className=com.android.providers.media.MtpService packageName=com.android.providers.media intent=null}
D/WifiDisplayAdapter(  649): getWifiDisplayStatusLocked: result=WifiDisplayStatus{featureState=2, scanState=0, activeDisplayState=0, activeDisplay=null, displays=[], sessionInfo=WifiDisplaySessionInfo: C/O:Client,GId:,Pp:,SId:0,IP:}
V/SettingsProvider(  649):    access setting for user 0
V/SettingsProvider(  649): call(system:next_alarm_formatted) for 0
V/SettingsProvider(  649): call(system:screen_brightness_mode) for 0
D/ConnectivityService(  649): getMobileDataEnabled returning true
D/ConnectivityService(  649): getMobileDataEnabled returning true
E/MountService(  649): mount service registerListener=android.os.storage.IMountServiceListener$Stub$Proxy@41ed33e0
W/MtpService( 1572): onCreate: volumes.length=2
W/MtpService( 1572): onCreate: path of volumes[0]=/storage/sdcard0
W/MtpService( 1572): onCreate: state of volumes[0]=mounted
W/MtpService( 1572): onCreate: path of volumes[1]=/storage/sdcard1
W/MtpService( 1572): onCreate: state of volumes[1]=removed
D/ActivityThread( 1572): SVC-CREATE_SERVICE handled : 0 / CreateServiceData{token=android.os.BinderProxy@421564b0 className=com.android.providers.media.MtpService packageName=com.android.providers.media intent=null}
V/SettingsProvider(  649): call(system:bluelightfilter_on) for 0
D/StorageNotification(  858): onUsbMassStorageConnectionChangedAsync - mLastState: mounted, st: removed, mLastConnected: false, connected: false
D/StorageNotification(  858): isAbleToShare - length:2
D/StorageNotification(  858): isAbleToShare - allowMassStorage:falseisEmulated:true
D/StorageNotification(  858): isAbleToShare - allowMassStorage:trueisEmulated:false
D/ConnectivityService(  649): getMobileDataEnabled returning true
D/StorageNotification(  858): isAbleToShare - /storage/sdcard1 @ removed
D/StorageNotification(  858): isAbleToShare - allowedShareNum:0
D/StorageNotification(  858): updateUsbMassStorageNotification - isStorageCanShared=false,available=false
D/VoldConnector(  649): SND -> {19 volume shared /storage/sdcard0 ums}
I/FrameworkListener(  121): onDataAvailable get 38 bytes 
D/FrameworkListener(  121): dispatchCommand data = (19 volume shared /storage/sdcard0 ums)
D/VoldCmdListener(  121): volume shared /storage/sdcard0 ums
D/SocketClient(  121): SocketClient msg = Share disabled
D/SocketClient(  121): SocketClient sendDatalocked done: 212 19 Share disabled
D/VoldConnector(  649): RCV <- {212 19 Share disabled}
D/VoldConnector(  649): RMV <- {212 19 Share disabled}
D/VoldConnector(  649): SND -> {20 volume shared /storage/sdcard1 ums}
I/FrameworkListener(  121): onDataAvailable get 38 bytes 
D/FrameworkListener(  121): dispatchCommand data = (20 volume shared /storage/sdcard1 ums)
D/VoldCmdListener(  121): volume shared /storage/sdcard1 ums
D/SocketClient(  121): SocketClient msg = Share disabled
D/SocketClient(  121): SocketClient sendDatalocked done: 212 20 Share disabled
D/VoldConnector(  649): RCV <- {212 20 Share disabled}
D/MtpService( 1572): addStorageLocked: add storage /storage/sdcard0 into MtpDatabase
D/MtpService( 1572): addStorageLocked: add storage /storage/sdcard0 into MtpServer
I/MtpStorage( 1572): MtpStorage id: 0x00010001 path: /storage/sdcard0
D/MtpServer( 1572): void android::MtpServer::addStorage(android::MtpStorage*), storage->getStorageID() = 0x10001 
E/MtpServer( 1572): void android::MtpServer::sendEvent(android::MtpEventCode, uint32_t): Without OpenSession to send event code = 0x4004, 
D/MtpServer( 1572): void android::MtpServer::addStorage(android::MtpStorage*), mStorages.size = 1 
D/VoldConnector(  649): RMV <- {212 20 Share disabled}
I/MountService(  649): isUsbMassStorageEnabled: false
D/StorageNotification(  858): updateUsbMassStorageNotification - [false]
D/StorageNotification(  858): setUsbStorageNotification - visible: {false}
D/StorageNotification(  858): setUsbStorageNotification - mIsLastVisible: false
D/StorageNotification(  858): onUsbMassStorageConnectionChangedAsync - Disconnect
D/StorageNotification(  858): onUsbMassStorageConnectionChangedAsync - mLastConnected: false
D/ConnectivityService(  649): getMobileDataEnabled returning true
D/ActivityThread( 1572): SVC-SERVICE_ARGS handled : 0 / ServiceArgsData{token=android.os.BinderProxy@421564b0 startId=1 args=Intent { cmp=com.android.providers.media/.MtpService (has extras) }}
E/MtpServer( 1572): MtpServer::run mFD: 70
D/ActivityThread( 1572): SVC-BIND_SERVICE handled : 0 / BindServiceData{token=android.os.BinderProxy@421564b0 intent=Intent { cmp=com.android.providers.media/.MtpService }}
D/VoldConnector(  649): SND -> {21 cryptfs cryptocomplete}
I/FrameworkListener(  121): onDataAvailable get 26 bytes 
D/FrameworkListener(  121): dispatchCommand data = (21 cryptfs cryptocomplete)
D/VoldCmdListener(  121): cryptfs cryptocomplete
E/Cryptfs (  121): not running with encryption, aborting
D/SocketClient(  121): SocketClient msg = 1
D/SocketClient(  121): SocketClient sendDatalocked done: 200 21 1
D/VoldConnector(  649): RCV <- {200 21 1}
D/VoldConnector(  649): RMV <- {200 21 1}
D/ActivityThread( 4973): ACT-AM_ON_RESUME_CALLED ActivityRecord{4232ed90 token=android.os.BinderProxy@4232e4e8 {com.android.settings/com.android.settings.DevelopmentSettings}}
D/ActivityThread( 4973): ACT-RELAUNCH_ACTIVITY handled : 0 / ActivityRecord{4229f2b0 token=android.os.BinderProxy@4232e4e8 no component name}
D/StorageNotification(  858): onUsbMassStorageConnectionChangedAsync - mLastState: mounted, st: removed, mLastConnected: false, connected: false
D/StorageNotification(  858): isAbleToShare - length:2
D/StorageNotification(  858): isAbleToShare - allowMassStorage:falseisEmulated:true
D/StorageNotification(  858): isAbleToShare - allowMassStorage:trueisEmulated:false
D/StorageNotification(  858): isAbleToShare - /storage/sdcard1 @ removed
D/StorageNotification(  858): isAbleToShare - allowedShareNum:0
D/StorageNotification(  858): updateUsbMassStorageNotification - isStorageCanShared=false,available=false
D/VoldConnector(  649): SND -> {22 volume shared /storage/sdcard0 ums}
D/ConnectivityService(  649): getMobileDataEnabled returning true
I/FrameworkListener(  121): onDataAvailable get 38 bytes 
D/FrameworkListener(  121): dispatchCommand data = (22 volume shared /storage/sdcard0 ums)
D/VoldCmdListener(  121): volume shared /storage/sdcard0 ums
D/SocketClient(  121): SocketClient msg = Share disabled
D/SocketClient(  121): SocketClient sendDatalocked done: 212 22 Share disabled
D/VoldConnector(  649): RCV <- {212 22 Share disabled}
D/ConnectivityService(  649): getMobileDataEnabled returning true
D/VoldConnector(  649): RMV <- {212 22 Share disabled}
D/VoldConnector(  649): SND -> {23 volume shared /storage/sdcard1 ums}
I/FrameworkListener(  121): onDataAvailable get 38 bytes 
D/FrameworkListener(  121): dispatchCommand data = (23 volume shared /storage/sdcard1 ums)
D/VoldCmdListener(  121): volume shared /storage/sdcard1 ums
D/SocketClient(  121): SocketClient msg = Share disabled
D/SocketClient(  121): SocketClient sendDatalocked done: 212 23 Share disabled
D/VoldConnector(  649): RCV <- {212 23 Share disabled}
D/VoldConnector(  649): RMV <- {212 23 Share disabled}
I/MountService(  649): isUsbMassStorageEnabled: false
D/StorageNotification(  858): updateUsbMassStorageNotification - [false]
D/StorageNotification(  858): setUsbStorageNotification - visible: {false}
D/StorageNotification(  858): setUsbStorageNotification - mIsLastVisible: false
D/StorageNotification(  858): onUsbMassStorageConnectionChangedAsync - Disconnect
D/StorageNotification(  858): onUsbMassStorageConnectionChangedAsync - mLastConnected: false
V/WindowManager(  649): Changing focus from null to Window{42828250 u0 com.android.settings/com.android.settings.DevelopmentSettings} Callers=com.android.server.wm.WindowManagerService.relayoutWindow:3466 com.android.server.wm.Session.relayout:191 android.view.IWindowSession$Stub.onTransact:235 com.android.server.wm.Session.onTransact:126 
I/WindowManager(  649): Gaining focus: Window{42828250 u0 com.android.settings/com.android.settings.DevelopmentSettings}
D/PowerManagerDisplayController(  649): mLightSensorListener.onSensorChanged(): enabled = true, lux = 0.0
D/PowerManagerDisplayController(  649): updateAmbientLux: Possibly darkened, waiting for 4000 ms: mDarkeningLuxThreshold=192.0, mRecentShortTermAverageLux=0.23181152, mRecentLongTermAverageLux=1.15094, mAmbientLux=320.0
V/InputMethodManagerService(  649): windowGainedFocus: android.os.BinderProxy@4282b038 controlFlags=#105 softInputMode=#110 windowFlags=#1810100
I/WindowManager(  649): Screen frozen for +327ms due to Window{42828250 u0 com.android.settings/com.android.settings.DevelopmentSettings}
V/WindowManager(  649): Dismiss!
D/PowerManagerService(  649): releaseWakeLockInternal: lock=1108511032 [SCREEN_FROZEN], flags=0x0, total_time=338ms
D/PowerManagerNotifier(  649): onWakeLockReleased: flags=1, tag="SCREEN_FROZEN", packageName=android, ownerUid=1000, ownerPid=649, workSource=null
D/PowerManagerService(  649): updateWakeLockSummaryLocked: mWakefulness=Awake, mWakeLockSummary=0x0
D/PowerManagerService(  649): newScreenState = 2
D/PowerManagerDisplayController(  649): requestPowerState: screenState=2, useProximitySensor=false, forceProximitySensorEnable=false, forceWakeUpEnable=false, screenBrightness=102, screenAutoBrightnessAdjustment=0.0, useAutoBrightness=true, useEcoBrightness=false, blockScreenOn=false, waitForNegativeProximity=false
I/PowerManagerService(  649): setBrightness mButtonLight, screenBrightness=102
D/PowerManagerService(  649): updateScreenStateLocked: mDisplayReady=true, newScreenState=2, mWakefulness=1, mWakeLockSummary=0x0, mUserActivitySummary=0x5, mBootCompleted=true
D/PowerManagerService(  649): Releasing suspend blocker "PowerManagerService.WakeLocks".
D/PowerManagerService(  649): handleSandman: canDream=false, mWakefulness=Awake
V/ActivityManager(  649): ACT-Activity idle: Token{42170988 ActivityRecord{42918dc0 u0 com.android.settings/.DevelopmentSettings t7}}
V/ActivityManager(  649): ensureActivitiesVisibleLocked: consider front
V/ActivityManager(  649): ensureActivitiesVisibleLocked: consider back
V/ActivityManager(  649): Broadcast sticky: Intent { act=android.intent.action.BATTERY_CHANGED flg=0x60000010 (has extras) } ordered=false userid=-1 callerApp=null
D/PowerManagerService(  649): updateIsPoweredLocked: wasPowered=true, mIsPowered=true, oldPlugType=2, mPlugType=2, mBatteryLevel=11
D/PowerManagerService(  649): handleSandman: canDream=false, mWakefulness=Awake
D/WifiService(  649): onReceive, action:android.intent.action.BATTERY_CHANGED
D/WifiController(  649): DeviceActiveState{ when=0 what=155652 arg1=2 target=com.android.internal.util.StateMachine$SmHandler target=Handler (com.android.internal.util.StateMachine$SmHandler) {42e82988} }
D/WifiController(  649): StaEnabledState{ when=0 what=155652 arg1=2 target=com.android.internal.util.StateMachine$SmHandler target=Handler (com.android.internal.util.StateMachine$SmHandler) {42e82988} }
D/WifiController(  649): DefaultState{ when=-1ms what=155652 arg1=2 target=com.android.internal.util.StateMachine$SmHandler target=Handler (com.android.internal.util.StateMachine$SmHandler) {42e82988} }
D/WifiController(  649): battery changed pluggedType: 2
D/UsbDeviceManager(  649): onReceive - BATTERY_CHANGED - mPlugType: 2, mSettingUsbCharging: false, mConnected: true, mSettingUsbBicr: false
I/WindowManager(  649):   FREEZE Surface(name=ScreenshotSurface): DESTROY
I/ActivityManager(  649): restoreActivityResuming
D/BatteryService(  649): batIsScreenOn() , ret=true, isFirstLight=true
W/BatteryStatsImpl(  649): Couldn't get kernel wake lock stats
W/BatteryStatsImpl(  649): Couldn't get kernel wake lock stats
V/ActivityManager(  649): Broadcast sticky: Intent { act=android.intent.action.BATTERY_CHANGED flg=0x60000010 (has extras) } ordered=false userid=-1 callerApp=null
D/BatteryService(  649): batIsScreenOn() , ret=true, isFirstLight=false
D/BatteryService(  649): batIsScreenOn() , ret=true, isFirstLight=false
D/BatteryService(  649): batIsScreenOn() , ret=true, isFirstLight=false
D/BatteryService(  649): batIsScreenOn() , ret=true, isFirstLight=false
D/BatteryService(  649): batIsScreenOn() , ret=true, isFirstLight=false
D/PowerManagerService(  649): updateIsPoweredLocked: wasPowered=true, mIsPowered=false, oldPlugType=2, mPlugType=0, mBatteryLevel=11
D/BatteryService(  649): batIsScreenOn() , ret=true, isFirstLight=false
D/PowerManagerService(  649): wakeUpNoUpdateLocked: eventTime=670509
D/PowerManagerService(  649): userActivityNoUpdateLocked: eventTime=670509, event=0, flags=0x0, uid=1000
D/PowerManagerNotifier(  649): onUserActivity: event=0, uid=1000
D/PowerManagerService(  649): updateUserActivitySummaryLocked: mWakefulness=Awake, mUserActivitySummary=0x5, nextTimeout=677068 (in 6557 ms)
D/PowerManagerService(  649): newScreenState = 2
D/PowerManagerDisplayController(  649): requestPowerState: screenState=2, useProximitySensor=false, forceProximitySensorEnable=false, forceWakeUpEnable=false, screenBrightness=102, screenAutoBrightnessAdjustment=0.0, useAutoBrightness=true, useEcoBrightness=false, blockScreenOn=false, waitForNegativeProximity=false
I/PowerUI (  858): showing low battery warning: level=11 [-1]
D/BatteryService(  649): batIsScreenOn() , ret=true, isFirstLight=false
I/PowerManagerService(  649): setBrightness mButtonLight, screenBrightness=102
D/PowerManagerService(  649): updateScreenStateLocked: mDisplayReady=true, newScreenState=2, mWakefulness=1, mWakeLockSummary=0x0, mUserActivitySummary=0x5, mBootCompleted=true
D/PowerManagerService(  649): acquireWakeLockInternal: lock=1117044608, flags=0x1, tag="RILJ", ws=null, uid=1001, pid=1092
D/PowerManagerNotifier(  649): onWakeLockAcquired: flags=1, tag="RILJ", packageName=com.android.phone, ownerUid=1001, ownerPid=1092, workSource=null
D/PowerManagerService(  649): updateWakeLockSummaryLocked: mWakefulness=Awake, mWakeLockSummary=0x1
D/PowerManagerService(  649): newScreenState = 2
D/PowerManagerDisplayController(  649): requestPowerState: screenState=2, useProximitySensor=false, forceProximitySensorEnable=false, forceWakeUpEnable=false, screenBrightness=102, screenAutoBrightnessAdjustment=0.0, useAutoBrightness=true, useEcoBrightness=false, blockScreenOn=false, waitForNegativeProximity=false
I/PowerManagerService(  649): setBrightness mButtonLight, screenBrightness=102
D/PowerManagerService(  649): updateScreenStateLocked: mDisplayReady=true, newScreenState=2, mWakefulness=1, mWakeLockSummary=0x1, mUserActivitySummary=0x5, mBootCompleted=true
D/PowerManagerService(  649): Acquiring suspend blocker "PowerManagerService.WakeLocks".
D/PowerManagerService(  649): handleSandman: canDream=false, mWakefulness=Awake
V/ActivityManager(  649): Broadcast: Intent { act=android.intent.action.ACTION_POWER_DISCONNECTED flg=0x4000010 } ordered=false userid=-1 callerApp=ProcessRecord{41f69f08 649:system/1000}
V/ActivityManager(  649): Broadcast: Intent { act=android.intent.action.BATTERY_LOW flg=0x4000010 } ordered=false userid=-1 callerApp=ProcessRecord{41f69f08 649:system/1000}
D/PowerManagerService(  649): acquireWakeLockInternal: lock=1115396696, flags=0x1, tag="Wakeful StateMachine: GeofencerStateMachine", ws=null, uid=10027, pid=1289
D/PowerManagerNotifier(  649): onWakeLockAcquired: flags=1, tag="Wakeful StateMachine: GeofencerStateMachine", packageName=com.google.android.gms, ownerUid=10027, ownerPid=1289, workSource=null
D/PowerManagerService(  649): updateWakeLockSummaryLocked: mWakefulness=Awake, mWakeLockSummary=0x1
D/PowerManagerService(  649): newScreenState = 2
D/PowerManagerDisplayController(  649): requestPowerState: screenState=2, useProximitySensor=false, forceProximitySensorEnable=false, forceWakeUpEnable=false, screenBrightness=102, screenAutoBrightnessAdjustment=0.0, useAutoBrightness=true, useEcoBrightness=false, blockScreenOn=false, waitForNegativeProximity=false
I/PowerManagerService(  649): setBrightness mButtonLight, screenBrightness=102
D/PowerManagerService(  649): updateScreenStateLocked: mDisplayReady=true, newScreenState=2, mWakefulness=1, mWakeLockSummary=0x1, mUserActivitySummary=0x5, mBootCompleted=true
D/PowerManagerService(  649): handleSandman: canDream=false, mWakefulness=Awake
D/PowerManagerService(  649): releaseWakeLockInternal: lock=1117044608 [RILJ], flags=0x0, total_time=13ms
D/ActivityThread( 1227): BDC-Calling onReceive: intent=Intent { act=android.intent.action.ACTION_POWER_DISCONNECTED flg=0x4000010 cmp=com.google.android.gms/com.google.android.libraries.social.autobackup.AutoBackupEnvironment$BatteryReceiver }, ordered=true, receiver=com.google.android.libraries.social.autobackup.AutoBackupEnvironment$BatteryReceiver@422c7fa0
D/PowerManagerNotifier(  649): onWakeLockReleased: flags=1, tag="RILJ", packageName=com.android.phone, ownerUid=1001, ownerPid=1092, workSource=null
D/PowerManagerService(  649): updateWakeLockSummaryLocked: mWakefulness=Awake, mWakeLockSummary=0x1
D/PowerManagerService(  649): newScreenState = 2
D/ActivityThread( 1227): BDC-RECEIVER handled : 0 / ReceiverData{intent=Intent { act=android.intent.action.ACTION_POWER_DISCONNECTED flg=0x4000010 cmp=com.google.android.gms/com.google.android.libraries.social.autobackup.AutoBackupEnvironment$BatteryReceiver } packageName=com.google.android.gms resultCode=-1 resultData=null resultExtras=null}
D/PowerManagerDisplayController(  649): requestPowerState: screenState=2, useProximitySensor=false, forceProximitySensorEnable=false, forceWakeUpEnable=false, screenBrightness=102, screenAutoBrightnessAdjustment=0.0, useAutoBrightness=true, useEcoBrightness=false, blockScreenOn=false, waitForNegativeProximity=false
I/PowerManagerService(  649): setBrightness mButtonLight, screenBrightness=102
D/PowerManagerService(  649): updateScreenStateLocked: mDisplayReady=true, newScreenState=2, mWakefulness=1, mWakeLockSummary=0x1, mUserActivitySummary=0x5, mBootCompleted=true
D/PowerManagerService(  649): handleSandman: canDream=false, mWakefulness=Awake
D/WifiService(  649): onReceive, action:android.intent.action.BATTERY_CHANGED
D/WifiController(  649): DeviceActiveState{ when=0 what=155652 target=com.android.internal.util.StateMachine$SmHandler target=Handler (com.android.internal.util.StateMachine$SmHandler) {42e82988} }
D/WifiController(  649): StaEnabledState{ when=0 what=155652 target=com.android.internal.util.StateMachine$SmHandler target=Handler (com.android.internal.util.StateMachine$SmHandler) {42e82988} }
D/WifiController(  649): DefaultState{ when=0 what=155652 target=com.android.internal.util.StateMachine$SmHandler target=Handler (com.android.internal.util.StateMachine$SmHandler) {42e82988} }
D/WifiController(  649): battery changed pluggedType: 0
D/ActivityThread( 1289): BDC-Calling onReceive: intent=Intent { act=android.intent.action.ACTION_POWER_DISCONNECTED flg=0x4000010 cmp=com.google.android.gms/com.google.android.location.reporting.service.ExternalChangeReceiver }, ordered=true, receiver=com.google.android.location.reporting.service.ExternalChangeReceiver@4201fac0
D/PowerManagerService(  649): releaseWakeLockInternal: lock=1115396696 [Wakeful StateMachine: GeofencerStateMachine], flags=0x0, total_time=5ms
D/PowerManagerNotifier(  649): onWakeLockReleased: flags=1, tag="Wakeful StateMachine: GeofencerStateMachine", packageName=com.google.android.gms, ownerUid=10027, ownerPid=1289, workSource=null
D/PowerManagerService(  649): updateWakeLockSummaryLocked: mWakefulness=Awake, mWakeLockSummary=0x0
D/PowerManagerService(  649): newScreenState = 2
D/PowerManagerDisplayController(  649): requestPowerState: screenState=2, useProximitySensor=false, forceProximitySensorEnable=false, forceWakeUpEnable=false, screenBrightness=102, screenAutoBrightnessAdjustment=0.0, useAutoBrightness=true, useEcoBrightness=false, blockScreenOn=false, waitForNegativeProximity=false
I/PowerManagerService(  649): setBrightness mButtonLight, screenBrightness=102
D/PowerManagerService(  649): updateScreenStateLocked: mDisplayReady=true, newScreenState=2, mWakefulness=1, mWakeLockSummary=0x0, mUserActivitySummary=0x5, mBootCompleted=true
D/PowerManagerService(  649): Releasing suspend blocker "PowerManagerService.WakeLocks".
D/UsbDeviceManager(  649): onReceive - BATTERY_CHANGED - mPlugType: 0, mSettingUsbCharging: false, mConnected: true, mSettingUsbBicr: false
D/UsbDeviceManager(  649): onReceive - BATTERY_CHANGED - [HW USB Disconnected] mHwDisconnected: true, mConnected: true, mConfigured: true
D/PowerManagerService(  649): handleSandman: canDream=false, mWakefulness=Awake
D/ActivityThread( 1289): BDC-RECEIVER handled : 0 / ReceiverData{intent=Intent { act=android.intent.action.ACTION_POWER_DISCONNECTED flg=0x4000010 cmp=com.google.android.gms/com.google.android.location.reporting.service.ExternalChangeReceiver } packageName=com.google.android.gms resultCode=0 resultData=null resultExtras=null}
D/ActivityThread( 1289): SVC-SERVICE_ARGS handled : 0 / ServiceArgsData{token=android.os.BinderProxy@41ff0990 startId=6 args=Intent { act=com.google.android.location.reporting.ACTION_UPDATE_WORLD cmp=com.google.android.gms/com.google.android.location.reporting.service.DispatchingService (has extras) }}
V/WindowManager(  649): Changing focus from Window{42828250 u0 com.android.settings/com.android.settings.DevelopmentSettings} to Window{42982c50 u0 com.android.systemui} Callers=com.android.server.wm.WindowManagerService.addWindow:2745 com.android.server.wm.Session.addToDisplay:163 android.view.IWindowSession$Stub.onTransact:111 com.android.server.wm.Session.onTransact:126 
I/WindowManager(  649): Gaining focus: Window{42982c50 u0 com.android.systemui}
V/SettingsProvider(  649): call(global:low_battery_sound_timeout) for 0
V/SettingsProvider(  649): call(global:power_sounds_enabled) for 0
V/SettingsProvider(  649): call(global:low_battery_sound) for 0
I/ActivityManager(  649): Start proc com.android.chrome for broadcast com.android.chrome/com.google.android.apps.chrome.precache.PrecacheServiceLauncher: pid=5147 uid=10058 gids={50058, 3003, 1028, 1015}
D/PowerManagerService(  649): acquireWakeLockInternal: lock=1112339248, flags=0x1, tag="UlrDispatchingService", ws=null, uid=10027, pid=1289
D/PowerManagerNotifier(  649): onWakeLockAcquired: flags=1, tag="UlrDispatchingService", packageName=com.google.android.gms, ownerUid=10027, ownerPid=1289, workSource=null
D/PowerManagerService(  649): updateWakeLockSummaryLocked: mWakefulness=Awake, mWakeLockSummary=0x1
D/PowerManagerService(  649): newScreenState = 2
D/PowerManagerDisplayController(  649): requestPowerState: screenState=2, useProximitySensor=false, forceProximitySensorEnable=false, forceWakeUpEnable=false, screenBrightness=102, screenAutoBrightnessAdjustment=0.0, useAutoBrightness=true, useEcoBrightness=false, blockScreenOn=false, waitForNegativeProximity=false
I/PowerManagerService(  649): setBrightness mButtonLight, screenBrightness=102
D/PowerManagerService(  649): updateScreenStateLocked: mDisplayReady=true, newScreenState=2, mWakefulness=1, mWakeLockSummary=0x1, mUserActivitySummary=0x5, mBootCompleted=true
D/PowerManagerService(  649): Acquiring suspend blocker "PowerManagerService.WakeLocks".
D/PowerManagerService(  649): handleSandman: canDream=false, mWakefulness=Awake
V/ActivityManager(  649): ensureActivitiesVisibleLocked: consider front
V/ActivityManager(  649): ensureActivitiesVisibleLocked: consider back
D/ActivityManager(  649): getContentProviderImpl: from callerandroid.app.ApplicationThreadProxy@427488a0 (pid=5147) to get content provider settings
D/ActivityManager(  649): getContentProviderImpl: updateLruProcessLocked cpr.proc=ProcessRecord{41f69f08 649:system/1000}
D/ActivityThread( 5147): hoder:android.app.IActivityManager$ContentProviderHolder@41e98ff0,provider,holder.Provider:android.content.ContentProviderProxy@41e99770
V/SettingsProvider(  649): call(system:anr_debugging_mechanism) for 0
D/ActivityThread( 5147): installProvider: context.getPackageName()=com.android.chrome
D/ActivityManager(  649): getContentProviderImpl: from callerandroid.app.ApplicationThreadProxy@42982390 (pid=1289) to get content provider com.google.settings
D/ActivityManager(  649): getContentProviderImpl: updateLruProcessLocked cpr.proc=ProcessRecord{424446f0 1346:com.google.process.gapps/u0a27}
D/ActivityThread( 1289): hoder:android.app.IActivityManager$ContentProviderHolder@42132d78,provider,holder.Provider:android.content.ContentProviderProxy@42126988
D/ActivityThread( 5147): installProvider: context.getPackageName()=com.android.chrome
D/ActivityThread( 5147): installProvider: context.getPackageName()=com.android.chrome
D/ActivityThread( 5147): installProvider: context.getPackageName()=com.android.chrome
D/PowerManagerService(  649): acquireWakeLockInternal: lock=1109957528, flags=0x1, tag="AudioMix", ws=null, uid=1013, pid=139
D/PowerManagerNotifier(  649): onWakeLockAcquired: flags=1, tag="AudioMix", packageName=media, ownerUid=1013, ownerPid=139, workSource=null
D/PowerManagerService(  649): updateWakeLockSummaryLocked: mWakefulness=Awake, mWakeLockSummary=0x1
D/PowerManagerService(  649): newScreenState = 2
D/PowerManagerDisplayController(  649): requestPowerState: screenState=2, useProximitySensor=false, forceProximitySensorEnable=false, forceWakeUpEnable=false, screenBrightness=102, screenAutoBrightnessAdjustment=0.0, useAutoBrightness=true, useEcoBrightness=false, blockScreenOn=false, waitForNegativeProximity=false
I/PowerManagerService(  649): setBrightness mButtonLight, screenBrightness=102
D/PowerManagerService(  649): updateScreenStateLocked: mDisplayReady=true, newScreenState=2, mWakefulness=1, mWakeLockSummary=0x1, mUserActivitySummary=0x5, mBootCompleted=true
D/PowerManagerService(  649): updateWakeLockWorkSourceInternal: lock=1109957528 [AudioMix], ws=WorkSource{10030}
D/PowerManagerNotifier(  649): onWakeLockReleased: flags=1, tag="AudioMix", packageName=media, ownerUid=1013, ownerPid=139, workSource=null
D/PowerManagerNotifier(  649): onWakeLockAcquired: flags=1, tag="AudioMix", packageName=media, ownerUid=1013, ownerPid=139, workSource=WorkSource{10030}
D/PowerManagerService(  649): handleSandman: canDream=false, mWakefulness=Awake
D/ActivityThread( 5147): BIND_APPLICATION handled : 0 / AppBindData{appInfo=ApplicationInfo{41e94d78 com.android.chrome}}
D/ActivityThread( 5147): BDC-Calling onReceive: intent=Intent { act=android.intent.action.ACTION_POWER_DISCONNECTED flg=0x4000010 cmp=com.android.chrome/com.google.android.apps.chrome.precache.PrecacheServiceLauncher }, ordered=true, receiver=com.google.android.apps.chrome.precache.PrecacheServiceLauncher@41ec64d0
D/ActivityThread( 5147): BDC-RECEIVER handled : 0 / ReceiverData{intent=Intent { act=android.intent.action.ACTION_POWER_DISCONNECTED flg=0x4000010 cmp=com.android.chrome/com.google.android.apps.chrome.precache.PrecacheServiceLauncher } packageName=com.android.chrome resultCode=0 resultData=null resultExtras=null}
D/ActivityThread( 5147): BDC-Calling onReceive: intent=Intent { act=android.intent.action.ACTION_POWER_DISCONNECTED flg=0x4000010 cmp=com.android.chrome/org.chromium.base.PowerStatusReceiver }, ordered=true, receiver=org.chromium.base.PowerStatusReceiver@41ec9bc8
D/ActivityThread( 5147): BDC-RECEIVER handled : 0 / ReceiverData{intent=Intent { act=android.intent.action.ACTION_POWER_DISCONNECTED flg=0x4000010 cmp=com.android.chrome/org.chromium.base.PowerStatusReceiver } packageName=com.android.chrome resultCode=0 resultData=null resultExtras=null}
D/ActivityThread( 4157): BDC-Calling onReceive: intent=Intent { act=android.intent.action.ACTION_POWER_DISCONNECTED flg=0x4000010 cmp=com.google.android.apps.plus/com.google.android.apps.photos.autobackup.AutoBackupEnvironment$BatteryReceiver }, ordered=true, receiver=com.google.android.apps.photos.autobackup.AutoBackupEnvironment$BatteryReceiver@41e92070
D/ActivityManager(  649): getContentProviderImpl: from callerandroid.app.ApplicationThreadProxy@428352f8 (pid=1289) to get content provider com.google.settings
D/ActivityManager(  649): getContentProviderImpl: updateLruProcessLocked cpr.proc=ProcessRecord{424446f0 1346:com.google.process.gapps/u0a27}
D/ActivityThread( 1289): hoder:android.app.IActivityManager$ContentProviderHolder@4215dba0,provider,holder.Provider:android.content.ContentProviderProxy@4215dc28
D/ActivityThread( 4157): BDC-RECEIVER handled : 0 / ReceiverData{intent=Intent { act=android.intent.action.ACTION_POWER_DISCONNECTED flg=0x4000010 cmp=com.google.android.apps.plus/com.google.android.apps.photos.autobackup.AutoBackupEnvironment$BatteryReceiver } packageName=com.google.android.apps.plus resultCode=0 resultData=null resultExtras=null}
I/ActivityManager(  649): Killing 4281:com.mediatek.schpwronoff/1000 (adj 15): empty #17
D/DisplayManagerService(  649): Display listener for pid 4281 died.
D/PowerManagerService(  649): acquireWakeLockInternal: lock=1121798368, flags=0x1, tag="GCoreFlp", ws=null, uid=10027, pid=1289
D/PowerManagerNotifier(  649): onWakeLockAcquired: flags=1, tag="GCoreFlp", packageName=com.google.android.gms, ownerUid=10027, ownerPid=1289, workSource=null
D/PowerManagerService(  649): updateWakeLockSummaryLocked: mWakefulness=Awake, mWakeLockSummary=0x1
D/PowerManagerService(  649): newScreenState = 2
D/PowerManagerDisplayController(  649): requestPowerState: screenState=2, useProximitySensor=false, forceProximitySensorEnable=false, forceWakeUpEnable=false, screenBrightness=102, screenAutoBrightnessAdjustment=0.0, useAutoBrightness=true, useEcoBrightness=false, blockScreenOn=false, waitForNegativeProximity=false
I/PowerManagerService(  649): setBrightness mButtonLight, screenBrightness=102
D/PowerManagerService(  649): updateScreenStateLocked: mDisplayReady=true, newScreenState=2, mWakefulness=1, mWakeLockSummary=0x1, mUserActivitySummary=0x5, mBootCompleted=true
D/PowerManagerService(  649): handleSandman: canDream=false, mWakefulness=Awake
D/PowerManagerService(  649): releaseWakeLockInternal: lock=1121798368 [GCoreFlp], flags=0x0, total_time=1ms
D/PowerManagerNotifier(  649): onWakeLockReleased: flags=1, tag="GCoreFlp", packageName=com.google.android.gms, ownerUid=10027, ownerPid=1289, workSource=null
D/PowerManagerService(  649): updateWakeLockSummaryLocked: mWakefulness=Awake, mWakeLockSummary=0x1
D/PowerManagerService(  649): newScreenState = 2
D/PowerManagerDisplayController(  649): requestPowerState: screenState=2, useProximitySensor=false, forceProximitySensorEnable=false, forceWakeUpEnable=false, screenBrightness=102, screenAutoBrightnessAdjustment=0.0, useAutoBrightness=true, useEcoBrightness=false, blockScreenOn=false, waitForNegativeProximity=false
I/PowerManagerService(  649): setBrightness mButtonLight, screenBrightness=102
D/PowerManagerService(  649): updateScreenStateLocked: mDisplayReady=true, newScreenState=2, mWakefulness=1, mWakeLockSummary=0x1, mUserActivitySummary=0x5, mBootCompleted=true
D/PowerManagerService(  649): handleSandman: canDream=false, mWakefulness=Awake
V/ActivityManager(  649): Broadcast: Intent { act=com.google.android.gms.location.reporting.SETTINGS_CHANGED flg=0x10 } ordered=false userid=0 callerApp=ProcessRecord{41f44660 1289:com.google.process.location/u0a27}
V/ActivityManager(  649): Broadcast: Intent { act=android.location.InjectedSettingChanged flg=0x10 } ordered=false userid=0 callerApp=ProcessRecord{41f44660 1289:com.google.process.location/u0a27}
D/PowerManagerService(  649): releaseWakeLockInternal: lock=1112339248 [UlrDispatchingService], flags=0x0, total_time=136ms
D/PowerManagerNotifier(  649): onWakeLockReleased: flags=1, tag="UlrDispatchingService", packageName=com.google.android.gms, ownerUid=10027, ownerPid=1289, workSource=null
D/PowerManagerService(  649): updateWakeLockSummaryLocked: mWakefulness=Awake, mWakeLockSummary=0x1
D/PowerManagerService(  649): newScreenState = 2
D/PowerManagerDisplayController(  649): requestPowerState: screenState=2, useProximitySensor=false, forceProximitySensorEnable=false, forceWakeUpEnable=false, screenBrightness=102, screenAutoBrightnessAdjustment=0.0, useAutoBrightness=true, useEcoBrightness=false, blockScreenOn=false, waitForNegativeProximity=false
I/PowerManagerService(  649): setBrightness mButtonLight, screenBrightness=102
D/PowerManagerService(  649): updateScreenStateLocked: mDisplayReady=true, newScreenState=2, mWakefulness=1, mWakeLockSummary=0x1, mUserActivitySummary=0x5, mBootCompleted=true
D/PowerManagerService(  649): handleSandman: canDream=false, mWakefulness=Awake
V/UsbDeviceManager(  649): USB UEVENT: {USB_STATE=DISCONNECTED, SUBSYSTEM=android_usb, DEVPATH=/devices/virtual/android_usb/android0, SEQNUM=1680, ACTION=change}
D/UsbDeviceManager(  649): mUEventObserver - onUEvent - state: DISCONNECTED
D/UsbDeviceManager(  649): updateState - DISCONNECTED
D/UsbDeviceManager(  649): updateState - RNDIS_UPDATE_DELAY  DISCONNECTED mSettingFunction: mtp
V/UsbDeviceManager(  649): USB UEVENT: {USB_STATE=HWDISCONNECTED, SUBSYSTEM=android_usb, DEVPATH=/devices/virtual/android_usb/android0, SEQNUM=1681, ACTION=change}
D/UsbDeviceManager(  649): mUEventObserver - onUEvent - state: HWDISCONNECTED
D/UsbDeviceManager(  649): updateState - HWDISCONNECTED
D/UsbDeviceManager(  649): updateState - UPDATE_DELAY  HWDISCONNECTED mSettingFunction: mtp
D/BatteryService(  649): batIsScreenOn() , ret=true, isFirstLight=false
V/ActivityManager(  649): Broadcast sticky: Intent { act=android.intent.action.BATTERY_CHANGED flg=0x60000010 (has extras) } ordered=false userid=-1 callerApp=null
D/BatteryService(  649): batIsScreenOn() , ret=true, isFirstLight=false
D/WifiService(  649): onReceive, action:android.intent.action.BATTERY_CHANGED
D/UsbDeviceManager(  649): onReceive - BATTERY_CHANGED - mPlugType: 0, mSettingUsbCharging: false, mConnected: true, mSettingUsbBicr: false
D/UsbDeviceManager(  649): onReceive - BATTERY_CHANGED - [HW USB Disconnected] mHwDisconnected: true, mConnected: true, mConfigured: true
D/WifiController(  649): DeviceActiveState{ when=-1ms what=155652 target=com.android.internal.util.StateMachine$SmHandler target=Handler (com.android.internal.util.StateMachine$SmHandler) {42e82988} }
D/WifiController(  649): StaEnabledState{ when=-2ms what=155652 target=com.android.internal.util.StateMachine$SmHandler target=Handler (com.android.internal.util.StateMachine$SmHandler) {42e82988} }
D/WifiController(  649): DefaultState{ when=-2ms what=155652 target=com.android.internal.util.StateMachine$SmHandler target=Handler (com.android.internal.util.StateMachine$SmHandler) {42e82988} }
D/WifiController(  649): battery changed pluggedType: 0
D/PowerManagerService(  649): updateIsPoweredLocked: wasPowered=false, mIsPowered=false, oldPlugType=0, mPlugType=0, mBatteryLevel=11
D/BatteryService(  649): batIsScreenOn() , ret=true, isFirstLight=false
D/PowerManagerService(  649): handleSandman: canDream=false, mWakefulness=Awake
I/PowerUI (  858): updating low battery warning: level=11 [-1]
D/BatteryService(  649): batIsScreenOn() , ret=true, isFirstLight=false
D/PowerManagerDisplayController(  649): mLightSensorListener.onSensorChanged(): enabled = true, lux = 320.0
D/PowerManagerDisplayController(  649): updateAmbientLux: Canceled debounce: mBrighteningLuxThreshold=384.0, mDarkeningLuxThreshold=192.0, mRecentShortTermAverageLux=298.4668, mRecentLongTermAverageLux=235.42465, mAmbientLux=320.0
D/PowerManagerService(  649): updateWakeLockWorkSourceInternal: lock=1109957528 [AudioMix], ws=null
D/PowerManagerNotifier(  649): onWakeLockReleased: flags=1, tag="AudioMix", packageName=media, ownerUid=1013, ownerPid=139, workSource=WorkSource{10030}
D/PowerManagerNotifier(  649): onWakeLockAcquired: flags=1, tag="AudioMix", packageName=media, ownerUid=1013, ownerPid=139, workSource=null
D/PowerManagerDisplayController(  649): mLightSensorListener.onSensorChanged(): enabled = true, lux = 0.0
D/PowerManagerDisplayController(  649): updateAmbientLux: Possibly darkened, waiting for 4000 ms: mDarkeningLuxThreshold=192.0, mRecentShortTermAverageLux=39.532043, mRecentLongTermAverageLux=101.915436, mAmbientLux=320.0
D/PowerManagerDisplayController(  649): mLightSensorListener.onSensorChanged(): enabled = true, lux = 320.0
D/PowerManagerDisplayController(  649): updateAmbientLux: Canceled debounce: mBrighteningLuxThreshold=384.0, mDarkeningLuxThreshold=192.0, mRecentShortTermAverageLux=239.8663, mRecentLongTermAverageLux=174.61029, mAmbientLux=320.0
