--------- beginning of /dev/log/system
E/POAD    (  163): boot_mode = 0
E/POAD    (  163): update boot reason = 0
E/sdcard  (  167): missing packages.list; retrying
E/DirectVolume(  121): 'sdcard0' is pluged in.!!
E/DirectVolume(  121): 'sdcard0' is pluged in.!!
E/DirectVolume(  121): 'sdcard0' is pluged in.!!
E/DirectVolume(  121): 'sdcard0' is pluged in.!!
E/DirectVolume(  121): 'sdcard0' is pluged in.!!
E/DirectVolume(  121): 'sdcard0' is pluged in.!!
E/DirectVolume(  121): 'sdcard0' is pluged in.!!
E/DirectVolume(  121): 'sdcard0' is pluged in.!!
E/DirectVolume(  121): 'sdcard0' is pluged in.!!
E/DirectVolume(  121): 'sdcard0' is pluged in.!!
E/DirectVolume(  121): 'sdcard0' is pluged in.!!
E/DirectVolume(  121): 'sdcard0' is pluged in.!!
E/sdcard  (  167): missing packages.list; retrying
E/sdcard  (  167): missing packages.list; retrying
E/sdcard  (  167): missing packages.list; retrying
E/sdcard  (  167): missing packages.list; retrying
E/sdcard  (  167): missing packages.list; retrying
E/sdcard  (  167): missing packages.list; retrying
E/sdcard  (  167): missing packages.list; retrying
E/sdcard  (  167): missing packages.list; retrying
E/sdcard  (  167): missing packages.list; retrying
E/sdcard  (  167): missing packages.list; retrying
E/sdcard  (  167): missing packages.list; retrying
E/sdcard  (  167): missing packages.list; retrying
E/sdcard  (  167): missing packages.list; retrying
E/sdcard  (  167): missing packages.list; retrying
E/sdcard  (  167): missing packages.list; retrying
E/sdcard  (  167): missing packages.list; retrying
E/sdcard  (  167): missing packages.list; retrying
E/sdcard  (  167): missing packages.list; retrying
E/sdcard  (  167): missing packages.list; retrying
E/sdcard  (  167): missing packages.list; retrying
E/sdcard  (  167): missing packages.list; retrying
E/sdcard  (  167): missing packages.list; retrying
E/sdcard  (  167): missing packages.list; retrying
E/sdcard  (  167): missing packages.list; retrying
E/sdcard  (  167): missing packages.list; retrying
E/sdcard  (  167): missing packages.list; retrying
E/sdcard  (  167): missing packages.list; retrying
E/sdcard  (  167): missing packages.list; retrying
E/sdcard  (  167): missing packages.list; retrying
E/sdcard  (  167): missing packages.list; retrying
E/MountService(  649): encryptProgress()
E/MountService(  649): Error processing initial volume state:  volume == null
E/MobileDataStateTracker(  649): MobileDataStateReceiver add target tracker [mms]
E/MobileDataStateTracker(  649): MobileDataStateReceiver add target tracker [rcse]
E/MobileDataStateTracker(  649): MobileDataStateReceiver add target tracker [cmmail]
E/MobileDataStateTracker(  649): MobileDataStateReceiver add target tracker [net]
E/MobileDataStateTracker(  649): MobileDataStateReceiver add target tracker [wap]
E/MobileDataStateTracker(  649): MobileDataStateReceiver add target tracker [dm]
E/MobileDataStateTracker(  649): MobileDataStateReceiver add target tracker [hipri]
E/MobileDataStateTracker(  649): MobileDataStateReceiver add target tracker [dun]
E/MobileDataStateTracker(  649): MobileDataStateReceiver add target tracker [ia]
E/MobileDataStateTracker(  649): MobileDataStateReceiver add target tracker [cbs]
E/MobileDataStateTracker(  649): MobileDataStateReceiver add target tracker [ims]
E/MobileDataStateTracker(  649): MobileDataStateReceiver add target tracker [fota]
E/MobileDataStateTracker(  649): MobileDataStateReceiver add target tracker [supl]
E/MobileDataStateTracker(  649): MobileDataStateReceiver add target tracker [default]
E/MobileDataStateTracker(  649): default: Ignoring feature request because could not acquire PhoneService
E/MobileDataStateTracker(  649): default: Could not enable APN type "default"
E/WifiDisplayController(  649): actionAtDisconnected, null display
E/WifiDisplayController(  649): WFD disconnected, and WifiLock isn't Held!
E/MountService(  649): mount service registerListener=android.os.storage.IMountServiceListener$Stub$Proxy@4221c220
E/ActivityThread( 1272): Activity com.acer.android.oobe.AcerOOBEActivity has leaked IntentReceiver com.acer.android.oobe.AcerOOBEActivity$UserSwitchReceiver@41eb1048 that was originally registered here. Are you missing a call to unregisterReceiver()?
E/ActivityThread( 1272): android.app.IntentReceiverLeaked: Activity com.acer.android.oobe.AcerOOBEActivity has leaked IntentReceiver com.acer.android.oobe.AcerOOBEActivity$UserSwitchReceiver@41eb1048 that was originally registered here. Are you missing a call to unregisterReceiver()?
E/ActivityThread( 1272): 	at android.app.LoadedApk$ReceiverDispatcher.<init>(LoadedApk.java:835)
E/ActivityThread( 1272): 	at android.app.LoadedApk.getReceiverDispatcher(LoadedApk.java:606)
E/ActivityThread( 1272): 	at android.app.ContextImpl.registerReceiverInternal(ContextImpl.java:1533)
E/ActivityThread( 1272): 	at android.app.ContextImpl.registerReceiver(ContextImpl.java:1513)
E/ActivityThread( 1272): 	at android.app.ContextImpl.registerReceiver(ContextImpl.java:1507)
E/ActivityThread( 1272): 	at android.content.ContextWrapper.registerReceiver(ContextWrapper.java:467)
E/ActivityThread( 1272): 	at com.acer.android.oobe.AcerOOBEActivity.onCreate(AcerOOBEActivity.java:147)
E/ActivityThread( 1272): 	at android.app.Activity.performCreate(Activity.java:5343)
E/ActivityThread( 1272): 	at android.app.Instrumentation.callActivityOnCreate(Instrumentation.java:1088)
E/ActivityThread( 1272): 	at android.app.ActivityThread.performLaunchActivity(ActivityThread.java:2331)
E/ActivityThread( 1272): 	at android.app.ActivityThread.handleLaunchActivity(ActivityThread.java:2419)
E/ActivityThread( 1272): 	at android.app.ActivityThread.access$800(ActivityThread.java:151)
E/ActivityThread( 1272): 	at android.app.ActivityThread$H.handleMessage(ActivityThread.java:1342)
E/ActivityThread( 1272): 	at android.os.Handler.dispatchMessage(Handler.java:110)
E/ActivityThread( 1272): 	at android.os.Looper.loop(Looper.java:193)
E/ActivityThread( 1272): 	at android.app.ActivityThread.main(ActivityThread.java:5323)
E/ActivityThread( 1272): 	at java.lang.reflect.Method.invokeNative(Native Method)
E/ActivityThread( 1272): 	at java.lang.reflect.Method.invoke(Method.java:515)
E/ActivityThread( 1272): 	at com.android.internal.os.ZygoteInit$MethodAndArgsCaller.run(ZygoteInit.java:828)
E/ActivityThread( 1272): 	at com.android.internal.os.ZygoteInit.main(ZygoteInit.java:644)
E/ActivityThread( 1272): 	at dalvik.system.NativeStart.main(Native Method)
E/MountService(  649): mount service registerListener=android.os.storage.IMountServiceListener$Stub$Proxy@4284d2f0
E/MtpServer( 1572): void android::MtpServer::sendEvent(android::MtpEventCode, uint32_t): Without OpenSession to send event code = 0x4004, 
E/MtpServer( 1572): MtpServer::run mFD: 73
E/ActivityThread( 2079): Failed to find provider info for com.google.android.voicesearch
E/MtpServer( 1572): void android::MtpServer::sendEvent(android::MtpEventCode, uint32_t): Without OpenSession to send event code = 0x4002, 
E/MtpServer( 1572): void android::MtpServer::sendEvent(android::MtpEventCode, uint32_t): Without OpenSession to send event code = 0x4002, 
E/MtpServer( 1572): void android::MtpServer::sendEvent(android::MtpEventCode, uint32_t): Without OpenSession to send event code = 0x4002, 
E/MtpServer( 1572): void android::MtpServer::sendEvent(android::MtpEventCode, uint32_t): Without OpenSession to send event code = 0x4002, 
E/MtpServer( 1572): void android::MtpServer::sendEvent(android::MtpEventCode, uint32_t): Without OpenSession to send event code = 0x4002, 
E/MtpServer( 1572): void android::MtpServer::sendEvent(android::MtpEventCode, uint32_t): Without OpenSession to send event code = 0x4002, 
E/MtpServer( 1572): void android::MtpServer::sendEvent(android::MtpEventCode, uint32_t): Without OpenSession to send event code = 0x4002, 
E/MtpServer( 1572): void android::MtpServer::sendEvent(android::MtpEventCode, uint32_t): Without OpenSession to send event code = 0x4002, 
E/MtpServer( 1572): void android::MtpServer::sendEvent(android::MtpEventCode, uint32_t): Without OpenSession to send event code = 0x4002, 
E/MtpServer( 1572): void android::MtpServer::sendEvent(android::MtpEventCode, uint32_t): Without OpenSession to send event code = 0x4002, 
E/WifiService(  649): Invoking mWifiStateMachine.setWifiEnabled
E/WifiService(  649): Invoking mWifiStateMachine.setWifiEnabled from wifiOnPermissionCheckCallback
E/MtpServer( 1572): void android::MtpServer::sendEvent(android::MtpEventCode, uint32_t): Without OpenSession to send event code = 0x4002, 
E/MtpServer( 1572): void android::MtpServer::sendEvent(android::MtpEventCode, uint32_t): Without OpenSession to send event code = 0x4002, 
E/MtpServer( 1572): void android::MtpServer::sendEvent(android::MtpEventCode, uint32_t): Without OpenSession to send event code = 0x4002, 
E/MtpServer( 1572): void android::MtpServer::sendEvent(android::MtpEventCode, uint32_t): Without OpenSession to send event code = 0x4002, 
E/MtpServer( 1572): void android::MtpServer::sendEvent(android::MtpEventCode, uint32_t): Without OpenSession to send event code = 0x4002, 
E/MtpServer( 1572): void android::MtpServer::sendEvent(android::MtpEventCode, uint32_t): Without OpenSession to send event code = 0x4002, 
E/MtpServer( 1572): void android::MtpServer::sendEvent(android::MtpEventCode, uint32_t): Without OpenSession to send event code = 0x4002, 
E/MtpServer( 1572): void android::MtpServer::sendEvent(android::MtpEventCode, uint32_t): Without OpenSession to send event code = 0x4002, 
E/MtpServer( 1572): void android::MtpServer::sendEvent(android::MtpEventCode, uint32_t): Without OpenSession to send event code = 0x4002, 
E/MtpServer( 1572): void android::MtpServer::sendEvent(android::MtpEventCode, uint32_t): Without OpenSession to send event code = 0x4002, 
E/MtpServer( 1572): void android::MtpServer::sendEvent(android::MtpEventCode, uint32_t): Without OpenSession to send event code = 0x4002, 
E/MtpServer( 1572): void android::MtpServer::sendEvent(android::MtpEventCode, uint32_t): Without OpenSession to send event code = 0x4002, 
E/MtpServer( 1572): void android::MtpServer::sendEvent(android::MtpEventCode, uint32_t): Without OpenSession to send event code = 0x4002, 
E/MtpServer( 1572): void android::MtpServer::sendEvent(android::MtpEventCode, uint32_t): Without OpenSession to send event code = 0x4002, 
E/MtpServer( 1572): void android::MtpServer::sendEvent(android::MtpEventCode, uint32_t): Without OpenSession to send event code = 0x4002, 
E/MtpServer( 1572): void android::MtpServer::sendEvent(android::MtpEventCode, uint32_t): Without OpenSession to send event code = 0x4002, 
E/MtpServer( 1572): void android::MtpServer::sendEvent(android::MtpEventCode, uint32_t): Without OpenSession to send event code = 0x4002, 
E/MtpServer( 1572): void android::MtpServer::sendEvent(android::MtpEventCode, uint32_t): Without OpenSession to send event code = 0x4002, 
E/MtpServer( 1572): void android::MtpServer::sendEvent(android::MtpEventCode, uint32_t): Without OpenSession to send event code = 0x4002, 
E/MtpServer( 1572): void android::MtpServer::sendEvent(android::MtpEventCode, uint32_t): Without OpenSession to send event code = 0x4002, 
E/MtpServer( 1572): void android::MtpServer::sendEvent(android::MtpEventCode, uint32_t): Without OpenSession to send event code = 0x4002, 
E/MtpServer( 1572): void android::MtpServer::sendEvent(android::MtpEventCode, uint32_t): Without OpenSession to send event code = 0x4002, 
E/MtpServer( 1572): void android::MtpServer::sendEvent(android::MtpEventCode, uint32_t): Without OpenSession to send event code = 0x4002, 
E/MtpServer( 1572): void android::MtpServer::sendEvent(android::MtpEventCode, uint32_t): Without OpenSession to send event code = 0x4002, 
E/MtpServer( 1572): void android::MtpServer::sendEvent(android::MtpEventCode, uint32_t): Without OpenSession to send event code = 0x4002, 
E/MtpServer( 1572): void android::MtpServer::sendEvent(android::MtpEventCode, uint32_t): Without OpenSession to send event code = 0x4002, 
E/MtpServer( 1572): void android::MtpServer::sendEvent(android::MtpEventCode, uint32_t): Without OpenSession to send event code = 0x4002, 
E/MtpServer( 1572): void android::MtpServer::sendEvent(android::MtpEventCode, uint32_t): Without OpenSession to send event code = 0x4002, 
E/MtpServer( 1572): void android::MtpServer::sendEvent(android::MtpEventCode, uint32_t): Without OpenSession to send event code = 0x4002, 
E/NetlinkEvent(  131): Failed to open ra_info_flag (No such file or directory)
E/NetdConnector(  649): NDC Command {6 softap fwreload wlan0 STA} took too long (1875ms)
E/MtpServer( 1572): void android::MtpServer::sendEvent(android::MtpEventCode, uint32_t): Without OpenSession to send event code = 0x4002, 
E/MtpServer( 1572): void android::MtpServer::sendEvent(android::MtpEventCode, uint32_t): Without OpenSession to send event code = 0x4002, 
E/MtpServer( 1572): void android::MtpServer::sendEvent(android::MtpEventCode, uint32_t): Without OpenSession to send event code = 0x4002, 
E/MtpServer( 1572): void android::MtpServer::sendEvent(android::MtpEventCode, uint32_t): Without OpenSession to send event code = 0x4002, 
E/MtpServer( 1572): void android::MtpServer::sendEvent(android::MtpEventCode, uint32_t): Without OpenSession to send event code = 0x4002, 
E/MtpServer( 1572): void android::MtpServer::sendEvent(android::MtpEventCode, uint32_t): Without OpenSession to send event code = 0x4002, 
E/MtpServer( 1572): void android::MtpServer::sendEvent(android::MtpEventCode, uint32_t): Without OpenSession to send event code = 0x4002, 
E/MtpServer( 1572): void android::MtpServer::sendEvent(android::MtpEventCode, uint32_t): Without OpenSession to send event code = 0x4002, 
E/MtpServer( 1572): void android::MtpServer::sendEvent(android::MtpEventCode, uint32_t): Without OpenSession to send event code = 0x4002, 
E/MtpServer( 1572): void android::MtpServer::sendEvent(android::MtpEventCode, uint32_t): Without OpenSession to send event code = 0x4002, 
E/MtpServer( 1572): void android::MtpServer::sendEvent(android::MtpEventCode, uint32_t): Without OpenSession to send event code = 0x4002, 
E/MtpServer( 1572): void android::MtpServer::sendEvent(android::MtpEventCode, uint32_t): Without OpenSession to send event code = 0x4002, 
E/MtpServer( 1572): void android::MtpServer::sendEvent(android::MtpEventCode, uint32_t): Without OpenSession to send event code = 0x4002, 
E/MtpServer( 1572): void android::MtpServer::sendEvent(android::MtpEventCode, uint32_t): Without OpenSession to send event code = 0x4002, 
E/MtpServer( 1572): void android::MtpServer::sendEvent(android::MtpEventCode, uint32_t): Without OpenSession to send event code = 0x4002, 
E/MtpServer( 1572): void android::MtpServer::sendEvent(android::MtpEventCode, uint32_t): Without OpenSession to send event code = 0x4002, 
E/MtpServer( 1572): void android::MtpServer::sendEvent(android::MtpEventCode, uint32_t): Without OpenSession to send event code = 0x4002, 
E/MtpServer( 1572): void android::MtpServer::sendEvent(android::MtpEventCode, uint32_t): Without OpenSession to send event code = 0x4002, 
E/MtpServer( 1572): void android::MtpServer::sendEvent(android::MtpEventCode, uint32_t): Without OpenSession to send event code = 0x4002, 
E/MtpServer( 1572): void android::MtpServer::sendEvent(android::MtpEventCode, uint32_t): Without OpenSession to send event code = 0x4002, 
E/MtpServer( 1572): void android::MtpServer::sendEvent(android::MtpEventCode, uint32_t): Without OpenSession to send event code = 0x4002, 
E/MtpServer( 1572): void android::MtpServer::sendEvent(android::MtpEventCode, uint32_t): Without OpenSession to send event code = 0x4002, 
E/MtpServer( 1572): void android::MtpServer::sendEvent(android::MtpEventCode, uint32_t): Without OpenSession to send event code = 0x4002, 
E/MtpServer( 1572): void android::MtpServer::sendEvent(android::MtpEventCode, uint32_t): Without OpenSession to send event code = 0x4002, 
E/MtpServer( 1572): void android::MtpServer::sendEvent(android::MtpEventCode, uint32_t): Without OpenSession to send event code = 0x4002, 
E/MtpServer( 1572): void android::MtpServer::sendEvent(android::MtpEventCode, uint32_t): Without OpenSession to send event code = 0x4002, 
E/MtpServer( 1572): void android::MtpServer::sendEvent(android::MtpEventCode, uint32_t): Without OpenSession to send event code = 0x4002, 
E/MtpServer( 1572): void android::MtpServer::sendEvent(android::MtpEventCode, uint32_t): Without OpenSession to send event code = 0x4002, 
E/MtpServer( 1572): void android::MtpServer::sendEvent(android::MtpEventCode, uint32_t): Without OpenSession to send event code = 0x4002, 
E/MtpServer( 1572): void android::MtpServer::sendEvent(android::MtpEventCode, uint32_t): Without OpenSession to send event code = 0x4002, 
E/MtpServer( 1572): void android::MtpServer::sendEvent(android::MtpEventCode, uint32_t): Without OpenSession to send event code = 0x4002, 
E/MtpServer( 1572): void android::MtpServer::sendEvent(android::MtpEventCode, uint32_t): Without OpenSession to send event code = 0x4002, 
E/MtpServer( 1572): void android::MtpServer::sendEvent(android::MtpEventCode, uint32_t): Without OpenSession to send event code = 0x4002, 
E/MtpServer( 1572): void android::MtpServer::sendEvent(android::MtpEventCode, uint32_t): Without OpenSession to send event code = 0x4002, 
E/MtpServer( 1572): void android::MtpServer::sendEvent(android::MtpEventCode, uint32_t): Without OpenSession to send event code = 0x4002, 
E/MtpServer( 1572): void android::MtpServer::sendEvent(android::MtpEventCode, uint32_t): Without OpenSession to send event code = 0x4002, 
E/MtpServer( 1572): void android::MtpServer::sendEvent(android::MtpEventCode, uint32_t): Without OpenSession to send event code = 0x4002, 
E/MtpServer( 1572): void android::MtpServer::sendEvent(android::MtpEventCode, uint32_t): Without OpenSession to send event code = 0x4002, 
E/MtpServer( 1572): void android::MtpServer::sendEvent(android::MtpEventCode, uint32_t): Without OpenSession to send event code = 0x4002, 
E/MtpServer( 1572): void android::MtpServer::sendEvent(android::MtpEventCode, uint32_t): Without OpenSession to send event code = 0x4002, 
E/MtpServer( 1572): void android::MtpServer::sendEvent(android::MtpEventCode, uint32_t): Without OpenSession to send event code = 0x4002, 
E/MtpServer( 1572): void android::MtpServer::sendEvent(android::MtpEventCode, uint32_t): Without OpenSession to send event code = 0x4002, 
E/MtpServer( 1572): void android::MtpServer::sendEvent(android::MtpEventCode, uint32_t): Without OpenSession to send event code = 0x4002, 
E/MtpServer( 1572): void android::MtpServer::sendEvent(android::MtpEventCode, uint32_t): Without OpenSession to send event code = 0x4002, 
E/MtpServer( 1572): void android::MtpServer::sendEvent(android::MtpEventCode, uint32_t): Without OpenSession to send event code = 0x4002, 
E/MtpServer( 1572): void android::MtpServer::sendEvent(android::MtpEventCode, uint32_t): Without OpenSession to send event code = 0x4002, 
E/MtpServer( 1572): void android::MtpServer::sendEvent(android::MtpEventCode, uint32_t): Without OpenSession to send event code = 0x4002, 
E/MtpServer( 1572): void android::MtpServer::sendEvent(android::MtpEventCode, uint32_t): Without OpenSession to send event code = 0x4002, 
E/MtpServer( 1572): void android::MtpServer::sendEvent(android::MtpEventCode, uint32_t): Without OpenSession to send event code = 0x4002, 
E/MtpServer( 1572): void android::MtpServer::sendEvent(android::MtpEventCode, uint32_t): Without OpenSession to send event code = 0x4002, 
E/MtpServer( 1572): void android::MtpServer::sendEvent(android::MtpEventCode, uint32_t): Without OpenSession to send event code = 0x4002, 
E/MtpServer( 1572): void android::MtpServer::sendEvent(android::MtpEventCode, uint32_t): Without OpenSession to send event code = 0x4002, 
E/MtpServer( 1572): void android::MtpServer::sendEvent(android::MtpEventCode, uint32_t): Without OpenSession to send event code = 0x4002, 
E/MtpServer( 1572): void android::MtpServer::sendEvent(android::MtpEventCode, uint32_t): Without OpenSession to send event code = 0x4002, 
E/MtpServer( 1572): void android::MtpServer::sendEvent(android::MtpEventCode, uint32_t): Without OpenSession to send event code = 0x4002, 
E/MtpServer( 1572): void android::MtpServer::sendEvent(android::MtpEventCode, uint32_t): Without OpenSession to send event code = 0x4002, 
E/MtpServer( 1572): void android::MtpServer::sendEvent(android::MtpEventCode, uint32_t): Without OpenSession to send event code = 0x4002, 
E/MtpServer( 1572): void android::MtpServer::sendEvent(android::MtpEventCode, uint32_t): Without OpenSession to send event code = 0x4002, 
E/MtpServer( 1572): void android::MtpServer::sendEvent(android::MtpEventCode, uint32_t): Without OpenSession to send event code = 0x4002, 
E/MtpServer( 1572): void android::MtpServer::sendEvent(android::MtpEventCode, uint32_t): Without OpenSession to send event code = 0x4002, 
E/MtpServer( 1572): void android::MtpServer::sendEvent(android::MtpEventCode, uint32_t): Without OpenSession to send event code = 0x4002, 
E/MtpServer( 1572): void android::MtpServer::sendEvent(android::MtpEventCode, uint32_t): Without OpenSession to send event code = 0x4002, 
E/MtpServer( 1572): void android::MtpServer::sendEvent(android::MtpEventCode, uint32_t): Without OpenSession to send event code = 0x4002, 
E/MtpServer( 1572): void android::MtpServer::sendEvent(android::MtpEventCode, uint32_t): Without OpenSession to send event code = 0x4002, 
E/MtpServer( 1572): void android::MtpServer::sendEvent(android::MtpEventCode, uint32_t): Without OpenSession to send event code = 0x4002, 
E/MtpServer( 1572): void android::MtpServer::sendEvent(android::MtpEventCode, uint32_t): Without OpenSession to send event code = 0x4002, 
E/MtpServer( 1572): void android::MtpServer::sendEvent(android::MtpEventCode, uint32_t): Without OpenSession to send event code = 0x4002, 
E/MtpServer( 1572): void android::MtpServer::sendEvent(android::MtpEventCode, uint32_t): Without OpenSession to send event code = 0x4002, 
E/MtpServer( 1572): void android::MtpServer::sendEvent(android::MtpEventCode, uint32_t): Without OpenSession to send event code = 0x4002, 
E/MtpServer( 1572): void android::MtpServer::sendEvent(android::MtpEventCode, uint32_t): Without OpenSession to send event code = 0x4002, 
E/MtpServer( 1572): void android::MtpServer::sendEvent(android::MtpEventCode, uint32_t): Without OpenSession to send event code = 0x4002, 
E/MtpServer( 1572): void android::MtpServer::sendEvent(android::MtpEventCode, uint32_t): Without OpenSession to send event code = 0x4002, 
E/MtpServer( 1572): void android::MtpServer::sendEvent(android::MtpEventCode, uint32_t): Without OpenSession to send event code = 0x4002, 
E/MtpServer( 1572): void android::MtpServer::sendEvent(android::MtpEventCode, uint32_t): Without OpenSession to send event code = 0x4002, 
E/MtpServer( 1572): void android::MtpServer::sendEvent(android::MtpEventCode, uint32_t): Without OpenSession to send event code = 0x4002, 
E/MtpServer( 1572): void android::MtpServer::sendEvent(android::MtpEventCode, uint32_t): Without OpenSession to send event code = 0x4002, 
E/MtpServer( 1572): void android::MtpServer::sendEvent(android::MtpEventCode, uint32_t): Without OpenSession to send event code = 0x4002, 
E/MtpServer( 1572): void android::MtpServer::sendEvent(android::MtpEventCode, uint32_t): Without OpenSession to send event code = 0x4002, 
E/MtpServer( 1572): void android::MtpServer::sendEvent(android::MtpEventCode, uint32_t): Without OpenSession to send event code = 0x4002, 
E/MtpServer( 1572): void android::MtpServer::sendEvent(android::MtpEventCode, uint32_t): Without OpenSession to send event code = 0x4002, 
E/MtpServer( 1572): void android::MtpServer::sendEvent(android::MtpEventCode, uint32_t): Without OpenSession to send event code = 0x4002, 
E/MtpServer( 1572): void android::MtpServer::sendEvent(android::MtpEventCode, uint32_t): Without OpenSession to send event code = 0x4002, 
E/MtpServer( 1572): void android::MtpServer::sendEvent(android::MtpEventCode, uint32_t): Without OpenSession to send event code = 0x4002, 
E/MtpServer( 1572): void android::MtpServer::sendEvent(android::MtpEventCode, uint32_t): Without OpenSession to send event code = 0x4002, 
E/MtpServer( 1572): void android::MtpServer::sendEvent(android::MtpEventCode, uint32_t): Without OpenSession to send event code = 0x4002, 
E/MtpServer( 1572): void android::MtpServer::sendEvent(android::MtpEventCode, uint32_t): Without OpenSession to send event code = 0x4002, 
E/MtpServer( 1572): void android::MtpServer::sendEvent(android::MtpEventCode, uint32_t): Without OpenSession to send event code = 0x4002, 
E/MtpServer( 1572): void android::MtpServer::sendEvent(android::MtpEventCode, uint32_t): Without OpenSession to send event code = 0x4002, 
E/MtpServer( 1572): void android::MtpServer::sendEvent(android::MtpEventCode, uint32_t): Without OpenSession to send event code = 0x4002, 
E/MtpServer( 1572): void android::MtpServer::sendEvent(android::MtpEventCode, uint32_t): Without OpenSession to send event code = 0x4002, 
E/MtpServer( 1572): void android::MtpServer::sendEvent(android::MtpEventCode, uint32_t): Without OpenSession to send event code = 0x4002, 
E/MtpServer( 1572): void android::MtpServer::sendEvent(android::MtpEventCode, uint32_t): Without OpenSession to send event code = 0x4002, 
E/MtpServer( 1572): void android::MtpServer::sendEvent(android::MtpEventCode, uint32_t): Without OpenSession to send event code = 0x4002, 
E/MtpServer( 1572): void android::MtpServer::sendEvent(android::MtpEventCode, uint32_t): Without OpenSession to send event code = 0x4002, 
E/MtpServer( 1572): void android::MtpServer::sendEvent(android::MtpEventCode, uint32_t): Without OpenSession to send event code = 0x4002, 
E/MtpServer( 1572): void android::MtpServer::sendEvent(android::MtpEventCode, uint32_t): Without OpenSession to send event code = 0x4002, 
E/MtpServer( 1572): void android::MtpServer::sendEvent(android::MtpEventCode, uint32_t): Without OpenSession to send event code = 0x4002, 
E/MtpServer( 1572): void android::MtpServer::sendEvent(android::MtpEventCode, uint32_t): Without OpenSession to send event code = 0x4002, 
E/MtpServer( 1572): void android::MtpServer::sendEvent(android::MtpEventCode, uint32_t): Without OpenSession to send event code = 0x4002, 
E/MtpServer( 1572): void android::MtpServer::sendEvent(android::MtpEventCode, uint32_t): Without OpenSession to send event code = 0x4002, 
E/MtpServer( 1572): void android::MtpServer::sendEvent(android::MtpEventCode, uint32_t): Without OpenSession to send event code = 0x4002, 
E/MtpServer( 1572): void android::MtpServer::sendEvent(android::MtpEventCode, uint32_t): Without OpenSession to send event code = 0x4002, 
E/MtpServer( 1572): void android::MtpServer::sendEvent(android::MtpEventCode, uint32_t): Without OpenSession to send event code = 0x4002, 
E/MtpServer( 1572): void android::MtpServer::sendEvent(android::MtpEventCode, uint32_t): Without OpenSession to send event code = 0x4002, 
E/MtpServer( 1572): void android::MtpServer::sendEvent(android::MtpEventCode, uint32_t): Without OpenSession to send event code = 0x4002, 
E/MtpServer( 1572): void android::MtpServer::sendEvent(android::MtpEventCode, uint32_t): Without OpenSession to send event code = 0x4002, 
E/MtpServer( 1572): void android::MtpServer::sendEvent(android::MtpEventCode, uint32_t): Without OpenSession to send event code = 0x4002, 
E/MtpServer( 1572): void android::MtpServer::sendEvent(android::MtpEventCode, uint32_t): Without OpenSession to send event code = 0x4002, 
E/MtpServer( 1572): void android::MtpServer::sendEvent(android::MtpEventCode, uint32_t): Without OpenSession to send event code = 0x4002, 
E/MtpServer( 1572): void android::MtpServer::sendEvent(android::MtpEventCode, uint32_t): Without OpenSession to send event code = 0x4002, 
E/MtpServer( 1572): void android::MtpServer::sendEvent(android::MtpEventCode, uint32_t): Without OpenSession to send event code = 0x4002, 
E/MtpServer( 1572): void android::MtpServer::sendEvent(android::MtpEventCode, uint32_t): Without OpenSession to send event code = 0x4002, 
E/MtpServer( 1572): void android::MtpServer::sendEvent(android::MtpEventCode, uint32_t): Without OpenSession to send event code = 0x4002, 
E/MtpServer( 1572): void android::MtpServer::sendEvent(android::MtpEventCode, uint32_t): Without OpenSession to send event code = 0x4002, 
E/MtpServer( 1572): void android::MtpServer::sendEvent(android::MtpEventCode, uint32_t): Without OpenSession to send event code = 0x4002, 
E/MtpServer( 1572): void android::MtpServer::sendEvent(android::MtpEventCode, uint32_t): Without OpenSession to send event code = 0x4002, 
E/MtpServer( 1572): void android::MtpServer::sendEvent(android::MtpEventCode, uint32_t): Without OpenSession to send event code = 0x4002, 
E/MtpServer( 1572): void android::MtpServer::sendEvent(android::MtpEventCode, uint32_t): Without OpenSession to send event code = 0x4002, 
E/MtpServer( 1572): void android::MtpServer::sendEvent(android::MtpEventCode, uint32_t): Without OpenSession to send event code = 0x4002, 
E/MtpServer( 1572): void android::MtpServer::sendEvent(android::MtpEventCode, uint32_t): Without OpenSession to send event code = 0x4002, 
E/MtpServer( 1572): void android::MtpServer::sendEvent(android::MtpEventCode, uint32_t): Without OpenSession to send event code = 0x4002, 
E/MtpServer( 1572): void android::MtpServer::sendEvent(android::MtpEventCode, uint32_t): Without OpenSession to send event code = 0x4002, 
E/MtpServer( 1572): void android::MtpServer::sendEvent(android::MtpEventCode, uint32_t): Without OpenSession to send event code = 0x4002, 
E/MtpServer( 1572): void android::MtpServer::sendEvent(android::MtpEventCode, uint32_t): Without OpenSession to send event code = 0x4002, 
E/MtpServer( 1572): void android::MtpServer::sendEvent(android::MtpEventCode, uint32_t): Without OpenSession to send event code = 0x4002, 
E/MtpServer( 1572): void android::MtpServer::sendEvent(android::MtpEventCode, uint32_t): Without OpenSession to send event code = 0x4002, 
E/MtpServer( 1572): void android::MtpServer::sendEvent(android::MtpEventCode, uint32_t): Without OpenSession to send event code = 0x4002, 
E/MtpServer( 1572): void android::MtpServer::sendEvent(android::MtpEventCode, uint32_t): Without OpenSession to send event code = 0x4002, 
E/MtpServer( 1572): void android::MtpServer::sendEvent(android::MtpEventCode, uint32_t): Without OpenSession to send event code = 0x4002, 
E/MtpServer( 1572): void android::MtpServer::sendEvent(android::MtpEventCode, uint32_t): Without OpenSession to send event code = 0x4002, 
E/MtpServer( 1572): void android::MtpServer::sendEvent(android::MtpEventCode, uint32_t): Without OpenSession to send event code = 0x4002, 
E/MtpServer( 1572): void android::MtpServer::sendEvent(android::MtpEventCode, uint32_t): Without OpenSession to send event code = 0x4002, 
E/MtpServer( 1572): void android::MtpServer::sendEvent(android::MtpEventCode, uint32_t): Without OpenSession to send event code = 0x4002, 
E/MtpServer( 1572): void android::MtpServer::sendEvent(android::MtpEventCode, uint32_t): Without OpenSession to send event code = 0x4002, 
E/MtpServer( 1572): void android::MtpServer::sendEvent(android::MtpEventCode, uint32_t): Without OpenSession to send event code = 0x4002, 
E/MtpServer( 1572): void android::MtpServer::sendEvent(android::MtpEventCode, uint32_t): Without OpenSession to send event code = 0x4002, 
E/MtpServer( 1572): void android::MtpServer::sendEvent(android::MtpEventCode, uint32_t): Without OpenSession to send event code = 0x4002, 
E/MtpServer( 1572): void android::MtpServer::sendEvent(android::MtpEventCode, uint32_t): Without OpenSession to send event code = 0x4002, 
E/MtpServer( 1572): void android::MtpServer::sendEvent(android::MtpEventCode, uint32_t): Without OpenSession to send event code = 0x4002, 
E/MtpServer( 1572): void android::MtpServer::sendEvent(android::MtpEventCode, uint32_t): Without OpenSession to send event code = 0x4002, 
E/MtpServer( 1572): void android::MtpServer::sendEvent(android::MtpEventCode, uint32_t): Without OpenSession to send event code = 0x4002, 
E/MtpServer( 1572): void android::MtpServer::sendEvent(android::MtpEventCode, uint32_t): Without OpenSession to send event code = 0x4002, 
E/MtpServer( 1572): void android::MtpServer::sendEvent(android::MtpEventCode, uint32_t): Without OpenSession to send event code = 0x4002, 
E/MtpServer( 1572): void android::MtpServer::sendEvent(android::MtpEventCode, uint32_t): Without OpenSession to send event code = 0x4002, 
E/MtpServer( 1572): void android::MtpServer::sendEvent(android::MtpEventCode, uint32_t): Without OpenSession to send event code = 0x4002, 
E/MtpServer( 1572): void android::MtpServer::sendEvent(android::MtpEventCode, uint32_t): Without OpenSession to send event code = 0x4002, 
E/MtpServer( 1572): void android::MtpServer::sendEvent(android::MtpEventCode, uint32_t): Without OpenSession to send event code = 0x4002, 
E/ConnectivityService(  649): Unexpected mtu value: android.net.wifi.WifiStateTracker@423555f8
E/ConnectivityService(  649): Add google dns provided for WIFI - using 8.8.8.8
--------- beginning of /dev/log/main
D/wpa_supplicant( 2439): WPS: attr type=0x103b len=1
D/wpa_supplicant( 2439): WPS: attr type=0x1047 len=16
D/wpa_supplicant( 2439): WPS: attr type=0x1021 len=24
D/wpa_supplicant( 2439): WPS: attr type=0x1023 len=28
D/wpa_supplicant( 2439): WPS: attr type=0x1024 len=6
D/wpa_supplicant( 2439): WPS: attr type=0x1042 len=8
D/wpa_supplicant( 2439): WPS: attr type=0x1054 len=8
D/wpa_supplicant( 2439): WPS: attr type=0x1011 len=9
D/wpa_supplicant( 2439): WPS: attr type=0x1008 len=2
D/wpa_supplicant( 2439): WPS: attr type=0x103c len=1
D/wpa_supplicant( 2439): WPS: attr type=0x1049 len=6
D/wpa_supplicant( 2439): WPS: WFA subelement id=0 len=1
D/wpa_supplicant( 2439): WPS: attr type=0x104a len=1
D/wpa_supplicant( 2439): WPS: attr type=0x1044 len=1
D/wpa_supplicant( 2439): WPS: attr type=0x103b len=1
D/wpa_supplicant( 2439): WPS: attr type=0x1047 len=16
D/wpa_supplicant( 2439): WPS: attr type=0x1021 len=24
D/wpa_supplicant( 2439): WPS: attr type=0x1023 len=28
D/wpa_supplicant( 2439): WPS: attr type=0x1024 len=6
D/wpa_supplicant( 2439): WPS: attr type=0x1042 len=8
D/wpa_supplicant( 2439): WPS: attr type=0x1054 len=8
D/wpa_supplicant( 2439): WPS: attr type=0x1011 len=9
D/wpa_supplicant( 2439): WPS: attr type=0x1008 len=2
D/wpa_supplicant( 2439): WPS: attr type=0x103c len=1
D/wpa_supplicant( 2439): WPS: attr type=0x1049 len=6
D/wpa_supplicant( 2439): WPS: WFA subelement id=0 len=1
D/wpa_supplicant( 2439): WPS: attr type=0x104a len=1
D/wpa_supplicant( 2439): WPS: attr type=0x1044 len=1
D/wpa_supplicant( 2439): WPS: attr type=0x103b len=1
D/wpa_supplicant( 2439): WPS: attr type=0x1047 len=16
D/wpa_supplicant( 2439): WPS: attr type=0x1021 len=24
D/wpa_supplicant( 2439): WPS: attr type=0x1023 len=28
D/wpa_supplicant( 2439): WPS: attr type=0x1024 len=6
D/libc    (  131): ;; ->>HEADER<<- opcode: QUERY, status: NOERROR, id: 36769
D/libc    (  131): ;; flags: qr rd ra; QUERY: 1, ANSWER: 4, AUTHORITY: 4, ADDITIONAL: 4
D/libc    (  131): ;;	www.googleapis.com, type = A, class = IN
D/libc    (  131): www.googleapis.com.	13m57s IN CNAME  googleapis.l.google.com.
D/libc    (  131): googleapis.l.google.com.  3m14s IN A  216.58.211.42
D/libc    (  131): googleapis.l.google.com.  3m14s IN A  172.217.19.106
D/libc    (  131): googleapis.l.google.com.  3m14s IN A  216.58.211.10
D/libc    (  131): google.com.		23h20m11s IN NS  ns3.google.com.
D/libc    (  131): google.com.		23h20m11s IN NS  ns1.google.com.
D/libc    (  131): google.com.		23h20m11s IN NS  ns2.google.com.
D/libc    (  131): google.com.		23h20m11s IN NS  ns4.google.com.
D/libc    (  131): ns1.google.com.		22h27m6s IN A	216.239.32.10
D/libc    (  131): ns2.google.com.		17h43m42s IN A	216.239.34.10
D/libc    (  131): ns3.google.com.		22h27m6s IN A	216.239.36.10
D/libc    (  131): ns4.google.com.		22h27m6s IN A	216.239.38.10
D/libc    (  131): 
D/wpa_supplicant( 2439): WPS: attr type=0x1042 len=8
D/wpa_supplicant( 2439): WPS: attr type=0x1054 len=8
D/wpa_supplicant( 2439): WPS: attr type=0x1011 len=9
D/wpa_supplicant( 2439): WPS: attr type=0x1008 len=2
D/wpa_supplicant( 2439): WPS: attr type=0x103c len=1
D/wpa_supplicant( 2439): WPS: attr type=0x1049 len=6
D/wpa_supplicant( 2439): WPS: WFA subelement id=0 len=1
D/wpa_supplicant( 2439): WPS: attr type=0x104a len=1
D/wpa_supplicant( 2439): WPS: attr type=0x1044 len=1
D/wpa_supplicant( 2439): WPS: attr type=0x103b len=1
D/libc    (  131): answer:
D/wpa_supplicant( 2439): WPS: attr type=0x1047 len=16
D/wpa_supplicant( 2439): WPS: attr type=0x1021 len=7
D/wpa_supplicant( 2439): WPS: attr type=0x1023 len=10
D/wpa_supplicant( 2439): WPS: attr type=0x1024 len=3
D/wpa_supplicant( 2439): WPS: attr type=0x1042 len=3
D/wpa_supplicant( 2439): WPS: attr type=0x1054 len=8
D/wpa_supplicant( 2439): WPS: attr type=0x1011 len=26
D/wpa_supplicant( 2439): WPS: attr type=0x1008 len=2
D/wpa_supplicant( 2439): WPS: attr type=0x103c len=1
D/libc    (  131): 8f a1 81 80 00 01 00 04 00 04 00 04 03 77 77 77  .............www
D/libc    (  131): 0a 67 6f 6f 67 6c 65 61 70 69 73 03 63 6f 6d 00  .googleapis.com.
D/libc    (  131): 00 01 00 01 c0 0c 00 05 00 01 00 00 03 45 00 16  .............E..
D/libc    (  131): 0a 67 6f 6f 67 6c 65 61 70 69 73 01 6c 06 67 6f  .googleapis.l.go
D/libc    (  131): 6f 67 6c 65 c0 1b c0 30 00 01 00 01 00 00 00 c2  ogle...0........
D/libc    (  131): 00 04 d8 3a d3 2a c0 30 00 01 00 01 00 00 00 c2  ...:.*.0........
D/libc    (  131): 00 04 ac d9 13 6a c0 30 00 01 00 01 00 00 00 c2  .....j.0........
D/libc    (  131): 00 04 d8 3a d3 0a c0 3d 00 02 00 01 00 01 48 2b  ...:...=......H+
D/libc    (  131): 00 06 03 6e 73 33 c0 3d c0 3d 00 02 00 01 00 01  ...ns3.=.=......
D/libc    (  131): 48 2b 00 06 03 6e 73 31 c0 3d c0 3d 00 02 00 01  H+...ns1.=.=....
D/libc    (  131): 00 01 48 2b 00 06 03 6e 73 32 c0 3d c0 3d 00 02  ..H+...ns2.=.=..
D/libc    (  131): 00 01 00 01 48 2b 00 06 03 6e 73 34 c0 3d c0 94  ....H+...ns4.=..
D/libc    (  131): 00 01 00 01 00 01 3b ba 00 04 d8 ef 20 0a c0 a6  ......;..... ...
D/libc    (  131): 00 01 00 01 00 00 f9 4e 00 04 d8 ef 22 0a c0 82  .......N...."...
D/libc    (  131): 00 01 00 01 00 01 3b ba 00 04 d8 ef 24 0a c0 b8  ......;.....$...
D/libc    (  131): 00 01 00 01 00 01 3b ba 00 04 d8 
D/wpa_supplicant( 2439): WPS: attr type=0x1049 len=20
D/wpa_supplicant( 2439): WPS: Unknown Vendor Extension (Vendor ID 9442)
D/wpa_supplicant( 2439): WPS: attr type=0x104a len=1
D/wpa_supplicant( 2439): WPS: attr type=0x1044 len=1
D/wpa_supplicant( 2439): WPS: attr type=0x103b len=1
D/wpa_supplicant( 2439): WPS: attr type=0x1047 len=16
D/libc    (  131): TTL = 194
D/wpa_supplicant( 2439): WPS: attr type=0x1021 len=7
D/wpa_supplicant( 2439): WPS: attr type=0x1023 len=10
D/wpa_supplicant( 2439): WPS: attr type=0x1024 len=3
D/wpa_supplicant( 2439): WPS: attr type=0x1042 len=3
D/wpa_supplicant( 2439): WPS: attr type=0x1054 len=8
D/libc    (  131): _cache_add_p: entry 2 added (count=2)
D/wpa_supplicant( 2439): WPS: attr type=0x1011 len=26
D/wpa_supplicant( 2439): WPS: attr type=0x1008 len=2
D/wpa_supplicant( 2439): WPS: attr type=0x103c len=1
D/wpa_supplicant( 2439): WPS: attr type=0x1049 len=20
D/wpa_supplicant( 2439): WPS: Unknown Vendor Extension (Vendor ID 9442)
D/libc    (  131): MRU LIST ( 2):  2 1
D/wpa_supplicant( 2439): WPS: attr type=0x104a len=1
D/wpa_supplicant( 2439): WPS: attr type=0x1044 len=1
D/wpa_supplicant( 2439): WPS: attr type=0x103b len=1
D/wpa_supplicant( 2439): WPS: attr type=0x1047 len=16
D/wpa_supplicant( 2439): WPS: attr type=0x1021 len=7
D/wpa_supplicant( 2439): WPS: attr type=0x1023 len=10
D/wpa_supplicant( 2439): WPS: attr type=0x1024 len=3
D/wpa_supplicant( 2439): WPS: attr type=0x1042 len=3
D/wpa_supplicant( 2439): WPS: attr type=0x1054 len=8
D/libc-netbsd(  131): res_queryN name = www.googleapis.com succeed
D/wpa_supplicant( 2439): WPS: attr type=0x1011 len=26
D/wpa_supplicant( 2439): WPS: attr type=0x1008 len=2
D/wpa_supplicant( 2439): WPS: attr type=0x103c len=1
D/wpa_supplicant( 2439): WPS: attr type=0x1049 len=20
D/wpa_supplicant( 2439): WPS: Unknown Vendor Extension (Vendor ID 9442)
D/wpa_supplicant( 2439): WPS: attr type=0x104a len=1
D/wpa_supplicant( 2439): WPS: attr type=0x1044 len=1
D/wpa_supplicant( 2439): WPS: attr type=0x1047 len=16
D/wpa_supplicant( 2439): WPS: attr type=0x103c len=1
D/wpa_supplicant( 2439): WPS: attr type=0x104a len=1
D/wpa_supplicant( 2439): WPS: attr type=0x1044 len=1
D/wpa_supplicant( 2439): WPS: attr type=0x1047 len=16
D/wpa_supplicant( 2439): WPS: attr type=0x103c len=1
D/wpa_supplicant( 2439): WPS: attr type=0x104a len=1
D/wpa_supplicant( 2439): WPS: attr type=0x1044 len=1
D/wpa_supplicant( 2439): WPS: attr type=0x1047 len=16
D/wpa_supplicant( 2439): WPS: attr type=0x103c len=1
D/wpa_supplicant( 2439): WPS: attr type=0x104a len=1
D/wpa_supplicant( 2439): WPS: attr type=0x1044 len=1
D/wpa_supplicant( 2439): WPS: attr type=0x103b len=1
D/wpa_supplicant( 2439): WPS: attr type=0x1047 len=16
D/wpa_supplicant( 2439): WPS: attr type=0x1021 len=28
D/wpa_supplicant( 2439): WPS: attr type=0x1023 len=8
D/wpa_supplicant( 2439): WPS: attr type=0x1024 len=13
D/wpa_supplicant( 2439): WPS: attr type=0x1042 len=15
D/wpa_supplicant( 2439): WPS: attr type=0x1054 len=8
D/wpa_supplicant( 2439): WPS: attr type=0x1011 len=17
D/wpa_supplicant( 2439): WPS: attr type=0x1008 len=2
D/wpa_supplicant( 2439): WPS: attr type=0x1049 len=6
D/wpa_supplicant( 2439): WPS: WFA subelement id=0 len=1
D/wpa_supplicant( 2439): WPS: attr type=0x104a len=1
D/wpa_supplicant( 2439): WPS: attr type=0x1044 len=1
D/wpa_supplicant( 2439): WPS: attr type=0x103b len=1
D/wpa_supplicant( 2439): WPS: attr type=0x1047 len=16
D/wpa_supplicant( 2439): WPS: attr type=0x1021 len=28
D/wpa_supplicant( 2439): WPS: attr type=0x1023 len=8
D/wpa_supplicant( 2439): WPS: attr type=0x1024 len=13
D/wpa_supplicant( 2439): WPS: attr type=0x1042 len=15
D/wpa_supplicant( 2439): WPS: attr type=0x1054 len=8
D/wpa_supplicant( 2439): WPS: attr type=0x1011 len=17
D/wpa_supplicant( 2439): WPS: attr type=0x1008 len=2
D/wpa_supplicant( 2439): WPS: attr type=0x1049 len=6
D/wpa_supplicant( 2439): WPS: WFA subelement id=0 len=1
D/wpa_supplicant( 2439): WPS: attr type=0x104a len=1
D/wpa_supplicant( 2439): WPS: attr type=0x1044 len=1
D/wpa_supplicant( 2439): WPS: attr type=0x103b len=1
D/wpa_supplicant( 2439): WPS: attr type=0x1047 len=16
D/wpa_supplicant( 2439): WPS: attr type=0x1021 len=28
D/wpa_supplicant( 2439): WPS: attr type=0x1023 len=8
D/wpa_supplicant( 2439): WPS: attr type=0x1024 len=13
D/wpa_supplicant( 2439): WPS: attr type=0x1042 len=15
D/wpa_supplicant( 2439): WPS: attr type=0x1054 len=8
D/wpa_supplicant( 2439): WPS: attr type=0x1011 len=17
D/wpa_supplicant( 2439): WPS: attr type=0x1008 len=2
D/wpa_supplicant( 2439): WPS: attr type=0x1049 len=6
D/wpa_supplicant( 2439): WPS: WFA subelement id=0 len=1
D/wpa_supplicant( 2439): WPS: attr type=0x104a len=1
D/wpa_supplicant( 2439): WPS: attr type=0x1044 len=1
D/wpa_supplicant( 2439): WPS: attr type=0x1057 len=1
D/wpa_supplicant( 2439): WPS: attr type=0x103b len=1
D/wpa_supplicant( 2439): WPS: attr type=0x1047 len=16
D/wpa_supplicant( 2439): WPS: attr type=0x1021 len=21
D/wpa_supplicant( 2439): WPS: attr type=0x1023 len=8
D/wpa_supplicant( 2439): WPS: attr type=0x1024 len=3
D/wpa_supplicant( 2439): WPS: attr type=0x1042 len=5
D/wpa_supplicant( 2439): WPS: attr type=0x1054 len=8
D/wpa_supplicant( 2439): WPS: attr type=0x1011 len=11
D/wpa_supplicant( 2439): WPS: attr type=0x1008 len=2
D/wpa_supplicant( 2439): WPS: attr type=0x103c len=1
D/wpa_supplicant( 2439): WPS: attr type=0x1049 len=6
D/wpa_supplicant( 2439): WPS: WFA subelement id=0 len=1
D/wpa_supplicant( 2439): WPS: attr type=0x104a len=1
D/wpa_supplicant( 2439): WPS: attr type=0x1044 len=1
D/wpa_supplicant( 2439): WPS: attr type=0x1057 len=1
D/wpa_supplicant( 2439): WPS: attr type=0x103b len=1
D/wpa_supplicant( 2439): WPS: attr type=0x1047 len=16
D/wpa_supplicant( 2439): WPS: attr type=0x1021 len=21
D/wpa_supplicant( 2439): WPS: attr type=0x1023 len=8
D/wpa_supplicant( 2439): WPS: attr type=0x1024 len=3
D/wpa_supplicant( 2439): WPS: attr type=0x1042 len=5
D/wpa_supplicant( 2439): WPS: attr type=0x1054 len=8
D/wpa_supplicant( 2439): WPS: attr type=0x1011 len=11
D/wpa_supplicant( 2439): WPS: attr type=0x1008 len=2
D/wpa_supplicant( 2439): WPS: attr type=0x103c len=1
D/wpa_supplicant( 2439): WPS: attr type=0x1049 len=6
D/wpa_supplicant( 2439): WPS: WFA subelement id=0 len=1
D/wpa_supplicant( 2439): WPS: attr type=0x104a len=1
D/wpa_supplicant( 2439): WPS: attr type=0x1044 len=1
D/wpa_supplicant( 2439): WPS: attr type=0x1057 len=1
D/wpa_supplicant( 2439): WPS: attr type=0x103b len=1
D/wpa_supplicant( 2439): WPS: attr type=0x1047 len=16
D/wpa_supplicant( 2439): WPS: attr type=0x1021 len=21
D/wpa_supplicant( 2439): WPS: attr type=0x1023 len=8
D/wpa_supplicant( 2439): WPS: attr type=0x1024 len=3
D/wpa_supplicant( 2439): WPS: attr type=0x1042 len=5
D/wpa_supplicant( 2439): WPS: attr type=0x1054 len=8
D/wpa_supplicant( 2439): WPS: attr type=0x1011 len=11
D/wpa_supplicant( 2439): WPS: attr type=0x1008 len=2
D/wpa_supplicant( 2439): WPS: attr type=0x103c len=1
D/wpa_supplicant( 2439): WPS: attr type=0x1049 len=6
D/wpa_supplicant( 2439): WPS: WFA subelement id=0 len=1
D/wpa_supplicant( 2439): WPS: attr type=0x104a len=1
D/wpa_supplicant( 2439): WPS: attr type=0x1044 len=1
D/wpa_supplicant( 2439): WPS: attr type=0x103b len=1
D/wpa_supplicant( 2439): WPS: attr type=0x1047 len=16
D/wpa_supplicant( 2439): WPS: attr type=0x1021 len=0
D/wpa_supplicant( 2439): WPS: attr type=0x1023 len=17
D/wpa_supplicant( 2439): WPS: attr type=0x1024 len=7
D/wpa_supplicant( 2439): WPS: attr type=0x1042 len=13
D/wpa_supplicant( 2439): WPS: attr type=0x1054 len=8
D/wpa_supplicant( 2439): WPS: attr type=0x1011 len=0
D/wpa_supplicant( 2439): WPS: attr type=0x1008 len=2
D/wpa_supplicant( 2439): WPS: attr type=0x104a len=1
D/wpa_supplicant( 2439): WPS: attr type=0x1044 len=1
D/wpa_supplicant( 2439): WPS: attr type=0x103b len=1
D/wpa_supplicant( 2439): WPS: attr type=0x1047 len=16
D/wpa_supplicant( 2439): WPS: attr type=0x1021 len=0
D/wpa_supplicant( 2439): WPS: attr type=0x1023 len=17
D/wpa_supplicant( 2439): WPS: attr type=0x1024 len=7
D/wpa_supplicant( 2439): WPS: attr type=0x1042 len=13
D/wpa_supplicant( 2439): WPS: attr type=0x1054 len=8
D/wpa_supplicant( 2439): WPS: attr type=0x1011 len=0
D/wpa_supplicant( 2439): WPS: attr type=0x1008 len=2
D/wpa_supplicant( 2439): WPS: attr type=0x104a len=1
D/wpa_supplicant( 2439): WPS: attr type=0x1044 len=1
D/wpa_supplicant( 2439): WPS: attr type=0x103b len=1
D/wpa_supplicant( 2439): WPS: attr type=0x1047 len=16
D/wpa_supplicant( 2439): WPS: attr type=0x1021 len=0
D/wpa_supplicant( 2439): WPS: attr type=0x1023 len=17
D/wpa_supplicant( 2439): WPS: attr type=0x1024 len=7
D/wpa_supplicant( 2439): WPS: attr type=0x1042 len=13
D/wpa_supplicant( 2439): WPS: attr type=0x1054 len=8
D/wpa_supplicant( 2439): WPS: attr type=0x1011 len=0
D/wpa_supplicant( 2439): WPS: attr type=0x1008 len=2
D/wpa_supplicant( 2439): WPS: attr type=0x104a len=1
D/wpa_supplicant( 2439): WPS: attr type=0x1044 len=1
D/wpa_supplicant( 2439): WPS: attr type=0x1049 len=20
D/wpa_supplicant( 2439): WPS: Unknown Vendor Extension (Vendor ID 9442)
D/wpa_supplicant( 2439): WPS: attr type=0x104a len=1
D/wpa_supplicant( 2439): WPS: attr type=0x1044 len=1
D/wpa_supplicant( 2439): WPS: attr type=0x1049 len=20
D/wpa_supplicant( 2439): WPS: Unknown Vendor Extension (Vendor ID 9442)
D/wpa_supplicant( 2439): WPS: attr type=0x104a len=1
D/wpa_supplicant( 2439): WPS: attr type=0x1044 len=1
D/wpa_supplicant( 2439): WPS: attr type=0x1049 len=20
D/wpa_supplicant( 2439): WPS: Unknown Vendor Extension (Vendor ID 9442)
D/wpa_supplicant( 2439): WPS: attr type=0x104a len=1
D/wpa_supplicant( 2439): WPS: attr type=0x1044 len=1
D/wpa_supplicant( 2439): WPS: attr type=0x1049 len=20
D/wpa_supplicant( 2439): WPS: Unknown Vendor Extension (Vendor ID 9442)
D/wpa_supplicant( 2439): WPS: attr type=0x104a len=1
D/wpa_supplicant( 2439): WPS: attr type=0x1044 len=1
D/wpa_supplicant( 2439): WPS: attr type=0x1049 len=20
D/wpa_supplicant( 2439): WPS: Unknown Vendor Extension (Vendor ID 9442)
D/wpa_supplicant( 2439): WPS: attr type=0x104a len=1
D/wpa_supplicant( 2439): WPS: attr type=0x1044 len=1
D/wpa_supplicant( 2439): WPS: attr type=0x1049 len=20
D/wpa_supplicant( 2439): WPS: Unknown Vendor Extension (Vendor ID 9442)
D/libc-netbsd( 3618): getaddrinfo: www.googleapis.com get result from proxy >>
D/wpa_supplicant( 2439): wlan0: Control interface command 'BSS RANGE=135- MASK=0x21987'
D/wpa_supplicant( 2439): WPS: attr type=0x104a len=1
D/wpa_supplicant( 2439): WPS: attr type=0x1044 len=1
D/wpa_supplicant( 2439): WPS: attr type=0x1041 len=1
D/wpa_supplicant( 2439): WPS: attr type=0x103b len=1
D/wpa_supplicant( 2439): WPS: attr type=0x1047 len=16
D/wpa_supplicant( 2439): WPS: attr type=0x1021 len=5
D/wpa_supplicant( 2439): WPS: attr type=0x1023 len=13
D/wpa_supplicant( 2439): WPS: attr type=0x1024 len=7
D/wpa_supplicant( 2439): WPS: attr type=0x1042 len=2
D/wpa_supplicant( 2439): WPS: attr type=0x1054 len=8
D/wpa_supplicant( 2439): WPS: attr type=0x1011 len=13
D/wpa_supplicant( 2439): WPS: attr type=0x1008 len=2
D/wpa_supplicant( 2439): WPS: attr type=0x103c len=1
D/wpa_supplicant( 2439): WPS: attr type=0x104a len=1
D/wpa_supplicant( 2439): WPS: attr type=0x1044 len=1
D/wpa_supplicant( 2439): WPS: attr type=0x1041 len=1
D/wpa_supplicant( 2439): WPS: attr type=0x103b len=1
D/wpa_supplicant( 2439): WPS: attr type=0x1047 len=16
D/wpa_supplicant( 2439): WPS: attr type=0x1021 len=5
D/wpa_supplicant( 2439): WPS: attr type=0x1023 len=13
D/wpa_supplicant( 2439): WPS: attr type=0x1024 len=7
D/wpa_supplicant( 2439): WPS: attr type=0x1042 len=2
D/wpa_supplicant( 2439): WPS: attr type=0x1054 len=8
