--------- beginning of /dev/log/system
V/ActivityManager(  649): ACT-Activity idle: null
D/ActivityThread( 4973): ACT-PAUSE_ACTIVITY_FINISHING handled : 0 / android.os.BinderProxy@420f85e8
I/WindowManager(  649): Losing focus: Window{4211e4f8 u0 StatusBar}
V/IntentResolver(  649): Resolving type=null scheme=null defaultOnly=false userId=0 of Intent { act=com.mediatek.settings.ext.ISettingsMiscExt flg=0x8 }
V/IntentResolver(  649): Action list: null
V/IntentResolver(  649): Final result list:
V/ActivityManager(  649): Broadcast: Intent { act=com.acer.android.floatapp.recent.action.CLOSE flg=0x10 pkg=com.acer.android.floatapp.recent } ordered=false userid=-2 callerApp=ProcessRecord{41ffd5f8 858:com.android.systemui/u0a30}
D/ActivityThread( 4973): ACT-AM_ON_RESUME_CALLED ActivityRecord{422be508 token=android.os.BinderProxy@422bdc70 {com.android.settings/com.android.settings.UsbSettings}}
D/ActivityThread( 4973): ACT-LAUNCH_ACTIVITY handled : 0 / ActivityRecord{422be508 token=android.os.BinderProxy@422bdc70 {com.android.settings/com.android.settings.UsbSettings}}
V/WindowManager(  649): Changing focus from null to Window{4243e9b0 u0 com.android.settings/com.android.settings.UsbSettings} Callers=com.android.server.wm.WindowManagerService.relayoutWindow:3466 com.android.server.wm.Session.relayout:191 android.view.IWindowSession$Stub.onTransact:235 com.android.server.wm.Session.onTransact:126 
I/WindowManager(  649): Gaining focus: Window{4243e9b0 u0 com.android.settings/com.android.settings.UsbSettings}
V/InputMethodManagerService(  649): windowGainedFocus: android.os.BinderProxy@4282b038 controlFlags=#105 softInputMode=#10 windowFlags=#1810100
V/ActivityManager(  649): ACT-Activity idle: Token{42274710 ActivityRecord{42902378 u0 com.android.settings/.UsbSettings t5}}
D/PowerManagerService(  649): releaseWakeLockInternal: lock=1106266744 [ActivityManager-Launch], flags=0x0, total_time=460ms
D/PowerManagerNotifier(  649): onWakeLockReleased: flags=1, tag="ActivityManager-Launch", packageName=android, ownerUid=1000, ownerPid=649, workSource=null
D/PowerManagerService(  649): updateWakeLockSummaryLocked: mWakefulness=Awake, mWakeLockSummary=0x0
D/PowerManagerService(  649): newScreenState = 2
D/PowerManagerDisplayController(  649): requestPowerState: screenState=2, useProximitySensor=false, forceProximitySensorEnable=false, forceWakeUpEnable=false, screenBrightness=102, screenAutoBrightnessAdjustment=0.0, useAutoBrightness=true, useEcoBrightness=false, blockScreenOn=false, waitForNegativeProximity=false
I/PowerManagerService(  649): setBrightness mButtonLight 0.
D/PowerManagerService(  649): updateScreenStateLocked: mDisplayReady=true, newScreenState=2, mWakefulness=1, mWakeLockSummary=0x0, mUserActivitySummary=0x1, mBootCompleted=true
D/PowerManagerService(  649): Releasing suspend blocker "PowerManagerService.WakeLocks".
V/ActivityManager(  649): ensureActivitiesVisibleLocked: consider front
D/PowerManagerService(  649): handleSandman: canDream=false, mWakefulness=Awake
V/ActivityManager(  649): ensureActivitiesVisibleLocked: consider back
D/ActivityThread( 4973): ACT-DESTROY_ACTIVITY handled : 1 / android.os.BinderProxy@420f85e8
D/ConnectivityService(  649): getMobileDataEnabled returning true
D/ConnectivityService(  649): getMobileDataEnabled returning true
D/ActivityManager(  649): getContentProviderImpl: from callerandroid.app.ApplicationThreadProxy@41eed1a0 (pid=858) to get content provider telephony
D/ActivityManager(  649): getContentProviderImpl: updateLruProcessLocked cpr.proc=ProcessRecord{42231450 1092:com.android.phone/1001}
D/ActivityThread(  858): hoder:android.app.IActivityManager$ContentProviderHolder@42755cd8,provider,holder.Provider:android.content.ContentProviderProxy@42388880
V/ActivityManager(  649): Broadcast sticky: Intent { act=android.intent.action.SIG_STR flg=0x20000010 (has extras) } ordered=false userid=-1 callerApp=ProcessRecord{41f69f08 649:system/1000}
D/ConnectivityService(  649): getMobileDataEnabled returning true
D/ConnectivityService(  649): getMobileDataEnabled returning true
D/ActivityManager(  649): getContentProviderImpl: from callerandroid.app.ApplicationThreadProxy@41f57f18 (pid=858) to get content provider telephony
D/ActivityManager(  649): getContentProviderImpl: updateLruProcessLocked cpr.proc=ProcessRecord{42231450 1092:com.android.phone/1001}
D/ActivityThread(  858): hoder:android.app.IActivityManager$ContentProviderHolder@4275ca68,provider,holder.Provider:android.content.ContentProviderProxy@421e80b0
D/ConnectivityService(  649): getMobileDataEnabled returning true
D/ConnectivityService(  649): getMobileDataEnabled returning true
D/ActivityManager(  649): getContentProviderImpl: from callerandroid.app.ApplicationThreadProxy@41f7f4b0 (pid=858) to get content provider telephony
D/ActivityManager(  649): getContentProviderImpl: updateLruProcessLocked cpr.proc=ProcessRecord{42231450 1092:com.android.phone/1001}
D/ActivityThread(  858): hoder:android.app.IActivityManager$ContentProviderHolder@42762528,provider,holder.Provider:android.content.ContentProviderProxy@41e96110
V/ActivityManager(  649): Broadcast sticky: Intent { act=android.intent.action.BATTERY_CHANGED flg=0x60000010 (has extras) } ordered=false userid=-1 callerApp=null
D/WifiService(  649): onReceive, action:android.intent.action.BATTERY_CHANGED
D/UsbDeviceManager(  649): onReceive - BATTERY_CHANGED - mPlugType: 2, mSettingUsbCharging: false, mConnected: true, mSettingUsbBicr: false
D/PowerManagerService(  649): updateIsPoweredLocked: wasPowered=true, mIsPowered=true, oldPlugType=2, mPlugType=2, mBatteryLevel=11
D/PowerManagerService(  649): handleSandman: canDream=false, mWakefulness=Awake
D/WifiController(  649): DeviceActiveState{ when=-1ms what=155652 arg1=2 target=com.android.internal.util.StateMachine$SmHandler target=Handler (com.android.internal.util.StateMachine$SmHandler) {42e82988} }
D/WifiController(  649): StaEnabledState{ when=-1ms what=155652 arg1=2 target=com.android.internal.util.StateMachine$SmHandler target=Handler (com.android.internal.util.StateMachine$SmHandler) {42e82988} }
D/WifiController(  649): DefaultState{ when=-1ms what=155652 arg1=2 target=com.android.internal.util.StateMachine$SmHandler target=Handler (com.android.internal.util.StateMachine$SmHandler) {42e82988} }
D/WifiController(  649): battery changed pluggedType: 2
V/SettingsProvider(  649):    access setting for user 0
V/SettingsProvider(  649): call(system:haptic_feedback_enabled) for 0
V/SettingsProvider(  649):    access setting for user 0
V/SettingsProvider(  649): call(system:haptic_feedback_enabled) for 0
D/PowerManagerService(  649): userActivityFromNative
D/PowerManagerService(  649): userActivityNoUpdateLocked: eventTime=656400, event=1, flags=0x0, uid=1000
D/PowerManagerNotifier(  649): onUserActivity: event=1, uid=1000
D/PowerManagerService(  649): updateUserActivitySummaryLocked: mWakefulness=Awake, mUserActivitySummary=0x5, nextTimeout=664400 (in 7992 ms)
D/PowerManagerService(  649): newScreenState = 2
D/PowerManagerDisplayController(  649): requestPowerState: screenState=2, useProximitySensor=false, forceProximitySensorEnable=false, forceWakeUpEnable=false, screenBrightness=102, screenAutoBrightnessAdjustment=0.0, useAutoBrightness=true, useEcoBrightness=false, blockScreenOn=false, waitForNegativeProximity=false
I/PowerManagerService(  649): setBrightness mButtonLight, screenBrightness=102
D/PowerManagerService(  649): updateScreenStateLocked: mDisplayReady=true, newScreenState=2, mWakefulness=1, mWakeLockSummary=0x0, mUserActivitySummary=0x5, mBootCompleted=true
D/PowerManagerService(  649): handleSandman: canDream=false, mWakefulness=Awake
D/PowerManagerService(  649): acquireWakeLockInternal: lock=1106266744, flags=0x1, tag="ActivityManager-Launch", ws=null, uid=1000, pid=649
D/PowerManagerNotifier(  649): onWakeLockAcquired: flags=1, tag="ActivityManager-Launch", packageName=android, ownerUid=1000, ownerPid=649, workSource=null
D/PowerManagerService(  649): updateWakeLockSummaryLocked: mWakefulness=Awake, mWakeLockSummary=0x1
D/PowerManagerService(  649): newScreenState = 2
D/PowerManagerDisplayController(  649): requestPowerState: screenState=2, useProximitySensor=false, forceProximitySensorEnable=false, forceWakeUpEnable=false, screenBrightness=102, screenAutoBrightnessAdjustment=0.0, useAutoBrightness=true, useEcoBrightness=false, blockScreenOn=false, waitForNegativeProximity=false
I/PowerManagerService(  649): setBrightness mButtonLight, screenBrightness=102
D/PowerManagerService(  649): updateScreenStateLocked: mDisplayReady=true, newScreenState=2, mWakefulness=1, mWakeLockSummary=0x1, mUserActivitySummary=0x5, mBootCompleted=true
D/PowerManagerService(  649): Acquiring suspend blocker "PowerManagerService.WakeLocks".
D/PowerManagerService(  649): handleSandman: canDream=false, mWakefulness=Awake
D/ActivityThread( 4973): ACT-AM_ON_PAUSE_CALLED ActivityRecord{422be508 token=android.os.BinderProxy@422bdc70 {com.android.settings/com.android.settings.UsbSettings}}
D/ActivityManager(  649): ACT-moveNextFloatingStackToTopLocked next = null curTop = null mStackState = STACK_STATE_HOME_IN_BACK
D/ActivityManager(  649): ACT-moveHomeTask toFront : true homeInFront = false
V/WindowManager(  649): Changing focus from Window{4243e9b0 u0 com.android.settings/com.android.settings.UsbSettings} to null Callers=com.android.server.wm.WindowManagerService.setFocusedApp:4406 com.android.server.am.ActivityManagerService.setFocusedActivityLocked:2413 com.android.server.am.ActivityStackSupervisor.resumeHomeActivity:416 com.android.server.am.ActivityStack.resumeTopActivityLocked:1383 
I/WindowManager(  649): Losing focus: Window{4243e9b0 u0 com.android.settings/com.android.settings.UsbSettings}
V/SettingsProvider(  649): call_put(global:lid_switch_state=1) for 0
V/SettingsProvider(  649): insert(content://settings/global) for user 0 by 0
V/ActivityManager(  649): ensureActivitiesVisibleLocked: consider front
V/ActivityManager(  649): ensureActivitiesVisibleLocked: consider back
V/ActivityManager(  649): ensureActivitiesVisibleLocked: consider front
V/ActivityManager(  649): ensureActivitiesVisibleLocked: consider back
V/ActivityManager(  649): ACT-Activity idle: null
V/NetworkStats(  649): setKernelCounterSet uid=10006 set=1
D/ConnectivityService(  649): onUidRulesChanged(uid=10006, uidRules=0)
D/ActivityThread( 4973): ACT-PAUSE_ACTIVITY_FINISHING handled : 0 / android.os.BinderProxy@422bdc70
V/ActivityManager(  649): Broadcast: Intent { act=android.intent.action.stk.idle_screen flg=0x10 (has extras) } ordered=false userid=0 callerApp=ProcessRecord{4232dec8 4294:com.acer.shell.home/u0a6}
D/ActivityThread( 4294): ACT-AM_ON_RESUME_CALLED ActivityRecord{41f776b0 token=android.os.BinderProxy@41f76e58 {com.acer.shell.home/com.acer.shell.home.Launcher}}
D/ActivityThread( 4294): ACT-RESUME_ACTIVITY handled : 0 / android.os.BinderProxy@41f76e58
V/WindowManager(  649): Changing focus from null to Window{423d9570 u0 com.acer.shell.home/com.acer.shell.home.Launcher} Callers=com.android.server.wm.WindowManagerService.relayoutWindow:3466 com.android.server.wm.Session.relayout:191 android.view.IWindowSession$Stub.onTransact:235 com.android.server.wm.Session.onTransact:126 
I/WindowManager(  649): Gaining focus: Window{423d9570 u0 com.acer.shell.home/com.acer.shell.home.Launcher}
V/InputMethodManagerService(  649): windowGainedFocus: android.os.BinderProxy@42d239f0 controlFlags=#105 softInputMode=#20 windowFlags=#d910100
V/ActivityManager(  649): ACT-Activity idle: Token{421f5d90 ActivityRecord{425acb48 u0 com.acer.shell.home/.Launcher t4}}
D/PowerManagerService(  649): releaseWakeLockInternal: lock=1106266744 [ActivityManager-Launch], flags=0x0, total_time=167ms
D/PowerManagerNotifier(  649): onWakeLockReleased: flags=1, tag="ActivityManager-Launch", packageName=android, ownerUid=1000, ownerPid=649, workSource=null
D/PowerManagerService(  649): updateWakeLockSummaryLocked: mWakefulness=Awake, mWakeLockSummary=0x0
D/PowerManagerService(  649): newScreenState = 2
D/PowerManagerDisplayController(  649): requestPowerState: screenState=2, useProximitySensor=false, forceProximitySensorEnable=false, forceWakeUpEnable=false, screenBrightness=102, screenAutoBrightnessAdjustment=0.0, useAutoBrightness=true, useEcoBrightness=false, blockScreenOn=false, waitForNegativeProximity=false
I/PowerManagerService(  649): setBrightness mButtonLight, screenBrightness=102
D/PowerManagerService(  649): updateScreenStateLocked: mDisplayReady=true, newScreenState=2, mWakefulness=1, mWakeLockSummary=0x0, mUserActivitySummary=0x5, mBootCompleted=true
D/PowerManagerService(  649): Releasing suspend blocker "PowerManagerService.WakeLocks".
D/PowerManagerService(  649): handleSandman: canDream=false, mWakefulness=Awake
V/ActivityManager(  649): ensureActivitiesVisibleLocked: consider front
V/ActivityManager(  649): ensureActivitiesVisibleLocked: consider back
V/SettingsProvider(  649):    access setting for user 0
V/SettingsProvider(  649): call(system:haptic_feedback_enabled) for 0
V/SettingsProvider(  649):    access setting for user 0
V/SettingsProvider(  649): call(system:haptic_feedback_enabled) for 0
D/PowerManagerService(  649): userActivityFromNative
D/PowerManagerService(  649): userActivityNoUpdateLocked: eventTime=657488, event=1, flags=0x0, uid=1000
D/PowerManagerNotifier(  649): onUserActivity: event=1, uid=1000
D/PowerManagerService(  649): updateUserActivitySummaryLocked: mWakefulness=Awake, mUserActivitySummary=0x5, nextTimeout=665488 (in 7992 ms)
D/PowerManagerService(  649): newScreenState = 2
D/PowerManagerDisplayController(  649): requestPowerState: screenState=2, useProximitySensor=false, forceProximitySensorEnable=false, forceWakeUpEnable=false, screenBrightness=102, screenAutoBrightnessAdjustment=0.0, useAutoBrightness=true, useEcoBrightness=false, blockScreenOn=false, waitForNegativeProximity=false
I/PowerManagerService(  649): setBrightness mButtonLight, screenBrightness=102
D/PowerManagerService(  649): updateScreenStateLocked: mDisplayReady=true, newScreenState=2, mWakefulness=1, mWakeLockSummary=0x0, mUserActivitySummary=0x5, mBootCompleted=true
D/PowerManagerService(  649): handleSandman: canDream=false, mWakefulness=Awake
D/ActivityManager(  649): ACT-IDLE_NOW_MSG from windowsVisible() for idle: ActivityRecord{425acb48 u0 com.acer.shell.home/.Launcher t4}
V/ActivityManager(  649): ACT-Activity idle: null
V/ActivityManager(  649): ensureActivitiesVisibleLocked: consider front
V/ActivityManager(  649): ensureActivitiesVisibleLocked: consider back
D/ActivityThread( 4973): ACT-DESTROY_ACTIVITY handled : 1 / android.os.BinderProxy@422bdc70
V/ActivityManager(  649): Broadcast sticky: Intent { act=android.intent.action.SIG_STR flg=0x20000010 (has extras) } ordered=false userid=-1 callerApp=ProcessRecord{41f69f08 649:system/1000}
D/ConnectivityService(  649): getMobileDataEnabled returning true
D/ConnectivityService(  649): getMobileDataEnabled returning true
D/ActivityManager(  649): getContentProviderImpl: from callerandroid.app.ApplicationThreadProxy@42935038 (pid=858) to get content provider telephony
D/ActivityManager(  649): getContentProviderImpl: updateLruProcessLocked cpr.proc=ProcessRecord{42231450 1092:com.android.phone/1001}
D/ActivityThread(  858): hoder:android.app.IActivityManager$ContentProviderHolder@42788d30,provider,holder.Provider:android.content.ContentProviderProxy@42859e78
D/PowerManagerService(  649): userActivityFromNative
D/PowerManagerService(  649): userActivityNoUpdateLocked: eventTime=658769, event=2, flags=0x0, uid=1000
D/PowerManagerNotifier(  649): onUserActivity: event=2, uid=1000
D/PowerManagerService(  649): updateUserActivitySummaryLocked: mWakefulness=Awake, mUserActivitySummary=0x5, nextTimeout=665488 (in 6717 ms)
D/PowerManagerService(  649): newScreenState = 2
D/PowerManagerDisplayController(  649): requestPowerState: screenState=2, useProximitySensor=false, forceProximitySensorEnable=false, forceWakeUpEnable=false, screenBrightness=102, screenAutoBrightnessAdjustment=0.0, useAutoBrightness=true, useEcoBrightness=false, blockScreenOn=false, waitForNegativeProximity=false
I/PowerManagerService(  649): setBrightness mButtonLight, screenBrightness=102
D/PowerManagerService(  649): updateScreenStateLocked: mDisplayReady=true, newScreenState=2, mWakefulness=1, mWakeLockSummary=0x0, mUserActivitySummary=0x5, mBootCompleted=true
D/PowerManagerService(  649): handleSandman: canDream=false, mWakefulness=Awake
V/WindowManager(  649): Changing focus from Window{423d9570 u0 com.acer.shell.home/com.acer.shell.home.Launcher} to Window{4211e4f8 u0 StatusBar} Callers=com.android.server.wm.WindowManagerService.relayoutWindow:3466 com.android.server.wm.Session.relayout:191 android.view.IWindowSession$Stub.onTransact:235 com.android.server.wm.Session.onTransact:126 
I/WindowManager(  649): Gaining focus: Window{4211e4f8 u0 StatusBar}
I/WindowManager(  649): Losing focus: Window{423d9570 u0 com.acer.shell.home/com.acer.shell.home.Launcher}
D/PowerManagerService(  649): userActivityFromNative
D/PowerManagerService(  649): userActivityNoUpdateLocked: eventTime=660074, event=2, flags=0x0, uid=1000
D/PowerManagerNotifier(  649): onUserActivity: event=2, uid=1000
D/PowerManagerService(  649): updateUserActivitySummaryLocked: mWakefulness=Awake, mUserActivitySummary=0x5, nextTimeout=665488 (in 5413 ms)
D/PowerManagerService(  649): newScreenState = 2
D/PowerManagerDisplayController(  649): requestPowerState: screenState=2, useProximitySensor=false, forceProximitySensorEnable=false, forceWakeUpEnable=false, screenBrightness=102, screenAutoBrightnessAdjustment=0.0, useAutoBrightness=true, useEcoBrightness=false, blockScreenOn=false, waitForNegativeProximity=false
I/PowerManagerService(  649): setBrightness mButtonLight, screenBrightness=102
D/PowerManagerService(  649): updateScreenStateLocked: mDisplayReady=true, newScreenState=2, mWakefulness=1, mWakeLockSummary=0x0, mUserActivitySummary=0x5, mBootCompleted=true
D/PowerManagerService(  649): handleSandman: canDream=false, mWakefulness=Awake
I/ActivityManager(  649): START u0 {act=android.intent.action.MAIN cat=[android.intent.category.LAUNCHER] flg=0x10008000 cmp=com.android.settings/.DevelopmentSettings bnds=[0,590][480,685]} from pid -1
D/ActivityManager(  649): ACT-moveHomeTask toFront : false homeInFront = true
D/ActivityManager(  649): ACT-BMW, insertTaskAtTop fromHome = true lastStack = ActivityStack{421ce898 stackId=0, 2 tasks} this = ActivityStack{42c966c8 stackId=2, 0 tasks} topTask() = null
D/ActivityManager(  649): ACT-BMW, insertTaskAtTop fromHome = true lastStack = ActivityStack{421ce898 stackId=0, 2 tasks} this = ActivityStack{42c966c8 stackId=2, 1 tasks} topTask() = TaskRecord{42b90d30 #7 A=com.android.settings U=0 sz=0}
D/PowerManagerService(  649): acquireWakeLockInternal: lock=1106266744, flags=0x1, tag="ActivityManager-Launch", ws=null, uid=1000, pid=649
D/PowerManagerNotifier(  649): onWakeLockAcquired: flags=1, tag="ActivityManager-Launch", packageName=android, ownerUid=1000, ownerPid=649, workSource=null
D/ActivityThread( 4294): ACT-AM_ON_PAUSE_CALLED ActivityRecord{41f776b0 token=android.os.BinderProxy@41f76e58 {com.acer.shell.home/com.acer.shell.home.Launcher}}
D/PowerManagerService(  649): updateWakeLockSummaryLocked: mWakefulness=Awake, mWakeLockSummary=0x1
D/PowerManagerService(  649): newScreenState = 2
D/PowerManagerDisplayController(  649): requestPowerState: screenState=2, useProximitySensor=false, forceProximitySensorEnable=false, forceWakeUpEnable=false, screenBrightness=102, screenAutoBrightnessAdjustment=0.0, useAutoBrightness=true, useEcoBrightness=false, blockScreenOn=false, waitForNegativeProximity=false
I/PowerManagerService(  649): setBrightness mButtonLight, screenBrightness=102
D/PowerManagerService(  649): updateScreenStateLocked: mDisplayReady=true, newScreenState=2, mWakefulness=1, mWakeLockSummary=0x1, mUserActivitySummary=0x5, mBootCompleted=true
D/PowerManagerService(  649): Acquiring suspend blocker "PowerManagerService.WakeLocks".
D/PowerManagerService(  649): handleSandman: canDream=false, mWakefulness=Awake
V/SettingsProvider(  649): call_put(global:lid_switch_state=1) for 0
V/SettingsProvider(  649): insert(content://settings/global) for user 0 by 0
V/ActivityManager(  649): ensureActivitiesVisibleLocked: consider front
V/ActivityManager(  649): ensureActivitiesVisibleLocked: consider back
V/ActivityManager(  649): ensureActivitiesVisibleLocked: consider front
V/ActivityManager(  649): ensureActivitiesVisibleLocked: consider back
V/IntentResolver(  649): Resolving type=null scheme=null defaultOnly=false userId=0 of Intent { act=com.mediatek.settings.ext.ISettingsMiscExt flg=0x8 }
V/IntentResolver(  649): Action list: null
V/IntentResolver(  649): Final result list:
D/ActivityThread( 4294): ACT-PAUSE_ACTIVITY handled : 1 / android.os.BinderProxy@41f76e58
V/ActivityManager(  649): ACT-Activity idle: null
V/WindowManager(  649): Changing focus from Window{4211e4f8 u0 StatusBar} to null Callers=com.android.server.wm.WindowManagerService.relayoutWindow:3466 com.android.server.wm.Session.relayout:191 android.view.IWindowSession$Stub.onTransact:235 com.android.server.wm.Session.onTransact:126 
V/ActivityManager(  649): Broadcast: Intent { act=com.acer.android.floatapp.recent.action.CLOSE flg=0x10 pkg=com.acer.android.floatapp.recent } ordered=false userid=-2 callerApp=ProcessRecord{41ffd5f8 858:com.android.systemui/u0a30}
I/WindowManager(  649): Losing focus: Window{4211e4f8 u0 StatusBar}
V/SettingsProvider(  649): call(global:verifier_setting_visible) for 0
D/VoldConnector(  649): SND -> {14 cryptfs cryptocomplete}
I/FrameworkListener(  121): onDataAvailable get 26 bytes 
D/FrameworkListener(  121): dispatchCommand data = (14 cryptfs cryptocomplete)
D/VoldCmdListener(  121): cryptfs cryptocomplete
E/Cryptfs (  121): not running with encryption, aborting
D/SocketClient(  121): SocketClient msg = 1
D/SocketClient(  121): SocketClient sendDatalocked done: 200 14 1
D/VoldConnector(  649): RCV <- {200 14 1}
D/VoldConnector(  649): RMV <- {200 14 1}
D/ActivityThread( 4973): ACT-AM_ON_RESUME_CALLED ActivityRecord{4232ed90 token=android.os.BinderProxy@4232e4e8 {com.android.settings/com.android.settings.DevelopmentSettings}}
D/ActivityThread( 4973): ACT-LAUNCH_ACTIVITY handled : 0 / ActivityRecord{4232ed90 token=android.os.BinderProxy@4232e4e8 {com.android.settings/com.android.settings.DevelopmentSettings}}
V/WindowManager(  649): Changing focus from null to Window{427f3b70 u0 com.android.settings/com.android.settings.DevelopmentSettings} Callers=com.android.server.wm.WindowManagerService.relayoutWindow:3466 com.android.server.wm.Session.relayout:191 android.view.IWindowSession$Stub.onTransact:235 com.android.server.wm.Session.onTransact:126 
I/WindowManager(  649): Gaining focus: Window{427f3b70 u0 com.android.settings/com.android.settings.DevelopmentSettings}
V/InputMethodManagerService(  649): windowGainedFocus: android.os.BinderProxy@4282b038 controlFlags=#105 softInputMode=#110 windowFlags=#1810100
V/ActivityManager(  649): ACT-Activity idle: Token{42170988 ActivityRecord{42918dc0 u0 com.android.settings/.DevelopmentSettings t7}}
D/PowerManagerService(  649): releaseWakeLockInternal: lock=1106266744 [ActivityManager-Launch], flags=0x0, total_time=403ms
D/PowerManagerNotifier(  649): onWakeLockReleased: flags=1, tag="ActivityManager-Launch", packageName=android, ownerUid=1000, ownerPid=649, workSource=null
D/PowerManagerService(  649): updateWakeLockSummaryLocked: mWakefulness=Awake, mWakeLockSummary=0x0
D/PowerManagerService(  649): newScreenState = 2
D/PowerManagerDisplayController(  649): requestPowerState: screenState=2, useProximitySensor=false, forceProximitySensorEnable=false, forceWakeUpEnable=false, screenBrightness=102, screenAutoBrightnessAdjustment=0.0, useAutoBrightness=true, useEcoBrightness=false, blockScreenOn=false, waitForNegativeProximity=false
I/PowerManagerService(  649): setBrightness mButtonLight, screenBrightness=102
D/PowerManagerService(  649): updateScreenStateLocked: mDisplayReady=true, newScreenState=2, mWakefulness=1, mWakeLockSummary=0x0, mUserActivitySummary=0x5, mBootCompleted=true
D/PowerManagerService(  649): Releasing suspend blocker "PowerManagerService.WakeLocks".
D/PowerManagerService(  649): handleSandman: canDream=false, mWakefulness=Awake
V/ActivityManager(  649): ensureActivitiesVisibleLocked: consider front
V/ActivityManager(  649): ensureActivitiesVisibleLocked: consider back
D/ActivityThread( 4294): ACT-STOP_ACTIVITY_HIDE handled : 0 / android.os.BinderProxy@41f76e58
V/NetworkStats(  649): setKernelCounterSet uid=10006 set=0
D/ConnectivityService(  649): onUidRulesChanged(uid=10006, uidRules=0)
V/ActivityManager(  649): Broadcast sticky: Intent { act=android.intent.action.SIG_STR flg=0x20000010 (has extras) } ordered=false userid=-1 callerApp=ProcessRecord{41f69f08 649:system/1000}
D/ConnectivityService(  649): getMobileDataEnabled returning true
D/ConnectivityService(  649): getMobileDataEnabled returning true
D/ActivityManager(  649): getContentProviderImpl: from callerandroid.app.ApplicationThreadProxy@4211e0a0 (pid=858) to get content provider telephony
D/ActivityManager(  649): getContentProviderImpl: updateLruProcessLocked cpr.proc=ProcessRecord{42231450 1092:com.android.phone/1001}
D/ActivityThread(  858): hoder:android.app.IActivityManager$ContentProviderHolder@42893d98,provider,holder.Provider:android.content.ContentProviderProxy@427e05e0
D/PowerManagerService(  649): userActivityFromNative
D/PowerManagerService(  649): userActivityNoUpdateLocked: eventTime=665318, event=2, flags=0x0, uid=1000
D/PowerManagerNotifier(  649): onUserActivity: event=2, uid=1000
D/PowerManagerService(  649): updateUserActivitySummaryLocked: mWakefulness=Awake, mUserActivitySummary=0x5, nextTimeout=665488 (in 169 ms)
D/PowerManagerService(  649): newScreenState = 2
D/PowerManagerDisplayController(  649): requestPowerState: screenState=2, useProximitySensor=false, forceProximitySensorEnable=false, forceWakeUpEnable=false, screenBrightness=102, screenAutoBrightnessAdjustment=0.0, useAutoBrightness=true, useEcoBrightness=false, blockScreenOn=false, waitForNegativeProximity=false
I/PowerManagerService(  649): setBrightness mButtonLight, screenBrightness=102
D/PowerManagerService(  649): updateScreenStateLocked: mDisplayReady=true, newScreenState=2, mWakefulness=1, mWakeLockSummary=0x0, mUserActivitySummary=0x5, mBootCompleted=true
D/PowerManagerService(  649): handleSandman: canDream=false, mWakefulness=Awake
D/PowerManagerService(  649): handleUserActivityTimeout
D/PowerManagerService(  649): updateUserActivitySummaryLocked: mWakefulness=Awake, mUserActivitySummary=0x1, nextTimeout=718318 (in 52830 ms)
D/PowerManagerService(  649): newScreenState = 2
D/PowerManagerDisplayController(  649): requestPowerState: screenState=2, useProximitySensor=false, forceProximitySensorEnable=false, forceWakeUpEnable=false, screenBrightness=102, screenAutoBrightnessAdjustment=0.0, useAutoBrightness=true, useEcoBrightness=false, blockScreenOn=false, waitForNegativeProximity=false
I/PowerManagerService(  649): setBrightness mButtonLight 0.
D/PowerManagerService(  649): updateScreenStateLocked: mDisplayReady=true, newScreenState=2, mWakefulness=1, mWakeLockSummary=0x0, mUserActivitySummary=0x1, mBootCompleted=true
D/PowerManagerService(  649): handleSandman: canDream=false, mWakefulness=Awake
D/PowerManagerService(  649): userActivityFromNative
D/PowerManagerService(  649): userActivityNoUpdateLocked: eventTime=665825, event=2, flags=0x0, uid=1000
D/PowerManagerNotifier(  649): onUserActivity: event=2, uid=1000
D/PowerManagerService(  649): updateUserActivitySummaryLocked: mWakefulness=Awake, mUserActivitySummary=0x1, nextTimeout=718825 (in 52998 ms)
D/PowerManagerService(  649): newScreenState = 2
D/PowerManagerDisplayController(  649): requestPowerState: screenState=2, useProximitySensor=false, forceProximitySensorEnable=false, forceWakeUpEnable=false, screenBrightness=102, screenAutoBrightnessAdjustment=0.0, useAutoBrightness=true, useEcoBrightness=false, blockScreenOn=false, waitForNegativeProximity=false
I/PowerManagerService(  649): setBrightness mButtonLight 0.
D/PowerManagerService(  649): updateScreenStateLocked: mDisplayReady=true, newScreenState=2, mWakefulness=1, mWakeLockSummary=0x0, mUserActivitySummary=0x1, mBootCompleted=true
D/PowerManagerService(  649): handleSandman: canDream=false, mWakefulness=Awake
V/ActivityManager(  649): Broadcast: Intent { act=android.intent.action.TIME_TICK flg=0x50000014 (has extras) } ordered=true userid=-1 callerApp=null
D/ActivityThread(  649): BDC-Calling onReceive: intent=Intent { act=android.intent.action.TIME_TICK flg=0x50000014 (has extras) }, ordered=true, receiver=com.android.server.AlarmManagerService$ClockReceiver@425515a8, IIntentReceiver=42550c90
D/PowerManagerService(  649): acquireWakeLockInternal: lock=1106602240, flags=0x1, tag="AlarmManager", ws=WorkSource{1000}, uid=1000, pid=649
D/PowerManagerNotifier(  649): onWakeLockAcquired: flags=1, tag="AlarmManager", packageName=android, ownerUid=1000, ownerPid=649, workSource=WorkSource{1000}
D/PowerManagerService(  649): updateWakeLockSummaryLocked: mWakefulness=Awake, mWakeLockSummary=0x1
D/PowerManagerService(  649): newScreenState = 2
D/PowerManagerDisplayController(  649): requestPowerState: screenState=2, useProximitySensor=false, forceProximitySensorEnable=false, forceWakeUpEnable=false, screenBrightness=102, screenAutoBrightnessAdjustment=0.0, useAutoBrightness=true, useEcoBrightness=false, blockScreenOn=false, waitForNegativeProximity=false
I/PowerManagerService(  649): setBrightness mButtonLight 0.
D/PowerManagerService(  649): updateScreenStateLocked: mDisplayReady=true, newScreenState=2, mWakefulness=1, mWakeLockSummary=0x1, mUserActivitySummary=0x1, mBootCompleted=true
D/PowerManagerService(  649): Acquiring suspend blocker "PowerManagerService.WakeLocks".
D/PowerManagerService(  649): handleSandman: canDream=false, mWakefulness=Awake
D/ActivityThread(  649): BDC-Calling finishReceiver: IIntentReceiver=42550c90
D/ActivityThread(  858): BDC-Calling onReceive: intent=Intent { act=android.intent.action.TIME_TICK flg=0x50000014 (has extras) }, ordered=true, receiver=com.android.keyguard.KeyguardUpdateMonitor$3@41eb9cf0, IIntentReceiver=41ebfe38
D/ActivityThread(  858): BDC-Calling finishReceiver: IIntentReceiver=41ebfe38
D/ActivityThread(  858): BDC-Calling onReceive: intent=Intent { act=android.intent.action.TIME_TICK flg=0x50000014 (has extras) }, ordered=true, receiver=com.android.systemui.statusbar.policy.Clock$1@420b6150, IIntentReceiver=421beb90
D/ActivityThread(  858): BDC-Calling finishReceiver: IIntentReceiver=421beb90
D/ActivityThread(  858): BDC-Calling onReceive: intent=Intent { act=android.intent.action.TIME_TICK flg=0x50000014 (has extras) }, ordered=true, receiver=com.android.systemui.statusbar.policy.Clock$1@420caad8, IIntentReceiver=420c2bb8
D/ActivityThread(  858): BDC-Calling finishReceiver: IIntentReceiver=420c2bb8
D/ActivityThread(  858): BDC-Calling onReceive: intent=Intent { act=android.intent.action.TIME_TICK flg=0x50000014 (has extras) }, ordered=true, receiver=com.android.systemui.statusbar.policy.DateView$1@420cb8e0, IIntentReceiver=41ebb2c8
D/ActivityThread(  858): BDC-Calling finishReceiver: IIntentReceiver=41ebb2c8
D/ActivityThread( 1199): BDC-Calling onReceive: intent=Intent { act=android.intent.action.TIME_TICK flg=0x50000014 (has extras) }, ordered=true, receiver=tw.cameo.acer.widget.ControllerUpdateWidget$1@41eb3160, IIntentReceiver=41eb5070
D/ActivityThread( 1199): BDC-Calling finishReceiver: IIntentReceiver=41eb5070
D/ActivityThread(  858): BDC-Calling onReceive: intent=Intent { act=android.intent.action.TIME_TICK flg=0x50000014 (has extras) }, ordered=true, receiver=android.widget.DateTimeView$1@42060100, IIntentReceiver=4247c2d8
D/ActivityThread(  858): BDC-Calling finishReceiver: IIntentReceiver=4247c2d8
D/ActivityThread(  858): BDC-Calling onReceive: intent=Intent { act=android.intent.action.TIME_TICK flg=0x50000014 (has extras) }, ordered=true, receiver=android.widget.DateTimeView$1@4239d0f8, IIntentReceiver=4247c928
D/ActivityThread(  858): BDC-Calling finishReceiver: IIntentReceiver=4247c928
D/ActivityThread(  858): BDC-Calling onReceive: intent=Intent { act=android.intent.action.TIME_TICK flg=0x50000014 (has extras) }, ordered=true, receiver=android.widget.DateTimeView$1@429692b0, IIntentReceiver=4283dc70
D/ActivityThread(  858): BDC-Calling finishReceiver: IIntentReceiver=4283dc70
D/PowerManagerService(  649): releaseWakeLockInternal: lock=1106602240 [AlarmManager], flags=0x0, total_time=95ms
D/PowerManagerNotifier(  649): onWakeLockReleased: flags=1, tag="AlarmManager", packageName=android, ownerUid=1000, ownerPid=649, workSource=WorkSource{1000}
D/PowerManagerService(  649): updateWakeLockSummaryLocked: mWakefulness=Awake, mWakeLockSummary=0x0
D/PowerManagerService(  649): newScreenState = 2
D/PowerManagerDisplayController(  649): requestPowerState: screenState=2, useProximitySensor=false, forceProximitySensorEnable=false, forceWakeUpEnable=false, screenBrightness=102, screenAutoBrightnessAdjustment=0.0, useAutoBrightness=true, useEcoBrightness=false, blockScreenOn=false, waitForNegativeProximity=false
I/PowerManagerService(  649): setBrightness mButtonLight 0.
D/PowerManagerService(  649): updateScreenStateLocked: mDisplayReady=true, newScreenState=2, mWakefulness=1, mWakeLockSummary=0x0, mUserActivitySummary=0x1, mBootCompleted=true
D/PowerManagerService(  649): Releasing suspend blocker "PowerManagerService.WakeLocks".
D/PowerManagerService(  649): handleSandman: canDream=false, mWakefulness=Awake
V/ActivityManager(  649): Broadcast sticky: Intent { act=android.intent.action.SIG_STR flg=0x20000010 (has extras) } ordered=false userid=-1 callerApp=ProcessRecord{41f69f08 649:system/1000}
D/ConnectivityService(  649): getMobileDataEnabled returning true
D/ConnectivityService(  649): getMobileDataEnabled returning true
D/ActivityManager(  649): getContentProviderImpl: from callerandroid.app.ApplicationThreadProxy@42826608 (pid=858) to get content provider telephony
D/ActivityManager(  649): getContentProviderImpl: updateLruProcessLocked cpr.proc=ProcessRecord{42231450 1092:com.android.phone/1001}
D/ActivityThread(  858): hoder:android.app.IActivityManager$ContentProviderHolder@427f5798,provider,holder.Provider:android.content.ContentProviderProxy@427eefe8
V/SettingsProvider(  649):    access setting for user 0
V/SettingsProvider(  649): call(system:haptic_feedback_enabled) for 0
V/SettingsProvider(  649):    access setting for user 0
V/SettingsProvider(  649): call(system:haptic_feedback_enabled) for 0
D/PowerManagerService(  649): userActivityFromNative
D/PowerManagerService(  649): userActivityNoUpdateLocked: eventTime=668567, event=1, flags=0x0, uid=1000
D/PowerManagerNotifier(  649): onUserActivity: event=1, uid=1000
D/PowerManagerService(  649): updateUserActivitySummaryLocked: mWakefulness=Awake, mUserActivitySummary=0x5, nextTimeout=676567 (in 7991 ms)
D/PowerManagerService(  649): newScreenState = 2
D/PowerManagerDisplayController(  649): requestPowerState: screenState=2, useProximitySensor=false, forceProximitySensorEnable=false, forceWakeUpEnable=false, screenBrightness=102, screenAutoBrightnessAdjustment=0.0, useAutoBrightness=true, useEcoBrightness=false, blockScreenOn=false, waitForNegativeProximity=false
I/PowerManagerService(  649): setBrightness mButtonLight, screenBrightness=102
D/PowerManagerService(  649): updateScreenStateLocked: mDisplayReady=true, newScreenState=2, mWakefulness=1, mWakeLockSummary=0x0, mUserActivitySummary=0x5, mBootCompleted=true
D/PowerManagerService(  649): handleSandman: canDream=false, mWakefulness=Awake
D/PowerManagerService(  649): userActivityFromNative
D/PowerManagerService(  649): userActivityNoUpdateLocked: eventTime=669068, event=1, flags=0x0, uid=1000
D/PowerManagerNotifier(  649): onUserActivity: event=1, uid=1000
D/PowerManagerService(  649): updateUserActivitySummaryLocked: mWakefulness=Awake, mUserActivitySummary=0x5, nextTimeout=677068 (in 7999 ms)
D/PowerManagerService(  649): newScreenState = 2
D/PowerManagerDisplayController(  649): requestPowerState: screenState=2, useProximitySensor=false, forceProximitySensorEnable=false, forceWakeUpEnable=false, screenBrightness=102, screenAutoBrightnessAdjustment=0.0, useAutoBrightness=true, useEcoBrightness=false, blockScreenOn=false, waitForNegativeProximity=false
I/PowerManagerService(  649): setBrightness mButtonLight, screenBrightness=102
D/PowerManagerService(  649): updateScreenStateLocked: mDisplayReady=true, newScreenState=2, mWakefulness=1, mWakeLockSummary=0x0, mUserActivitySummary=0x5, mBootCompleted=true
D/PowerManagerService(  649): handleSandman: canDream=false, mWakefulness=Awake
V/SettingsProvider(  649):    access setting for user 0
V/SettingsProvider(  649): call(system:haptic_feedback_enabled) for 0
V/UsbDeviceManager(  649): USB UEVENT: {USB_STATE=DISCONNECTED, SUBSYSTEM=android_usb, DEVPATH=/devices/virtual/android_usb/android0, SEQNUM=1662, ACTION=change}
D/UsbDeviceManager(  649): mUEventObserver - onUEvent - state: DISCONNECTED
D/UsbDeviceManager(  649): updateState - DISCONNECTED
D/UsbDeviceManager(  649): updateState - RNDIS_UPDATE_DELAY  DISCONNECTED mSettingFunction: mtp
V/UsbDeviceManager(  649): USB UEVENT: {USB_STATE=CONNECTED, SUBSYSTEM=android_usb, DEVPATH=/devices/virtual/android_usb/android0, SEQNUM=1663, ACTION=change}
D/UsbDeviceManager(  649): mUEventObserver - onUEvent - state: CONNECTED
D/UsbDeviceManager(  649): updateState - CONNECTED
D/UsbDeviceManager(  649): updateState - RNDIS_UPDATE_DELAY  CONNECTED mSettingFunction: mtp
D/UsbDeviceManager(  649): updateUsbNotification - mNotificationManager: android.app.NotificationManager@424769e0
D/UsbDeviceManager(  649): updateUsbNotification - mUseUsbNotification: true
W/UsbDeviceManager(  649): updateUsbNotification - mConnected: true
W/UsbDeviceManager(  649): updateUsbNotification - mCurrentFunctions: mtp,adb
D/UsbDeviceManager(  649): Does mtp,adb contain mtp? index: 0
D/UsbDeviceManager(  649): updateUsbNotification - containsFunction:  USB_FUNCTION_MTP
D/UsbDeviceManager(  649): Does mtp,adb contain accessory? index: -1
D/UsbDeviceManager(  649): updateUsbState - mConnected: true, mConfigured: false, mHwDisconnected: false, mCurrentFunctions: mtp,adb, mSettingUsbCharging: false
V/ActivityManager(  649): Broadcast sticky: Intent { act=android.hardware.usb.action.USB_STATE flg=0x20000010 (has extras) } ordered=false userid=-1 callerApp=ProcessRecord{41f69f08 649:system/1000}
D/UsbDeviceManager(  649): Does mtp,adb contain ptp? index: -1
D/UsbDeviceManager(  649): Does mtp,adb contain mtp? index: 0
D/UsbDataStateTracker(  649): Broadcast received: ignore android.hardware.usb.action.USB_STATE
W/UsbDeviceManager(  649): sys.usb.mtpConnect = mtpConnection
D/UsbDeviceManager(  649): Does mtp,adb contain audio_source? index: -1
D/UsbDeviceManager(  649): handleMessage mConnected:true,mConfigured:false, mHwDisconnected:false
D/StorageNotification(  858): onUsbMassStorageConnectionChangedAsync - mLastState: mounted, st: removed, mLastConnected: false, connected: false
V/UsbDeviceManager(  649): USB UEVENT: {USB_STATE=CONFIGURED, SUBSYSTEM=android_usb, DEVPATH=/devices/virtual/android_usb/android0, SEQNUM=1664, ACTION=change}
D/StorageNotification(  858): isAbleToShare - length:2
D/StorageNotification(  858): isAbleToShare - allowMassStorage:falseisEmulated:true
D/StorageNotification(  858): isAbleToShare - allowMassStorage:trueisEmulated:false
D/UsbDeviceManager(  649): mUEventObserver - onUEvent - state: CONFIGURED
D/UsbDeviceManager(  649): updateState - CONFIGURED
D/StorageNotification(  858): isAbleToShare - /storage/sdcard1 @ removed
D/StorageNotification(  858): isAbleToShare - allowedShareNum:0
D/StorageNotification(  858): updateUsbMassStorageNotification - isStorageCanShared=false,available=false
D/UsbDeviceManager(  649): updateState - RNDIS_UPDATE_DELAY  CONFIGURED mSettingFunction: mtp
D/VoldConnector(  649): SND -> {15 volume shared /storage/sdcard0 ums}
D/UsbDeviceManager(  649): updateUsbNotification - mNotificationManager: android.app.NotificationManager@424769e0
D/UsbDeviceManager(  649): updateUsbNotification - mUseUsbNotification: true
W/UsbDeviceManager(  649): updateUsbNotification - mConnected: true
W/UsbDeviceManager(  649): updateUsbNotification - mCurrentFunctions: mtp,adb
D/UsbDeviceManager(  649): Does mtp,adb contain mtp? index: 0
D/UsbDeviceManager(  649): updateUsbNotification - containsFunction:  USB_FUNCTION_MTP
D/UsbDeviceManager(  649): Does mtp,adb contain accessory? index: -1
I/FrameworkListener(  121): onDataAvailable get 38 bytes 
D/FrameworkListener(  121): dispatchCommand data = (15 volume shared /storage/sdcard0 ums)
D/VoldCmdListener(  121): volume shared /storage/sdcard0 ums
D/SocketClient(  121): SocketClient msg = Share disabled
D/SocketClient(  121): SocketClient sendDatalocked done: 212 15 Share disabled
D/UsbDeviceManager(  649): updateUsbState - mConnected: true, mConfigured: true, mHwDisconnected: false, mCurrentFunctions: mtp,adb, mSettingUsbCharging: false
D/VoldConnector(  649): RCV <- {212 15 Share disabled}
D/VoldConnector(  649): RMV <- {212 15 Share disabled}
D/VoldConnector(  649): SND -> {16 volume shared /storage/sdcard1 ums}
I/FrameworkListener(  121): onDataAvailable get 38 bytes 
D/FrameworkListener(  121): dispatchCommand data = (16 volume shared /storage/sdcard1 ums)
D/VoldCmdListener(  121): volume shared /storage/sdcard1 ums
D/SocketClient(  121): SocketClient msg = Share disabled
D/SocketClient(  121): SocketClient sendDatalocked done: 212 16 Share disabled
D/VoldConnector(  649): RCV <- {212 16 Share disabled}
D/VoldConnector(  649): RMV <- {212 16 Share disabled}
I/MountService(  649): isUsbMassStorageEnabled: false
D/StorageNotification(  858): updateUsbMassStorageNotification - [false]
D/StorageNotification(  858): setUsbStorageNotification - visible: {false}
D/StorageNotification(  858): setUsbStorageNotification - mIsLastVisible: false
D/StorageNotification(  858): onUsbMassStorageConnectionChangedAsync - Disconnect
D/StorageNotification(  858): onUsbMassStorageConnectionChangedAsync - mLastConnected: false
I/ActivityManager(  649): Start proc com.mediatek.mtklogger for broadcast com.mediatek.mtklogger/.framework.LogReceiver: pid=5126 uid=10089 gids={50089, 3003, 1028, 1015, 1035, 1023}
V/ActivityManager(  649): Broadcast: Intent { act=android.intent.action.UMS_DISCONNECTED flg=0x10 } ordered=false userid=-1 callerApp=ProcessRecord{41f69f08 649:system/1000}
V/ActivityManager(  649): Broadcast sticky: Intent { act=android.hardware.usb.action.USB_STATE flg=0x20000010 (has extras) } ordered=false userid=-1 callerApp=ProcessRecord{41f69f08 649:system/1000}
D/UsbDeviceManager(  649): Does mtp,adb contain ptp? index: -1
D/UsbDeviceManager(  649): Does mtp,adb contain mtp? index: 0
W/UsbDeviceManager(  649): sys.usb.mtpConnect = mtpConnection
D/UsbDeviceManager(  649): Does mtp,adb contain audio_source? index: -1
D/UsbDeviceManager(  649): handleMessage mConnected:true,mConfigured:true, mHwDisconnected:false
D/UsbDataStateTracker(  649): Broadcast received: ignore android.hardware.usb.action.USB_STATE
V/ActivityManager(  649): Broadcast: Intent { act=android.intent.action.UMS_DISCONNECTED flg=0x10 } ordered=false userid=-1 callerApp=ProcessRecord{41f69f08 649:system/1000}
D/StorageNotification(  858): onUsbMassStorageConnectionChangedAsync - mLastState: mounted, st: removed, mLastConnected: false, connected: false
D/StorageNotification(  858): isAbleToShare - length:2
D/StorageNotification(  858): isAbleToShare - allowMassStorage:falseisEmulated:true
D/StorageNotification(  858): isAbleToShare - allowMassStorage:trueisEmulated:false
D/StorageNotification(  858): isAbleToShare - /storage/sdcard1 @ removed
D/StorageNotification(  858): isAbleToShare - allowedShareNum:0
D/StorageNotification(  858): updateUsbMassStorageNotification - isStorageCanShared=false,available=false
D/VoldConnector(  649): SND -> {17 volume shared /storage/sdcard0 ums}
I/FrameworkListener(  121): onDataAvailable get 38 bytes 
D/FrameworkListener(  121): dispatchCommand data = (17 volume shared /storage/sdcard0 ums)
D/VoldCmdListener(  121): volume shared /storage/sdcard0 ums
D/SocketClient(  121): SocketClient msg = Share disabled
D/SocketClient(  121): SocketClient sendDatalocked done: 212 17 Share disabled
D/VoldConnector(  649): RCV <- {212 17 Share disabled}
D/VoldConnector(  649): RMV <- {212 17 Share disabled}
D/VoldConnector(  649): SND -> {18 volume shared /storage/sdcard1 ums}
I/FrameworkListener(  121): onDataAvailable get 38 bytes 
D/FrameworkListener(  121): dispatchCommand data = (18 volume shared /storage/sdcard1 ums)
D/VoldCmdListener(  121): volume shared /storage/sdcard1 ums
D/SocketClient(  121): SocketClient msg = Share disabled
D/SocketClient(  121): SocketClient sendDatalocked done: 212 18 Share disabled
D/VoldConnector(  649): RCV <- {212 18 Share disabled}
D/VoldConnector(  649): RMV <- {212 18 Share disabled}
I/MountService(  649): isUsbMassStorageEnabled: false
D/StorageNotification(  858): updateUsbMassStorageNotification - [false]
D/StorageNotification(  858): setUsbStorageNotification - visible: {false}
D/StorageNotification(  858): setUsbStorageNotification - mIsLastVisible: false
D/StorageNotification(  858): onUsbMassStorageConnectionChangedAsync - Disconnect
D/StorageNotification(  858): onUsbMassStorageConnectionChangedAsync - mLastConnected: false
V/ActivityManager(  649): ensureActivitiesVisibleLocked: consider front
V/ActivityManager(  649): ensureActivitiesVisibleLocked: consider back
D/ActivityManager(  649): getContentProviderImpl: from callerandroid.app.ApplicationThreadProxy@425fc280 (pid=5126) to get content provider settings
D/ActivityManager(  649): getContentProviderImpl: updateLruProcessLocked cpr.proc=ProcessRecord{41f69f08 649:system/1000}
D/ActivityThread( 5126): hoder:android.app.IActivityManager$ContentProviderHolder@41ea3240,provider,holder.Provider:android.content.ContentProviderProxy@41ea39c0
V/SettingsProvider(  649): call(system:anr_debugging_mechanism) for 0
D/ActivityThread( 5126): BIND_APPLICATION handled : 0 / AppBindData{appInfo=ApplicationInfo{41ea0f08 com.mediatek.mtklogger}}
D/ActivityThread( 5126): BDC-Calling onReceive: intent=Intent { act=android.hardware.usb.action.USB_STATE flg=0x20000010 cmp=com.mediatek.mtklogger/.framework.LogReceiver (has extras) }, ordered=true, receiver=com.mediatek.mtklogger.framework.LogReceiver@41ea88f8
D/ActivityThread( 5126): BDC-RECEIVER handled : 0 / ReceiverData{intent=Intent { act=android.hardware.usb.action.USB_STATE flg=0x20000010 cmp=com.mediatek.mtklogger/.framework.LogReceiver (has extras) } packageName=com.mediatek.mtklogger resultCode=-1 resultData=null resultExtras=null}
D/ActivityThread( 1572): BDC-Calling onReceive: intent=Intent { act=android.hardware.usb.action.USB_STATE flg=0x20000010 cmp=com.android.providers.media/.MtpReceiver (has extras) }, ordered=true, receiver=com.android.providers.media.MtpReceiver@421e8d80
D/ActivityThread( 1572): BDC-RECEIVER handled : 0 / ReceiverData{intent=Intent { act=android.hardware.usb.action.USB_STATE flg=0x20000010 cmp=com.android.providers.media/.MtpReceiver (has extras) } packageName=com.android.providers.media resultCode=0 resultData=null resultExtras=null}
D/ActivityThread( 1572): SVC-UNBIND_SERVICE handled : 0 / BindServiceData{token=android.os.BinderProxy@42018548 intent=Intent { cmp=com.android.providers.media/.MtpService }}
D/ActivityThread( 1572): SVC-Destroying service: com.android.providers.media.MtpService@41fe0568
E/MountService(  649): mount service unregisterListener=android.os.storage.IMountServiceListener$Stub$Proxy@421f62d0
E/MountService(  649): mount service mListeners bl=com.android.server.MountService$MountServiceBinderListener@41f1e088
E/MountService(  649): mount service mListeners bl=com.android.server.MountService$MountServiceBinderListener@42ce7790
E/MountService(  649): mount service mListeners bl=com.android.server.MountService$MountServiceBinderListener@427e2048
D/ActivityThread( 5126): BDC-Calling onReceive: intent=Intent { act=android.hardware.usb.action.USB_STATE flg=0x20000010 cmp=com.mediatek.mtklogger/.framework.LogReceiver (has extras) }, ordered=true, receiver=com.mediatek.mtklogger.framework.LogReceiver@41ecdf60
D/ActivityThread( 5126): BDC-RECEIVER handled : 0 / ReceiverData{intent=Intent { act=android.hardware.usb.action.USB_STATE flg=0x20000010 cmp=com.mediatek.mtklogger/.framework.LogReceiver (has extras) } packageName=com.mediatek.mtklogger resultCode=-1 resultData=null resultExtras=null}
D/ActivityThread( 1572): SVC-STOP_SERVICE handled : 0 / android.os.BinderProxy@42018548
D/ActivityThread( 1572): BDC-Calling onReceive: intent=Intent { act=android.hardware.usb.action.USB_STATE flg=0x20000010 cmp=com.android.providers.media/.MtpReceiver (has extras) }, ordered=true, receiver=com.android.providers.media.MtpReceiver@41f5d198
D/ActivityThread( 1572): BDC-RECEIVER handled : 0 / ReceiverData{intent=Intent { act=android.hardware.usb.action.USB_STATE flg=0x20000010 cmp=com.android.providers.media/.MtpReceiver (has extras) } packageName=com.android.providers.media resultCode=0 resultData=null resultExtras=null}
D/ActivityThread( 1572): SVC-Creating service: CreateServiceData{token=android.os.BinderProxy@4214b088 className=com.android.providers.media.MtpService packageName=com.android.providers.media intent=null}
E/MountService(  649): mount service registerListener=android.os.storage.IMountServiceListener$Stub$Proxy@4298e2f0
W/MtpService( 1572): onCreate: volumes.length=2
W/MtpService( 1572): onCreate: path of volumes[0]=/storage/sdcard0
