D/PowerManagerService(  649): releaseWakeLockInternal: lock=1108511032 [SCREEN_FROZEN], flags=0x0, total_time=310ms
D/PowerManagerNotifier(  649): onWakeLockReleased: flags=1, tag="SCREEN_FROZEN", packageName=android, ownerUid=1000, ownerPid=649, workSource=null
D/PowerManagerService(  649): updateWakeLockSummaryLocked: mWakefulness=Awake, mWakeLockSummary=0x0
D/PowerManagerService(  649): newScreenState = 2
D/PowerManagerDisplayController(  649): requestPowerState: screenState=2, useProximitySensor=false, forceProximitySensorEnable=false, forceWakeUpEnable=false, screenBrightness=102, screenAutoBrightnessAdjustment=0.0, useAutoBrightness=true, useEcoBrightness=false, blockScreenOn=false, waitForNegativeProximity=false
I/PowerManagerService(  649): setBrightness mButtonLight 0.
D/PowerManagerService(  649): updateScreenStateLocked: mDisplayReady=true, newScreenState=2, mWakefulness=1, mWakeLockSummary=0x0, mUserActivitySummary=0x1, mBootCompleted=true
D/PowerManagerService(  649): Releasing suspend blocker "PowerManagerService.WakeLocks".
D/PowerManagerService(  649): handleSandman: canDream=false, mWakefulness=Awake
D/OpenGLRenderer(  858): prepareDirty (0.00, 0.00, 854.00, 38.00) opaque 0 <0x61c46008>
D/OpenGLRenderer(  858): clear (0.00, 38 - 38.00 = 0.00, 854.00 - 0.00 = 854.00, 38.00 - 0.00 = 38.00) opaque 0 <0x61c46008>
D/OpenGLRenderer(  858): finish <0x61c46008>
D/OpenGLRenderer(  858): prepareDirty (0.00, 0.00, 854.00, 38.00) opaque 0 <0x61c46008>
D/OpenGLRenderer(  858): clear (0.00, 38 - 38.00 = 0.00, 854.00 - 0.00 = 854.00, 38.00 - 0.00 = 38.00) opaque 0 <0x61c46008>
D/OpenGLRenderer(  858): finish <0x61c46008>
D/WifiStateMachine(  649): ConnectedState{ when=-3ms what=131155 arg1=1 target=com.android.internal.util.StateMachine$SmHandler target=Handler (com.android.internal.util.StateMachine$SmHandler) {42461588} }
D/WifiStateMachine(  649): L2ConnectedState{ when=-3ms what=131155 arg1=1 target=com.android.internal.util.StateMachine$SmHandler target=Handler (com.android.internal.util.StateMachine$SmHandler) {42461588} }
D/WifiHW  (  649): enter -->wifi_send_command cmd=IFNAME=wlan0 SIGNAL_POLL
D/wpa_supplicant( 2439): RX ctrl_iface - hexdump(len=11): 53 49 47 4e 41 4c 5f 50 4f 4c 4c
D/wpa_supplicant( 2439): wlan0: Control interface command 'SIGNAL_POLL'
D/wpa_supplicant( 2439): nl80211: survey data missing!
D/WifiHW  (  649): leave --> reply=RSSI=-39
D/WifiHW  (  649): LINKSPEED=65
D/WifiHW  (  649): NOISE=9999
D/WifiHW  (  649): FREQUENCY=2462
D/WifiHW  (  649): 
D/wifi    (  649): doStringCommand, buf IFNAME=wlan0 SIGNAL_POLL
D/OpenGLRenderer(  858): prepareDirty (0.00, 0.00, 854.00, 38.00) opaque 0 <0x61c46008>
D/OpenGLRenderer(  858): clear (0.00, 38 - 38.00 = 0.00, 854.00 - 0.00 = 854.00, 38.00 - 0.00 = 38.00) opaque 0 <0x61c46008>
I/WifiStateMachine(  649): fetchRssiAndLinkSpeedNative, newRssi:-39, newLinkSpeed:65, SSID:"irichanin.com"
V/WifiManager(  649): calculateSignalLevel(),numLevels = 5
D/OpenGLRenderer(  858): finish <0x61c46008>
I/SurfaceFlinger(  135): [Built-in Screen (type:0)] fps:48.273376,dur:1015.05,max:69.97,min:11.02
I/WindowManager(  649):   FREEZE Surface(name=ScreenshotSurface): DESTROY
I/ActivityManager(  649): restoreActivityResuming
I/GLConsumer(  135): [ScreenshotSurface](this:0xb708b208,api:0) destroying EGLImage dpy=0x1 img=0x10000009
I/BufferQueue(  135): [ScreenshotSurface](this:0xb708cee0,id:71,api:0,p:-1,c:-1) consumerDisconnect
I/BufferQueue(  135): [BlackSurface](this:0xb70881e0,id:73,api:0,p:-1,c:-1) consumerDisconnect
I/BufferQueue(  135): [BlackSurface](this:0xb709b8b0,id:74,api:0,p:-1,c:-1) consumerDisconnect
I/BufferQueue(  135): [BlackSurface](this:0xb707eab0,id:75,api:0,p:-1,c:-1) consumerDisconnect
I/BufferQueue(  135): [BlackSurface](this:0xb707dc38,id:76,api:0,p:-1,c:-1) consumerDisconnect
I/BufferQueue(  135): [ScreenshotSurface](this:0xb708cee0,id:71,api:0,p:-1,c:-1) ~BufferQueue
I/GraphicBuffer(  135): free buffer (w:480 h:854 f:1) handle(0xb7081f00)
I/BufferQueue(  135): [BlackSurface](this:0xb70881e0,id:73,api:0,p:-1,c:-1) ~BufferQueue
I/BufferQueue(  135): [BlackSurface](this:0xb709b8b0,id:74,api:0,p:-1,c:-1) ~BufferQueue
I/BufferQueue(  135): [BlackSurface](this:0xb707eab0,id:75,api:0,p:-1,c:-1) ~BufferQueue
I/BufferQueue(  135): [BlackSurface](this:0xb707dc38,id:76,api:0,p:-1,c:-1) ~BufferQueue
D/SIMHelper(  858): isSimInserted(0), SimInserted=false
D/StatusBar.NetworkController(  858): refreshViews(0), DataConnected=false simColorId = -1
V/MobileDataChecked(  858): onMobileDataChanged()
V/Provider/Settings(  858):  from settings cache , name = mobile_data , value = 1
V/MobileDataChecked(  858): isMobileDataEnabled() MOBILE_DATA=1
V/Provider/Settings(  649):  from settings cache , name = mobile_data , value = 1
D/ConnectivityService(  649): getMobileDataEnabled returning true
V/QS      (  858): DataConnection | getMobileDataEnabled():true
V/Provider/Settings(  649):  from settings cache , name = mobile_data , value = 1
D/ConnectivityService(  649): getMobileDataEnabled returning true
V/Provider/Settings(  858):  from settings cache , name = gprs_connection_sim_setting , value = 0
D/ActivityManager(  649): getContentProviderImpl: from callerandroid.app.ApplicationThreadProxy@42985c98 (pid=858) to get content provider telephony
D/ActivityManager(  649): getContentProviderImpl: updateLruProcessLocked cpr.proc=ProcessRecord{42231450 1092:com.android.phone/1001}
D/ActivityThread(  858): hoder:android.app.IActivityManager$ContentProviderHolder@42656a38,provider,holder.Provider:android.content.ContentProviderProxy@428779b8
I/TelephonyProvider( 1092): initDatabaseIfNeeded begin content://telephony/siminfo
I/TelephonyProvider( 1092):  mInitAPNGemini[0]: true,uricontent://telephony/siminfo
I/TelephonyProvider( 1092):  mInitAPNGemini[0] unlock: true,uricontent://telephony/siminfo
I/TelephonyProvider( 1092): initDatabaseIfNeeded end content://telephony/siminfo
D/IPCThreadState( 1092): [DN #5] BR_CLEAR_DEATH_NOTIFICATION_DONE cookie 0x5d52db18
D/IPCThreadState(  649): [DN #5] BR_CLEAR_DEATH_NOTIFICATION_DONE cookie 0x6ca3f058
I/TelephonyProvider( 1092): initDatabaseIfNeeded begin content://telephony/siminfo
I/TelephonyProvider( 1092):  mInitAPNGemini[0]: true,uricontent://telephony/siminfo
I/TelephonyProvider( 1092):  mInitAPNGemini[0] unlock: true,uricontent://telephony/siminfo
I/TelephonyProvider( 1092): initDatabaseIfNeeded end content://telephony/siminfo
D/IPCThreadState( 1092): [DN #5] BR_CLEAR_DEATH_NOTIFICATION_DONE cookie 0x629a5c98
D/IPCThreadState(  649): [DN #5] BR_CLEAR_DEATH_NOTIFICATION_DONE cookie 0x684c0f50
D/PhoneInterfaceManagerEx( 1092): [PhoneIntfMgrEx] hasIccCard  simId=0
D/PhoneInterfaceManager( 1092): getSimState simId = 0prop = ABSENT
V/Provider/Settings(  858):  from settings cache , name = airplane_mode_on , value = 0
D/StatusBar.NetworkController(  858): refreshViews(0), set parameters to signal cluster view.
D/SignalClusterView(  858): setWifiIndicators, visible=true, strengthIcon=com.mediatek.systemui.ext.IconIdWrapper@421ca688, activityIcon=com.mediatek.systemui.ext.IconIdWrapper@421ca6a0, contentDescription=Wi-Fi signal full.
D/StatusBar.NetworkController(  858): refreshViews(0), tempPhoneSignalIconId.0 = 2130837997  tempPhoneSignalIconId.1 = 0  tempMobileActivityIconId= 0  tempDataTypeIconId= 0
D/SignalClusterView(  858): setMobileDataIndicators(0), visible=true, strengthIcon[0] ~ [1] 2130837997 ~ 0
D/SignalClusterView(  858): setIsAirplaneMode=false
D/SignalClusterView(  858): setRoamingFlagandResource(0), roaming=false, roamingId=0
D/SignalClusterView(  858): setShowSimIndicator(0), showSimIndicator=false simIndicatorResource = 0
D/SignalClusterView(  858): setDataNetType3G(0), NetworkType=null
D/SignalClusterView(  858): apply(), mWifiVisible is true
D/SIMHelper(  858): isSimInserted(0), SimInserted=false
D/SignalClusterView(  858): apply(), slotId=0, mMobileVisible=true, mShouldMobileGroupVisible=true
D/SignalClusterView(  858): apply(), slotId=0, mRoaming=false mMobileActivityId=0 mMobileTypeId=0 mMobileStrengthId[0] = 2130837997 mMobileStrengthId[1] = 0
D/SIMHelper(  858): isSimInserted(0), SimInserted=false
D/SignalClusterView(  858): apply(). mIsAirplaneMode is false, NWType slot(0) is 8
D/OpenGLRenderer(  858): prepareDirty (0.00, 0.00, 854.00, 38.00) opaque 0 <0x61c46008>
D/OpenGLRenderer(  858): clear (0.00, 38 - 38.00 = 0.00, 854.00 - 0.00 = 854.00, 38.00 - 0.00 = 38.00) opaque 0 <0x61c46008>
D/OpenGLRenderer(  858): finish <0x61c46008>
I/BufferQueue(  135): [StatusBar](this:0xb7080918,id:6,api:1,p:858,c:135) [queue] fps:22.31, dur:1882.21, max:928.81, min:10.40
I/BufferQueue(  135): [StatusBar](this:0xb7080918,id:6,api:1,p:858,c:135) [release] fps:21.78, dur:1882.25, max:923.33, min:17.13
I/BufferQueue(  135): [FrameBufferSurface_0](this:0xb7068088,id:0,api:1,p:135,c:135) [release] fps:19.68, dur:1270.51, max:729.35, min:16.26
I/BufferQueue(  135): [FrameBufferSurface_0](this:0xb7068088,id:0,api:1,p:135,c:135) [queue] fps:19.68, dur:1270.45, max:729.41, min:16.26
I/BufferQueue(  135): [com.android.settings/com.android.settings.DevelopmentSettings](this:0xb7070c20,id:72,api:1,p:4973,c:135) new GraphicBuffer needed
D/BufferQueue(  135):     [OLD] gb:NULL
I/GraphicBuffer(  135): allocate buffer (w:480 h:854 f:1) handle(0xb70b8b00) err(0)
I/BufferQueue(  135):     [NEW] gb=0xb7071e80, handle=0xb70b8b00, w=480, h=854, s=480, fmt=1
D/GraphicBuffer( 4973): create handle(0x62285a80) (w:480, h:854, f:1)
D/OpenGLRenderer( 4973): prepareDirty (0.00, 0.00, 854.00, 480.00) opaque 1 <0x6229fc90>
D/OpenGLRenderer( 4973): finish <0x6229fc90>
I/BufferQueue(  135): [com.android.settings/com.android.settings.DevelopmentSettings](this:0xb7070c20,id:72,api:1,p:4973,c:135) [queue] fps:0.89, dur:1127.34, max:1127.34, min:1127.34
I/GLConsumer(  135): [com.android.settings/com.android.settings.DevelopmentSettings](this:0xb70ade98,api:1) [void* android::GLConsumer::createImage(EGLDisplay, const android::sp<android::GraphicBuffer>&, const android::Rect&)]
D/GLConsumer(  135):     GraphicBuffer: gb=0xb7071e80 handle=0xb70b8b00 fmt=1
D/GLConsumer(  135):     EGLImage: dpy=0x1, img=0x10000006
I/BufferQueue(  135): [com.android.settings/com.android.settings.DevelopmentSettings](this:0xb7070c20,id:72,api:1,p:4973,c:135) new GraphicBuffer needed
D/BufferQueue(  135):     [OLD] gb:NULL
I/GraphicBuffer(  135): allocate buffer (w:480 h:854 f:1) handle(0xb70b9240) err(0)
I/BufferQueue(  135):     [NEW] gb=0xb7098940, handle=0xb70b9240, w=480, h=854, s=480, fmt=1
D/GraphicBuffer( 4973): create handle(0x6244fa88) (w:480, h:854, f:1)
D/OpenGLRenderer( 4973): prepareDirty (0.00, 0.00, 854.00, 480.00) opaque 1 <0x6229fc90>
D/OpenGLRenderer( 4973): finish <0x6229fc90>
I/GLConsumer(  135): [com.android.settings/com.android.settings.DevelopmentSettings](this:0xb70ade98,api:1) [void* android::GLConsumer::createImage(EGLDisplay, const android::sp<android::GraphicBuffer>&, const android::Rect&)]
D/GLConsumer(  135):     GraphicBuffer: gb=0xb7098940 handle=0xb70b9240 fmt=1
D/GLConsumer(  135):     EGLImage: dpy=0x1, img=0x10000007
I/BufferQueue(  135): [com.android.settings/com.android.settings.DevelopmentSettings](this:0xb7070c20,id:72,api:1,p:4973,c:135) new GraphicBuffer needed
D/BufferQueue(  135):     [OLD] gb:NULL
I/GraphicBuffer(  135): allocate buffer (w:480 h:854 f:1) handle(0xb70750b8) err(0)
I/BufferQueue(  135):     [NEW] gb=0xb70b92a0, handle=0xb70750b8, w=480, h=854, s=480, fmt=1
I/SurfaceFlinger(  135): [Built-in Screen (type:0)] fps:10.910331,dur:1008.22,max:729.46,min:16.26
D/GraphicBuffer( 4973): create handle(0x6242bd78) (w:480, h:854, f:1)
D/OpenGLRenderer( 4973): prepareDirty (0.00, 0.00, 854.00, 480.00) opaque 1 <0x6229fc90>
D/OpenGLRenderer( 4973): finish <0x6229fc90>
I/GLConsumer(  135): [com.android.settings/com.android.settings.DevelopmentSettings](this:0xb70ade98,api:1) [void* android::GLConsumer::createImage(EGLDisplay, const android::sp<android::GraphicBuffer>&, const android::Rect&)]
D/GLConsumer(  135):     GraphicBuffer: gb=0xb70b92a0 handle=0xb70750b8 fmt=1
D/GLConsumer(  135):     EGLImage: dpy=0x1, img=0x10000008
D/OpenGLRenderer( 4973): prepareDirty (0.00, 0.00, 854.00, 480.00) opaque 1 <0x6229fc90>
D/OpenGLRenderer( 4973): finish <0x6229fc90>
D/OpenGLRenderer( 4973): prepareDirty (0.00, 0.00, 854.00, 480.00) opaque 1 <0x6229fc90>
D/OpenGLRenderer( 4973): finish <0x6229fc90>
D/OpenGLRenderer( 4973): prepareDirty (0.00, 0.00, 854.00, 480.00) opaque 1 <0x6229fc90>
D/OpenGLRenderer( 4973): finish <0x6229fc90>
D/OpenGLRenderer( 4973): prepareDirty (0.00, 0.00, 854.00, 480.00) opaque 1 <0x6229fc90>
D/OpenGLRenderer( 4973): finish <0x6229fc90>
D/OpenGLRenderer( 4973): prepareDirty (0.00, 0.00, 854.00, 480.00) opaque 1 <0x6229fc90>
D/OpenGLRenderer( 4973): finish <0x6229fc90>
V/ActivityManager(  649): Broadcast: Intent { act=com.facebook.common.appstate.peers flg=0x10 pkg=com.facebook.katana (has extras) } ordered=false userid=0 callerApp=ProcessRecord{4201e108 5168:com.facebook.katana/u0a24}
D/OpenGLRenderer( 4973): prepareDirty (0.00, 0.00, 854.00, 480.00) opaque 1 <0x6229fc90>
D/OpenGLRenderer( 4973): finish <0x6229fc90>
D/OpenGLRenderer( 4973): prepareDirty (0.00, 0.00, 854.00, 480.00) opaque 1 <0x6229fc90>
D/OpenGLRenderer( 4973): finish <0x6229fc90>
D/OpenGLRenderer( 4973): prepareDirty (0.00, 0.00, 854.00, 480.00) opaque 1 <0x6229fc90>
D/OpenGLRenderer( 4973): finish <0x6229fc90>
D/OpenGLRenderer( 4973): prepareDirty (0.00, 0.00, 854.00, 480.00) opaque 1 <0x6229fc90>
D/OpenGLRenderer( 4973): finish <0x6229fc90>
D/OpenGLRenderer( 4973): prepareDirty (0.00, 0.00, 854.00, 480.00) opaque 1 <0x6229fc90>
D/OpenGLRenderer( 4973): finish <0x6229fc90>
D/OpenGLRenderer( 4973): prepareDirty (0.00, 0.00, 854.00, 480.00) opaque 1 <0x6229fc90>
D/OpenGLRenderer( 4973): finish <0x6229fc90>
D/OpenGLRenderer( 4973): prepareDirty (0.00, 0.00, 854.00, 480.00) opaque 1 <0x6229fc90>
D/OpenGLRenderer( 4973): finish <0x6229fc90>
D/OpenGLRenderer( 4973): prepareDirty (0.00, 0.00, 854.00, 480.00) opaque 1 <0x6229fc90>
D/OpenGLRenderer( 4973): finish <0x6229fc90>
V/ActivityManager(  649): Broadcast: Intent { act=com.facebook.common.hardware.NetworkActivityBroadcastManager.NETWORKING_INACTIVE flg=0x10 (has extras) } ordered=false userid=0 callerApp=ProcessRecord{4201e108 5168:com.facebook.katana/u0a24}
D/AES     (  649): AEEIOCTL_RT_MON_Kick IOCTL,lParam=0. 
D/InputReader(  649): InputReader::monitor: lock
D/InputReader(  649): InputReader::monitor: wait 
D/InputReader(  649): InputReader::monitor: unlock
D/InputReader(  649): InputReader::monitor: done
D/dalvikvm(  649): between the previous GC alloc  777K
D/dalvikvm(  649): GC_EXPLICIT freed 715K (9828), 42% free 13364K/22664K, paused 12ms+14ms, total 240ms
D/WifiStateMachine(  649): ConnectedState{ when=-3ms what=131155 arg1=1 target=com.android.internal.util.StateMachine$SmHandler target=Handler (com.android.internal.util.StateMachine$SmHandler) {42461588} }
D/WifiStateMachine(  649): L2ConnectedState{ when=-4ms what=131155 arg1=1 target=com.android.internal.util.StateMachine$SmHandler target=Handler (com.android.internal.util.StateMachine$SmHandler) {42461588} }
D/WifiHW  (  649): enter -->wifi_send_command cmd=IFNAME=wlan0 SIGNAL_POLL
D/wpa_supplicant( 2439): RX ctrl_iface - hexdump(len=11): 53 49 47 4e 41 4c 5f 50 4f 4c 4c
D/wpa_supplicant( 2439): wlan0: Control interface command 'SIGNAL_POLL'
D/wpa_supplicant( 2439): nl80211: survey data missing!
D/WifiHW  (  649): leave --> reply=RSSI=-48
D/WifiHW  (  649): LINKSPEED=65
D/WifiHW  (  649): NOISE=9999
D/WifiHW  (  649): FREQUENCY=2462
D/WifiHW  (  649): 
D/wifi    (  649): doStringCommand, buf IFNAME=wlan0 SIGNAL_POLL
I/WifiStateMachine(  649): fetchRssiAndLinkSpeedNative, newRssi:-48, newLinkSpeed:65, SSID:"irichanin.com"
V/WifiManager(  649): calculateSignalLevel(),numLevels = 5
D/IPCThreadState( 5168): [DN #5] BR_CLEAR_DEATH_NOTIFICATION_DONE cookie 0x64281780
D/StatusBar.NetworkController(  858): PhoneStateListener:onSignalStrengthsChanged, sim0 before.
D/StatusBar.NetworkController(  858): PhoneStateListener:onSignalStrengthsChanged, signalStrength=4
D/StatusBar.NetworkController(  858): updateDataNetType(0), DataNetType=0 / 0
V/ActivityManager(  649): Broadcast sticky: Intent { act=android.intent.action.SIG_STR flg=0x20000010 (has extras) } ordered=false userid=-1 callerApp=ProcessRecord{41f69f08 649:system/1000}
D/SIMHelper(  858): isSimInserted(0), SimInserted=false
D/SIMHelper(  858): isSimInserted(0), SimInserted=false
D/StatusBar.NetworkController(  858): updateTelephonySignalStrength(0), is null signal.
D/StatusBar.NetworkController(  858): updateTelephonySignalStrength(0), null signal
D/StatusBar.NetworkController(  858):  updateTelephonySignalStrength(0) tempSIMCUSignVisible= true
D/SIMHelper(  858): isSimInserted(0), SimInserted=false
D/StatusBar.NetworkController(  858): refreshViews(0), DataConnected=false simColorId = -1
V/MobileDataChecked(  858): onMobileDataChanged()
V/Provider/Settings(  858):  from settings cache , name = mobile_data , value = 1
V/MobileDataChecked(  858): isMobileDataEnabled() MOBILE_DATA=1
V/Provider/Settings(  649):  from settings cache , name = mobile_data , value = 1
D/ConnectivityService(  649): getMobileDataEnabled returning true
V/QS      (  858): DataConnection | getMobileDataEnabled():true
V/Provider/Settings(  649):  from settings cache , name = mobile_data , value = 1
D/ConnectivityService(  649): getMobileDataEnabled returning true
V/Provider/Settings(  858):  from settings cache , name = gprs_connection_sim_setting , value = 0
D/ActivityManager(  649): getContentProviderImpl: from callerandroid.app.ApplicationThreadProxy@42dc0958 (pid=858) to get content provider telephony
D/ActivityManager(  649): getContentProviderImpl: updateLruProcessLocked cpr.proc=ProcessRecord{42231450 1092:com.android.phone/1001}
D/ActivityThread(  858): hoder:android.app.IActivityManager$ContentProviderHolder@428cf568,provider,holder.Provider:android.content.ContentProviderProxy@42337b98
I/TelephonyProvider( 1092): initDatabaseIfNeeded begin content://telephony/siminfo
I/TelephonyProvider( 1092):  mInitAPNGemini[0]: true,uricontent://telephony/siminfo
I/TelephonyProvider( 1092):  mInitAPNGemini[0] unlock: true,uricontent://telephony/siminfo
I/TelephonyProvider( 1092): initDatabaseIfNeeded end content://telephony/siminfo
D/IPCThreadState( 1092): [DN #5] BR_CLEAR_DEATH_NOTIFICATION_DONE cookie 0x629ae750
D/IPCThreadState(  649): [DN #5] BR_CLEAR_DEATH_NOTIFICATION_DONE cookie 0x6c601128
I/TelephonyProvider( 1092): initDatabaseIfNeeded begin content://telephony/siminfo
I/TelephonyProvider( 1092):  mInitAPNGemini[0]: true,uricontent://telephony/siminfo
I/TelephonyProvider( 1092):  mInitAPNGemini[0] unlock: true,uricontent://telephony/siminfo
I/TelephonyProvider( 1092): initDatabaseIfNeeded end content://telephony/siminfo
D/IPCThreadState( 1092): [DN #5] BR_CLEAR_DEATH_NOTIFICATION_DONE cookie 0x629a6c90
D/IPCThreadState(  649): [DN #5] BR_CLEAR_DEATH_NOTIFICATION_DONE cookie 0x6893ca78
D/PhoneInterfaceManagerEx( 1092): [PhoneIntfMgrEx] hasIccCard  simId=0
D/PhoneInterfaceManager( 1092): getSimState simId = 0prop = ABSENT
V/Provider/Settings(  858):  from settings cache , name = airplane_mode_on , value = 0
D/SignalClusterView(  858): setRoamingFlagandResource(0), roaming=false, roamingId=0
D/SignalClusterView(  858): setShowSimIndicator(0), showSimIndicator=false simIndicatorResource = 0
D/SignalClusterView(  858): setDataNetType3G(0), NetworkType=null
D/SignalClusterView(  858): apply(), mWifiVisible is true
D/SIMHelper(  858): isSimInserted(0), SimInserted=false
D/SignalClusterView(  858): apply(), slotId=0, mMobileVisible=true, mShouldMobileGroupVisible=true
D/SignalClusterView(  858): apply(), slotId=0, mRoaming=false mMobileActivityId=0 mMobileTypeId=0 mMobileStrengthId[0] = 2130837997 mMobileStrengthId[1] = 0
D/SIMHelper(  858): isSimInserted(0), SimInserted=false
D/SignalClusterView(  858): apply(). mIsAirplaneMode is false, NWType slot(0) is 8
D/StatusBar.NetworkController(  858): PhoneStateListener:onSignalStrengthsChanged, sim0 after.
D/OpenGLRenderer(  858): prepareDirty (0.00, 0.00, 854.00, 38.00) opaque 0 <0x61c46008>
D/OpenGLRenderer(  858): clear (0.00, 38 - 38.00 = 0.00, 854.00 - 0.00 = 854.00, 38.00 - 0.00 = 38.00) opaque 0 <0x61c46008>
D/OpenGLRenderer(  858): finish <0x61c46008>
I/BufferQueue(  135): [StatusBar](this:0xb7080918,id:6,api:1,p:858,c:135) [queue] fps:0.35, dur:2877.06, max:2877.06, min:2877.06
I/BufferQueue(  135): [StatusBar](this:0xb7080918,id:6,api:1,p:858,c:135) [release] fps:0.35, dur:2875.31, max:2875.31, min:2875.31
I/BufferQueue(  135): [FrameBufferSurface_0](this:0xb7068088,id:0,api:1,p:135,c:135) [release] fps:5.91, dur:2875.35, max:2491.58, min:16.88
I/BufferQueue(  135): [FrameBufferSurface_0](this:0xb7068088,id:0,api:1,p:135,c:135) [queue] fps:5.91, dur:2875.36, max:2491.64, min:16.88
I/SurfaceFlinger(  135): [Built-in Screen (type:0)] fps:5.483428,dur:2735.51,max:2491.67,min:16.88
I/MTKLogger/LogReceiver( 5126): Get a self-kill command. Need to kill me now
I/Process ( 5126): Sending signal. PID: 5126 SIG: 9
D/IPCThreadState(  649): [DN #5] BR_DEAD_BINDER cookie 0x686b5ab8
D/IPCThreadState(  649): [DN #5] BR_DEAD_BINDER cookie 0x62f05690
I/ActivityManager(  649): Process com.mediatek.mtklogger (pid 5126) has died.
D/DisplayManagerService(  649): Display listener for pid 5126 died.
D/IPCThreadState(  649): [DN #5] BR_CLEAR_DEATH_NOTIFICATION_DONE cookie 0x62f05690
D/IPCThreadState(  649): [DN #5] BR_CLEAR_DEATH_NOTIFICATION_DONE cookie 0x686b5ab8
D/SIMHelper(  858): isSimInserted(0), SimInserted=false
D/StatusBar.NetworkController(  858): refreshViews(0), DataConnected=false simColorId = -1
V/MobileDataChecked(  858): onMobileDataChanged()
V/Provider/Settings(  858):  from settings cache , name = mobile_data , value = 1
V/MobileDataChecked(  858): isMobileDataEnabled() MOBILE_DATA=1
V/Provider/Settings(  649):  from settings cache , name = mobile_data , value = 1
D/ConnectivityService(  649): getMobileDataEnabled returning true
V/QS      (  858): DataConnection | getMobileDataEnabled():true
V/Provider/Settings(  649):  from settings cache , name = mobile_data , value = 1
D/ConnectivityService(  649): getMobileDataEnabled returning true
V/Provider/Settings(  858):  from settings cache , name = gprs_connection_sim_setting , value = 0
D/ActivityManager(  649): getContentProviderImpl: from callerandroid.app.ApplicationThreadProxy@42cc5360 (pid=858) to get content provider telephony
D/ActivityManager(  649): getContentProviderImpl: updateLruProcessLocked cpr.proc=ProcessRecord{42231450 1092:com.android.phone/1001}
D/ActivityThread(  858): hoder:android.app.IActivityManager$ContentProviderHolder@423a7c68,provider,holder.Provider:android.content.ContentProviderProxy@42491ee8
I/TelephonyProvider( 1092): initDatabaseIfNeeded begin content://telephony/siminfo
I/TelephonyProvider( 1092):  mInitAPNGemini[0]: true,uricontent://telephony/siminfo
I/TelephonyProvider( 1092):  mInitAPNGemini[0] unlock: true,uricontent://telephony/siminfo
I/TelephonyProvider( 1092): initDatabaseIfNeeded end content://telephony/siminfo
D/dalvikvm( 1092): between the previous GC alloc  415K
D/dalvikvm( 1092): GC_EXPLICIT freed 417K (8182), 53% free 4086K/8664K, paused 8ms+7ms, total 68ms
D/IPCThreadState( 1092): [DN #5] BR_CLEAR_DEATH_NOTIFICATION_DONE cookie 0x6136a1d8
D/IPCThreadState(  649): [DN #5] BR_CLEAR_DEATH_NOTIFICATION_DONE cookie 0x684b0cd0
I/TelephonyProvider( 1092): initDatabaseIfNeeded begin content://telephony/siminfo
I/TelephonyProvider( 1092):  mInitAPNGemini[0]: true,uricontent://telephony/siminfo
I/TelephonyProvider( 1092):  mInitAPNGemini[0] unlock: true,uricontent://telephony/siminfo
I/TelephonyProvider( 1092): initDatabaseIfNeeded end content://telephony/siminfo
D/IPCThreadState( 1092): [DN #5] BR_CLEAR_DEATH_NOTIFICATION_DONE cookie 0x629a6c90
D/IPCThreadState(  649): [DN #5] BR_CLEAR_DEATH_NOTIFICATION_DONE cookie 0x628e3460
D/PhoneInterfaceManagerEx( 1092): [PhoneIntfMgrEx] hasIccCard  simId=0
D/PhoneInterfaceManager( 1092): getSimState simId = 0prop = ABSENT
V/Provider/Settings(  858):  from settings cache , name = airplane_mode_on , value = 0
D/StatusBar.NetworkController(  858): refreshViews(0), set parameters to signal cluster view.
D/SignalClusterView(  858): setWifiIndicators, visible=true, strengthIcon=com.mediatek.systemui.ext.IconIdWrapper@421ca688, activityIcon=com.mediatek.systemui.ext.IconIdWrapper@421ca6a0, contentDescription=Wi-Fi signal full.
D/StatusBar.NetworkController(  858): refreshViews(0), tempPhoneSignalIconId.0 = 2130837997  tempPhoneSignalIconId.1 = 0  tempMobileActivityIconId= 0  tempDataTypeIconId= 0
D/SignalClusterView(  858): setMobileDataIndicators(0), visible=true, strengthIcon[0] ~ [1] 2130837997 ~ 0
D/SignalClusterView(  858): setIsAirplaneMode=false
D/SignalClusterView(  858): setRoamingFlagandResource(0), roaming=false, roamingId=0
D/SignalClusterView(  858): setShowSimIndicator(0), showSimIndicator=false simIndicatorResource = 0
D/SignalClusterView(  858): setDataNetType3G(0), NetworkType=null
D/SignalClusterView(  858): apply(), mWifiVisible is true
D/SIMHelper(  858): isSimInserted(0), SimInserted=false
D/SignalClusterView(  858): apply(), slotId=0, mMobileVisible=true, mShouldMobileGroupVisible=true
D/SignalClusterView(  858): apply(), slotId=0, mRoaming=false mMobileActivityId=0 mMobileTypeId=0 mMobileStrengthId[0] = 2130837997 mMobileStrengthId[1] = 0
D/SIMHelper(  858): isSimInserted(0), SimInserted=false
D/SignalClusterView(  858): apply(). mIsAirplaneMode is false, NWType slot(0) is 8
D/OpenGLRenderer(  858): prepareDirty (0.00, 0.00, 854.00, 38.00) opaque 0 <0x61c46008>
D/OpenGLRenderer(  858): clear (0.00, 38 - 38.00 = 0.00, 854.00 - 0.00 = 854.00, 38.00 - 0.00 = 38.00) opaque 0 <0x61c46008>
D/OpenGLRenderer(  858): finish <0x61c46008>
D/BatteryService(  649): mBatteryVoltage=3713, batteryLevel=50
D/LightsService(  649): setLight_native: light=3, colorARGB=0xffff0000, flashMode=0, onMS=0, offMS=0, brightnessMode=0
D/lights  (  649): set_led_state colorRGB=FFFF0000, onMS=0, offMS=0
D/lights  (  649): blink_red, level=255, onMS=0, offMS=0
D/lights  (  649): write_int open fd=-1
V/ActivityManager(  649): Broadcast sticky: Intent { act=android.intent.action.BATTERY_CHANGED flg=0x60000010 (has extras) } ordered=false userid=-1 callerApp=null
D/WifiService(  649): onReceive, action:android.intent.action.BATTERY_CHANGED
D/UsbDeviceManager(  649): onReceive - BATTERY_CHANGED - mPlugType: 2, mSettingUsbCharging: false, mConnected: true, mSettingUsbBicr: false
D/PowerManagerService(  649): updateIsPoweredLocked: wasPowered=true, mIsPowered=true, oldPlugType=2, mPlugType=2, mBatteryLevel=11
D/PowerManagerService(  649): handleSandman: canDream=false, mWakefulness=Awake
D/WifiController(  649): DeviceActiveState{ when=-1ms what=155652 arg1=2 target=com.android.internal.util.StateMachine$SmHandler target=Handler (com.android.internal.util.StateMachine$SmHandler) {42e82988} }
D/WifiController(  649): StaEnabledState{ when=-1ms what=155652 arg1=2 target=com.android.internal.util.StateMachine$SmHandler target=Handler (com.android.internal.util.StateMachine$SmHandler) {42e82988} }
D/WifiController(  649): DefaultState{ when=-1ms what=155652 arg1=2 target=com.android.internal.util.StateMachine$SmHandler target=Handler (com.android.internal.util.StateMachine$SmHandler) {42e82988} }
D/WifiController(  649): battery changed pluggedType: 2
D/KeyguardUpdateMonitor(  858): received broadcast android.intent.action.BATTERY_CHANGED
D/PowerUI (  858): action = android.intent.action.BATTERY_CHANGED
D/PowerUI (  858): Intent start() ret = false mHideLowBDialog= true
D/PowerUI (  858): oldBatteryLevel = 11mBatteryLevel = 11
D/PowerUI (  858): dismissLowBatteryWarning
D/StatusBar.BatteryController(  858): BatteryController onReceive action is android.intent.action.BATTERY_CHANGED
D/StatusBar.BatteryController(  858): mBatteryPercentage is 11% mShouldShowBatteryPercentage is true mLabelViews.size() 1
D/StatusBar.BatteryController(  858): [Laptop] isPresent = false
D/KeyguardUpdateMonitor(  858): handleBatteryUpdate index=0 updateInteresting=false
D/OpenGLRenderer(  858): prepareDirty (0.00, 0.00, 854.00, 38.00) opaque 0 <0x61c46008>
D/OpenGLRenderer(  858): clear (0.00, 38 - 38.00 = 0.00, 854.00 - 0.00 = 854.00, 38.00 - 0.00 = 38.00) opaque 0 <0x61c46008>
D/OpenGLRenderer(  858): finish <0x61c46008>
D/OpenGLRenderer(  858): prepareDirty (0.00, 0.00, 854.00, 38.00) opaque 0 <0x61c46008>
D/OpenGLRenderer(  858): clear (0.00, 38 - 38.00 = 0.00, 854.00 - 0.00 = 854.00, 38.00 - 0.00 = 38.00) opaque 0 <0x61c46008>
D/OpenGLRenderer(  858): finish <0x61c46008>
D/SIMHelper(  858): isSimInserted(0), SimInserted=false
D/StatusBar.NetworkController(  858): refreshViews(0), DataConnected=false simColorId = -1
V/MobileDataChecked(  858): onMobileDataChanged()
V/Provider/Settings(  858):  from settings cache , name = mobile_data , value = 1
V/MobileDataChecked(  858): isMobileDataEnabled() MOBILE_DATA=1
V/Provider/Settings(  649):  from settings cache , name = mobile_data , value = 1
D/ConnectivityService(  649): getMobileDataEnabled returning true
V/QS      (  858): DataConnection | getMobileDataEnabled():true
V/Provider/Settings(  649):  from settings cache , name = mobile_data , value = 1
D/ConnectivityService(  649): getMobileDataEnabled returning true
V/Provider/Settings(  858):  from settings cache , name = gprs_connection_sim_setting , value = 0
D/ActivityManager(  649): getContentProviderImpl: from callerandroid.app.ApplicationThreadProxy@42b15c98 (pid=858) to get content provider telephony
D/ActivityManager(  649): getContentProviderImpl: updateLruProcessLocked cpr.proc=ProcessRecord{42231450 1092:com.android.phone/1001}
D/ActivityThread(  858): hoder:android.app.IActivityManager$ContentProviderHolder@42281b20,provider,holder.Provider:android.content.ContentProviderProxy@424b05e8
I/TelephonyProvider( 1092): initDatabaseIfNeeded begin content://telephony/siminfo
I/TelephonyProvider( 1092):  mInitAPNGemini[0]: true,uricontent://telephony/siminfo
I/TelephonyProvider( 1092):  mInitAPNGemini[0] unlock: true,uricontent://telephony/siminfo
I/TelephonyProvider( 1092): initDatabaseIfNeeded end content://telephony/siminfo
D/IPCThreadState( 1092): [DN #5] BR_CLEAR_DEATH_NOTIFICATION_DONE cookie 0x629ae750
D/IPCThreadState(  649): [DN #5] BR_CLEAR_DEATH_NOTIFICATION_DONE cookie 0x682daf40
I/TelephonyProvider( 1092): initDatabaseIfNeeded begin content://telephony/siminfo
I/TelephonyProvider( 1092):  mInitAPNGemini[0]: true,uricontent://telephony/siminfo
I/TelephonyProvider( 1092):  mInitAPNGemini[0] unlock: true,uricontent://telephony/siminfo
I/TelephonyProvider( 1092): initDatabaseIfNeeded end content://telephony/siminfo
D/IPCThreadState( 1092): [DN #5] BR_CLEAR_DEATH_NOTIFICATION_DONE cookie 0x61231778
D/IPCThreadState(  649): [DN #5] BR_CLEAR_DEATH_NOTIFICATION_DONE cookie 0x5d1cb1c0
D/PhoneInterfaceManagerEx( 1092): [PhoneIntfMgrEx] hasIccCard  simId=0
D/PhoneInterfaceManager( 1092): getSimState simId = 0prop = ABSENT
V/Provider/Settings(  858):  from settings cache , name = airplane_mode_on , value = 0
D/StatusBar.NetworkController(  858): refreshViews(0), set parameters to signal cluster view.
D/SignalClusterView(  858): setWifiIndicators, visible=true, strengthIcon=com.mediatek.systemui.ext.IconIdWrapper@421ca688, activityIcon=com.mediatek.systemui.ext.IconIdWrapper@421ca6a0, contentDescription=Wi-Fi signal full.
D/StatusBar.NetworkController(  858): refreshViews(0), tempPhoneSignalIconId.0 = 2130837997  tempPhoneSignalIconId.1 = 0  tempMobileActivityIconId= 0  tempDataTypeIconId= 0
D/SignalClusterView(  858): setMobileDataIndicators(0), visible=true, strengthIcon[0] ~ [1] 2130837997 ~ 0
D/SignalClusterView(  858): setIsAirplaneMode=false
D/SignalClusterView(  858): setRoamingFlagandResource(0), roaming=false, roamingId=0
D/SignalClusterView(  858): setShowSimIndicator(0), showSimIndicator=false simIndicatorResource = 0
D/SignalClusterView(  858): setDataNetType3G(0), NetworkType=null
D/SignalClusterView(  858): apply(), mWifiVisible is true
D/SIMHelper(  858): isSimInserted(0), SimInserted=false
D/SignalClusterView(  858): apply(), slotId=0, mMobileVisible=true, mShouldMobileGroupVisible=true
D/SignalClusterView(  858): apply(), slotId=0, mRoaming=false mMobileActivityId=0 mMobileTypeId=0 mMobileStrengthId[0] = 2130837997 mMobileStrengthId[1] = 0
D/SIMHelper(  858): isSimInserted(0), SimInserted=false
D/SignalClusterView(  858): apply(). mIsAirplaneMode is false, NWType slot(0) is 8
D/OpenGLRenderer(  858): prepareDirty (0.00, 0.00, 854.00, 38.00) opaque 0 <0x61c46008>
D/OpenGLRenderer(  858): clear (0.00, 38 - 38.00 = 0.00, 854.00 - 0.00 = 854.00, 38.00 - 0.00 = 38.00) opaque 0 <0x61c46008>
D/OpenGLRenderer(  858): finish <0x61c46008>
I/BufferQueue(  135): [StatusBar](this:0xb7080918,id:6,api:1,p:858,c:135) [queue] fps:3.53, dur:1132.52, max:543.02, min:15.69
I/BufferQueue(  135): [StatusBar](this:0xb7080918,id:6,api:1,p:858,c:135) [release] fps:3.53, dur:1132.78, max:540.51, min:17.67
I/BufferQueue(  135): [FrameBufferSurface_0](this:0xb7068088,id:0,api:1,p:135,c:135) [release] fps:3.53, dur:1132.72, max:541.04, min:17.64
I/BufferQueue(  135): [FrameBufferSurface_0](this:0xb7068088,id:0,api:1,p:135,c:135) [queue] fps:3.53, dur:1132.72, max:541.06, min:17.64
I/SurfaceFlinger(  135): [Built-in Screen (type:0)] fps:3.531313,dur:1132.72,max:541.07,min:17.64
V/ActivityManager(  649): Broadcast: Intent { act=com.facebook.common.appstate.peers flg=0x10 pkg=com.facebook.katana (has extras) } ordered=false userid=0 callerApp=ProcessRecord{4201e108 5168:com.facebook.katana/u0a24}
D/StatusBar(  858): Close float panel.
D/StatusBar(  858): closeFloatPanel: mFloatPanelView = null,visible = 0, shown = null
D/WifiStateMachine(  649): ConnectedState{ when=-3ms what=131155 arg1=1 target=com.android.internal.util.StateMachine$SmHandler target=Handler (com.android.internal.util.StateMachine$SmHandler) {42461588} }
D/WifiStateMachine(  649): L2ConnectedState{ when=-3ms what=131155 arg1=1 target=com.android.internal.util.StateMachine$SmHandler target=Handler (com.android.internal.util.StateMachine$SmHandler) {42461588} }
D/WifiHW  (  649): enter -->wifi_send_command cmd=IFNAME=wlan0 SIGNAL_POLL
D/wpa_supplicant( 2439): RX ctrl_iface - hexdump(len=11): 53 49 47 4e 41 4c 5f 50 4f 4c 4c
D/wpa_supplicant( 2439): wlan0: Control interface command 'SIGNAL_POLL'
D/wpa_supplicant( 2439): nl80211: survey data missing!
D/WifiHW  (  649): leave --> reply=RSSI=-48
D/WifiHW  (  649): LINKSPEED=65
D/WifiHW  (  649): NOISE=9999
D/WifiHW  (  649): FREQUENCY=2462
D/WifiHW  (  649): 
D/wifi    (  649): doStringCommand, buf IFNAME=wlan0 SIGNAL_POLL
I/WifiStateMachine(  649): fetchRssiAndLinkSpeedNative, newRssi:-48, newLinkSpeed:65, SSID:"irichanin.com"
V/WifiManager(  649): calculateSignalLevel(),numLevels = 5
D/libc    (  131): _resolv_cache_add: query:
D/libc    (  131): QUERY: RECURSIVE developers.facebook.com (A)
D/libc    (  131): ;; ->>HEADER<<- opcode: QUERY, status: NOERROR, id: 30071
D/libc    (  131): ;; flags: qr rd ra; QUERY: 1, ANSWER: 2, AUTHORITY: 0, ADDITIONAL: 0
D/libc    (  131): ;;	developers.facebook.com, type = A, class = IN
D/libc    (  131): developers.facebook.com.  24m19s IN CNAME  developers.c10r.facebook.com.
D/libc    (  131): developers.c10r.facebook.com.  19S IN A  31.13.92.10
D/libc    (  131): 
D/libc    (  131): answer:
D/libc    (  131): 75 77 81 80 00 01 00 02 00 00 00 00 0a 64 65 76  uw...........dev
D/libc    (  131): 65 6c 6f 70 65 72 73 08 66 61 63 65 62 6f 6f 6b  elopers.facebook
D/libc    (  131): 03 63 6f 6d 00 00 01 00 01 c0 0c 00 05 00 01 00  .com............
D/libc    (  131): 00 05 b3 00 12 0a 64 65 76 65 6c 6f 70 65 72 73  ......developers
D/libc    (  131): 04 63 31 30 72 c0 17 c0 35 00 01 00 01 00 00 00  .c10r...5.......
D/libc    (  131): 13 00 04 1f 0d 5c 0a                             .....\.
D/libc    (  131): TTL = 19
D/libc    (  131): _cache_add_p: entry 24 added (count=22)
D/libc    (  131): MRU LIST (22):  24 23 22 21 20 19 18 17 16 15 14 4 13 8 12 11 10 9 7 6 2 1
D/libc-netbsd(  131): res_queryN name = developers.facebook.com succeed
D/SocketClient(  131): SocketClient sendDatalocked done: 222
D/SocketClient(  131): SocketClient sendDatalocked done: 
D/SocketClient(  131): SocketClient sendDatalocked done: 
D/SocketClient(  131): SocketClient sendDatalocked done: 
D/SocketClient(  131): SocketClient sendDatalocked done: 
D/SocketClient(  131): SocketClient sendDatalocked done: 
D/SocketClient(  131): SocketClient sendDatalocked done: 
D/libc-netbsd( 5168): getaddrinfo: developers.facebook.com get result from proxy >>
I/System.out( 5168): propertyValue:true
I/System.out( 5168): [socket][1] connection /31.13.92.10:443;LocalPort=58968(60000)
I/System.out( 5168): [CDS]connect[/31.13.92.10:443] tm:60
D/Posix   ( 5168): [Posix_connect Debug]Process com.facebook.katana :443 
I/System.out( 5168): [socket][/192.168.0.16:58968] connected
I/System.out( 5168): [CDS]rx timeout:60000
I/System.out( 5168): [CDS]SO_SND_TIMEOUT:0
I/System.out( 5168): [CDS]rx timeout:60000
I/System.out( 5168): [CDS]rx timeout:60000
D/NativeCrypto( 5168): ssl=0x671e9920 NativeCrypto_SSL_do_handshake fd=0x21c00005 shc=0x22000009 timeout_millis=60000 client_mode=1 npn=0x0
D/NativeCrypto( 5168): doing handshake ++
D/NativeCrypto( 5168): ssl=0x671e9920 info_callback where=0x10 ret=1
D/NativeCrypto( 5168): ssl=0x671e9920 handshake start in UNKWN  before/connect initialization
D/NativeCrypto( 5168): ssl=0x671e9920 info_callback ignored
D/NativeCrypto( 5168): ssl=0x671e9920 info_callback where=0x1001 ret=1
D/NativeCrypto( 5168): ssl=0x671e9920 SSL_connect:UNKWN  before/connect initialization
D/NativeCrypto( 5168): ssl=0x671e9920 info_callback ignored
D/NativeCrypto( 5168): ssl=0x671e9920 info_callback where=0x1001 ret=1
D/NativeCrypto( 5168): ssl=0x671e9920 SSL_connect:23WCHA SSLv2/v3 write client hello A
D/NativeCrypto( 5168): ssl=0x671e9920 info_callback ignored
D/NativeCrypto( 5168): ssl=0x671e9920 info_callback where=0x1002 ret=-1
D/NativeCrypto( 5168): ssl=0x671e9920 SSL_connect:error exit in 23RSHA SSLv2/v3 read server hello A
D/NativeCrypto( 5168): ssl=0x671e9920 info_callback ignored
D/NativeCrypto( 5168): doing handshake -- ret=-1
D/NativeCrypto( 5168): ssl=0x671e9920 NativeCrypto_SSL_do_handshake ret=-1 errno=11 sslError=2 timeout_millis=60000
D/NativeCrypto( 5168): doing handshake ++
D/NativeCrypto( 5168): ssl=0x671e9920 info_callback where=0x1001 ret=1
D/NativeCrypto( 5168): ssl=0x671e9920 SSL_connect:3RSH_A SSLv3 read server hello A
D/NativeCrypto( 5168): ssl=0x671e9920 info_callback ignored
D/NativeCrypto( 5168): ssl=0x671e9920 info_callback where=0x1002 ret=-1
D/NativeCrypto( 5168): ssl=0x671e9920 SSL_connect:error exit in 3RSC_A SSLv3 read server certificate A
D/NativeCrypto( 5168): ssl=0x671e9920 info_callback ignored
D/NativeCrypto( 5168): ssl=0x671e9920 info_callback where=0x1002 ret=-1
D/NativeCrypto( 5168): ssl=0x671e9920 SSL_connect:error exit in 3RSC_A SSLv3 read server certificate A
D/NativeCrypto( 5168): ssl=0x671e9920 info_callback ignored
D/NativeCrypto( 5168): doing handshake -- ret=-1
D/NativeCrypto( 5168): ssl=0x671e9920 NativeCrypto_SSL_do_handshake ret=-1 errno=11 sslError=2 timeout_millis=60000
D/NativeCrypto( 5168): doing handshake ++
E/NativeCrypto( 5168): ssl=0x671e9920 cert_verify_callback x509_store_ctx=0x65d3b940 arg=0x0
E/NativeCrypto( 5168): ssl=0x671e9920 cert_verify_callback calling verifyCertificateChain authMethod=ECDHE_ECDSA
D/SIMHelper(  858): isSimInserted(0), SimInserted=false
D/StatusBar.NetworkController(  858): refreshViews(0), DataConnected=false simColorId = -1
V/MobileDataChecked(  858): onMobileDataChanged()
V/Provider/Settings(  858):  from settings cache , name = mobile_data , value = 1
V/MobileDataChecked(  858): isMobileDataEnabled() MOBILE_DATA=1
V/Provider/Settings(  649):  from settings cache , name = mobile_data , value = 1
D/ConnectivityService(  649): getMobileDataEnabled returning true
V/QS      (  858): DataConnection | getMobileDataEnabled():true
V/Provider/Settings(  649):  from settings cache , name = mobile_data , value = 1
D/ConnectivityService(  649): getMobileDataEnabled returning true
V/Provider/Settings(  858):  from settings cache , name = gprs_connection_sim_setting , value = 0
D/ActivityManager(  649): getContentProviderImpl: from callerandroid.app.ApplicationThreadProxy@42ad0730 (pid=858) to get content provider telephony
D/ActivityManager(  649): getContentProviderImpl: updateLruProcessLocked cpr.proc=ProcessRecord{42231450 1092:com.android.phone/1001}
D/ActivityThread(  858): hoder:android.app.IActivityManager$ContentProviderHolder@41e9eb78,provider,holder.Provider:android.content.ContentProviderProxy@42094558
I/TelephonyProvider( 1092): initDatabaseIfNeeded begin content://telephony/siminfo
I/TelephonyProvider( 1092):  mInitAPNGemini[0]: true,uricontent://telephony/siminfo
I/TelephonyProvider( 1092):  mInitAPNGemini[0] unlock: true,uricontent://telephony/siminfo
I/TelephonyProvider( 1092): initDatabaseIfNeeded end content://telephony/siminfo
D/IPCThreadState( 1092): [DN #5] BR_CLEAR_DEATH_NOTIFICATION_DONE cookie 0x6136a538
D/IPCThreadState(  649): [DN #5] BR_CLEAR_DEATH_NOTIFICATION_DONE cookie 0x6ca3f058
I/TelephonyProvider( 1092): initDatabaseIfNeeded begin content://telephony/siminfo
I/TelephonyProvider( 1092):  mInitAPNGemini[0]: true,uricontent://telephony/siminfo
I/TelephonyProvider( 1092):  mInitAPNGemini[0] unlock: true,uricontent://telephony/siminfo
I/TelephonyProvider( 1092): initDatabaseIfNeeded end content://telephony/siminfo
D/IPCThreadState( 1092): [DN #5] BR_CLEAR_DEATH_NOTIFICATION_DONE cookie 0x6149ba10
D/IPCThreadState(  649): [DN #5] BR_CLEAR_DEATH_NOTIFICATION_DONE cookie 0x6866c468
D/PhoneInterfaceManagerEx( 1092): [PhoneIntfMgrEx] hasIccCard  simId=0
D/PhoneInterfaceManager( 1092): getSimState simId = 0prop = ABSENT
V/Provider/Settings(  858):  from settings cache , name = airplane_mode_on , value = 0
D/StatusBar.NetworkController(  858): refreshViews(0), set parameters to signal cluster view.
D/SignalClusterView(  858): setWifiIndicators, visible=true, strengthIcon=com.mediatek.systemui.ext.IconIdWrapper@421ca688, activityIcon=com.mediatek.systemui.ext.IconIdWrapper@421ca6a0, contentDescription=Wi-Fi signal full.
D/StatusBar.NetworkController(  858): refreshViews(0), tempPhoneSignalIconId.0 = 2130837997  tempPhoneSignalIconId.1 = 0  tempMobileActivityIconId= 0  tempDataTypeIconId= 0
D/SignalClusterView(  858): setMobileDataIndicators(0), visible=true, strengthIcon[0] ~ [1] 2130837997 ~ 0
D/SignalClusterView(  858): setIsAirplaneMode=false
D/SignalClusterView(  858): setRoamingFlagandResource(0), roaming=false, roamingId=0
D/SignalClusterView(  858): setShowSimIndicator(0), showSimIndicator=false simIndicatorResource = 0
D/SignalClusterView(  858): setDataNetType3G(0), NetworkType=null
D/SignalClusterView(  858): apply(), mWifiVisible is true
D/SIMHelper(  858): isSimInserted(0), SimInserted=false
D/SignalClusterView(  858): apply(), slotId=0, mMobileVisible=true, mShouldMobileGroupVisible=true
D/SignalClusterView(  858): apply(), slotId=0, mRoaming=false mMobileActivityId=0 mMobileTypeId=0 mMobileStrengthId[0] = 2130837997 mMobileStrengthId[1] = 0
D/SIMHelper(  858): isSimInserted(0), SimInserted=false
D/SignalClusterView(  858): apply(). mIsAirplaneMode is false, NWType slot(0) is 8
D/OpenGLRenderer(  858): prepareDirty (0.00, 0.00, 854.00, 38.00) opaque 0 <0x61c46008>
D/OpenGLRenderer(  858): clear (0.00, 38 - 38.00 = 0.00, 854.00 - 0.00 = 854.00, 38.00 - 0.00 = 38.00) opaque 0 <0x61c46008>
D/OpenGLRenderer(  858): finish <0x61c46008>
I/BufferQueue(  135): [StatusBar](this:0xb7080918,id:6,api:1,p:858,c:135) [queue] fps:0.50, dur:2000.31, max:2000.31, min:2000.31
D/NativeCrypto( 5168): ssl=0x671e9920 cert_verify_callback => 1
D/NativeCrypto( 5168): ssl=0x671e9920 info_callback where=0x1001 ret=1
D/NativeCrypto( 5168): ssl=0x671e9920 SSL_connect:3RSC_A SSLv3 read server certificate A
D/NativeCrypto( 5168): ssl=0x671e9920 info_callback ignored
I/BufferQueue(  135): [StatusBar](this:0xb7080918,id:6,api:1,p:858,c:135) [release] fps:0.50, dur:2003.29, max:2003.29, min:2003.29
I/BufferQueue(  135): [FrameBufferSurface_0](this:0xb7068088,id:0,api:1,p:135,c:135) [release] fps:0.50, dur:2002.89, max:2002.89, min:2002.89
I/BufferQueue(  135): [FrameBufferSurface_0](this:0xb7068088,id:0,api:1,p:135,c:135) [queue] fps:0.50, dur:2002.85, max:2002.85, min:2002.85
I/SurfaceFlinger(  135): [Built-in Screen (type:0)] fps:0.499297,dur:2002.82,max:2002.82,min:2002.82
D/NativeCrypto( 5168): ssl=0x671e9920 info_callback where=0x1001 ret=1
D/NativeCrypto( 5168): ssl=0x671e9920 SSL_connect:3RSKEA SSLv3 read server key exchange A
D/NativeCrypto( 5168): ssl=0x671e9920 info_callback ignored
D/NativeCrypto( 5168): ssl=0x671e9920 info_callback where=0x1001 ret=1
D/NativeCrypto( 5168): ssl=0x671e9920 SSL_connect:3RSD_A SSLv3 read server done A
D/NativeCrypto( 5168): ssl=0x671e9920 info_callback ignored
D/OpenSSLLib( 5168):  User Build
D/NativeCrypto( 5168): ssl=0x671e9920 info_callback where=0x1001 ret=1
D/NativeCrypto( 5168): ssl=0x671e9920 SSL_connect:3WCKEA SSLv3 write client key exchange A
D/NativeCrypto( 5168): ssl=0x671e9920 info_callback ignored
D/NativeCrypto( 5168): ssl=0x671e9920 info_callback where=0x1001 ret=1
D/NativeCrypto( 5168): ssl=0x671e9920 SSL_connect:3WCCSA SSLv3 write change cipher spec A
D/NativeCrypto( 5168): ssl=0x671e9920 info_callback ignored
D/NativeCrypto( 5168): ssl=0x671e9920 info_callback where=0x1001 ret=1
D/NativeCrypto( 5168): ssl=0x671e9920 SSL_connect:3WFINA SSLv3 write finished A
D/NativeCrypto( 5168): ssl=0x671e9920 info_callback ignored
D/NativeCrypto( 5168): ssl=0x671e9920 info_callback where=0x1001 ret=1
D/NativeCrypto( 5168): ssl=0x671e9920 SSL_connect:3FLUSH SSLv3 flush data
D/NativeCrypto( 5168): ssl=0x671e9920 info_callback ignored
D/NativeCrypto( 5168): ssl=0x671e9920 info_callback where=0x1002 ret=-1
D/NativeCrypto( 5168): ssl=0x671e9920 SSL_connect:error exit in 3RFINA SSLv3 read finished A
D/NativeCrypto( 5168): ssl=0x671e9920 info_callback ignored
D/NativeCrypto( 5168): doing handshake -- ret=-1
D/NativeCrypto( 5168): ssl=0x671e9920 NativeCrypto_SSL_do_handshake ret=-1 errno=11 sslError=2 timeout_millis=60000
D/NativeCrypto( 5168): doing handshake ++
D/NativeCrypto( 5168): ssl=0x671e9920 info_callback where=0x1001 ret=1
D/NativeCrypto( 5168): ssl=0x671e9920 SSL_connect:3RFINA SSLv3 read finished A
D/NativeCrypto( 5168): ssl=0x671e9920 info_callback ignored
D/NativeCrypto( 5168): ssl=0x671e9920 info_callback where=0x20 ret=1
D/NativeCrypto( 5168): ssl=0x671e9920 handshake done in SSLOK  SSL negotiation finished successfully
D/NativeCrypto( 5168): ssl=0x671e9920 info_callback calling handshakeCompleted
D/NativeCrypto( 5168): ssl=0x671e9920 info_callback completed
D/NativeCrypto( 5168): ssl=0x671e9920 info_callback where=0x1002 ret=1
D/NativeCrypto( 5168): ssl=0x671e9920 SSL_connect:ok exit in SSLOK  SSL negotiation finished successfully
D/NativeCrypto( 5168): ssl=0x671e9920 info_callback ignored
D/NativeCrypto( 5168): doing handshake -- ret=1
D/NativeCrypto( 5168): ssl=0x671e9920 NativeCrypto_SSL_get_certificate => NULL
I/System.out( 5168): [CDS]rx timeout:60000
I/System.out( 5168): [CDS]rx timeout:60000
I/System.out( 5168): >doSendRequest
D/NativeCrypto( 5168): ssl=0x671e9920 sslWrite buf=0x4236c930 len=518 write_timeout_millis=0
I/System.out( 5168): <doSendRequest
D/NativeCrypto( 5168): ssl=0x671e9920 sslRead buf=0x423764c0 len=8192,timeo=60000
V/ActivityManager(  649): Broadcast: Intent { act=com.facebook.common.hardware.NetworkActivityBroadcastManager.NETWORKING_ACTIVE flg=0x10 (has extras) } ordered=false userid=0 callerApp=ProcessRecord{4201e108 5168:com.facebook.katana/u0a24}
D/NativeCrypto( 5168): ssl=0x671e9920 sslRead buf=0x423764c0 len=8192,timeo=60000
D/ActivityThread( 5168): SVC-UNBIND_SERVICE handled : 0 / BindServiceData{token=android.os.BinderProxy@41ff8fb0 intent=Intent { cmp=com.facebook.katana/com.facebook.fbservice.service.DefaultBlueService }}
D/ActivityThread( 5168): SVC-Destroying service: com.facebook.fbservice.service.DefaultBlueService@4222d0f8
D/ActivityThread( 5168): SVC-STOP_SERVICE handled : 0 / android.os.BinderProxy@41ff8fb0
D/dalvikvm( 5168): threadid=30: exiting
D/ActivityThread( 5168): SVC-Creating service: CreateServiceData{token=android.os.BinderProxy@420d9110 className=com.facebook.fbservice.service.DefaultBlueService packageName=com.facebook.katana intent=null}
D/dalvikvm( 5168): threadid=30: bye!
D/ActivityThread( 5168): SVC-CREATE_SERVICE handled : 0 / CreateServiceData{token=android.os.BinderProxy@420d9110 className=com.facebook.fbservice.service.DefaultBlueService packageName=com.facebook.katana intent=null}
D/ActivityThread( 5168): SVC-BIND_SERVICE handled : 0 / BindServiceData{token=android.os.BinderProxy@420d9110 intent=Intent { cmp=com.facebook.katana/com.facebook.fbservice.service.DefaultBlueService }}
D/dalvikvm( 5168): create interp thread : stack size=128KB
D/dalvikvm( 5168): create new thread
D/dalvikvm( 5168): new thread created
D/dalvikvm( 5168): update thread list
D/dalvikvm( 5168): threadid=26: interp stack at 0x657b0000
D/dalvikvm( 5168): threadid=26: created from interp
D/dalvikvm( 5168): start new thread
D/dalvikvm( 5168): threadid=26: notify debugger
D/dalvikvm( 5168): threadid=26 (BlueServiceQueue-PlatformOperationQueue): calling run()
I/System.out( 5168): httpget:https://m.facebook.com/connect/jsdialog/MPlatformAppInvitesJSDialog/?locale=#platformurlversion=20150927
I/System.out( 5168): https://m.facebook.com/connect/jsdialog/MPlatformAppInvitesJSDialog/?locale=#platformurlversion=20150927
