D/GaGtmHelper(26783): setEnabledPackageNames com.sonymobile, com.sonyericsson
D/GaGtmHelper(26783): [0] 'com.sonymobile'
D/GaGtmHelper(26783): [1] 'com.sonyericsson'
D/GaGtmHelper(26783): setDeepCrashHashList -
D/GaGtmHelper(26783): [0] '-'
D/GaGtmHelper(26783): setDeepMode EVENT
D/GaGtmHelper(26783): DEEPMODE_EVENT active
D/GaGtmHelper(26783): deserializeQueueFromFile
D/GaGtmHelper(26783): File is empty skip
D/GaGtmHelper(26783): flushDataLayerQueue
D/GaGtmHelper(26783): item={gagtm-deviceCustomizationRevision=R2C, gagtm-deviceCustomization=1283-9513, gagtm-deviceSimMcc=, gagtm-deviceCustomerId=191, gagtm-deviceNetworkMnc=, gagtm-deviceSimMnc=, gagtm-deviceBuildModel=D2303, gagtm-deviceBuildType=user, gagtm-deviceBuildId=18.6.A.0.182, gagtm-deviceNetworkMcc=}
E/JavaBinder( 2276): *** Uncaught remote exception!  (Exceptions are not yet supported across processes.)
E/JavaBinder( 2276): java.lang.RuntimeException: android.os.RemoteException
E/JavaBinder( 2276): 	at android.os.Parcel.writeException(Parcel.java:1436)
E/JavaBinder( 2276): 	at android.os.Binder.execTransact(Binder.java:452)
E/JavaBinder( 2276): Caused by: android.os.RemoteException
E/JavaBinder( 2276): 	at com.google.android.gms.ads.identifier.service.b.a(SourceFile:77)
E/JavaBinder( 2276): 	at com.google.android.gms.ads.identifier.a.e.onTransact(SourceFile:63)
E/JavaBinder( 2276): 	at android.os.Binder.execTransact(Binder.java:446)
D/GCM     ( 2510): GcmService start Intent { act=com.google.android.c2dm.intent.REGISTER pkg=com.google.android.gms cmp=com.google.android.gms/.gcm.GcmService (has extras) } com.google.android.c2dm.intent.REGISTER
W/SQLiteConnectionPool( 2366): The connection pool for database '/data/data/com.android.providers.media/databases/external.db' has been unable to grant a connection to thread 176 (Binder_3) with flags 0x1 for 990.017 seconds.
W/SQLiteConnectionPool( 2366): Connections: 0 active, 1 idle, 0 available.
E/SQLiteLog(26783): (284) automatic index on install_element(parent_id)
I/ActivityManager(  939): Start proc 26834:com.sonymobile.devicesecurity.service/1000 for service com.sonymobile.devicesecurity.service/.DeviceSecurityService
W/ResourceType(26834): Found multiple library tables, ignoring...
W/ResourceType(26834): Found multiple library tables, ignoring...
W/ResourceType(26834): Found multiple library tables, ignoring...
D/QSEECOMAPI: (  357): QSEECom_get_handle sb_length = 0x1388
D/QSEECOMAPI: (  357): App is not loaded in QSEE
D/QSEECOMAPI: (  357): Loaded image: APP id = 2
E/libasb:ta_utils(  357): miscta_get_unit_size failed: unit not found
E/libasb:ta_utils(  357): libasb_read_miscta_unit_size for miscta_unit=2226 failed
D/QSEECOMAPI: (  357): QSEECom_dealloc_memory 
D/QSEECOMAPI: (  357): QSEECom_shutdown_app, app_id = 2
D/UEP     (26783): [com.sonyericsson.updatecenter.uepclient.UepClient] execute(): Execute UEP Request
I/UEP     (26783): [com.sonyericsson.updatecenter.uepclient.UepParams] UEP Request URI: https://updatesec.sonymobile.com/uep/v3/updates?cust-id=1283-9513&fingerprint=Sony%2FD2303%2FD2303%3A5.1.1%2F18.6.A.0.182%2F1643041205%3Auser%2Frelease-keys&tac=35626606&sp=&sw-id=1278-3081&sdk-version=22&IMEI=356266063911298&mnc=n%2Fa&sw-revision=18.6.A.0.182&cust-revision=R2C&simConfId=n%2Fa&clientcertid=9e5b0111e0408bb405c819ea0784b69d&lang=en-US&trigger=poll&mcc=n%2Fa&sw-type=USER&model=D2303&rootingStatus=0
D/UEP     (26783): [com.sonyericsson.updatecenter.uepclient.UepHttpGetClient] getUepManifest():
D/UEP     (26783): [com.sonyericsson.updatecenter.uepclient.UepHttpGetClient] doRetry: true, resultCode: OTHER, retry no: 0
W/ActivityThread(26783): ClassLoader.loadClass: The class loader returned by Thread.getContextClassLoader() may fail for processes that host multiple applications. You should explicitly specify a context class loader. For example: Thread.setContextClassLoader(getClass().getClassLoader());
D/UEP     (26783): [com.sonyericsson.updatecenter.uepclient.UepHttpURLConnection] configureSecureConnection():
I/UEP     (26783): [com.sonyericsson.updatecenter.uepclient.UepHttpHeader] UEP user agent string: SonyD2303 Build/18.6.A.0.182 UEP/1.0 com.sonyericsson.updatecenter/3.2.1.A.0.10
D/UEP     (26783): [com.sonyericsson.updatecenter.uepclient.UepHttpGetClient] Adding eTag W/"E0vxGjnhl6/3yfAdKeYMspchcMU=" to request.
I/dhcpcd  ( 7997): wlan0: acknowledged 192.168.0.18 from 192.168.0.1
I/dhcpcd  ( 7997): wlan0: leased 192.168.0.18 for 3600 seconds
D/dhcpcd  ( 7997): wlan0: adding IP address 192.168.0.18/24
D/dhcpcd  ( 7997): wlan0: writing lease `/data/misc/dhcp/dhcpcd-wlan0.lease'
D/dhcpcd  ( 7997): wlan0: executing `/system/etc/dhcpcd/dhcpcd-run-hooks', reason RENEW
W/SQLiteConnectionPool( 2366): The connection pool for database '/data/data/com.android.providers.media/databases/external.db' has been unable to grant a connection to thread 172 (Binder_1) with flags 0x1 for 990.0151 seconds.
W/SQLiteConnectionPool( 2366): Connections: 0 active, 1 idle, 0 available.
D/UEP     (26783): [com.sonyericsson.updatecenter.uepclient.UepHttpGetClient] HTTP GET response code = 304
D/UEP     (26783): [com.sonyericsson.updatecenter.uepclient.UepHttpGetClient] Current user= 0
D/UEP     (26783): [com.sonyericsson.updatecenter.uepclient.UepHttpGetClient] doRetry: false, resultCode: RESOURCE_NOT_CHANGED, retry no: 1
D/dhcpcd  ( 7997): wlan0: sending ARP announce (1 of 2), next in 1.00 seconds
D/Ulp_jni (  939): Location CB invoked
E/native  (  939): do suspend true
D/ConnectivityService(  939): notifyType IP_CHANGED for NetworkAgentInfo [WIFI () - 100]
D/ConnectivityManager.CallbackHandler( 1925): CM callback handler got msg 524295
D/ConnectivityService(  939): NetworkAgentInfo [WIFI () - 100] EVENT_NETWORK_INFO_CHANGED, going from CONNECTED to CONNECTING
D/StatusBar.NetworkController( 1925): hasService: mServiceState=1 1 voice home data home null null null null null null  Unknown Unknown CSS not supported -1 -1 RoamInd=-1 DefRoamInd=-1 EmergOnly=true retVal=false
D/StatusBar.NetworkController( 1925): refreshViews: Data not connected!! Set no data type icon / Roaming
D/StatusBar.NetworkController( 1925): refreshViews connected={ } level=4 combinedSignalIconId=0x7f02039c/com.android.systemui:drawable/stat_sys_signal_null combinedActivityIconId=0x0 mobileLabel=Emergency calls only wifiLabel= emergencyOnly=true combinedLabel=No Internet connection mAirplaneMode=false mDataActivity=0 mPhoneSignalIconId=0x7f02039c/com.android.systemui:drawable/stat_sys_signal_null mQSPhoneSignalIconId=0x7f0200bd/com.android.systemui:drawable/ic_qs_signal_no_signal mDataDirectionIconId=0x0/(null) mDataSignalIconId=0x7f02039c/com.android.systemui:drawable/stat_sys_signal_null mDataTypeIconId=0x0/(null) mQSDataTypeIconId=0x0/(null) mNoSimIconId=0x7f0201d8/com.android.systemui:drawable/stat_sys_no_sim mWifiIconId=0x0/(null) mQSWifiIconId=0x7f0200d4/com.android.systemui:drawable/ic_qs_wifi_no_network mWifiActivityIconId=0x0/(null) mBluetoothTetherIconId=0x1080772/android:drawable/stat_sys_tether_bluetooth
D/ConnectivityService(  939): NetworkAgentInfo [WIFI () - 100] EVENT_NETWORK_INFO_CHANGED, going from CONNECTING to CONNECTED
D/StatusBar.NetworkController( 1925): refreshSignalCluster - setMobileDataIndicators:  mHasMobileDataFeature = true mPhoneSignalIconId = com.android.systemui:drawable/stat_sys_signal_null mDataSignalIconId = com.android.systemui:drawable/stat_sys_signal_null mMobileActivityIconId = (null) mDataTypeIconId = (null) mNoSimIconId = com.android.systemui:drawable/stat_sys_no_sim
D/StatusBar.NetworkController( 1925): refreshSignalCluster - setMobileDataIndicators:  mHasMobileDataFeature = true mPhoneSignalIconId = com.android.systemui:drawable/stat_sys_signal_null mDataSignalIconId = com.android.systemui:drawable/stat_sys_signal_null mMobileActivityIconId = (null) mDataTypeIconId = (null) mNoSimIconId = com.android.systemui:drawable/stat_sys_no_sim
D/StatusBar.NetworkController( 1925): refreshSignalCluster - setMobileDataIndicators:  mHasMobileDataFeature = true mPhoneSignalIconId = com.android.systemui:drawable/stat_sys_signal_null mDataSignalIconId = com.android.systemui:drawable/stat_sys_signal_null mMobileActivityIconId = (null) mDataTypeIconId = (null) mNoSimIconId = com.android.systemui:drawable/stat_sys_no_sim
E/WifiStateMachine(  939): WifiStateMachine: Leaving Connected state
D/StatusBar.NetworkController( 1925): changing data overlay icon id to 0
D/StatusBar.NetworkController( 1925): hasService: mServiceState=1 1 voice home data home null null null null null null  Unknown Unknown CSS not supported -1 -1 RoamInd=-1 DefRoamInd=-1 EmergOnly=true retVal=false
D/StatusBar.NetworkController( 1925): refreshViews: Data not connected!! Set no data type icon / Roaming
D/StatusBar.NetworkController( 1925): refreshViews connected={ } level=4 combinedSignalIconId=0x7f02039c/com.android.systemui:drawable/stat_sys_signal_null combinedActivityIconId=0x0 mobileLabel=Emergency calls only wifiLabel= emergencyOnly=true combinedLabel=No Internet connection mAirplaneMode=false mDataActivity=0 mPhoneSignalIconId=0x7f02039c/com.android.systemui:drawable/stat_sys_signal_null mQSPhoneSignalIconId=0x7f0200bd/com.android.systemui:drawable/ic_qs_signal_no_signal mDataDirectionIconId=0x0/(null) mDataSignalIconId=0x7f02039c/com.android.systemui:drawable/stat_sys_signal_null mDataTypeIconId=0x0/(null) mQSDataTypeIconId=0x0/(null) mNoSimIconId=0x7f0201d8/com.android.systemui:drawable/stat_sys_no_sim mWifiIconId=0x0/(null) mQSWifiIconId=0x7f0200d4/com.android.systemui:drawable/ic_qs_wifi_no_network mWifiActivityIconId=0x0/(null) mBluetoothTetherIconId=0x1080772/android:drawable/stat_sys_tether_bluetooth
D/StatusBar.NetworkController( 1925): hasService: mServiceState=1 1 voice home data home null null null null null null  Unknown Unknown CSS not supported -1 -1 RoamInd=-1 DefRoamInd=-1 EmergOnly=true retVal=false
D/StatusBar.NetworkController( 1925): refreshViews: Data not connected!! Set no data type icon / Roaming
D/StatusBar.NetworkController( 1925): refreshViews connected={ wifi } level=4 combinedSignalIconId=0x7f0203bb/com.android.systemui:drawable/stat_sys_wifi_signal_4_fully combinedActivityIconId=0x7f0203b0 mobileLabel=Emergency calls only wifiLabel="hope_this_works"xxxxXXXXxxxxXXXX emergencyOnly=true combinedLabel="hope_this_works"xxxxXXXXxxxxXXXX mAirplaneMode=false mDataActivity=0 mPhoneSignalIconId=0x7f02039c/com.android.systemui:drawable/stat_sys_signal_null mQSPhoneSignalIconId=0x7f0200bd/com.android.systemui:drawable/ic_qs_signal_no_signal mDataDirectionIconId=0x0/(null) mDataSignalIconId=0x7f02039c/com.android.systemui:drawable/stat_sys_signal_null mDataTypeIconId=0x0/(null) mQSDataTypeIconId=0x0/(null) mNoSimIconId=0x7f0201d8/com.android.systemui:drawable/stat_sys_no_sim mWifiIconId=0x7f0203bb/com.android.systemui:drawable/stat_sys_wifi_signal_4_fully mQSWifiIconId=0x7f0200d3/com.android.systemui:drawable/ic_qs_wifi_full_4 mWifiActivityIconId=0x7f0203b0/com.android.systemui:drawable/stat_sys_wifi_inout mBluetoothTetherIconId=0x1080772/android:drawable/stat_sys_tether_bluetooth
D/StatusBar.NetworkController( 1925): refreshSignalCluster - setMobileDataIndicators:  mHasMobileDataFeature = true mPhoneSignalIconId = com.android.systemui:drawable/stat_sys_signal_null mDataSignalIconId = com.android.systemui:drawable/stat_sys_signal_null mMobileActivityIconId = (null) mDataTypeIconId = (null) mNoSimIconId = com.android.systemui:drawable/stat_sys_no_sim
D/StatusBar.NetworkController( 1925): refreshSignalCluster - setMobileDataIndicators:  mHasMobileDataFeature = true mPhoneSignalIconId = com.android.systemui:drawable/stat_sys_signal_null mDataSignalIconId = com.android.systemui:drawable/stat_sys_signal_null mMobileActivityIconId = (null) mDataTypeIconId = (null) mNoSimIconId = com.android.systemui:drawable/stat_sys_no_sim
D/StatusBar.NetworkController( 1925): refreshSignalCluster - setMobileDataIndicators:  mHasMobileDataFeature = true mPhoneSignalIconId = com.android.systemui:drawable/stat_sys_signal_null mDataSignalIconId = com.android.systemui:drawable/stat_sys_signal_null mMobileActivityIconId = (null) mDataTypeIconId = (null) mNoSimIconId = com.android.systemui:drawable/stat_sys_no_sim
D/StatusBar.NetworkController( 1925): changing data overlay icon id to 2130838448
D/StatusBar.NetworkController( 1925): hasService: mServiceState=1 1 voice home data home null null null null null null  Unknown Unknown CSS not supported -1 -1 RoamInd=-1 DefRoamInd=-1 EmergOnly=true retVal=false
D/StatusBar.NetworkController( 1925): refreshViews: Data not connected!! Set no data type icon / Roaming
I/MTP-usbux.Class( 3133): Current User ID:0,Receiver Process ID:0
D/StatusBar.NetworkController( 1925): refreshViews connected={ wifi } level=4 combinedSignalIconId=0x7f0203bb/com.android.systemui:drawable/stat_sys_wifi_signal_4_fully combinedActivityIconId=0x7f0203b0 mobileLabel=Emergency calls only wifiLabel="hope_this_works"xxxxXXXXxxxxXXXX emergencyOnly=true combinedLabel="hope_this_works"xxxxXXXXxxxxXXXX mAirplaneMode=false mDataActivity=0 mPhoneSignalIconId=0x7f02039c/com.android.systemui:drawable/stat_sys_signal_null mQSPhoneSignalIconId=0x7f0200bd/com.android.systemui:drawable/ic_qs_signal_no_signal mDataDirectionIconId=0x0/(null) mDataSignalIconId=0x7f02039c/com.android.systemui:drawable/stat_sys_signal_null mDataTypeIconId=0x0/(null) mQSDataTypeIconId=0x0/(null) mNoSimIconId=0x7f0201d8/com.android.systemui:drawable/stat_sys_no_sim mWifiIconId=0x7f0203bb/com.android.systemui:drawable/stat_sys_wifi_signal_4_fully mQSWifiIconId=0x7f0200d3/com.android.systemui:drawable/ic_qs_wifi_full_4 mWifiActivityIconId=0x7f0203b0/com.android.systemui:drawable/stat_sys_wifi_inout mBluetoothTetherIconId=0x1080772/android:drawable/stat_sys_tether_bluetooth
W/ContextImpl( 3133): Calling a method in the system process without a qualified user: android.app.ContextImpl.startService:1713 android.content.ContextWrapper.startService:516 android.content.ContextWrapper.startService:516 com.sonyericsson.usbux.service.UsbServiceReceiver.onReceive:73 android.app.ActivityThread.handleReceiver:2673 
I/MTP-usbux.Class( 3133): Action = android.net.wifi.STATE_CHANGE
I/ActivityManager(  939): Start proc 26891:com.sonymobile.dlna/u0a152 for broadcast com.sonymobile.dlna/com.sonyericsson.dlna.network.NetworkReceiver
W/ResourceType(26891): Found multiple library tables, ignoring...
W/ResourceType(26891): Found multiple library tables, ignoring...
W/ResourcesManager(26891): Asset path '/system/framework/com.sonymobile.softreset.jar' does not exist or contains no resources.
W/ResourcesManager(26891): Asset path '/system/framework/com.sonyericsson.dlna_impl.jar' does not exist or contains no resources.
W/ResourcesManager(26891): Asset path '/system/framework/com.sonymobile.drmstream_impl.jar' does not exist or contains no resources.
W/ResourceType(26891): Found multiple library tables, ignoring...
I/art     (  939): Explicit concurrent mark sweep GC freed 82964(5MB) AllocSpace objects, 4(229KB) LOS objects, 33% free, 19MB/29MB, paused 3.545ms total 557.203ms
D/WifiService(  939): New client listening to asynchronous messages
I/MTP-usbux.Class( 3133): Current User ID:0,Receiver Process ID:0
W/ContextImpl( 3133): Calling a method in the system process without a qualified user: android.app.ContextImpl.startService:1713 android.content.ContextWrapper.startService:516 android.content.ContextWrapper.startService:516 com.sonyericsson.usbux.service.UsbServiceReceiver.onReceive:73 android.app.ActivityThread.handleReceiver:2673 
I/MTP-usbux.Class( 3133): Action = android.net.wifi.STATE_CHANGE
I/MTP-usbux.Class( 3133): Current User ID:0,Receiver Process ID:0
W/ContextImpl( 3133): Calling a method in the system process without a qualified user: android.app.ContextImpl.startService:1713 android.content.ContextWrapper.startService:516 android.content.ContextWrapper.startService:516 com.sonyericsson.usbux.service.UsbServiceReceiver.onReceive:73 android.app.ActivityThread.handleReceiver:2673 
I/MTP-usbux.Class( 3133): Action = android.net.wifi.STATE_CHANGE
W/AudioCapabilities(26891): Unsupported mime audio/evrc
I/MTP-usbux.Class( 3133): Current User ID:0,Receiver Process ID:0
W/ContextImpl( 3133): Calling a method in the system process without a qualified user: android.app.ContextImpl.startService:1713 android.content.ContextWrapper.startService:516 android.content.ContextWrapper.startService:516 com.sonyericsson.usbux.service.UsbServiceReceiver.onReceive:73 android.app.ActivityThread.handleReceiver:2673 
W/AudioCapabilities(26891): Unsupported mime audio/qcelp
W/VideoCapabilities(26891): Unrecognized profile 2130706433 for video/avc
I/MTP-usbux.Class( 3133): Action = android.net.wifi.STATE_CHANGE
W/AudioCapabilities(26891): Unsupported mime audio/x-ms-wma
W/AudioCapabilities(26891): Unsupported mime audio/amr-wb-plus
W/AudioCapabilities(26891): Unsupported mime audio/qcelp
W/UpdateCenter(26783): [com.sonyericsson.updatecenter.update.UpdateHandler] Unexpected application status: 1
W/UpdateCenter(26783): [com.sonyericsson.updatecenter.update.UpdateHandler] Unexpected application status: 1
W/AudioCapabilities(26891): Unsupported mime audio/evrc
W/UpdateCenter(26783): [com.sonyericsson.updatecenter.update.UpdateHandler] Unexpected application status: 1
W/UpdateCenter(26783): [com.sonyericsson.updatecenter.update.UpdateHandler] Unexpected application status: 1
W/VideoCapabilities(26891): Unsupported mime video/divx
W/VideoCapabilities(26891): Unsupported mime video/divx311
D/GaGtmHelper(26783): pushEvent category=TRACKING action=Manifest_Manifest_received label=fw=0:system=0:app=5:client=false:generic=0 value=1
W/VideoCapabilities(26891): Unsupported mime video/divx4
D/charger_monitor(  475): vchg_loop stable: 0, is_settled = 0,usb_target_ua = 500000, usbin_current_now = 500000,fastchg_sts = 1, num_attempts = 0
I/UpdateCenter(26783): [com.sonyericsson.updatecenter.tracking.TrackingUtil] executeTracking(): Tracking sent to Google Analytics.
E/JavaBinder( 2276): *** Uncaught remote exception!  (Exceptions are not yet supported across processes.)
E/JavaBinder( 2276): java.lang.RuntimeException: android.os.RemoteException
E/JavaBinder( 2276): 	at android.os.Parcel.writeException(Parcel.java:1436)
E/JavaBinder( 2276): 	at android.os.Binder.execTransact(Binder.java:452)
E/JavaBinder( 2276): Caused by: android.os.RemoteException
E/JavaBinder( 2276): 	at com.google.android.gms.ads.identifier.service.b.a(SourceFile:77)
E/JavaBinder( 2276): 	at com.google.android.gms.ads.identifier.a.e.onTransact(SourceFile:63)
E/JavaBinder( 2276): 	at android.os.Binder.execTransact(Binder.java:446)
D/QSEECOMAPI: (  357): QSEECom_get_handle sb_length = 0x1388
D/QSEECOMAPI: (  357): App is not loaded in QSEE
I/VideoCapabilities(26891): Unsupported profile 4 for video/mp4v-es
D/Dormancy( 2230): prepareMoniterDataDormancy: start_moniter_dormancy = false
D/QSEECOMAPI: (  357): Loaded image: APP id = 2
E/libasb:ta_utils(  357): miscta_get_unit_size failed: unit not found
E/libasb:ta_utils(  357): libasb_read_miscta_unit_size for miscta_unit=2226 failed
D/QSEECOMAPI: (  357): QSEECom_dealloc_memory 
D/QSEECOMAPI: (  357): QSEECom_shutdown_app, app_id = 2
D/UEP     (26783): [com.sonyericsson.updatecenter.uepclient.UepClient] Execute UEP Tracking Event
D/UEP     (26783): [com.sonyericsson.updatecenter.uepclient.UepTrackingService] onHandleIntent(), retry: 0
D/UEP     (26783): [com.sonyericsson.updatecenter.uepclient.UepTrackingDatabase] addTrackingEvent(): Added element: true
D/UEP     (26783): [com.sonyericsson.updatecenter.uepclient.UepTrackingService] Network available: true
D/UEP     (26783): [com.sonyericsson.updatecenter.uepclient.UepTrackingService] postTrackingEvents(): Posting Post request: https://updatesec.sonymobile.com/trackingv3, data={"time":1482487904464,"uepSync":{"deviceId":"356266063911298","clientVersion":"3.2.1.A.0.10","userIndex":"0","registrationId":"APA91bHvfDrFdQiW4udrNEU7KkY5dEonoahYSl8D2XRS6eMTRe8XAuQvZw1VZA5HTBDJUMAxEZNjPc9Q0eMT0XsG3t7WjwQGM-hI-p3NOrh0L0r92YOYvgiWOfv2OHtrgjuUdYMsDY0f","trigger":"poll","status":"ok","statusCode":"200","network":"wifi","checksum":"E0vxGjnhl6\/3yfAdKeYMspchcMU=","updateUrl":"https:\/\/updatesec.sonymobile.com\/uep\/v3\/updates?cust-id=1283-9513&fingerprint=Sony%2FD2303%2FD2303%3A5.1.1%2F18.6.A.0.182%2F1643041205%3Auser%2Frelease-keys&tac=35626606&sp=&sw-id=1278-3081&sdk-version=22&IMEI=356266063911298&mnc=n%2Fa&sw-revision=18.6.A.0.182&cust-revision=R2C&simConfId=n%2Fa&clientcertid=9e5b0111e0408bb405c819ea0784b69d&lang=en-US&trigger=poll&mcc=n%2Fa&sw-type=USER&model=D2303&rootingStatus=0","hits":{"app":[{"id":"com.sonyericsson.xhs","checksum":"KURXDIrm2jSzQOBgLBnDBPZFkBU=","sourceVersion":"30105","targetVersion":"30307","packageName":"com.sonyericsson.xhs"},{"id":"com.sonymobile.storagechecker","checksum":"bEz8Y4Ym397qTIDfdhpe6Rjf6FI=","sourceVersion":"1","targetVersion":"2097152","packageName":"com.sonymobile.storagechecker"},{"id":"com.sonyericsson.music","checksum":"tY0UKK4BiYuhnrWFFHl\/nkBCENQ=","sourceVersion":"18890752","targetVersion":"19095554","packageName":"com.sonyericsson.music"},{"id":"com.sonymobile.podcast","checksum":"3zO8BlPJO0JH9Fvl96Dy\/pdtzP8=","sourceVersion":"2229274","targetVersion":"4325388","packageName":"com.sonymobile.podcast"},{"id":"com.sonyericsson.trackid","checksum":"LLg33RU9fU9InT9p72Vz11bCHoM=","targetVersion":"9044997","packageName":"com.sonyericsson.trackid"}]}}}, contentType=JSON, dbId=28
D/UEP     (26783): [com.sonyericsson.updatecenter.uepclient.UepHttpURLConnection] configureSecureConnection():
I/UEP     (26783): [com.sonyericsson.updatecenter.uepclient.UepHttpHeader] UEP user agent string: SonyD2303 Build/18.6.A.0.182 UEP/1.0 com.sonyericsson.updatecenter/3.2.1.A.0.10
D/UEP     (26783): [com.sonyericsson.updatecenter.uepclient.UepHttpPostClient] CRC32 checksum for the byte array is :1453477469
W/SQLiteConnectionPool( 2366): The connection pool for database '/data/data/com.android.providers.media/databases/external.db' has been unable to grant a connection to thread 215 (MtpMsgHandlerThread) with flags 0x1 for 991.0231 seconds.
W/SQLiteConnectionPool( 2366): Connections: 0 active, 1 idle, 0 available.
D/dhcpcd  ( 7997): wlan0: sending ARP announce (2 of 2)
I/SemcDlna: (26891): The network interface changed: [wifi]
D/UEP     (26783): [com.sonyericsson.updatecenter.uepclient.UepHttpPostClient] post(): HTTP Post response code = 201
I/ActivityManager(  939): Killing 26255:com.sony.smallapp.managerservice/u0a143 (adj 15): empty #9
I/ActivityManager(  939): Killing 26060:com.google.android.gms.wearable/u0a28 (adj 15): empty #10
E/JavaBinder( 2276): *** Uncaught remote exception!  (Exceptions are not yet supported across processes.)
E/JavaBinder( 2276): java.lang.RuntimeException: android.os.RemoteException
E/JavaBinder( 2276): 	at android.os.Parcel.writeException(Parcel.java:1436)
E/JavaBinder( 2276): 	at android.os.Binder.execTransact(Binder.java:452)
E/JavaBinder( 2276): Caused by: android.os.RemoteException
E/JavaBinder( 2276): 	at com.google.android.gms.ads.identifier.service.b.a(SourceFile:77)
E/JavaBinder( 2276): 	at com.google.android.gms.ads.identifier.a.e.onTransact(SourceFile:63)
E/JavaBinder( 2276): 	at android.os.Binder.execTransact(Binder.java:446)
I/ActivityManager(  939): Killing 26434:com.google.android.talk/u0a102 (adj 15): empty #9
W/SQLiteConnectionPool( 2366): The connection pool for database '/data/data/com.android.providers.media/databases/external.db' has been unable to grant a connection to thread 178 (Binder_5) with flags 0x2 for 1800.056 seconds.
W/SQLiteConnectionPool( 2366): Connections: 0 active, 1 idle, 0 available.
D/Ulp_jni (  939): Location CB invoked
W/SQLiteConnectionPool( 2366): The connection pool for database '/data/data/com.android.providers.media/databases/external.db' has been unable to grant a connection to thread 179 (MediaScannerService) with flags 0x1 for 1802.0201 seconds.
W/SQLiteConnectionPool( 2366): Connections: 0 active, 1 idle, 0 available.
W/SQLiteConnectionPool( 2366): The connection pool for database '/data/data/com.android.providers.media/databases/external.db' has been unable to grant a connection to thread 183 (Binder_6) with flags 0x1 for 900.866 seconds.
W/SQLiteConnectionPool( 2366): Connections: 0 active, 1 idle, 0 available.
D/Ulp_jni (  939): Location CB invoked
W/SQLiteConnectionPool( 2366): The connection pool for database '/data/data/com.android.providers.media/databases/internal.db' has been unable to grant a connection to thread 219 (Binder_7) with flags 0x1 for 870.66406 seconds.
W/SQLiteConnectionPool( 2366): Connections: 0 active, 1 idle, 0 available.
W/SQLiteConnectionPool( 2366): The connection pool for database '/data/data/com.android.providers.media/databases/external.db' has been unable to grant a connection to thread 173 (Binder_2) with flags 0x1 for 1802.0591 seconds.
W/SQLiteConnectionPool( 2366): Connections: 0 active, 1 idle, 0 available.
W/SQLiteConnectionPool( 2366): The connection pool for database '/data/data/com.android.providers.media/databases/external.db' has been unable to grant a connection to thread 221 (Binder_8) with flags 0x1 for 870.91406 seconds.
W/SQLiteConnectionPool( 2366): Connections: 0 active, 1 idle, 0 available.
W/SQLiteConnectionPool( 2366): The connection pool for database '/data/data/com.android.providers.media/databases/external.db' has been unable to grant a connection to thread 176 (Binder_3) with flags 0x1 for 1020.01807 seconds.
W/SQLiteConnectionPool( 2366): Connections: 0 active, 1 idle, 0 available.
W/SQLiteConnectionPool( 2366): The connection pool for database '/data/data/com.android.providers.media/databases/external.db' has been unable to grant a connection to thread 172 (Binder_1) with flags 0x1 for 1020.0151 seconds.
W/SQLiteConnectionPool( 2366): Connections: 0 active, 1 idle, 0 available.
D/Ulp_jni (  939): Location CB invoked
W/SQLiteConnectionPool( 2366): The connection pool for database '/data/data/com.android.providers.media/databases/external.db' has been unable to grant a connection to thread 215 (MtpMsgHandlerThread) with flags 0x1 for 1021.06305 seconds.
W/SQLiteConnectionPool( 2366): Connections: 0 active, 1 idle, 0 available.
W/SQLiteConnectionPool( 2366): The connection pool for database '/data/data/com.android.providers.media/databases/external.db' has been unable to grant a connection to thread 178 (Binder_5) with flags 0x2 for 1830.056 seconds.
W/SQLiteConnectionPool( 2366): Connections: 0 active, 1 idle, 0 available.
D/Ulp_jni (  939): Location CB invoked
W/SQLiteConnectionPool( 2366): The connection pool for database '/data/data/com.android.providers.media/databases/external.db' has been unable to grant a connection to thread 179 (MediaScannerService) with flags 0x1 for 1832.0371 seconds.
W/SQLiteConnectionPool( 2366): Connections: 0 active, 1 idle, 0 available.
W/SQLiteConnectionPool( 2366): The connection pool for database '/data/data/com.android.providers.media/databases/external.db' has been unable to grant a connection to thread 183 (Binder_6) with flags 0x1 for 930.882 seconds.
W/SQLiteConnectionPool( 2366): Connections: 0 active, 1 idle, 0 available.
D/Ulp_jni (  939): Location CB invoked
W/SQLiteConnectionPool( 2366): The connection pool for database '/data/data/com.android.providers.media/databases/internal.db' has been unable to grant a connection to thread 219 (Binder_7) with flags 0x1 for 900.68005 seconds.
W/SQLiteConnectionPool( 2366): Connections: 0 active, 1 idle, 0 available.
W/SQLiteConnectionPool( 2366): The connection pool for database '/data/data/com.android.providers.media/databases/external.db' has been unable to grant a connection to thread 173 (Binder_2) with flags 0x1 for 1832.0991 seconds.
W/SQLiteConnectionPool( 2366): Connections: 0 active, 1 idle, 0 available.
W/SQLiteConnectionPool( 2366): The connection pool for database '/data/data/com.android.providers.media/databases/external.db' has been unable to grant a connection to thread 221 (Binder_8) with flags 0x1 for 900.955 seconds.
W/SQLiteConnectionPool( 2366): Connections: 0 active, 1 idle, 0 available.
W/SQLiteConnectionPool( 2366): The connection pool for database '/data/data/com.android.providers.media/databases/external.db' has been unable to grant a connection to thread 176 (Binder_3) with flags 0x1 for 1050.0181 seconds.
W/SQLiteConnectionPool( 2366): Connections: 0 active, 1 idle, 0 available.
W/SQLiteConnectionPool( 2366): The connection pool for database '/data/data/com.android.providers.media/databases/external.db' has been unable to grant a connection to thread 172 (Binder_1) with flags 0x1 for 1050.015 seconds.
W/SQLiteConnectionPool( 2366): Connections: 0 active, 1 idle, 0 available.
D/Ulp_jni (  939): Location CB invoked
W/SQLiteConnectionPool( 2366): The connection pool for database '/data/data/com.android.providers.media/databases/external.db' has been unable to grant a connection to thread 215 (MtpMsgHandlerThread) with flags 0x1 for 1051.103 seconds.
W/SQLiteConnectionPool( 2366): Connections: 0 active, 1 idle, 0 available.
W/SQLiteConnectionPool( 2366): The connection pool for database '/data/data/com.android.providers.media/databases/external.db' has been unable to grant a connection to thread 178 (Binder_5) with flags 0x2 for 1860.0571 seconds.
W/SQLiteConnectionPool( 2366): Connections: 0 active, 1 idle, 0 available.
D/Ulp_jni (  939): Location CB invoked
W/SQLiteConnectionPool( 2366): The connection pool for database '/data/data/com.android.providers.media/databases/external.db' has been unable to grant a connection to thread 179 (MediaScannerService) with flags 0x1 for 1862.0431 seconds.
W/SQLiteConnectionPool( 2366): Connections: 0 active, 1 idle, 0 available.
W/SQLiteConnectionPool( 2366): The connection pool for database '/data/data/com.android.providers.media/databases/external.db' has been unable to grant a connection to thread 183 (Binder_6) with flags 0x1 for 960.88904 seconds.
W/SQLiteConnectionPool( 2366): Connections: 0 active, 1 idle, 0 available.
D/Ulp_jni (  939): Location CB invoked
W/SQLiteConnectionPool( 2366): The connection pool for database '/data/data/com.android.providers.media/databases/internal.db' has been unable to grant a connection to thread 219 (Binder_7) with flags 0x1 for 930.6871 seconds.
W/SQLiteConnectionPool( 2366): Connections: 0 active, 1 idle, 0 available.
W/SQLiteConnectionPool( 2366): The connection pool for database '/data/data/com.android.providers.media/databases/external.db' has been unable to grant a connection to thread 173 (Binder_2) with flags 0x1 for 1862.1401 seconds.
W/SQLiteConnectionPool( 2366): Connections: 0 active, 1 idle, 0 available.
W/SQLiteConnectionPool( 2366): The connection pool for database '/data/data/com.android.providers.media/databases/external.db' has been unable to grant a connection to thread 221 (Binder_8) with flags 0x1 for 930.99506 seconds.
W/SQLiteConnectionPool( 2366): Connections: 0 active, 1 idle, 0 available.
W/SQLiteConnectionPool( 2366): The connection pool for database '/data/data/com.android.providers.media/databases/external.db' has been unable to grant a connection to thread 176 (Binder_3) with flags 0x1 for 1080.0181 seconds.
W/SQLiteConnectionPool( 2366): Connections: 0 active, 1 idle, 0 available.
W/SQLiteConnectionPool( 2366): The connection pool for database '/data/data/com.android.providers.media/databases/external.db' has been unable to grant a connection to thread 172 (Binder_1) with flags 0x1 for 1080.016 seconds.
W/SQLiteConnectionPool( 2366): Connections: 0 active, 1 idle, 0 available.
D/Ulp_jni (  939): Location CB invoked
W/SQLiteConnectionPool( 2366): The connection pool for database '/data/data/com.android.providers.media/databases/external.db' has been unable to grant a connection to thread 215 (MtpMsgHandlerThread) with flags 0x1 for 1081.144 seconds.
W/SQLiteConnectionPool( 2366): Connections: 0 active, 1 idle, 0 available.
W/SQLiteConnectionPool( 2366): The connection pool for database '/data/data/com.android.providers.media/databases/external.db' has been unable to grant a connection to thread 178 (Binder_5) with flags 0x2 for 1890.0571 seconds.
W/SQLiteConnectionPool( 2366): Connections: 0 active, 1 idle, 0 available.
D/Ulp_jni (  939): Location CB invoked
W/SQLiteConnectionPool( 2366): The connection pool for database '/data/data/com.android.providers.media/databases/external.db' has been unable to grant a connection to thread 179 (MediaScannerService) with flags 0x1 for 1892.05 seconds.
W/SQLiteConnectionPool( 2366): Connections: 0 active, 1 idle, 0 available.
W/SQLiteConnectionPool( 2366): The connection pool for database '/data/data/com.android.providers.media/databases/external.db' has been unable to grant a connection to thread 183 (Binder_6) with flags 0x1 for 990.89606 seconds.
W/SQLiteConnectionPool( 2366): Connections: 0 active, 1 idle, 0 available.
D/Ulp_jni (  939): Location CB invoked
W/SQLiteConnectionPool( 2366): The connection pool for database '/data/data/com.android.providers.media/databases/internal.db' has been unable to grant a connection to thread 219 (Binder_7) with flags 0x1 for 960.69305 seconds.
W/SQLiteConnectionPool( 2366): Connections: 0 active, 1 idle, 0 available.
W/SQLiteConnectionPool( 2366): The connection pool for database '/data/data/com.android.providers.media/databases/external.db' has been unable to grant a connection to thread 173 (Binder_2) with flags 0x1 for 1892.18 seconds.
W/SQLiteConnectionPool( 2366): Connections: 0 active, 1 idle, 0 available.
W/SQLiteConnectionPool( 2366): The connection pool for database '/data/data/com.android.providers.media/databases/external.db' has been unable to grant a connection to thread 221 (Binder_8) with flags 0x1 for 961.03503 seconds.
W/SQLiteConnectionPool( 2366): Connections: 0 active, 1 idle, 0 available.
W/SQLiteConnectionPool( 2366): The connection pool for database '/data/data/com.android.providers.media/databases/external.db' has been unable to grant a connection to thread 176 (Binder_3) with flags 0x1 for 1110.019 seconds.
W/SQLiteConnectionPool( 2366): Connections: 0 active, 1 idle, 0 available.
W/SQLiteConnectionPool( 2366): The connection pool for database '/data/data/com.android.providers.media/databases/external.db' has been unable to grant a connection to thread 172 (Binder_1) with flags 0x1 for 1110.0161 seconds.
W/SQLiteConnectionPool( 2366): Connections: 0 active, 1 idle, 0 available.
D/Ulp_jni (  939): Location CB invoked
W/SQLiteConnectionPool( 2366): The connection pool for database '/data/data/com.android.providers.media/databases/external.db' has been unable to grant a connection to thread 215 (MtpMsgHandlerThread) with flags 0x1 for 1111.1841 seconds.
W/SQLiteConnectionPool( 2366): Connections: 0 active, 1 idle, 0 available.
W/SQLiteConnectionPool( 2366): The connection pool for database '/data/data/com.android.providers.media/databases/external.db' has been unable to grant a connection to thread 178 (Binder_5) with flags 0x2 for 1920.0581 seconds.
W/SQLiteConnectionPool( 2366): Connections: 0 active, 1 idle, 0 available.
D/Ulp_jni (  939): Location CB invoked
W/SQLiteConnectionPool( 2366): The connection pool for database '/data/data/com.android.providers.media/databases/external.db' has been unable to grant a connection to thread 179 (MediaScannerService) with flags 0x1 for 1922.0571 seconds.
W/SQLiteConnectionPool( 2366): Connections: 0 active, 1 idle, 0 available.
W/SQLiteConnectionPool( 2366): The connection pool for database '/data/data/com.android.providers.media/databases/external.db' has been unable to grant a connection to thread 183 (Binder_6) with flags 0x1 for 1020.90204 seconds.
W/SQLiteConnectionPool( 2366): Connections: 0 active, 1 idle, 0 available.
I/EventLogService( 2276): Aggregate from 1482487109520 (log), 1482486177067 (data)
D/Ulp_jni (  939): Location CB invoked
W/SQLiteConnectionPool( 2366): The connection pool for database '/data/data/com.android.providers.media/databases/internal.db' has been unable to grant a connection to thread 219 (Binder_7) with flags 0x1 for 990.70105 seconds.
W/SQLiteConnectionPool( 2366): Connections: 0 active, 1 idle, 0 available.
W/SQLiteConnectionPool( 2366): The connection pool for database '/data/data/com.android.providers.media/databases/external.db' has been unable to grant a connection to thread 173 (Binder_2) with flags 0x1 for 1922.217 seconds.
W/SQLiteConnectionPool( 2366): Connections: 0 active, 1 idle, 0 available.
W/SQLiteConnectionPool( 2366): The connection pool for database '/data/data/com.android.providers.media/databases/external.db' has been unable to grant a connection to thread 221 (Binder_8) with flags 0x1 for 991.0751 seconds.
W/SQLiteConnectionPool( 2366): Connections: 0 active, 1 idle, 0 available.
W/SQLiteConnectionPool( 2366): The connection pool for database '/data/data/com.android.providers.media/databases/external.db' has been unable to grant a connection to thread 176 (Binder_3) with flags 0x1 for 1140.019 seconds.
W/SQLiteConnectionPool( 2366): Connections: 0 active, 1 idle, 0 available.
W/SQLiteConnectionPool( 2366): The connection pool for database '/data/data/com.android.providers.media/databases/external.db' has been unable to grant a connection to thread 172 (Binder_1) with flags 0x1 for 1140.0161 seconds.
W/SQLiteConnectionPool( 2366): Connections: 0 active, 1 idle, 0 available.
D/Ulp_jni (  939): Location CB invoked
W/SQLiteConnectionPool( 2366): The connection pool for database '/data/data/com.android.providers.media/databases/external.db' has been unable to grant a connection to thread 215 (MtpMsgHandlerThread) with flags 0x1 for 1141.224 seconds.
W/SQLiteConnectionPool( 2366): Connections: 0 active, 1 idle, 0 available.
W/SQLiteConnectionPool( 2366): The connection pool for database '/data/data/com.android.providers.media/databases/external.db' has been unable to grant a connection to thread 178 (Binder_5) with flags 0x2 for 1950.0581 seconds.
W/SQLiteConnectionPool( 2366): Connections: 0 active, 1 idle, 0 available.
D/Ulp_jni (  939): Location CB invoked
W/SQLiteConnectionPool( 2366): The connection pool for database '/data/data/com.android.providers.media/databases/external.db' has been unable to grant a connection to thread 179 (MediaScannerService) with flags 0x1 for 1952.0641 seconds.
W/SQLiteConnectionPool( 2366): Connections: 0 active, 1 idle, 0 available.
W/SQLiteConnectionPool( 2366): The connection pool for database '/data/data/com.android.providers.media/databases/external.db' has been unable to grant a connection to thread 183 (Binder_6) with flags 0x1 for 1050.91 seconds.
W/SQLiteConnectionPool( 2366): Connections: 0 active, 1 idle, 0 available.
D/Ulp_jni (  939): Location CB invoked
W/SQLiteConnectionPool( 2366): The connection pool for database '/data/data/com.android.providers.media/databases/internal.db' has been unable to grant a connection to thread 219 (Binder_7) with flags 0x1 for 1020.70807 seconds.
W/SQLiteConnectionPool( 2366): Connections: 0 active, 1 idle, 0 available.
W/SQLiteConnectionPool( 2366): The connection pool for database '/data/data/com.android.providers.media/databases/external.db' has been unable to grant a connection to thread 173 (Binder_2) with flags 0x1 for 1952.2451 seconds.
W/SQLiteConnectionPool( 2366): Connections: 0 active, 1 idle, 0 available.
W/SQLiteConnectionPool( 2366): The connection pool for database '/data/data/com.android.providers.media/databases/external.db' has been unable to grant a connection to thread 221 (Binder_8) with flags 0x1 for 1021.116 seconds.
W/SQLiteConnectionPool( 2366): Connections: 0 active, 1 idle, 0 available.
W/SQLiteConnectionPool( 2366): The connection pool for database '/data/data/com.android.providers.media/databases/external.db' has been unable to grant a connection to thread 176 (Binder_3) with flags 0x1 for 1170.019 seconds.
W/SQLiteConnectionPool( 2366): Connections: 0 active, 1 idle, 0 available.
W/SQLiteConnectionPool( 2366): The connection pool for database '/data/data/com.android.providers.media/databases/external.db' has been unable to grant a connection to thread 172 (Binder_1) with flags 0x1 for 1170.0171 seconds.
W/SQLiteConnectionPool( 2366): Connections: 0 active, 1 idle, 0 available.
D/Ulp_jni (  939): Location CB invoked
W/SQLiteConnectionPool( 2366): The connection pool for database '/data/data/com.android.providers.media/databases/external.db' has been unable to grant a connection to thread 215 (MtpMsgHandlerThread) with flags 0x1 for 1171.265 seconds.
W/SQLiteConnectionPool( 2366): Connections: 0 active, 1 idle, 0 available.
W/SQLiteConnectionPool( 2366): The connection pool for database '/data/data/com.android.providers.media/databases/external.db' has been unable to grant a connection to thread 178 (Binder_5) with flags 0x2 for 1980.0581 seconds.
W/SQLiteConnectionPool( 2366): Connections: 0 active, 1 idle, 0 available.
D/Ulp_jni (  939): Location CB invoked
W/SQLiteConnectionPool( 2366): The connection pool for database '/data/data/com.android.providers.media/databases/external.db' has been unable to grant a connection to thread 179 (MediaScannerService) with flags 0x1 for 1982.071 seconds.
W/SQLiteConnectionPool( 2366): Connections: 0 active, 1 idle, 0 available.
W/SQLiteConnectionPool( 2366): The connection pool for database '/data/data/com.android.providers.media/databases/external.db' has been unable to grant a connection to thread 183 (Binder_6) with flags 0x1 for 1080.917 seconds.
W/SQLiteConnectionPool( 2366): Connections: 0 active, 1 idle, 0 available.
D/Ulp_jni (  939): Location CB invoked
D/charger_monitor(  475): vchg_loop stable: 0, is_settled = 0,usb_target_ua = 500000, usbin_current_now = 500000,fastchg_sts = 1, num_attempts = 0
D/Dormancy( 2230): prepareMoniterDataDormancy: start_moniter_dormancy = false
D/charger_monitor(  475): vchg_loop stable: 0, is_settled = 0,usb_target_ua = 500000, usbin_current_now = 500000,fastchg_sts = 1, num_attempts = 0
D/Dormancy( 2230): prepareMoniterDataDormancy: start_moniter_dormancy = false
D/Dormancy( 2230): prepareMoniterDataDormancy: start_moniter_dormancy = false
D/Dormancy( 2230): prepareMoniterDataDormancy: start_moniter_dormancy = false
W/SQLiteConnectionPool( 2366): The connection pool for database '/data/data/com.android.providers.media/databases/internal.db' has been unable to grant a connection to thread 219 (Binder_7) with flags 0x1 for 1050.7151 seconds.
W/SQLiteConnectionPool( 2366): Connections: 0 active, 1 idle, 0 available.
W/SQLiteConnectionPool( 2366): The connection pool for database '/data/data/com.android.providers.media/databases/external.db' has been unable to grant a connection to thread 173 (Binder_2) with flags 0x1 for 1982.274 seconds.
W/SQLiteConnectionPool( 2366): Connections: 0 active, 1 idle, 0 available.
W/SQLiteConnectionPool( 2366): The connection pool for database '/data/data/com.android.providers.media/databases/external.db' has been unable to grant a connection to thread 221 (Binder_8) with flags 0x1 for 1051.156 seconds.
W/SQLiteConnectionPool( 2366): Connections: 0 active, 1 idle, 0 available.
W/SQLiteConnectionPool( 2366): The connection pool for database '/data/data/com.android.providers.media/databases/external.db' has been unable to grant a connection to thread 176 (Binder_3) with flags 0x1 for 1200.02 seconds.
W/SQLiteConnectionPool( 2366): Connections: 0 active, 1 idle, 0 available.
W/SQLiteConnectionPool( 2366): The connection pool for database '/data/data/com.android.providers.media/databases/external.db' has been unable to grant a connection to thread 172 (Binder_1) with flags 0x1 for 1200.0171 seconds.
W/SQLiteConnectionPool( 2366): Connections: 0 active, 1 idle, 0 available.
D/Ulp_jni (  939): Location CB invoked
W/SQLiteConnectionPool( 2366): The connection pool for database '/data/data/com.android.providers.media/databases/external.db' has been unable to grant a connection to thread 215 (MtpMsgHandlerThread) with flags 0x1 for 1201.279 seconds.
W/SQLiteConnectionPool( 2366): Connections: 0 active, 1 idle, 0 available.
W/SQLiteConnectionPool( 2366): The connection pool for database '/data/data/com.android.providers.media/databases/external.db' has been unable to grant a connection to thread 178 (Binder_5) with flags 0x2 for 2010.0591 seconds.
W/SQLiteConnectionPool( 2366): Connections: 0 active, 1 idle, 0 available.
D/Ulp_jni (  939): Location CB invoked
W/SQLiteConnectionPool( 2366): The connection pool for database '/data/data/com.android.providers.media/databases/external.db' has been unable to grant a connection to thread 179 (MediaScannerService) with flags 0x1 for 2012.0781 seconds.
W/SQLiteConnectionPool( 2366): Connections: 0 active, 1 idle, 0 available.
W/SQLiteConnectionPool( 2366): The connection pool for database '/data/data/com.android.providers.media/databases/external.db' has been unable to grant a connection to thread 183 (Binder_6) with flags 0x1 for 1110.9241 seconds.
W/SQLiteConnectionPool( 2366): Connections: 0 active, 1 idle, 0 available.
D/Ulp_jni (  939): Location CB invoked
W/SQLiteConnectionPool( 2366): The connection pool for database '/data/data/com.android.providers.media/databases/internal.db' has been unable to grant a connection to thread 219 (Binder_7) with flags 0x1 for 1080.7211 seconds.
W/SQLiteConnectionPool( 2366): Connections: 0 active, 1 idle, 0 available.
W/SQLiteConnectionPool( 2366): The connection pool for database '/data/data/com.android.providers.media/databases/external.db' has been unable to grant a connection to thread 173 (Binder_2) with flags 0x1 for 2012.3181 seconds.
W/SQLiteConnectionPool( 2366): Connections: 0 active, 1 idle, 0 available.
W/SQLiteConnectionPool( 2366): The connection pool for database '/data/data/com.android.providers.media/databases/external.db' has been unable to grant a connection to thread 221 (Binder_8) with flags 0x1 for 1081.196 seconds.
W/SQLiteConnectionPool( 2366): Connections: 0 active, 1 idle, 0 available.
W/SQLiteConnectionPool( 2366): The connection pool for database '/data/data/com.android.providers.media/databases/external.db' has been unable to grant a connection to thread 176 (Binder_3) with flags 0x1 for 1230.02 seconds.
W/SQLiteConnectionPool( 2366): Connections: 0 active, 1 idle, 0 available.
W/SQLiteConnectionPool( 2366): The connection pool for database '/data/data/com.android.providers.media/databases/external.db' has been unable to grant a connection to thread 172 (Binder_1) with flags 0x1 for 1230.0171 seconds.
W/SQLiteConnectionPool( 2366): Connections: 0 active, 1 idle, 0 available.
D/Ulp_jni (  939): Location CB invoked
D/charger_monitor(  475): vchg_loop stable: 0, is_settled = 0,usb_target_ua = 500000, usbin_current_now = 500000,fastchg_sts = 1, num_attempts = 0
D/Dormancy( 2230): prepareMoniterDataDormancy: start_moniter_dormancy = false
D/Dormancy( 2230): prepareMoniterDataDormancy: start_moniter_dormancy = false
W/SQLiteConnectionPool( 2366): The connection pool for database '/data/data/com.android.providers.media/databases/external.db' has been unable to grant a connection to thread 215 (MtpMsgHandlerThread) with flags 0x1 for 1231.2821 seconds.
W/SQLiteConnectionPool( 2366): Connections: 0 active, 1 idle, 0 available.
W/SQLiteConnectionPool( 2366): The connection pool for database '/data/data/com.android.providers.media/databases/external.db' has been unable to grant a connection to thread 178 (Binder_5) with flags 0x2 for 2040.0591 seconds.
W/SQLiteConnectionPool( 2366): Connections: 0 active, 1 idle, 0 available.
D/Ulp_jni (  939): Location CB invoked
W/SQLiteConnectionPool( 2366): The connection pool for database '/data/data/com.android.providers.media/databases/external.db' has been unable to grant a connection to thread 179 (MediaScannerService) with flags 0x1 for 2042.0851 seconds.
W/SQLiteConnectionPool( 2366): Connections: 0 active, 1 idle, 0 available.
W/SQLiteConnectionPool( 2366): The connection pool for database '/data/data/com.android.providers.media/databases/external.db' has been unable to grant a connection to thread 183 (Binder_6) with flags 0x1 for 1140.9641 seconds.
W/SQLiteConnectionPool( 2366): Connections: 0 active, 1 idle, 0 available.
D/Ulp_jni (  939): Location CB invoked
W/SQLiteConnectionPool( 2366): The connection pool for database '/data/data/com.android.providers.media/databases/internal.db' has been unable to grant a connection to thread 219 (Binder_7) with flags 0x1 for 1110.728 seconds.
W/SQLiteConnectionPool( 2366): Connections: 0 active, 1 idle, 0 available.
W/SQLiteConnectionPool( 2366): The connection pool for database '/data/data/com.android.providers.media/databases/external.db' has been unable to grant a connection to thread 173 (Binder_2) with flags 0x1 for 2042.3591 seconds.
W/SQLiteConnectionPool( 2366): Connections: 0 active, 1 idle, 0 available.
W/SQLiteConnectionPool( 2366): The connection pool for database '/data/data/com.android.providers.media/databases/external.db' has been unable to grant a connection to thread 221 (Binder_8) with flags 0x1 for 1111.237 seconds.
W/SQLiteConnectionPool( 2366): Connections: 0 active, 1 idle, 0 available.
W/SQLiteConnectionPool( 2366): The connection pool for database '/data/data/com.android.providers.media/databases/external.db' has been unable to grant a connection to thread 176 (Binder_3) with flags 0x1 for 1260.0211 seconds.
W/SQLiteConnectionPool( 2366): Connections: 0 active, 1 idle, 0 available.
W/SQLiteConnectionPool( 2366): The connection pool for database '/data/data/com.android.providers.media/databases/external.db' has been unable to grant a connection to thread 172 (Binder_1) with flags 0x1 for 1260.0181 seconds.
W/SQLiteConnectionPool( 2366): Connections: 0 active, 1 idle, 0 available.
D/Ulp_jni (  939): Location CB invoked
