D/UsbDeviceManager(  649): updateUsbNotification - mNotificationManager: android.app.NotificationManager@424769e0
D/UsbDeviceManager(  649): updateUsbNotification - mUseUsbNotification: true
W/UsbDeviceManager(  649): updateUsbNotification - mConnected: false
W/UsbDeviceManager(  649): updateUsbNotification - mCurrentFunctions: mtp,adb
D/UsbDeviceManager(  649): Does mtp,adb contain accessory? index: -1
D/UsbDeviceManager(  649): handleMessage - MSG_UPDATE_STATE/MSG_UPDATE_DISCONNECT_STATE - mConnected: false, mSettingUsbCharging: false, mSettingUsbBicr: false
D/UsbDeviceManager(  649): setEnabledFunctions - functions: mtp,adb
D/UsbDeviceManager(  649): setEnabledFunctions - mDefaultFunctions: mtp,adb
D/UsbDeviceManager(  649): setEnabledFunctions - mCurrentFunctions: mtp,adb
D/UsbDeviceManager(  649): setEnabledFunctions - mSettingFunction: mtp
D/UsbDeviceManager(  649): Does mtp,adb contain bicr? index: -1
D/UsbDeviceManager(  649): Add adb into mtp,adb
D/UsbDeviceManager(  649): Does mtp,adb contain adb? index: 4
D/UsbDeviceManager(  649): sys.usb.acm_idx=
D/UsbDeviceManager(  649): else setEnabledFunctions, functions: mtp,adb, mCurrentFunctions: mtp,adb
D/UsbDeviceManager(  649): Does mtp,adb contain bicr? index: -1
D/UsbDeviceManager(  649): updateUsbState - mConnected: false, mConfigured: false, mHwDisconnected: true, mCurrentFunctions: mtp,adb, mSettingUsbCharging: false
V/ActivityManager(  649): Broadcast sticky: Intent { act=android.hardware.usb.action.USB_STATE flg=0x20000010 (has extras) } ordered=false userid=-1 callerApp=ProcessRecord{41f69f08 649:system/1000}
D/UsbDeviceManager(  649): Does mtp,adb contain ptp? index: -1
D/UsbDeviceManager(  649): Does mtp,adb contain mtp? index: 0
D/UsbDataStateTracker(  649): Broadcast received: ignore android.hardware.usb.action.USB_STATE
V/ActivityManager(  649): Broadcast: Intent { act=android.intent.action.UMS_DISCONNECTED flg=0x10 } ordered=false userid=-1 callerApp=ProcessRecord{41f69f08 649:system/1000}
D/ActivityThread( 5126): BDC-Calling onReceive: intent=Intent { act=android.hardware.usb.action.USB_STATE flg=0x20000010 cmp=com.mediatek.mtklogger/.framework.LogReceiver (has extras) }, ordered=true, receiver=com.mediatek.mtklogger.framework.LogReceiver@41ed9488
W/UsbDeviceManager(  649): sys.usb.mtpConnect = noneMTPConnection
D/UsbDeviceManager(  649): Does mtp,adb contain audio_source? index: -1
D/UsbDeviceManager(  649): handleMessage mConnected:false,mConfigured:false, mHwDisconnected:true
D/ActivityThread( 5126): BDC-RECEIVER handled : 0 / ReceiverData{intent=Intent { act=android.hardware.usb.action.USB_STATE flg=0x20000010 cmp=com.mediatek.mtklogger/.framework.LogReceiver (has extras) } packageName=com.mediatek.mtklogger resultCode=-1 resultData=null resultExtras=null}
D/ActivityThread( 1572): BDC-Calling onReceive: intent=Intent { act=android.hardware.usb.action.USB_STATE flg=0x20000010 cmp=com.android.providers.media/.MtpReceiver (has extras) }, ordered=true, receiver=com.android.providers.media.MtpReceiver@42156268
D/ActivityThread( 1572): BDC-RECEIVER handled : 0 / ReceiverData{intent=Intent { act=android.hardware.usb.action.USB_STATE flg=0x20000010 cmp=com.android.providers.media/.MtpReceiver (has extras) } packageName=com.android.providers.media resultCode=0 resultData=null resultExtras=null}
D/ActivityThread( 1572): SVC-UNBIND_SERVICE handled : 0 / BindServiceData{token=android.os.BinderProxy@421564b0 intent=Intent { cmp=com.android.providers.media/.MtpService }}
D/ActivityThread( 1572): SVC-Destroying service: com.android.providers.media.MtpService@41f03320
E/MountService(  649): mount service unregisterListener=android.os.storage.IMountServiceListener$Stub$Proxy@42cec018
E/MountService(  649): mount service mListeners bl=com.android.server.MountService$MountServiceBinderListener@41f1e088
E/MountService(  649): mount service mListeners bl=com.android.server.MountService$MountServiceBinderListener@42ce7790
E/MountService(  649): mount service mListeners bl=com.android.server.MountService$MountServiceBinderListener@427e2048
E/MountService(  649): mount service mListeners bl=com.android.server.MountService$MountServiceBinderListener@41ef1eb8
E/MountService(  649): mount service mListeners bl=com.android.server.MountService$MountServiceBinderListener@427be698
I/ActivityManager(  649): Killing 4257:com.android.deskclock/u0a62 (adj 15): empty #17
D/ActivityThread( 1572): SVC-STOP_SERVICE handled : 0 / android.os.BinderProxy@421564b0
D/DisplayManagerService(  649): Display listener for pid 4257 died.
D/StorageNotification(  858): onUsbMassStorageConnectionChangedAsync - mLastState: mounted, st: removed, mLastConnected: false, connected: false
D/StorageNotification(  858): isAbleToShare - length:2
D/StorageNotification(  858): isAbleToShare - allowMassStorage:falseisEmulated:true
D/StorageNotification(  858): isAbleToShare - allowMassStorage:trueisEmulated:false
D/StorageNotification(  858): isAbleToShare - /storage/sdcard1 @ removed
D/StorageNotification(  858): isAbleToShare - allowedShareNum:0
D/StorageNotification(  858): updateUsbMassStorageNotification - isStorageCanShared=false,available=false
D/VoldConnector(  649): SND -> {24 volume shared /storage/sdcard0 ums}
I/FrameworkListener(  121): onDataAvailable get 38 bytes 
D/FrameworkListener(  121): dispatchCommand data = (24 volume shared /storage/sdcard0 ums)
D/VoldCmdListener(  121): volume shared /storage/sdcard0 ums
D/SocketClient(  121): SocketClient msg = Share disabled
D/SocketClient(  121): SocketClient sendDatalocked done: 212 24 Share disabled
D/VoldConnector(  649): RCV <- {212 24 Share disabled}
D/VoldConnector(  649): RMV <- {212 24 Share disabled}
D/VoldConnector(  649): SND -> {25 volume shared /storage/sdcard1 ums}
I/FrameworkListener(  121): onDataAvailable get 38 bytes 
D/FrameworkListener(  121): dispatchCommand data = (25 volume shared /storage/sdcard1 ums)
D/VoldCmdListener(  121): volume shared /storage/sdcard1 ums
D/SocketClient(  121): SocketClient msg = Share disabled
D/SocketClient(  121): SocketClient sendDatalocked done: 212 25 Share disabled
D/VoldConnector(  649): RCV <- {212 25 Share disabled}
D/VoldConnector(  649): RMV <- {212 25 Share disabled}
I/MountService(  649): isUsbMassStorageEnabled: false
D/StorageNotification(  858): updateUsbMassStorageNotification - [false]
D/StorageNotification(  858): setUsbStorageNotification - visible: {false}
D/StorageNotification(  858): setUsbStorageNotification - mIsLastVisible: false
D/StorageNotification(  858): onUsbMassStorageConnectionChangedAsync - Disconnect
D/StorageNotification(  858): onUsbMassStorageConnectionChangedAsync - mLastConnected: false
D/BatteryService(  649): checkBatCharge() , startChargeMillis=672592
W/BatteryStatsImpl(  649): Couldn't get kernel wake lock stats
V/ActivityManager(  649): Broadcast sticky: Intent { act=android.intent.action.BATTERY_CHANGED flg=0x60000010 (has extras) } ordered=false userid=-1 callerApp=null
V/ActivityManager(  649): Broadcast: Intent { act=android.intent.action.ACTION_POWER_CONNECTED flg=0x4000010 } ordered=false userid=-1 callerApp=ProcessRecord{41f69f08 649:system/1000}
D/PowerManagerService(  649): updateIsPoweredLocked: wasPowered=false, mIsPowered=true, oldPlugType=0, mPlugType=2, mBatteryLevel=11
D/PowerManagerService(  649): wakeUpNoUpdateLocked: eventTime=672600
D/PowerManagerService(  649): userActivityNoUpdateLocked: eventTime=672600, event=0, flags=0x0, uid=1000
D/PowerManagerNotifier(  649): onUserActivity: event=0, uid=1000
D/PowerManagerService(  649): updateUserActivitySummaryLocked: mWakefulness=Awake, mUserActivitySummary=0x5, nextTimeout=677068 (in 4467 ms)
D/PowerManagerService(  649): newScreenState = 2
D/PowerManagerDisplayController(  649): requestPowerState: screenState=2, useProximitySensor=false, forceProximitySensorEnable=false, forceWakeUpEnable=false, screenBrightness=102, screenAutoBrightnessAdjustment=0.0, useAutoBrightness=true, useEcoBrightness=false, blockScreenOn=false, waitForNegativeProximity=false
I/PowerManagerService(  649): setBrightness mButtonLight, screenBrightness=102
D/PowerManagerService(  649): updateScreenStateLocked: mDisplayReady=true, newScreenState=2, mWakefulness=1, mWakeLockSummary=0x1, mUserActivitySummary=0x5, mBootCompleted=true
D/PowerManagerService(  649): handleSandman: canDream=false, mWakefulness=Awake
D/PowerManagerService(  649): acquireWakeLockInternal: lock=1115442928, flags=0x1, tag="RILJ", ws=null, uid=1001, pid=1092
D/PowerManagerNotifier(  649): onWakeLockAcquired: flags=1, tag="RILJ", packageName=com.android.phone, ownerUid=1001, ownerPid=1092, workSource=null
D/PowerManagerService(  649): updateWakeLockSummaryLocked: mWakefulness=Awake, mWakeLockSummary=0x1
D/PowerManagerService(  649): newScreenState = 2
D/PowerManagerDisplayController(  649): requestPowerState: screenState=2, useProximitySensor=false, forceProximitySensorEnable=false, forceWakeUpEnable=false, screenBrightness=102, screenAutoBrightnessAdjustment=0.0, useAutoBrightness=true, useEcoBrightness=false, blockScreenOn=false, waitForNegativeProximity=false
I/PowerManagerService(  649): setBrightness mButtonLight, screenBrightness=102
D/WifiService(  649): onReceive, action:android.intent.action.BATTERY_CHANGED
D/PowerManagerService(  649): updateScreenStateLocked: mDisplayReady=true, newScreenState=2, mWakefulness=1, mWakeLockSummary=0x1, mUserActivitySummary=0x5, mBootCompleted=true
D/UsbDeviceManager(  649): onReceive - BATTERY_CHANGED - mPlugType: 2, mSettingUsbCharging: false, mConnected: false, mSettingUsbBicr: false
I/EntropyMixer(  649): Writing entropy...
D/PowerManagerService(  649): acquireWakeLockInternal: lock=1115306480, flags=0x1, tag="Wakeful StateMachine: GeofencerStateMachine", ws=null, uid=10027, pid=1289
D/PowerManagerNotifier(  649): onWakeLockAcquired: flags=1, tag="Wakeful StateMachine: GeofencerStateMachine", packageName=com.google.android.gms, ownerUid=10027, ownerPid=1289, workSource=null
I/PowerUI (  858): closing low battery warning: level=11
D/PowerManagerService(  649): updateWakeLockSummaryLocked: mWakefulness=Awake, mWakeLockSummary=0x1
D/PowerManagerService(  649): newScreenState = 2
D/PowerManagerDisplayController(  649): requestPowerState: screenState=2, useProximitySensor=false, forceProximitySensorEnable=false, forceWakeUpEnable=false, screenBrightness=102, screenAutoBrightnessAdjustment=0.0, useAutoBrightness=true, useEcoBrightness=false, blockScreenOn=false, waitForNegativeProximity=false
I/PowerManagerService(  649): setBrightness mButtonLight, screenBrightness=102
D/PowerManagerService(  649): updateScreenStateLocked: mDisplayReady=true, newScreenState=2, mWakefulness=1, mWakeLockSummary=0x1, mUserActivitySummary=0x5, mBootCompleted=true
D/WifiController(  649): DeviceActiveState{ when=-2ms what=155652 arg1=2 target=com.android.internal.util.StateMachine$SmHandler target=Handler (com.android.internal.util.StateMachine$SmHandler) {42e82988} }
D/WifiController(  649): StaEnabledState{ when=-2ms what=155652 arg1=2 target=com.android.internal.util.StateMachine$SmHandler target=Handler (com.android.internal.util.StateMachine$SmHandler) {42e82988} }
D/WifiController(  649): DefaultState{ when=-2ms what=155652 arg1=2 target=com.android.internal.util.StateMachine$SmHandler target=Handler (com.android.internal.util.StateMachine$SmHandler) {42e82988} }
D/WifiController(  649): battery changed pluggedType: 2
D/PowerManagerService(  649): releaseWakeLockInternal: lock=1115306480 [Wakeful StateMachine: GeofencerStateMachine], flags=0x0, total_time=2ms
D/PowerManagerNotifier(  649): onWakeLockReleased: flags=1, tag="Wakeful StateMachine: GeofencerStateMachine", packageName=com.google.android.gms, ownerUid=10027, ownerPid=1289, workSource=null
D/PowerManagerService(  649): updateWakeLockSummaryLocked: mWakefulness=Awake, mWakeLockSummary=0x1
D/PowerManagerService(  649): newScreenState = 2
D/PowerManagerDisplayController(  649): requestPowerState: screenState=2, useProximitySensor=false, forceProximitySensorEnable=false, forceWakeUpEnable=false, screenBrightness=102, screenAutoBrightnessAdjustment=0.0, useAutoBrightness=true, useEcoBrightness=false, blockScreenOn=false, waitForNegativeProximity=false
I/PowerManagerService(  649): setBrightness mButtonLight, screenBrightness=102
D/PowerManagerService(  649): updateScreenStateLocked: mDisplayReady=true, newScreenState=2, mWakefulness=1, mWakeLockSummary=0x1, mUserActivitySummary=0x5, mBootCompleted=true
D/PowerManagerService(  649): handleSandman: canDream=false, mWakefulness=Awake
V/WindowManager(  649): Changing focus from Window{42982c50 u0 com.android.systemui EXITING} to Window{42828250 u0 com.android.settings/com.android.settings.DevelopmentSettings} Callers=com.android.server.wm.WindowManagerService.removeWindowLocked:2850 com.android.server.wm.WindowManagerService.removeWindow:2789 com.android.server.wm.Session.remove:182 android.view.IWindowSession$Stub.onTransact:197 
I/WindowManager(  649): Gaining focus: Window{42828250 u0 com.android.settings/com.android.settings.DevelopmentSettings}
I/WindowManager(  649): Losing focus: Window{42982c50 u0 com.android.systemui EXITING}
D/PowerManagerService(  649): releaseWakeLockInternal: lock=1115442928 [RILJ], flags=0x0, total_time=18ms
D/PowerManagerNotifier(  649): onWakeLockReleased: flags=1, tag="RILJ", packageName=com.android.phone, ownerUid=1001, ownerPid=1092, workSource=null
D/PowerManagerService(  649): updateWakeLockSummaryLocked: mWakefulness=Awake, mWakeLockSummary=0x1
D/PowerManagerService(  649): newScreenState = 2
D/PowerManagerDisplayController(  649): requestPowerState: screenState=2, useProximitySensor=false, forceProximitySensorEnable=false, forceWakeUpEnable=false, screenBrightness=102, screenAutoBrightnessAdjustment=0.0, useAutoBrightness=true, useEcoBrightness=false, blockScreenOn=false, waitForNegativeProximity=false
I/PowerManagerService(  649): setBrightness mButtonLight, screenBrightness=102
D/PowerManagerService(  649): updateScreenStateLocked: mDisplayReady=true, newScreenState=2, mWakefulness=1, mWakeLockSummary=0x1, mUserActivitySummary=0x5, mBootCompleted=true
D/PowerManagerService(  649): handleSandman: canDream=false, mWakefulness=Awake
I/ActivityManager(  649): Start proc com.facebook.katana for broadcast com.facebook.katana/com.facebook.vault.service.VaultPowerConnectionReceiver: pid=5168 uid=10024 gids={50024, 1028, 1015, 3003}
V/InputMethodManagerService(  649): windowGainedFocus: android.os.BinderProxy@4282b038 controlFlags=#1 softInputMode=#10 windowFlags=#1810100
W/InputMethodManagerService(  649): Window already focused, ignoring focus gain of: com.android.internal.view.IInputMethodClient$Stub$Proxy@427ed1c0 attribute=null, token = android.os.BinderProxy@42936ef8
V/ActivityManager(  649): ensureActivitiesVisibleLocked: consider front
V/ActivityManager(  649): ensureActivitiesVisibleLocked: consider back
D/ActivityManager(  649): getContentProviderImpl: from callerandroid.app.ApplicationThreadProxy@426c38f0 (pid=5168) to get content provider settings
D/ActivityManager(  649): getContentProviderImpl: updateLruProcessLocked cpr.proc=ProcessRecord{41f69f08 649:system/1000}
D/ActivityThread( 5168): hoder:android.app.IActivityManager$ContentProviderHolder@41ea6f78,provider,holder.Provider:android.content.ContentProviderProxy@41ea76f8
V/SettingsProvider(  649): call(system:anr_debugging_mechanism) for 0
D/PowerManagerDisplayController(  649): mLightSensorListener.onSensorChanged(): enabled = true, lux = 0.0
D/PowerManagerDisplayController(  649): updateAmbientLux: Possibly darkened, waiting for 4000 ms: mDarkeningLuxThreshold=192.0, mRecentShortTermAverageLux=26.951279, mRecentLongTermAverageLux=67.67841, mAmbientLux=320.0
V/SettingsProvider(  649): call(secure:android_id) for 0
V/UsbDeviceManager(  649): USB UEVENT: {USB_STATE=CONNECTED, SUBSYSTEM=android_usb, DEVPATH=/devices/virtual/android_usb/android0, SEQNUM=1690, ACTION=change}
D/UsbDeviceManager(  649): mUEventObserver - onUEvent - state: CONNECTED
D/UsbDeviceManager(  649): updateState - CONNECTED
D/UsbDeviceManager(  649): updateState - RNDIS_UPDATE_DELAY  CONNECTED mSettingFunction: mtp,adb
D/UsbDeviceManager(  649): updateUsbNotification - mNotificationManager: android.app.NotificationManager@424769e0
D/UsbDeviceManager(  649): updateUsbNotification - mUseUsbNotification: true
W/UsbDeviceManager(  649): updateUsbNotification - mConnected: true
W/UsbDeviceManager(  649): updateUsbNotification - mCurrentFunctions: mtp,adb
D/UsbDeviceManager(  649): Does mtp,adb contain mtp? index: 0
D/UsbDeviceManager(  649): updateUsbNotification - containsFunction:  USB_FUNCTION_MTP
V/NotificationService(  649): enqueueNotificationInternal: pkg=android id=17040509 notification=Notification(pri=0 contentView=android/0x1090064 vibrate=null sound=null defaults=0x0 flags=0x2 kind=[null])
V/NotificationService(  649): Initial score is 0.
V/NotificationService(  649): Final score is 0.
V/MoMS.NotificationController(  649): notifications are enabled for android
V/NotificationService(  649): Assigned score=0 to Notification(pri=0 contentView=android/0x1090064 vibrate=null sound=null defaults=0x0 flags=0x2 kind=[null])
V/UsbDeviceManager(  649): USB UEVENT: {USB_STATE=CONFIGURED, SUBSYSTEM=android_usb, DEVPATH=/devices/virtual/android_usb/android0, SEQNUM=1691, ACTION=change}
D/UsbDeviceManager(  649): mUEventObserver - onUEvent - state: CONFIGURED
D/UsbDeviceManager(  649): updateState - CONFIGURED
D/UsbDeviceManager(  649): updateState - RNDIS_UPDATE_DELAY  CONFIGURED mSettingFunction: mtp,adb
V/NotificationService(  649): enqueueNotificationInternal: pkg=android id=17040517 notification=Notification(pri=-1 contentView=android/0x1090064 vibrate=null sound=null defaults=0x0 flags=0x2 kind=[null])
D/UsbDeviceManager(  649): Does mtp,adb contain accessory? index: -1
D/UsbDeviceManager(  649): updateUsbState - mConnected: true, mConfigured: false, mHwDisconnected: false, mCurrentFunctions: mtp,adb, mSettingUsbCharging: false
V/ActivityManager(  649): Broadcast sticky: Intent { act=android.hardware.usb.action.USB_STATE flg=0x20000010 (has extras) } ordered=false userid=-1 callerApp=ProcessRecord{41f69f08 649:system/1000}
V/NotificationService(  649): Initial score is -10.
V/NotificationService(  649): Final score is -10.
V/MoMS.NotificationController(  649): notifications are enabled for android
V/NotificationService(  649): Assigned score=-10 to Notification(pri=-1 contentView=android/0x1090064 vibrate=null sound=null defaults=0x0 flags=0x2 kind=[null])
D/UsbDeviceManager(  649): Does mtp,adb contain ptp? index: -1
D/UsbDeviceManager(  649): Does mtp,adb contain mtp? index: 0
W/UsbDeviceManager(  649): sys.usb.mtpConnect = mtpConnection
D/UsbDeviceManager(  649): Does mtp,adb contain audio_source? index: -1
D/UsbDeviceManager(  649): handleMessage mConnected:true,mConfigured:false, mHwDisconnected:false
D/UsbDeviceManager(  649): updateUsbNotification - mNotificationManager: android.app.NotificationManager@424769e0
D/UsbDeviceManager(  649): updateUsbNotification - mUseUsbNotification: true
W/UsbDeviceManager(  649): updateUsbNotification - mConnected: true
W/UsbDeviceManager(  649): updateUsbNotification - mCurrentFunctions: mtp,adb
D/UsbDeviceManager(  649): Does mtp,adb contain mtp? index: 0
D/UsbDeviceManager(  649): updateUsbNotification - containsFunction:  USB_FUNCTION_MTP
D/UsbDeviceManager(  649): Does mtp,adb contain accessory? index: -1
D/UsbDeviceManager(  649): updateUsbState - mConnected: true, mConfigured: true, mHwDisconnected: false, mCurrentFunctions: mtp,adb, mSettingUsbCharging: false
V/ActivityManager(  649): Broadcast sticky: Intent { act=android.hardware.usb.action.USB_STATE flg=0x20000010 (has extras) } ordered=false userid=-1 callerApp=ProcessRecord{41f69f08 649:system/1000}
D/UsbDeviceManager(  649): Does mtp,adb contain ptp? index: -1
D/UsbDeviceManager(  649): Does mtp,adb contain mtp? index: 0
D/UsbDataStateTracker(  649): Broadcast received: ignore android.hardware.usb.action.USB_STATE
W/UsbDeviceManager(  649): sys.usb.mtpConnect = mtpConnection
D/UsbDeviceManager(  649): Does mtp,adb contain audio_source? index: -1
D/UsbDeviceManager(  649): handleMessage mConnected:true,mConfigured:true, mHwDisconnected:false
V/ActivityManager(  649): Broadcast: Intent { act=android.intent.action.UMS_DISCONNECTED flg=0x10 } ordered=false userid=-1 callerApp=ProcessRecord{41f69f08 649:system/1000}
D/ActivityThread( 5168): installProvider: context.getPackageName()=com.facebook.katana
D/ActivityThread( 5168): installProvider: context.getPackageName()=com.facebook.katana
D/ActivityThread( 5168): installProvider: context.getPackageName()=com.facebook.katana
D/ActivityThread( 5168): installProvider: context.getPackageName()=com.facebook.katana
D/ActivityThread( 5168): installProvider: context.getPackageName()=com.facebook.katana
D/ActivityThread( 5168): installProvider: context.getPackageName()=com.facebook.katana
D/ActivityThread( 5168): installProvider: context.getPackageName()=com.facebook.katana
D/ActivityThread( 5168): installProvider: context.getPackageName()=com.facebook.katana
D/ActivityThread( 5168): installProvider: context.getPackageName()=com.facebook.katana
D/ActivityThread( 5168): installProvider: context.getPackageName()=com.facebook.katana
D/ActivityThread( 5168): installProvider: context.getPackageName()=com.facebook.katana
D/ActivityThread( 5168): installProvider: context.getPackageName()=com.facebook.katana
D/ActivityThread( 5168): installProvider: context.getPackageName()=com.facebook.katana
D/ActivityThread( 5168): installProvider: context.getPackageName()=com.facebook.katana
D/ActivityThread( 5168): installProvider: context.getPackageName()=com.facebook.katana
D/ActivityThread( 5168): installProvider: context.getPackageName()=com.facebook.katana
D/ActivityThread( 5168): installProvider: context.getPackageName()=com.facebook.katana
D/ActivityThread( 5168): installProvider: context.getPackageName()=com.facebook.katana
D/ActivityThread( 5168): installProvider: context.getPackageName()=com.facebook.katana
D/ActivityThread( 5168): installProvider: context.getPackageName()=com.facebook.katana
D/ActivityThread( 5168): installProvider: context.getPackageName()=com.facebook.katana
D/ActivityThread( 5168): installProvider: context.getPackageName()=com.facebook.katana
D/ActivityThread( 5168): installProvider: context.getPackageName()=com.facebook.katana
D/ActivityThread( 5168): installProvider: context.getPackageName()=com.facebook.katana
V/WindowManager(  649): Rotation changed to 0 from 1, forceApp=-1
D/PowerManagerService(  649): acquireWakeLockInternal: lock=1108511032, flags=0x1, tag="SCREEN_FROZEN", ws=null, uid=1000, pid=649
D/PowerManagerNotifier(  649): onWakeLockAcquired: flags=1, tag="SCREEN_FROZEN", packageName=android, ownerUid=1000, ownerPid=649, workSource=null
D/PowerManagerService(  649): updateWakeLockSummaryLocked: mWakefulness=Awake, mWakeLockSummary=0x1
D/PowerManagerService(  649): newScreenState = 2
D/PowerManagerDisplayController(  649): requestPowerState: screenState=2, useProximitySensor=false, forceProximitySensorEnable=false, forceWakeUpEnable=false, screenBrightness=102, screenAutoBrightnessAdjustment=0.0, useAutoBrightness=true, useEcoBrightness=false, blockScreenOn=false, waitForNegativeProximity=false
I/PowerManagerService(  649): setBrightness mButtonLight, screenBrightness=102
D/PowerManagerService(  649): updateScreenStateLocked: mDisplayReady=true, newScreenState=2, mWakefulness=1, mWakeLockSummary=0x1, mUserActivitySummary=0x5, mBootCompleted=true
D/PowerManagerService(  649): handleSandman: canDream=false, mWakefulness=Awake
I/WindowManager(  649):   FREEZE Surface(name=ScreenshotSurface): CREATE, w = 480, h = 854, r=1
I/ActivityManager(  649): haltActivityResuming
D/DisplayManagerService(  649): Delivering display event: displayId=0, event=2
V/SettingsProvider(  649): call_put(global:lid_switch_state=1) for 0
V/SettingsProvider(  649): insert(content://settings/global) for user 0 by 0
I/ActivityManager(  649): Config changes=480 {1.0 ?mcc?mnc en_GB ldltr sw320dp w320dp h544dp 240dpi nrml long port finger -keyb/v/h -nav/h skin=/system/app/theme-res-acer.apk s.8}
V/ActivityManager(  649): Broadcast: Intent { act=android.intent.action.CONFIGURATION_CHANGED flg=0x60000010 } ordered=false userid=-1 callerApp=null
V/ActivityManager(  649): ensureActivitiesVisibleLocked: consider front
V/ActivityManager(  649): ensureActivitiesVisibleLocked: consider back
I/ActivityThread( 4973): requestRelaunchActivity target = null
V/ActivityManager(  649): Broadcast sticky: Intent { act=android.provider.Telephony.SPN_STRINGS_UPDATED flg=0x20000010 (has extras) } ordered=false userid=0 callerApp=ProcessRecord{42231450 1092:com.android.phone/1001}
D/ActivityThread( 4973): ACT-AM_ON_PAUSE_CALLED ActivityRecord{4232ed90 token=android.os.BinderProxy@4232e4e8 {com.android.settings/com.android.settings.DevelopmentSettings}}
D/StorageNotification(  858): onUsbMassStorageConnectionChangedAsync - mLastState: mounted, st: removed, mLastConnected: false, connected: false
D/StorageNotification(  858): isAbleToShare - length:2
D/StorageNotification(  858): isAbleToShare - allowMassStorage:falseisEmulated:true
D/StorageNotification(  858): isAbleToShare - allowMassStorage:trueisEmulated:false
D/StorageNotification(  858): isAbleToShare - /storage/sdcard1 @ removed
D/StorageNotification(  858): isAbleToShare - allowedShareNum:0
D/StorageNotification(  858): updateUsbMassStorageNotification - isStorageCanShared=false,available=false
D/VoldConnector(  649): SND -> {26 volume shared /storage/sdcard0 ums}
I/FrameworkListener(  121): onDataAvailable get 38 bytes 
D/FrameworkListener(  121): dispatchCommand data = (26 volume shared /storage/sdcard0 ums)
D/VoldCmdListener(  121): volume shared /storage/sdcard0 ums
D/SocketClient(  121): SocketClient msg = Share disabled
D/SocketClient(  121): SocketClient sendDatalocked done: 212 26 Share disabled
D/VoldConnector(  649): RCV <- {212 26 Share disabled}
D/VoldConnector(  649): RMV <- {212 26 Share disabled}
D/VoldConnector(  649): SND -> {27 volume shared /storage/sdcard1 ums}
I/FrameworkListener(  121): onDataAvailable get 38 bytes 
D/FrameworkListener(  121): dispatchCommand data = (27 volume shared /storage/sdcard1 ums)
D/VoldCmdListener(  121): volume shared /storage/sdcard1 ums
D/SocketClient(  121): SocketClient msg = Share disabled
D/SocketClient(  121): SocketClient sendDatalocked done: 212 27 Share disabled
D/VoldConnector(  649): RCV <- {212 27 Share disabled}
D/VoldConnector(  649): RMV <- {212 27 Share disabled}
I/MountService(  649): isUsbMassStorageEnabled: false
D/StorageNotification(  858): updateUsbMassStorageNotification - [false]
D/StorageNotification(  858): setUsbStorageNotification - visible: {false}
D/StorageNotification(  858): setUsbStorageNotification - mIsLastVisible: false
D/StorageNotification(  858): onUsbMassStorageConnectionChangedAsync - Disconnect
D/StorageNotification(  858): onUsbMassStorageConnectionChangedAsync - mLastConnected: false
V/WindowManager(  649): Changing focus from Window{42828250 u0 com.android.settings/com.android.settings.DevelopmentSettings} to null Callers=com.android.server.wm.WindowManagerService.removeWindowLocked:2868 com.android.server.wm.WindowManagerService.removeWindow:2789 com.android.server.wm.Session.remove:182 android.view.IWindowSession$Stub.onTransact:197 
I/WindowManager(  649): Losing focus: Window{42828250 u0 com.android.settings/com.android.settings.DevelopmentSettings}
V/IntentResolver(  649): Resolving type=null scheme=null defaultOnly=false userId=0 of Intent { act=com.mediatek.settings.ext.ISettingsMiscExt flg=0x8 }
V/IntentResolver(  649): Action list: null
V/IntentResolver(  649): Final result list:
D/ConnectivityService(  649): getMobileDataEnabled returning true
D/ConnectivityService(  649): getMobileDataEnabled returning true
D/ActivityManager(  649): getContentProviderImpl: from callerandroid.app.ApplicationThreadProxy@421d7000 (pid=858) to get content provider telephony
D/ActivityManager(  649): getContentProviderImpl: updateLruProcessLocked cpr.proc=ProcessRecord{42231450 1092:com.android.phone/1001}
D/ActivityThread(  858): hoder:android.app.IActivityManager$ContentProviderHolder@4259d768,provider,holder.Provider:android.content.ContentProviderProxy@4259dc38
V/SettingsProvider(  649):    access setting for user 0
V/SettingsProvider(  649): call(system:accelerometer_rotation) for 0
D/WifiDisplayAdapter(  649): getWifiDisplayStatusLocked: result=WifiDisplayStatus{featureState=2, scanState=0, activeDisplayState=0, activeDisplay=null, displays=[], sessionInfo=WifiDisplaySessionInfo: C/O:Client,GId:,Pp:,SId:0,IP:}
V/SettingsProvider(  649):    access setting for user 0
V/SettingsProvider(  649): call(system:next_alarm_formatted) for 0
D/ConnectivityService(  649): getMobileDataEnabled returning true
D/ConnectivityService(  649): getMobileDataEnabled returning true
D/ConnectivityService(  649): getMobileDataEnabled returning true
D/ConnectivityService(  649): getMobileDataEnabled returning true
D/VoldConnector(  649): SND -> {28 cryptfs cryptocomplete}
I/FrameworkListener(  121): onDataAvailable get 26 bytes 
D/FrameworkListener(  121): dispatchCommand data = (28 cryptfs cryptocomplete)
D/VoldCmdListener(  121): cryptfs cryptocomplete
E/Cryptfs (  121): not running with encryption, aborting
D/SocketClient(  121): SocketClient msg = 1
D/SocketClient(  121): SocketClient sendDatalocked done: 200 28 1
D/VoldConnector(  649): RCV <- {200 28 1}
D/VoldConnector(  649): RMV <- {200 28 1}
D/ActivityThread( 4973): ACT-AM_ON_RESUME_CALLED ActivityRecord{4232ed90 token=android.os.BinderProxy@4232e4e8 {com.android.settings/com.android.settings.DevelopmentSettings}}
D/ActivityThread( 4973): ACT-RELAUNCH_ACTIVITY handled : 0 / ActivityRecord{42119a20 token=android.os.BinderProxy@4232e4e8 no component name}
D/ConnectivityService(  649): getMobileDataEnabled returning true
D/ConnectivityService(  649): getMobileDataEnabled returning true
V/WindowManager(  649): Changing focus from null to Window{420cd728 u0 com.android.settings/com.android.settings.DevelopmentSettings} Callers=com.android.server.wm.WindowManagerService.relayoutWindow:3466 com.android.server.wm.Session.relayout:191 android.view.IWindowSession$Stub.onTransact:235 com.android.server.wm.Session.onTransact:126 
I/WindowManager(  649): Gaining focus: Window{420cd728 u0 com.android.settings/com.android.settings.DevelopmentSettings}
V/InputMethodManagerService(  649): windowGainedFocus: android.os.BinderProxy@4282b038 controlFlags=#105 softInputMode=#110 windowFlags=#1810100
I/WindowManager(  649): Screen frozen for +354ms due to Window{420cd728 u0 com.android.settings/com.android.settings.DevelopmentSettings}
V/WindowManager(  649): Dismiss!
D/PowerManagerService(  649): releaseWakeLockInternal: lock=1108511032 [SCREEN_FROZEN], flags=0x0, total_time=363ms
D/PowerManagerNotifier(  649): onWakeLockReleased: flags=1, tag="SCREEN_FROZEN", packageName=android, ownerUid=1000, ownerPid=649, workSource=null
D/PowerManagerService(  649): updateWakeLockSummaryLocked: mWakefulness=Awake, mWakeLockSummary=0x1
D/PowerManagerService(  649): newScreenState = 2
D/PowerManagerDisplayController(  649): requestPowerState: screenState=2, useProximitySensor=false, forceProximitySensorEnable=false, forceWakeUpEnable=false, screenBrightness=102, screenAutoBrightnessAdjustment=0.0, useAutoBrightness=true, useEcoBrightness=false, blockScreenOn=false, waitForNegativeProximity=false
I/PowerManagerService(  649): setBrightness mButtonLight, screenBrightness=102
D/PowerManagerService(  649): updateScreenStateLocked: mDisplayReady=true, newScreenState=2, mWakefulness=1, mWakeLockSummary=0x1, mUserActivitySummary=0x5, mBootCompleted=true
D/PowerManagerService(  649): handleSandman: canDream=false, mWakefulness=Awake
V/ActivityManager(  649): ACT-Activity idle: Token{42170988 ActivityRecord{42918dc0 u0 com.android.settings/.DevelopmentSettings t7}}
V/ActivityManager(  649): ensureActivitiesVisibleLocked: consider front
V/ActivityManager(  649): ensureActivitiesVisibleLocked: consider back
V/ActivityManager(  649): Broadcast sticky: Intent { act=android.intent.action.BATTERY_CHANGED flg=0x60000010 (has extras) } ordered=false userid=-1 callerApp=null
D/WifiService(  649): onReceive, action:android.intent.action.BATTERY_CHANGED
D/UsbDeviceManager(  649): onReceive - BATTERY_CHANGED - mPlugType: 2, mSettingUsbCharging: false, mConnected: true, mSettingUsbBicr: false
D/PowerManagerService(  649): updateIsPoweredLocked: wasPowered=true, mIsPowered=true, oldPlugType=2, mPlugType=2, mBatteryLevel=11
D/PowerManagerService(  649): handleSandman: canDream=false, mWakefulness=Awake
D/WifiController(  649): DeviceActiveState{ when=0 what=155652 arg1=2 target=com.android.internal.util.StateMachine$SmHandler target=Handler (com.android.internal.util.StateMachine$SmHandler) {42e82988} }
D/WifiController(  649): StaEnabledState{ when=0 what=155652 arg1=2 target=com.android.internal.util.StateMachine$SmHandler target=Handler (com.android.internal.util.StateMachine$SmHandler) {42e82988} }
D/WifiController(  649): DefaultState{ when=0 what=155652 arg1=2 target=com.android.internal.util.StateMachine$SmHandler target=Handler (com.android.internal.util.StateMachine$SmHandler) {42e82988} }
D/WifiController(  649): battery changed pluggedType: 2
V/ActivityManager(  649): Broadcast sticky: Intent { act=android.intent.action.SIG_STR flg=0x20000010 (has extras) } ordered=false userid=-1 callerApp=ProcessRecord{41f69f08 649:system/1000}
D/ConnectivityService(  649): getMobileDataEnabled returning true
D/ConnectivityService(  649): getMobileDataEnabled returning true
D/ActivityManager(  649): getContentProviderImpl: from callerandroid.app.ApplicationThreadProxy@421e73b8 (pid=858) to get content provider telephony
D/ActivityManager(  649): getContentProviderImpl: updateLruProcessLocked cpr.proc=ProcessRecord{42231450 1092:com.android.phone/1001}
D/ActivityThread(  858): hoder:android.app.IActivityManager$ContentProviderHolder@425c8e70,provider,holder.Provider:android.content.ContentProviderProxy@42456bb0
--------- beginning of /dev/log/main
D/dalvikvm( 5168): update thread list
D/dalvikvm( 5168): threadid=10: interp stack at 0x6435c000
W/AEE     (    0): some logs have been lost (118 bytes estimated)
D/dalvikvm( 5168): threadid=10: notify debugger
D/dalvikvm( 5168): threadid=10 (background_handler_thread): calling run()
D/AudioFlinger(  139): threadLoop_sleepTime write muted data to hw
I/WindowManager(  649):   FREEZE Surface(name=ScreenshotSurface): DESTROY
D/AudioLoopbackController(  139): +IsAPBTLoopbackWithCodec(), mBtLoopbackWithCodec = 0
I/ActivityManager(  649): restoreActivityResuming
D/OpenGLRenderer(  858): prepareDirty (0.00, 0.00, 480.00, 38.00) opaque 0 <0x61c46008>
D/OpenGLRenderer(  858): clear (0.00, 38 - 38.00 = 0.00, 480.00 - 0.00 = 480.00, 38.00 - 0.00 = 38.00) opaque 0 <0x61c46008>
D/OpenGLRenderer(  858): finish <0x61c46008>
D/WifiManager( 5168): Enter init, sThreadRefCount:0
D/WifiService(  649): getWifiServiceMessenger, pid:5168, uid:10024
D/WifiManager( 5168): Create WifiManager handlerthread
D/dalvikvm( 5168): create interp thread : stack size=128KB
D/dalvikvm( 5168): create new thread
D/dalvikvm( 5168): new thread created
D/dalvikvm( 5168): update thread list
D/dalvikvm( 5168): threadid=11: interp stack at 0x6447a000
D/dalvikvm( 5168): threadid=11: created from interp
D/dalvikvm( 5168): start new thread
D/dalvikvm( 5168): threadid=11: notify debugger
D/dalvikvm( 5168): threadid=11 (WifiManager): calling run()
D/WifiService(  649): New client listening to asynchronous messages
I/GLConsumer(  135): [ScreenshotSurface](this:0xb7087328,api:0) destroying EGLImage dpy=0x1 img=0x10000007
I/BufferQueue(  135): [ScreenshotSurface](this:0xb70b82f0,id:65,api:0,p:-1,c:-1) consumerDisconnect
I/BufferQueue(  135): [BlackSurface](this:0xb708cee0,id:67,api:0,p:-1,c:-1) consumerDisconnect
I/BufferQueue(  135): [BlackSurface](this:0xb70880c0,id:68,api:0,p:-1,c:-1) consumerDisconnect
I/BufferQueue(  135): [BlackSurface](this:0xb70ad3d8,id:69,api:0,p:-1,c:-1) consumerDisconnect
I/BufferQueue(  135): [BlackSurface](this:0xb707dc38,id:70,api:0,p:-1,c:-1) consumerDisconnect
I/BufferQueue(  135): [ScreenshotSurface](this:0xb70b82f0,id:65,api:0,p:-1,c:-1) ~BufferQueue
I/GraphicBuffer(  135): free buffer (w:480 h:854 f:1) handle(0xb7094aa0)
I/BufferQueue(  135): [BlackSurface](this:0xb708cee0,id:67,api:0,p:-1,c:-1) ~BufferQueue
I/BufferQueue(  135): [BlackSurface](this:0xb70880c0,id:68,api:0,p:-1,c:-1) ~BufferQueue
I/BufferQueue(  135): [BlackSurface](this:0xb70ad3d8,id:69,api:0,p:-1,c:-1) ~BufferQueue
I/BufferQueue(  135): [BlackSurface](this:0xb707dc38,id:70,api:0,p:-1,c:-1) ~BufferQueue
D/OpenGLRenderer(  858): prepareDirty (0.00, 0.00, 480.00, 38.00) opaque 0 <0x61c46008>
D/OpenGLRenderer(  858): clear (0.00, 38 - 38.00 = 0.00, 480.00 - 0.00 = 480.00, 38.00 - 0.00 = 38.00) opaque 0 <0x61c46008>
D/OpenGLRenderer(  858): finish <0x61c46008>
D/AudioMTKStreamOut(  139): AudioMTKStreamOut::write (-)
D/OpenGLRenderer(  858): prepareDirty (0.00, 0.00, 480.00, 38.00) opaque 0 <0x61c46008>
D/OpenGLRenderer(  858): clear (0.00, 38 - 38.00 = 0.00, 480.00 - 0.00 = 480.00, 38.00 - 0.00 = 38.00) opaque 0 <0x61c46008>
D/OpenGLRenderer(  858): finish <0x61c46008>
D/AudioFlinger(  139): threadLoop_sleepTime write muted data to hw
D/AudioLoopbackController(  139): +IsAPBTLoopbackWithCodec(), mBtLoopbackWithCodec = 0
D/dalvikvm( 5168): create interp thread : stack size=128KB
D/dalvikvm( 5168): create new thread
D/dalvikvm( 5168): new thread created
D/dalvikvm( 5168): update thread list
D/dalvikvm( 5168): threadid=12: interp stack at 0x64598000
D/dalvikvm( 5168): threadid=12: created from interp
D/dalvikvm( 5168): start new thread
D/dalvikvm( 5168): threadid=12: notify debugger
D/dalvikvm( 5168): threadid=12 (AppChoreographer): calling run()
D/dalvikvm( 5168): create interp thread : stack size=128KB
D/dalvikvm( 5168): create new thread
D/dalvikvm( 5168): new thread created
D/dalvikvm( 5168): update thread list
D/dalvikvm( 5168): threadid=13: interp stack at 0x646b6000
D/dalvikvm( 5168): threadid=13: created from interp
D/dalvikvm( 5168): start new thread
D/dalvikvm( 5168): threadid=13: notify debugger
D/dalvikvm( 5168): threadid=13 (foreground-1): calling run()
D/AudioMTKStreamOut(  139): AudioMTKStreamOut::write (-)
D/dalvikvm( 5168): between the previous GC alloc  4044K
D/MediatekClassFactory( 5168): createInstance(): Begin = 673829
D/MediatekClassFactory( 5168): create Instance with :  interface com.mediatek.common.telephony.IOnlyOwnerSimSupport
W/MediatekClassFactory( 5168): Tablet not exist!, Get obj from default class
D/MediatekClassFactory( 5168): create Instance from tablet library :  com.mediatek.tb.telephony.OnlyOwnerSimSupport
D/MediatekClassFactory( 5168): createInstance(): End = 673830
D/AudioFlinger(  139): threadLoop_sleepTime write muted data to hw
D/AudioLoopbackController(  139): +IsAPBTLoopbackWithCodec(), mBtLoopbackWithCodec = 0
D/AudioMTKStreamOut(  139): AudioMTKStreamOut::write (-)
D/AudioFlinger(  139): threadLoop_sleepTime write muted data to hw
D/dalvikvm( 5168): GC_CONCURRENT freed 2326K (45427), 45% free 4765K/8664K, paused 5ms+10ms, total 67ms
D/dalvikvm( 5168): WAIT_FOR_CONCURRENT_GC blocked 57ms
D/dalvikvm( 5168): WAIT_FOR_CONCURRENT_GC blocked 57ms
D/AudioLoopbackController(  139): +IsAPBTLoopbackWithCodec(), mBtLoopbackWithCodec = 0
D/AudioMTKStreamOut(  139): AudioMTKStreamOut::write (-)
D/dalvikvm( 5168): create interp thread : stack size=128KB
D/dalvikvm( 5168): create new thread
D/dalvikvm( 5168): new thread created
D/dalvikvm( 5168): update thread list
D/dalvikvm( 5168): threadid=14: interp stack at 0x5d518000
D/dalvikvm( 5168): threadid=14: created from interp
D/dalvikvm( 5168): start new thread
D/dalvikvm( 5168): threadid=14: notify debugger
D/dalvikvm( 5168): threadid=14 (AnalyticsThread-1): calling run()
D/dalvikvm( 5168): create interp thread : stack size=128KB
D/dalvikvm( 5168): create new thread
D/dalvikvm( 5168): new thread created
D/dalvikvm( 5168): update thread list
D/dalvikvm( 5168): threadid=15: interp stack at 0x64913000
D/dalvikvm( 5168): threadid=15: created from interp
D/dalvikvm( 5168): start new thread
D/dalvikvm( 5168): threadid=15: notify debugger
D/dalvikvm( 5168): threadid=15 (scheduled-1): calling run()
D/dalvikvm( 5168): create interp thread : stack size=128KB
D/dalvikvm( 5168): create new thread
D/dalvikvm( 5168): new thread created
D/dalvikvm( 5168): update thread list
D/dalvikvm( 5168): threadid=16: interp stack at 0x64a31000
D/dalvikvm( 5168): threadid=16: created from interp
D/dalvikvm( 5168): start new thread
D/dalvikvm( 5168): threadid=16: notify debugger
D/dalvikvm( 5168): threadid=16 (scheduled-2): calling run()
D/ActivityThread( 5168): BIND_APPLICATION handled : 0 / AppBindData{appInfo=ApplicationInfo{41e95d50 com.facebook.katana}}
D/ActivityThread( 5168): BDC-Calling onReceive: intent=Intent { act=android.intent.action.ACTION_POWER_CONNECTED flg=0x4000010 cmp=com.facebook.katana/com.facebook.vault.service.VaultPowerConnectionReceiver }, ordered=true, receiver=com.facebook.vault.service.VaultPowerConnectionReceiver@41fde938
D/ActivityThread( 5168): BDC-RECEIVER handled : 0 / ReceiverData{intent=Intent { act=android.intent.action.ACTION_POWER_CONNECTED flg=0x4000010 cmp=com.facebook.katana/com.facebook.vault.service.VaultPowerConnectionReceiver } packageName=com.facebook.katana resultCode=-1 resultData=null resultExtras=null}
D/SQLiteDatabase( 5168): beginTransaction()
I/ActivityManager(  649): Killing 4221:com.android.providers.calendar/u0a13 (adj 15): empty #17
D/ActivityThread( 1227): BDC-Calling onReceive: intent=Intent { act=android.intent.action.ACTION_POWER_CONNECTED flg=0x4000010 cmp=com.google.android.gms/com.google.android.libraries.social.autobackup.AutoBackupEnvironment$BatteryReceiver }, ordered=true, receiver=com.google.android.libraries.social.autobackup.AutoBackupEnvironment$BatteryReceiver@422e3f90
I/iu.Environment( 1227): update battery state; isPlugged? true*
D/PowerManagerService(  649): acquireWakeLockInternal: lock=1106645600, flags=0x1, tag="fingerprint_scanner_static", ws=null, uid=10027, pid=1227
D/PowerManagerNotifier(  649): onWakeLockAcquired: flags=1, tag="fingerprint_scanner_static", packageName=com.google.android.gms, ownerUid=10027, ownerPid=1227, workSource=null
D/AppOps  (  649): startOperation: allowing code 40 uid 10027 package com.google.android.gms
D/PowerManagerService(  649): updateWakeLockSummaryLocked: mWakefulness=Awake, mWakeLockSummary=0x1
D/PowerManagerService(  649): newScreenState = 2
D/PowerManagerDisplayController(  649): requestPowerState: screenState=2, useProximitySensor=false, forceProximitySensorEnable=false, forceWakeUpEnable=false, screenBrightness=102, screenAutoBrightnessAdjustment=0.0, useAutoBrightness=true, useEcoBrightness=false, blockScreenOn=false, waitForNegativeProximity=false
I/PowerManagerService(  649): setBrightness mButtonLight, screenBrightness=102
D/PowerManagerService(  649): updateScreenStateLocked: mDisplayReady=true, newScreenState=2, mWakefulness=1, mWakeLockSummary=0x1, mUserActivitySummary=0x5, mBootCompleted=true
D/PowerManagerService(  649): handleSandman: canDream=false, mWakefulness=Awake
I/iu.UploadsManager( 1227): num queued entries: 0
I/iu.UploadsManager( 1227): num updated entries: 0
D/ActivityThread( 1227): BDC-RECEIVER handled : 0 / ReceiverData{intent=Intent { act=android.intent.action.ACTION_POWER_CONNECTED flg=0x4000010 cmp=com.google.android.gms/com.google.android.libraries.social.autobackup.AutoBackupEnvironment$BatteryReceiver } packageName=com.google.android.gms resultCode=0 resultData=null resultExtras=null}
D/IPCThreadState(  649): [DN #5] BR_DEAD_BINDER cookie 0x64d12e60
D/IPCThreadState(  649): [DN #5] BR_DEAD_BINDER cookie 0x61985508
D/DisplayManagerService(  649): Display listener for pid 4221 died.
D/IPCThreadState(  649): [DN #5] BR_CLEAR_DEATH_NOTIFICATION_DONE cookie 0x61985508
D/ActivityThread( 1227): SVC-Creating service: CreateServiceData{token=android.os.BinderProxy@41edc0d0 className=com.google.android.libraries.social.autobackup.FingerprintScannerIntentService packageName=com.google.android.gms intent=null}
D/dalvikvm( 1227): create interp thread : stack size=128KB
D/dalvikvm( 1227): create new thread
D/dalvikvm( 1227): new thread created
D/dalvikvm( 1227): update thread list
D/AudioFlinger(  139): threadLoop_sleepTime write muted data to hw
D/ActivityThread( 1289): BDC-Calling onReceive: intent=Intent { act=android.intent.action.ACTION_POWER_CONNECTED flg=0x4000010 cmp=com.google.android.gms/com.google.android.location.reporting.service.ExternalChangeReceiver }, ordered=true, receiver=com.google.android.location.reporting.service.ExternalChangeReceiver@41f4a610
D/IPCThreadState(  649): [DN #5] BR_CLEAR_DEATH_NOTIFICATION_DONE cookie 0x64d12e60
I/GCoreUlr( 1289): Starting service, intent=Intent { act=com.google.android.location.reporting.ACTION_UPDATE_WORLD cmp=com.google.android.gms/com.google.android.location.reporting.service.DispatchingService (has extras) }, extras=Bundle[{receiverAction=android.intent.action.ACTION_POWER_CONNECTED}]
I/iu.SyncManager( 1227): NEXT; no task
D/SQLiteDatabase( 5168): endTransaction()
D/ActivityThread( 1289): BDC-RECEIVER handled : 0 / ReceiverData{intent=Intent { act=android.intent.action.ACTION_POWER_CONNECTED flg=0x4000010 cmp=com.google.android.gms/com.google.android.location.reporting.service.ExternalChangeReceiver } packageName=com.google.android.gms resultCode=0 resultData=null resultExtras=null}
D/ActivityThread( 1289): SVC-Calling onStartCommand: com.google.android.location.reporting.service.DispatchingService@41ff25d8, flags=0, startId=7
D/ActivityThread( 1289): SVC-SERVICE_ARGS handled : 0 / ServiceArgsData{token=android.os.BinderProxy@41ff0990 startId=7 args=Intent { act=com.google.android.location.reporting.ACTION_UPDATE_WORLD cmp=com.google.android.gms/com.google.android.location.reporting.service.DispatchingService (has extras) }}
D/dalvikvm( 1227): threadid=15: interp stack at 0x62f41000
D/dalvikvm( 1227): threadid=15: created from interp
D/AudioLoopbackController(  139): +IsAPBTLoopbackWithCodec(), mBtLoopbackWithCodec = 0
D/dalvikvm( 1227): start new thread
D/dalvikvm( 1227): threadid=15: notify debugger
D/dalvikvm( 1227): threadid=15 (IntentService[Fingerprint Scanner]): calling run()
D/PowerManagerService(  649): acquireWakeLockInternal: lock=1106449584, flags=0x1, tag="UlrDispatchingService", ws=null, uid=10027, pid=1289
D/ActivityThread( 5147): BDC-Calling onReceive: intent=Intent { act=android.intent.action.ACTION_POWER_CONNECTED flg=0x4000010 cmp=com.android.chrome/com.google.android.apps.chrome.precache.PrecacheServiceLauncher }, ordered=true, receiver=com.google.android.apps.chrome.precache.PrecacheServiceLauncher@41eccd30
D/PowerManagerNotifier(  649): onWakeLockAcquired: flags=1, tag="UlrDispatchingService", packageName=com.google.android.gms, ownerUid=10027, ownerPid=1289, workSource=null
D/AppOps  (  649): startOperation: allowing code 40 uid 10027 package com.google.android.gms
D/PowerManagerService(  649): updateWakeLockSummaryLocked: mWakefulness=Awake, mWakeLockSummary=0x1
D/PowerManagerService(  649): newScreenState = 2
D/PowerManagerDisplayController(  649): requestPowerState: screenState=2, useProximitySensor=false, forceProximitySensorEnable=false, forceWakeUpEnable=false, screenBrightness=102, screenAutoBrightnessAdjustment=0.0, useAutoBrightness=true, useEcoBrightness=false, blockScreenOn=false, waitForNegativeProximity=false
D/ActivityThread( 5147): BDC-RECEIVER handled : 0 / ReceiverData{intent=Intent { act=android.intent.action.ACTION_POWER_CONNECTED flg=0x4000010 cmp=com.android.chrome/com.google.android.apps.chrome.precache.PrecacheServiceLauncher } packageName=com.android.chrome resultCode=0 resultData=null resultExtras=null}
I/PowerManagerService(  649): setBrightness mButtonLight, screenBrightness=102
D/PowerManagerService(  649): updateScreenStateLocked: mDisplayReady=true, newScreenState=2, mWakefulness=1, mWakeLockSummary=0x1, mUserActivitySummary=0x5, mBootCompleted=true
D/PowerManagerService(  649): handleSandman: canDream=false, mWakefulness=Awake
D/ActivityThread( 5147): BDC-Calling onReceive: intent=Intent { act=android.intent.action.ACTION_POWER_CONNECTED flg=0x4000010 cmp=com.android.chrome/org.chromium.base.PowerStatusReceiver }, ordered=true, receiver=org.chromium.base.PowerStatusReceiver@41ecf150
I/GCoreUlr( 1289): WorldUpdater received intent Intent { act=com.google.android.location.reporting.ACTION_UPDATE_WORLD cmp=com.google.android.gms/com.google.android.location.reporting.service.DispatchingService (has extras) } with receiverAction android.intent.action.ACTION_POWER_CONNECTED
D/ActivityThread( 5147): BDC-RECEIVER handled : 0 / ReceiverData{intent=Intent { act=android.intent.action.ACTION_POWER_CONNECTED flg=0x4000010 cmp=com.android.chrome/org.chromium.base.PowerStatusReceiver } packageName=com.android.chrome resultCode=0 resultData=null resultExtras=null}
D/ActivityThread( 1227): SVC-CREATE_SERVICE handled : 0 / CreateServiceData{token=android.os.BinderProxy@41edc0d0 className=com.google.android.libraries.social.autobackup.FingerprintScannerIntentService packageName=com.google.android.gms intent=null}
D/ActivityThread( 1227): SVC-Calling onStartCommand: com.google.android.libraries.social.autobackup.FingerprintScannerIntentService@42243230, flags=0, startId=1
