W/InputReader(  649): outer ID:0, tracking ID:-1, pointer count:16
W/InputReader(  649): inCount:16, pointer count:1
W/InputReader(  649): outer ID:0, tracking ID:-1, pointer count:16
W/InputReader(  649): inCount:16, pointer count:1
W/InputReader(  649): outer ID:0, tracking ID:-1, pointer count:16
W/InputReader(  649): inCount:16, pointer count:1
W/InputReader(  649): outer ID:0, tracking ID:-1, pointer count:16
W/InputReader(  649): inCount:16, pointer count:1
W/InputReader(  649): outer ID:0, tracking ID:-1, pointer count:16
W/InputReader(  649): inCount:16, pointer count:1
W/InputReader(  649): outer ID:0, tracking ID:-1, pointer count:16
W/InputReader(  649): inCount:16, pointer count:1
W/InputReader(  649): outer ID:0, tracking ID:-1, pointer count:16
W/InputReader(  649): inCount:16, pointer count:1
W/InputReader(  649): outer ID:0, tracking ID:-1, pointer count:16
W/InputReader(  649): inCount:16, pointer count:1
W/InputReader(  649): outer ID:0, tracking ID:-1, pointer count:16
W/InputReader(  649): inCount:16, pointer count:1
W/InputReader(  649): outer ID:0, tracking ID:-1, pointer count:16
W/InputReader(  649): inCount:16, pointer count:1
W/InputReader(  649): outer ID:0, tracking ID:-1, pointer count:16
W/InputReader(  649): inCount:16, pointer count:1
W/InputReader(  649): outer ID:0, tracking ID:-1, pointer count:16
W/InputReader(  649): inCount:16, pointer count:1
W/InputReader(  649): outer ID:0, tracking ID:-1, pointer count:16
W/InputReader(  649): inCount:16, pointer count:1
W/InputReader(  649): outer ID:0, tracking ID:-1, pointer count:16
W/InputReader(  649): inCount:16, pointer count:1
W/InputReader(  649): outer ID:0, tracking ID:-1, pointer count:16
W/InputReader(  649): inCount:16, pointer count:1
W/InputReader(  649): outer ID:0, tracking ID:-1, pointer count:16
W/InputReader(  649): inCount:16, pointer count:1
W/InputReader(  649): inCount:16, pointer count:0
D/WindowManager(  649): interceptKeyTq keycode=4 screenIsOn=true keyguardActive=false policyFlags = #2000100 down =false canceled = false isWakeKey=false mVolumeDownKeyTriggered =false mVolumeUpKeyTriggered =false
D/KeyguardViewMediator(  858): isInputRestricted: showing=false, needReshow=false, provisioned=true
D/WindowManager(  649): interceptKeyTi keyCode=4 down=false repeatCount=0 keyguardOn=false mHomePressed=false canceled=false metaState:0m_MenuLongPressfalse
I/BufferQueue(  649): [unnamed-649-6](this:0x656f2fc8,id:6,api:0,p:-1,c:-1) BufferQueue
I/GLConsumer(  649): [void android::RingBuffer<TYPE>::resize(uint32_t, bool) [with TYPE = android::sp<android::BackupBuffer>; uint32_t = unsigned int]] 0x631de8dc resize to 10 (force=true)
I/GLConsumer(  649): [void android::RingBuffer<TYPE>::resize(uint32_t, bool) [with TYPE = android::sp<android::BackupBuffer>; uint32_t = unsigned int]] 0x631de8dc resize to 0 (force=false)
I/BufferQueue(  649): [unnamed-649-6](this:0x656f2fc8,id:6,api:0,p:-1,c:649) consumerConnect consumer=(649:system_server) controlledByApp=false
I/BufferQueue(  649): [unnamed-649-6](this:0x656f2fc8,id:6,api:0,p:-1,c:649) setConsumerName: unnamed-649-6
I/BufferQueue(  649): [ScreenshotClient](this:0x656f2fc8,id:6,api:0,p:-1,c:649) setConsumerName: ScreenshotClient
I/BufferQueue(  649): [ScreenshotClient](this:0x656f2fc8,id:6,api:0,p:135,c:649) connect: api=1 producer=(135:/system/bin/surfaceflinger) producerControlledByApp=false
I/BufferQueue(  649): [ScreenshotClient](this:0x656f2fc8,id:6,api:1,p:135,c:649) new GraphicBuffer needed
D/BufferQueue(  649):     [OLD] gb:NULL
I/GraphicBuffer(  135): allocate buffer (w:256 h:437 f:1) handle(0xb7084040) err(0)
D/GraphicBuffer(  649): create handle(0x6289c578) (w:256, h:437, f:1)
I/BufferQueue(  649):     [NEW] gb=0x68475e28, handle=0x6289c578, w=246, h=437, s=256, fmt=1
I/GraphicBuffer(  135): free buffer (w:256 h:437 f:1) handle(0xb7084040)
D/GraphicBuffer(  135): create handle(0xb7084040) (w:256, h:437, f:1)
D/GraphicBuffer(  135): close handle(0xb7084040) (w:256 h:437 f:1)
I/BufferQueue(  649): [ScreenshotClient](this:0x656f2fc8,id:6,api:1,p:-1,c:649) disconnect: api=1
I/BufferQueue(  649): [ScreenshotClient](this:0x656f2fc8,id:6,api:0,p:-1,c:649) getReleasedBuffers: returning mask 0xffffffff
D/IPCThreadState(  649): [DN #5] BR_CLEAR_DEATH_NOTIFICATION_DONE cookie 0x635a0a10
D/dalvikvm(  649): between the previous GC alloc  862K
D/dalvikvm(  649): GC_FOR_ALLOC freed 313K (3632), 38% free 13834K/22244K, paused 330ms, total 330ms
I/dalvikvm-heap(  649): Grow heap (frag case) to 18.460MB for 430024-byte allocation
I/BufferQueue(  649): [ScreenshotClient](this:0x656f2fc8,id:6,api:0,p:-1,c:-1) consumerDisconnect
I/BufferQueue(  649): [ScreenshotClient](this:0x656f2fc8,id:6,api:0,p:-1,c:-1) ~BufferQueue
D/GraphicBuffer(  649): close handle(0x6289c578) (w:256 h:437 f:1)
D/dalvikvm(  649): between the previous GC alloc  420K
D/dalvikvm(  649): GC_FOR_ALLOC freed 548K (1210), 40% free 13705K/22664K, paused 185ms, total 186ms
D/PowerManagerService(  649): acquireWakeLockInternal: lock=1106266744, flags=0x1, tag="ActivityManager-Launch", ws=null, uid=1000, pid=649
D/PowerManagerNotifier(  649): onWakeLockAcquired: flags=1, tag="ActivityManager-Launch", packageName=android, ownerUid=1000, ownerPid=649, workSource=null
D/AppOps  (  649): startOperation: allowing code 40 uid 1000 package android
D/PowerManagerService(  649): updateWakeLockSummaryLocked: mWakefulness=Awake, mWakeLockSummary=0x1
D/PowerManagerService(  649): newScreenState = 2
D/PowerManagerDisplayController(  649): requestPowerState: screenState=2, useProximitySensor=false, forceProximitySensorEnable=false, forceWakeUpEnable=false, screenBrightness=102, screenAutoBrightnessAdjustment=0.0, useAutoBrightness=true, useEcoBrightness=false, blockScreenOn=false, waitForNegativeProximity=false
I/PowerManagerService(  649): setBrightness mButtonLight, screenBrightness=102
D/PowerManagerService(  649): updateScreenStateLocked: mDisplayReady=true, newScreenState=2, mWakefulness=1, mWakeLockSummary=0x1, mUserActivitySummary=0x5, mBootCompleted=true
D/PowerManagerService(  649): Acquiring suspend blocker "PowerManagerService.WakeLocks".
D/PowerManagerService(  649): handleSandman: canDream=false, mWakefulness=Awake
D/ActivityThread( 4973): ACT-AM_ON_PAUSE_CALLED ActivityRecord{422be508 token=android.os.BinderProxy@422bdc70 {com.android.settings/com.android.settings.UsbSettings}}
D/ActivityManager(  649): ACT-moveNextFloatingStackToTopLocked next = null curTop = null mStackState = STACK_STATE_HOME_IN_BACK
D/ActivityManager(  649): ACT-moveHomeTask toFront : true homeInFront = false
V/WindowManager(  649): Changing focus from Window{4243e9b0 u0 com.android.settings/com.android.settings.UsbSettings} to null Callers=com.android.server.wm.WindowManagerService.setFocusedApp:4406 com.android.server.am.ActivityManagerService.setFocusedActivityLocked:2413 com.android.server.am.ActivityStackSupervisor.resumeHomeActivity:416 com.android.server.am.ActivityStack.resumeTopActivityLocked:1383 
I/WindowManager(  649): Losing focus: Window{4243e9b0 u0 com.android.settings/com.android.settings.UsbSettings}
I/libPerfService(  649): 1: set: 2
E/        (  649): Could not open '/data/data/hotplug/cmd'
E/        (  649): error : 2, No such file or directory
D/InputReader(  649): InputReader:: getSwitchState lock 
D/InputReader(  649): InputReader::getStateLocked:: return 
V/Provider/Settings(  649):  from settings cache , name = flip_wakeup , value = null
V/Provider/Settings(  649):  from settings cache , name = flip_wakeup_window , value = null
V/Provider/Settings(  649): Global.putString(name=lid_switch_state, value=1 for 0
D/Provider/Settings(  649): put string name = lid_switch_state , value = 1 userHandle = 0
D/AppOps  (  649): noteOperation: allowing code 23 uid 1000 package android
V/SettingsProvider(  649): call_put(global:lid_switch_state=1) for 0
V/SettingsProvider(  649): insert(content://settings/global) for user 0 by 0
D/SettingsProvider(  649): redundant, old Value: 1 new value: 1
V/ActivityManager(  649): ensureActivitiesVisibleLocked: consider front
V/ActivityManager(  649): ensureActivitiesVisibleLocked: consider back
V/ActivityManager(  649): ensureActivitiesVisibleLocked: consider front
V/ActivityManager(  649): ensureActivitiesVisibleLocked: consider back
D/dalvikvm(  649): create interp thread : stack size=128KB
D/dalvikvm(  649): create new thread
D/dalvikvm(  649): new thread created
D/dalvikvm(  649): update thread list
D/dalvikvm(  649): threadid=80: interp stack at 0x63294000
D/dalvikvm(  649): threadid=80: created from interp
D/dalvikvm(  649): start new thread
V/ActivityManager(  649): ACT-Activity idle: null
I/libPerfService(  649): 1: set: 1
E/        (  649): Could not open '/data/data/hotplug/cmd'
E/        (  649): error : 2, No such file or directory
D/NetworkPolicy(  649): onRecv: MSG_FOREGROUND_ACTIVITIES_CHANGED pid:uid:act=4294:10006:true
V/NetworkStats(  649): setKernelCounterSet uid=10006 set=1
D/ConnectivityService(  649): onUidRulesChanged(uid=10006, uidRules=0)
D/dalvikvm(  649): threadid=80: notify debugger
D/dalvikvm(  649): threadid=80 (Thread-182): calling run()
D/ActivityThread( 4973): ACT-PAUSE_ACTIVITY_FINISHING handled : 0 / android.os.BinderProxy@422bdc70
D/AbsListView( 4973): onWindowFocusChanged: hasWindowFocus=false, this=android.widget.ListView{422c9e80 V.ED.VC. ......I. 0,0-0,0 #102000a android:id/list}
D/AbsListView( 4973): onWindowFocusChanged: hasWindowFocus=false, this=android.widget.ListView{422d4398 VFED.VC. .F...... 0,0-480,744 #102000a android:id/list}
D/OpenGLRenderer( 4294): Flushing caches (mode 0)
D/Launcher( 4294): mOnResumeState == NONE
D/Launcher( 4294): Broadcasting Home Idle Screen Intent ...
D/dalvikvm(  649): threadid=80: exiting
D/dalvikvm(  649): threadid=80: bye!
V/ActivityManager(  649): Broadcast: Intent { act=android.intent.action.stk.idle_screen flg=0x10 (has extras) } ordered=false userid=0 callerApp=ProcessRecord{4232dec8 4294:com.acer.shell.home/u0a6}
D/ActivityThread( 4294): ACT-AM_ON_RESUME_CALLED ActivityRecord{41f776b0 token=android.os.BinderProxy@41f76e58 {com.acer.shell.home/com.acer.shell.home.Launcher}}
V/PhoneWindow( 4294): DecorView setVisiblity: visibility = 0 ,Parent =ViewRoot{421d8380 com.acer.shell.home/com.acer.shell.home.Launcher,ident = 0}, this =com.android.internal.policy.impl.PhoneWindow$DecorView{41fdbe40 V.E..... R.....ID 0,0-480,854}
I/SurfaceFlinger(  135): Skip composition for [Built-in Screen (type:0)] since dirtyRegion is empty
D/OpenGLRenderer( 4973): prepareDirty (0.00, 0.00, 480.00, 854.00) opaque 1 <0x63138a50>
D/OpenGLRenderer( 4973): finish <0x63138a50>
I/BufferQueue(  135): [com.android.settings/com.android.settings.UsbSettings](this:0xb7084418,id:52,api:1,p:4973,c:135) [queue] fps:3.64, dur:4390.96, max:4130.24, min:16.25
D/ActivityThread( 4294): ACT-RESUME_ACTIVITY handled : 0 / android.os.BinderProxy@41f76e58
D/asset   ( 4294): AssetManager-->addDefaultAssets CIP path not exsit!
I/BufferQueue(  135): [com.android.settings/com.android.settings.UsbSettings](this:0xb7084418,id:52,api:1,p:4973,c:135) [release] fps:3.64, dur:4392.73, max:4131.53, min:17.29
I/SurfaceFlinger(  135): [Built-in Screen (type:0)] fps:0.594423,dur:3364.61,max:3347.25,min:17.36
I/BufferQueue(  135): [unnamed-135-53](this:0xb70b23c0,id:53,api:0,p:-1,c:-1) BufferQueue
I/GLConsumer(  135): [void android::RingBuffer<TYPE>::resize(uint32_t, bool) [with TYPE = android::sp<android::BackupBuffer>; uint32_t = unsigned int]] 0xb70aea4c resize to 10 (force=true)
I/GLConsumer(  135): [void android::RingBuffer<TYPE>::resize(uint32_t, bool) [with TYPE = android::sp<android::BackupBuffer>; uint32_t = unsigned int]] 0xb70aea4c resize to 0 (force=false)
I/BufferQueue(  135): [unnamed-135-53](this:0xb70b23c0,id:53,api:0,p:-1,c:135) consumerConnect consumer=(135:/system/bin/surfaceflinger) controlledByApp=false
I/BufferQueue(  135): [unnamed-135-53](this:0xb70b23c0,id:53,api:0,p:-1,c:135) setConsumerName: unnamed-135-53
I/GLConsumer(  135): [unnamed-135-53](this:0xb707eab0,api:0) GLConsumer
I/BufferQueue(  135): [com.acer.shell.home/com.acer.shell.home.Launcher](this:0xb70b23c0,id:53,api:0,p:-1,c:135) setConsumerName: com.acer.shell.home/com.acer.shell.home.Launcher
I/BufferQueue(  135): [com.acer.shell.home/com.acer.shell.home.Launcher](this:0xb70b23c0,id:53,api:0,p:-1,c:135) setDefaultBufferSize: w=480, h=854
V/WindowManager(  649): Changing focus from null to Window{423d9570 u0 com.acer.shell.home/com.acer.shell.home.Launcher} Callers=com.android.server.wm.WindowManagerService.relayoutWindow:3466 com.android.server.wm.Session.relayout:191 android.view.IWindowSession$Stub.onTransact:235 com.android.server.wm.Session.onTransact:126 
D/PhoneStatusBar(  858): setSystemUiVisibility vis=700 mask=ffffffff oldVal=0 newVal=700 diff=700
I/SurfaceFlinger(  135): Skip composition for [Built-in Screen (type:0)] since dirtyRegion is empty
I/WindowManager(  649): Gaining focus: Window{423d9570 u0 com.acer.shell.home/com.acer.shell.home.Launcher}
I/BufferQueue(  135): [com.acer.shell.home/com.acer.shell.home.Launcher](this:0xb70b23c0,id:53,api:0,p:4294,c:135) connect: api=1 producer=(4294:com.acer.shell.home) producerControlledByApp=true
I/BufferQueue(  135): [com.acer.shell.home/com.acer.shell.home.Launcher](this:0xb70b23c0,id:53,api:1,p:4294,c:135) new GraphicBuffer needed
D/BufferQueue(  135):     [OLD] gb:NULL
I/GraphicBuffer(  135): allocate buffer (w:480 h:854 f:1) handle(0xb708d888) err(0)
I/BufferQueue(  135):     [NEW] gb=0xb709a198, handle=0xb708d888, w=480, h=854, s=480, fmt=1
D/GraphicBuffer( 4294): create handle(0x62da0bf8) (w:480, h:854, f:1)
D/BufferQueue(  135): [com.acer.shell.home/com.acer.shell.home.Launcher](this:0xb70b23c0,id:53,api:1,p:4294,c:135) cancelBuffer: slot=0
I/MaliEGL ( 4294): [Mali]window_type=1, is_framebuffer=0, errnum = 0
I/MaliEGL ( 4294): [Mali]surface->num_buffers=4, surface->num_frames=3, win_min_undequeued=1
I/MaliEGL ( 4294): [Mali]max_allowed_dequeued_buffers=3
I/BufferQueue(  135): [com.acer.shell.home/com.acer.shell.home.Launcher](this:0xb70b23c0,id:53,api:1,p:4294,c:135) setBufferCount: count=4
I/GraphicBuffer(  135): free buffer (w:480 h:854 f:1) handle(0xb708d888)
I/BufferQueue(  135): [com.acer.shell.home/com.acer.shell.home.Launcher](this:0xb70b23c0,id:53,api:1,p:4294,c:135) getReleasedBuffers: returning mask 0xffffffff
D/GraphicBuffer( 4294): close handle(0x62da0bf8) (w:480 h:854 f:1)
I/BufferQueue(  135): [com.acer.shell.home/com.acer.shell.home.Launcher](this:0xb70b23c0,id:53,api:1,p:4294,c:135) new GraphicBuffer needed
D/BufferQueue(  135):     [OLD] gb:NULL
I/GraphicBuffer(  135): allocate buffer (w:480 h:854 f:1) handle(0xb708d888) err(0)
I/BufferQueue(  135):     [NEW] gb=0xb7071560, handle=0xb708d888, w=480, h=854, s=480, fmt=1
D/GraphicBuffer( 4294): create handle(0x62da0bf8) (w:480, h:854, f:1)
D/OpenGLRenderer( 4294): setViewport 480x854 <0x60f497f0>
I/SurfaceFlinger(  135): Skip composition for [Built-in Screen (type:0)] since dirtyRegion is empty
V/InputMethodManager( 4294): onWindowFocus: com.acer.shell.home.AppsCustomizeTabHost{421a1c98 VFE..... .F....ID 0,38-480,854 #7f0f0037 app:id/apps_customize_pane} softInputMode=32 first=true flags=#d910100
D/dalvikvm( 1186): threadid=11: exiting
D/dalvikvm( 1186): threadid=11: bye!
V/InputMethodManager( 4294): START INPUT: com.acer.shell.home.AppsCustomizeTabHost{421a1c98 VFE..... .F....ID 0,38-480,854 #7f0f0037 app:id/apps_customize_pane} ic=null tba=android.view.inputmethod.EditorInfo@4238fe50 controlFlags=#105
V/InputMethodManagerService(  649): windowGainedFocus: android.os.BinderProxy@42d239f0 controlFlags=#105 softInputMode=#20 windowFlags=#d910100
D/KeyguardViewMediator(  858): isInputRestricted: showing=false, needReshow=false, provisioned=true
I/SurfaceFlinger(  135): Skip composition for [Built-in Screen (type:0)] since dirtyRegion is empty
D/OpenGLRenderer( 4294): prepareDirty (0.00, 0.00, 480.00, 854.00) opaque 0 <0x60f497f0>
D/OpenGLRenderer( 4294): prepareDirty (0.00, 0.00, 478.00, 707.00) opaque 0 <0x62a5e010>
D/OpenGLRenderer( 4294): finish <0x62a5e010>
D/OpenGLRenderer( 4294): clear (0.00, 854 - 854.00 = 0.00, 480.00 - 0.00 = 480.00, 854.00 - 0.00 = 854.00) opaque 0 <0x60f497f0>
D/OpenGLRenderer( 4294): finish <0x60f497f0>
I/SurfaceFlinger(  135): Skip composition for [Built-in Screen (type:0)] since dirtyRegion is empty
V/WallpaperService(  858): Visibility change in com.android.systemui.ImageWallpaper$DrawableEngine@4226e4c8: 1
V/WallpaperService(  858): onVisibilityChanged(true): com.android.systemui.ImageWallpaper$DrawableEngine@4226e4c8
V/WallpaperService(  858): Offsets change in com.android.systemui.ImageWallpaper$DrawableEngine@4226e4c8: 0.0,0.0
D/PhoneStatusBar(  858): setSystemUiVisibility vis=40000700 mask=ffffffff oldVal=700 newVal=40000700 diff=40000000
D/BarTransitions.PhoneStatusBarView(  858): MODE_OPAQUE -> MODE_TRANSLUCENT animate=true
D/BarTransitions.PhoneStatusBarView(  858): applyModeBackground oldMode=MODE_OPAQUE newMode=MODE_TRANSLUCENT animate=true
I/GLConsumer(  135): [com.acer.shell.home/com.acer.shell.home.Launcher](this:0xb707eab0,api:1) [void* android::GLConsumer::createImage(EGLDisplay, const android::sp<android::GraphicBuffer>&, const android::Rect&)]
D/GLConsumer(  135):     GraphicBuffer: gb=0xb7071560 handle=0xb708d888 fmt=1
D/GLConsumer(  135):     EGLImage: dpy=0x1, img=0x10000009
D/OpenGLRenderer( 4973): Flushing caches (mode 0)
D/GraphicBuffer( 4973): close handle(0x63138950) (w:480 h:854 f:1)
D/GraphicBuffer( 4973): close handle(0x62447d08) (w:480 h:854 f:1)
D/GraphicBuffer( 4973): close handle(0x63130be8) (w:480 h:854 f:1)
D/GraphicBuffer( 4973): close handle(0x624546c0) (w:480 h:854 f:1)
I/BufferQueue(  135): [com.android.settings/com.android.settings.UsbSettings](this:0xb7084418,id:52,api:1,p:-1,c:135) disconnect: api=1
I/BufferQueue(  135): [com.android.settings/com.android.settings.UsbSettings](this:0xb7084418,id:52,api:0,p:-1,c:135) getReleasedBuffers: returning mask 0xffffffff
I/GLConsumer(  135): [com.android.settings/com.android.settings.UsbSettings](this:0xb708d978,api:0) destroying EGLImage dpy=0x1 img=0x10000002
I/GLConsumer(  135): [com.android.settings/com.android.settings.UsbSettings](this:0xb708d978,api:0) destroying EGLImage dpy=0x1 img=0x10000004
I/GraphicBuffer(  135): free buffer (w:480 h:854 f:1) handle(0xb7098758)
I/GLConsumer(  135): [com.android.settings/com.android.settings.UsbSettings](this:0xb708d978,api:0) destroying EGLImage dpy=0x1 img=0x10000005
I/GraphicBuffer(  135): free buffer (w:480 h:854 f:1) handle(0xb70ae730)
I/GLConsumer(  135): [com.android.settings/com.android.settings.UsbSettings](this:0xb708d978,api:0) destroying EGLImage dpy=0x1 img=0x10000006
I/GraphicBuffer(  135): free buffer (w:480 h:854 f:1) handle(0xb7071d10)
D/IPCThreadState(  135): [DN #5] BR_CLEAR_DEATH_NOTIFICATION_DONE cookie 0xb707ea60
V/ActivityManager(  649): ACT-Activity idle: Token{421f5d90 ActivityRecord{425acb48 u0 com.acer.shell.home/.Launcher t4}}
D/PowerManagerService(  649): releaseWakeLockInternal: lock=1106266744 [ActivityManager-Launch], flags=0x0, total_time=167ms
D/PowerManagerNotifier(  649): onWakeLockReleased: flags=1, tag="ActivityManager-Launch", packageName=android, ownerUid=1000, ownerPid=649, workSource=null
D/PowerManagerService(  649): updateWakeLockSummaryLocked: mWakefulness=Awake, mWakeLockSummary=0x0
D/PowerManagerService(  649): newScreenState = 2
D/PowerManagerDisplayController(  649): requestPowerState: screenState=2, useProximitySensor=false, forceProximitySensorEnable=false, forceWakeUpEnable=false, screenBrightness=102, screenAutoBrightnessAdjustment=0.0, useAutoBrightness=true, useEcoBrightness=false, blockScreenOn=false, waitForNegativeProximity=false
I/PowerManagerService(  649): setBrightness mButtonLight, screenBrightness=102
D/PowerManagerService(  649): updateScreenStateLocked: mDisplayReady=true, newScreenState=2, mWakefulness=1, mWakeLockSummary=0x0, mUserActivitySummary=0x5, mBootCompleted=true
D/PowerManagerService(  649): Releasing suspend blocker "PowerManagerService.WakeLocks".
D/PowerManagerService(  649): handleSandman: canDream=false, mWakefulness=Awake
V/ActivityManager(  649): ensureActivitiesVisibleLocked: consider front
V/ActivityManager(  649): ensureActivitiesVisibleLocked: consider back
D/OpenGLRenderer(  858): prepareDirty (0.00, 0.00, 480.00, 38.00) opaque 0 <0x61c46008>
D/OpenGLRenderer(  858): clear (0.00, 38 - 38.00 = 0.00, 480.00 - 0.00 = 480.00, 38.00 - 0.00 = 38.00) opaque 0 <0x61c46008>
I/GLConsumer(  135): [com.android.settings/com.android.settings.UsbSettings](this:0xb708d978,api:0) [void* android::GLConsumer::createImage(EGLDisplay, const android::sp<android::GraphicBuffer>&, const android::Rect&)]
D/GLConsumer(  135):     GraphicBuffer: gb=0xb709a958 handle=0xb70b6720 fmt=1
D/GLConsumer(  135):     EGLImage: dpy=0x1, img=0x10000002
I/BufferQueue(  135): [FrameBufferSurface_0](this:0xb7068088,id:0,api:1,p:135,c:135) [release] fps:1.20, dur:5819.76, max:5715.75, min:16.66
I/BufferQueue(  135): [FrameBufferSurface_0](this:0xb7068088,id:0,api:1,p:135,c:135) [queue] fps:1.20, dur:5819.74, max:5715.80, min:16.59
D/OpenGLRenderer(  858): finish <0x61c46008>
I/BufferQueue(  135): [StatusBar](this:0xb7080918,id:6,api:1,p:858,c:135) [queue] fps:0.57, dur:3500.87, max:3484.84, min:16.03
D/OpenGLRenderer(  858): prepareDirty (0.00, 0.00, 480.00, 38.00) opaque 0 <0x61c46008>
D/OpenGLRenderer(  858): clear (0.00, 38 - 38.00 = 0.00, 480.00 - 0.00 = 480.00, 38.00 - 0.00 = 38.00) opaque 0 <0x61c46008>
D/OpenGLRenderer(  858): finish <0x61c46008>
I/BufferQueue(  135): [StatusBar](this:0xb7080918,id:6,api:1,p:858,c:135) [release] fps:0.57, dur:3503.64, max:3486.16, min:17.48
I/GLConsumer(  135): [com.android.settings/com.android.settings.UsbSettings](this:0xb708d978,api:0) [void* android::GLConsumer::createImage(EGLDisplay, const android::sp<android::GraphicBuffer>&, const android::Rect&)]
D/GLConsumer(  135):     GraphicBuffer: gb=0xb709a958 handle=0xb70b6720 fmt=1
D/GLConsumer(  135):     EGLImage: dpy=0x1, img=0x10000002
D/OpenGLRenderer(  858): prepareDirty (0.00, 0.00, 480.00, 38.00) opaque 0 <0x61c46008>
D/OpenGLRenderer(  858): clear (0.00, 38 - 38.00 = 0.00, 480.00 - 0.00 = 480.00, 38.00 - 0.00 = 38.00) opaque 0 <0x61c46008>
D/OpenGLRenderer(  858): finish <0x61c46008>
I/GLConsumer(  135): [com.android.settings/com.android.settings.UsbSettings](this:0xb708d978,api:0) [void* android::GLConsumer::createImage(EGLDisplay, const android::sp<android::GraphicBuffer>&, const android::Rect&)]
D/GLConsumer(  135):     GraphicBuffer: gb=0xb709a958 handle=0xb70b6720 fmt=1
D/GLConsumer(  135):     EGLImage: dpy=0x1, img=0x10000002
D/OpenGLRenderer(  858): prepareDirty (0.00, 0.00, 480.00, 38.00) opaque 0 <0x61c46008>
D/OpenGLRenderer(  858): clear (0.00, 38 - 38.00 = 0.00, 480.00 - 0.00 = 480.00, 38.00 - 0.00 = 38.00) opaque 0 <0x61c46008>
D/OpenGLRenderer(  858): finish <0x61c46008>
I/GLConsumer(  135): [com.android.settings/com.android.settings.UsbSettings](this:0xb708d978,api:0) [void* android::GLConsumer::createImage(EGLDisplay, const android::sp<android::GraphicBuffer>&, const android::Rect&)]
D/GLConsumer(  135):     GraphicBuffer: gb=0xb709a958 handle=0xb70b6720 fmt=1
D/GLConsumer(  135):     EGLImage: dpy=0x1, img=0x10000002
D/OpenGLRenderer(  858): prepareDirty (0.00, 0.00, 480.00, 38.00) opaque 0 <0x61c46008>
D/OpenGLRenderer(  858): clear (0.00, 38 - 38.00 = 0.00, 480.00 - 0.00 = 480.00, 38.00 - 0.00 = 38.00) opaque 0 <0x61c46008>
D/OpenGLRenderer(  858): finish <0x61c46008>
I/GLConsumer(  135): [com.android.settings/com.android.settings.UsbSettings](this:0xb708d978,api:0) [void* android::GLConsumer::createImage(EGLDisplay, const android::sp<android::GraphicBuffer>&, const android::Rect&)]
D/GLConsumer(  135):     GraphicBuffer: gb=0xb709a958 handle=0xb70b6720 fmt=1
D/GLConsumer(  135):     EGLImage: dpy=0x1, img=0x10000002
D/OpenGLRenderer(  858): prepareDirty (0.00, 0.00, 480.00, 38.00) opaque 0 <0x61c46008>
D/OpenGLRenderer(  858): clear (0.00, 38 - 38.00 = 0.00, 480.00 - 0.00 = 480.00, 38.00 - 0.00 = 38.00) opaque 0 <0x61c46008>
D/OpenGLRenderer(  858): finish <0x61c46008>
I/GLConsumer(  135): [com.android.settings/com.android.settings.UsbSettings](this:0xb708d978,api:0) [void* android::GLConsumer::createImage(EGLDisplay, const android::sp<android::GraphicBuffer>&, const android::Rect&)]
D/GLConsumer(  135):     GraphicBuffer: gb=0xb709a958 handle=0xb70b6720 fmt=1
D/GLConsumer(  135):     EGLImage: dpy=0x1, img=0x10000002
D/OpenGLRenderer(  858): prepareDirty (0.00, 0.00, 480.00, 38.00) opaque 0 <0x61c46008>
D/OpenGLRenderer(  858): clear (0.00, 38 - 38.00 = 0.00, 480.00 - 0.00 = 480.00, 38.00 - 0.00 = 38.00) opaque 0 <0x61c46008>
D/OpenGLRenderer(  858): finish <0x61c46008>
D/OpenGLRenderer(  858): prepareDirty (0.00, 0.00, 480.00, 38.00) opaque 0 <0x61c46008>
D/OpenGLRenderer(  858): clear (0.00, 38 - 38.00 = 0.00, 480.00 - 0.00 = 480.00, 38.00 - 0.00 = 38.00) opaque 0 <0x61c46008>
D/OpenGLRenderer(  858): finish <0x61c46008>
D/OpenGLRenderer(  858): prepareDirty (0.00, 0.00, 480.00, 38.00) opaque 0 <0x61c46008>
D/OpenGLRenderer(  858): clear (0.00, 38 - 38.00 = 0.00, 480.00 - 0.00 = 480.00, 38.00 - 0.00 = 38.00) opaque 0 <0x61c46008>
D/OpenGLRenderer(  858): finish <0x61c46008>
W/InputReader(  649): outer ID:0, tracking ID:-1, pointer count:16
W/InputReader(  649): inCount:16, pointer count:1
D/WindowManager(  649): interceptKeyTq keycode=4 screenIsOn=true keyguardActive=false policyFlags = #2000100 down =true canceled = false isWakeKey=false mVolumeDownKeyTriggered =false mVolumeUpKeyTriggered =false
V/Provider/Settings(  649): get setting for user -2 by user 0 so skipping cache
V/SettingsProvider(  649):    access setting for user 0
V/SettingsProvider(  649): call(system:haptic_feedback_enabled) for 0
D/SettingsProvider(  649): lookupValue table system cache contains Key haptic_feedback_enabled , value = Bundle[{value=1}]
V/Provider/Settings(  649): from db cache, name = haptic_feedback_enabled , value = 1
I/Provider/Settings(  649): call-query of user -2 by 0 so not updating cache
D/AppOps  (  649): startOperation: allowing code 3 uid 1000 package android
V/Provider/Settings(  649): get setting for user -2 by user 0 so skipping cache
V/SettingsProvider(  649):    access setting for user 0
V/SettingsProvider(  649): call(system:haptic_feedback_enabled) for 0
D/SettingsProvider(  649): lookupValue table system cache contains Key haptic_feedback_enabled , value = Bundle[{value=1}]
V/Provider/Settings(  649): from db cache, name = haptic_feedback_enabled , value = 1
I/Provider/Settings(  649): call-query of user -2 by 0 so not updating cache
D/OpenGLRenderer(  858): prepareDirty (0.00, 0.00, 480.00, 38.00) opaque 0 <0x61c46008>
D/AppOps  (  649): startOperation: allowing code 3 uid 1000 package android
D/OpenGLRenderer(  858): clear (0.00, 38 - 38.00 = 0.00, 480.00 - 0.00 = 480.00, 38.00 - 0.00 = 38.00) opaque 0 <0x61c46008>
D/PowerManagerService(  649): userActivityFromNative
D/PowerManagerService(  649): userActivityNoUpdateLocked: eventTime=657488, event=1, flags=0x0, uid=1000
D/PowerManagerNotifier(  649): onUserActivity: event=1, uid=1000
D/PowerManagerService(  649): updateUserActivitySummaryLocked: mWakefulness=Awake, mUserActivitySummary=0x5, nextTimeout=665488 (in 7992 ms)
D/PowerManagerService(  649): newScreenState = 2
D/PowerManagerDisplayController(  649): requestPowerState: screenState=2, useProximitySensor=false, forceProximitySensorEnable=false, forceWakeUpEnable=false, screenBrightness=102, screenAutoBrightnessAdjustment=0.0, useAutoBrightness=true, useEcoBrightness=false, blockScreenOn=false, waitForNegativeProximity=false
I/PowerManagerService(  649): setBrightness mButtonLight, screenBrightness=102
D/PowerManagerService(  649): updateScreenStateLocked: mDisplayReady=true, newScreenState=2, mWakefulness=1, mWakeLockSummary=0x0, mUserActivitySummary=0x5, mBootCompleted=true
D/PowerManagerService(  649): handleSandman: canDream=false, mWakefulness=Awake
D/KeyguardViewMediator(  858): isInputRestricted: showing=false, needReshow=false, provisioned=true
D/OpenGLRenderer(  858): finish <0x61c46008>
D/WindowManager(  649): interceptKeyTi keyCode=4 down=true repeatCount=0 keyguardOn=false mHomePressed=false canceled=false metaState:0m_MenuLongPressfalse
W/InputReader(  649): outer ID:0, tracking ID:-1, pointer count:16
W/InputReader(  649): inCount:16, pointer count:1
I/View    ( 4294): Key down dispatch to com.acer.shell.home.AppsCustomizeTabHost{421a1c98 VFE..... .F...... 0,38-480,854 #7f0f0037 app:id/apps_customize_pane}, event = KeyEvent { action=ACTION_DOWN, keyCode=KEYCODE_BACK, scanCode=158, metaState=0, flags=0x48, repeatCount=0, eventTime=657488, downTime=657488, deviceId=3, source=0x101 }
D/OpenGLRenderer(  858): prepareDirty (0.00, 0.00, 480.00, 38.00) opaque 0 <0x61c46008>
D/OpenGLRenderer(  858): clear (0.00, 38 - 38.00 = 0.00, 480.00 - 0.00 = 480.00, 38.00 - 0.00 = 38.00) opaque 0 <0x61c46008>
W/InputReader(  649): outer ID:0, tracking ID:-1, pointer count:16
W/InputReader(  649): inCount:16, pointer count:1
D/OpenGLRenderer(  858): finish <0x61c46008>
W/InputReader(  649): outer ID:0, tracking ID:-1, pointer count:16
W/InputReader(  649): inCount:16, pointer count:1
D/OpenGLRenderer(  858): prepareDirty (0.00, 0.00, 480.00, 38.00) opaque 0 <0x61c46008>
D/OpenGLRenderer(  858): clear (0.00, 38 - 38.00 = 0.00, 480.00 - 0.00 = 480.00, 38.00 - 0.00 = 38.00) opaque 0 <0x61c46008>
D/OpenGLRenderer(  858): finish <0x61c46008>
W/InputReader(  649): outer ID:0, tracking ID:-1, pointer count:16
W/InputReader(  649): inCount:16, pointer count:1
D/OpenGLRenderer(  858): prepareDirty (0.00, 0.00, 480.00, 38.00) opaque 0 <0x61c46008>
D/ActivityManager(  649): ACT-IDLE_NOW_MSG from windowsVisible() for idle: ActivityRecord{425acb48 u0 com.acer.shell.home/.Launcher t4}
V/ActivityManager(  649): ACT-Activity idle: null
V/ActivityManager(  649): ensureActivitiesVisibleLocked: consider front
V/ActivityManager(  649): ensureActivitiesVisibleLocked: consider back
D/OpenGLRenderer(  858): clear (0.00, 38 - 38.00 = 0.00, 480.00 - 0.00 = 480.00, 38.00 - 0.00 = 38.00) opaque 0 <0x61c46008>
W/InputReader(  649): outer ID:0, tracking ID:-1, pointer count:16
W/InputReader(  649): inCount:16, pointer count:1
D/OpenGLRenderer( 4973): Flushing caches (mode 1)
D/NetworkPolicy(  649): onRecv: MSG_FOREGROUND_ACTIVITIES_CHANGED pid:uid:act=4973:1000:false
D/OpenGLRenderer(  858): finish <0x61c46008>
D/PreferenceFragment( 4973): onStop, this = UsbSettings{422d0c28 #0 id=0x10202fe}
D/PreferenceActivity( 4973): onStop
D/PreferenceFragment( 4973): onDestroyView, this = UsbSettings{422d0c28 #0 id=0x10202fe}
D/PreferenceFragment( 4973): onDestroy, this = UsbSettings{422d0c28 #0 id=0x10202fe}
D/PreferenceActivity( 4973): onDestroy
D/OpenGLRenderer( 4973): Flushing caches (mode 0)
D/IPCThreadState(  649): [DN #5] BR_CLEAR_DEATH_NOTIFICATION_DONE cookie 0x62990a28
I/BufferQueue(  135): [com.android.settings/com.android.settings.UsbSettings](this:0xb7084418,id:52,api:0,p:-1,c:-1) consumerDisconnect
I/BufferQueue(  135): [com.android.settings/com.android.settings.UsbSettings](this:0xb7084418,id:52,api:0,p:-1,c:-1) ~BufferQueue
I/GraphicBuffer(  135): free buffer (w:480 h:854 f:1) handle(0xb70b6720)
W/InputReader(  649): outer ID:0, tracking ID:-1, pointer count:16
W/InputReader(  649): inCount:16, pointer count:1
D/OpenGLRenderer(  858): prepareDirty (0.00, 0.00, 480.00, 38.00) opaque 0 <0x61c46008>
D/OpenGLRenderer(  858): clear (0.00, 38 - 38.00 = 0.00, 480.00 - 0.00 = 480.00, 38.00 - 0.00 = 38.00) opaque 0 <0x61c46008>
D/ActivityThread( 4973): ACT-DESTROY_ACTIVITY handled : 1 / android.os.BinderProxy@422bdc70
D/OpenGLRenderer(  858): finish <0x61c46008>
W/InputReader(  649): outer ID:0, tracking ID:-1, pointer count:16
W/InputReader(  649): inCount:16, pointer count:1
I/BufferQueue(  135): [DimLayer](this:0xb7082920,id:38,api:0,p:-1,c:-1) consumerDisconnect
I/BufferQueue(  135): [DimLayer](this:0xb7070c20,id:37,api:0,p:-1,c:-1) consumerDisconnect
I/BufferQueue(  135): [DimLayer](this:0xb7082920,id:38,api:0,p:-1,c:-1) ~BufferQueue
I/BufferQueue(  135): [DimLayer](this:0xb7070c20,id:37,api:0,p:-1,c:-1) ~BufferQueue
D/OpenGLRenderer(  858): prepareDirty (0.00, 0.00, 480.00, 38.00) opaque 0 <0x61c46008>
D/OpenGLRenderer(  858): clear (0.00, 38 - 38.00 = 0.00, 480.00 - 0.00 = 480.00, 38.00 - 0.00 = 38.00) opaque 0 <0x61c46008>
D/OpenGLRenderer(  858): finish <0x61c46008>
W/InputReader(  649): outer ID:0, tracking ID:-1, pointer count:16
W/InputReader(  649): inCount:16, pointer count:1
W/InputReader(  649): outer ID:0, tracking ID:-1, pointer count:16
W/InputReader(  649): inCount:16, pointer count:1
D/OpenGLRenderer(  858): prepareDirty (0.00, 0.00, 480.00, 38.00) opaque 0 <0x61c46008>
D/OpenGLRenderer(  858): clear (0.00, 38 - 38.00 = 0.00, 480.00 - 0.00 = 480.00, 38.00 - 0.00 = 38.00) opaque 0 <0x61c46008>
D/OpenGLRenderer(  858): finish <0x61c46008>
W/InputReader(  649): outer ID:0, tracking ID:-1, pointer count:16
W/InputReader(  649): inCount:16, pointer count:1
D/OpenGLRenderer(  858): prepareDirty (0.00, 0.00, 480.00, 38.00) opaque 0 <0x61c46008>
D/OpenGLRenderer(  858): clear (0.00, 38 - 38.00 = 0.00, 480.00 - 0.00 = 480.00, 38.00 - 0.00 = 38.00) opaque 0 <0x61c46008>
D/OpenGLRenderer(  858): finish <0x61c46008>
D/OpenGLRenderer(  858): prepareDirty (0.00, 0.00, 480.00, 38.00) opaque 0 <0x61c46008>
D/OpenGLRenderer(  858): clear (0.00, 38 - 38.00 = 0.00, 480.00 - 0.00 = 480.00, 38.00 - 0.00 = 38.00) opaque 0 <0x61c46008>
W/InputReader(  649): inCount:16, pointer count:0
D/OpenGLRenderer(  858): finish <0x61c46008>
D/WindowManager(  649): interceptKeyTq keycode=4 screenIsOn=true keyguardActive=false policyFlags = #2000100 down =false canceled = false isWakeKey=false mVolumeDownKeyTriggered =false mVolumeUpKeyTriggered =false
D/KeyguardViewMediator(  858): isInputRestricted: showing=false, needReshow=false, provisioned=true
D/WindowManager(  649): interceptKeyTi keyCode=4 down=false repeatCount=0 keyguardOn=false mHomePressed=false canceled=false metaState:0m_MenuLongPressfalse
D/OpenGLRenderer( 4294): prepareDirty (0.00, 0.00, 480.00, 816.00) opaque 0 <0x61ca8150>
D/OpenGLRenderer( 4294): finish <0x61ca8150>
I/BufferQueue(  135): [com.acer.shell.home/com.acer.shell.home.Launcher](this:0xb70b23c0,id:53,api:1,p:4294,c:135) new GraphicBuffer needed
D/BufferQueue(  135):     [OLD] gb:NULL
I/GraphicBuffer(  135): allocate buffer (w:480 h:854 f:1) handle(0xb70833d8) err(0)
I/BufferQueue(  135):     [NEW] gb=0xb707bca0, handle=0xb70833d8, w=480, h=854, s=480, fmt=1
D/GraphicBuffer( 4294): create handle(0x62a85c60) (w:480, h:854, f:1)
D/OpenGLRenderer( 4294): prepareDirty (0.00, 0.00, 480.00, 854.00) opaque 0 <0x60f497f0>
D/OpenGLRenderer( 4294): prepareDirty (0.00, 0.00, 480.00, 95.00) opaque 0 <0x61ca5678>
D/OpenGLRenderer( 4294): finish <0x61ca5678>
D/OpenGLRenderer( 4294): prepareDirty (0.00, 0.00, 480.00, 816.00) opaque 0 <0x61ca8150>
D/OpenGLRenderer( 4294): clear (0.00, 816 - 816.00 = 0.00, 480.00 - 0.00 = 480.00, 816.00 - 0.00 = 816.00) opaque 0 <0x61ca8150>
D/OpenGLRenderer( 4294): finish <0x61ca8150>
D/OpenGLRenderer( 4294): clear (0.00, 854 - 854.00 = 0.00, 480.00 - 0.00 = 480.00, 854.00 - 0.00 = 854.00) opaque 0 <0x60f497f0>
D/OpenGLRenderer( 4294): finish <0x60f497f0>
I/GLConsumer(  135): [com.acer.shell.home/com.acer.shell.home.Launcher](this:0xb707eab0,api:1) [void* android::GLConsumer::createImage(EGLDisplay, const android::sp<android::GraphicBuffer>&, const android::Rect&)]
D/GLConsumer(  135):     GraphicBuffer: gb=0xb707bca0 handle=0xb70833d8 fmt=1
D/GLConsumer(  135):     EGLImage: dpy=0x1, img=0x10000002
I/BufferQueue(  135): [com.acer.shell.home/com.acer.shell.home.Launcher](this:0xb70b23c0,id:53,api:1,p:4294,c:135) new GraphicBuffer needed
D/BufferQueue(  135):     [OLD] gb:NULL
I/GraphicBuffer(  135): allocate buffer (w:480 h:854 f:1) handle(0xb707bfe8) err(0)
I/BufferQueue(  135):     [NEW] gb=0xb70715f8, handle=0xb707bfe8, w=480, h=854, s=480, fmt=1
D/GraphicBuffer( 4294): create handle(0x62385450) (w:480, h:854, f:1)
D/OpenGLRenderer( 4294): prepareDirty (0.00, 0.00, 480.00, 854.00) opaque 0 <0x60f497f0>
D/OpenGLRenderer( 4294): clear (0.00, 854 - 854.00 = 0.00, 480.00 - 0.00 = 480.00, 854.00 - 0.00 = 854.00) opaque 0 <0x60f497f0>
D/OpenGLRenderer( 4294): finish <0x60f497f0>
I/GLConsumer(  135): [com.acer.shell.home/com.acer.shell.home.Launcher](this:0xb707eab0,api:1) [void* android::GLConsumer::createImage(EGLDisplay, const android::sp<android::GraphicBuffer>&, const android::Rect&)]
D/GLConsumer(  135):     GraphicBuffer: gb=0xb70715f8 handle=0xb707bfe8 fmt=1
D/GLConsumer(  135):     EGLImage: dpy=0x1, img=0x10000004
I/BufferQueue(  135): [com.acer.shell.home/com.acer.shell.home.Launcher](this:0xb70b23c0,id:53,api:1,p:4294,c:135) new GraphicBuffer needed
D/BufferQueue(  135):     [OLD] gb:NULL
I/GraphicBuffer(  135): allocate buffer (w:480 h:854 f:1) handle(0xb7073790) err(0)
I/BufferQueue(  135):     [NEW] gb=0xb7098a30, handle=0xb7073790, w=480, h=854, s=480, fmt=1
D/GraphicBuffer( 4294): create handle(0x615dbd58) (w:480, h:854, f:1)
D/OpenGLRenderer( 4294): prepareDirty (0.00, 0.00, 480.00, 854.00) opaque 0 <0x60f497f0>
D/OpenGLRenderer( 4294): clear (0.00, 854 - 854.00 = 0.00, 480.00 - 0.00 = 480.00, 854.00 - 0.00 = 854.00) opaque 0 <0x60f497f0>
D/OpenGLRenderer( 4294): finish <0x60f497f0>
I/GLConsumer(  135): [com.acer.shell.home/com.acer.shell.home.Launcher](this:0xb707eab0,api:1) [void* android::GLConsumer::createImage(EGLDisplay, const android::sp<android::GraphicBuffer>&, const android::Rect&)]
D/GLConsumer(  135):     GraphicBuffer: gb=0xb7098a30 handle=0xb7073790 fmt=1
D/GLConsumer(  135):     EGLImage: dpy=0x1, img=0x10000005
D/OpenGLRenderer( 4294): prepareDirty (0.00, 0.00, 480.00, 854.00) opaque 0 <0x60f497f0>
D/OpenGLRenderer( 4294): clear (0.00, 854 - 854.00 = 0.00, 480.00 - 0.00 = 480.00, 854.00 - 0.00 = 854.00) opaque 0 <0x60f497f0>
D/OpenGLRenderer( 4294): finish <0x60f497f0>
D/OpenGLRenderer( 4294): prepareDirty (0.00, 0.00, 480.00, 854.00) opaque 0 <0x60f497f0>
D/OpenGLRenderer( 4294): clear (0.00, 854 - 854.00 = 0.00, 480.00 - 0.00 = 480.00, 854.00 - 0.00 = 854.00) opaque 0 <0x60f497f0>
D/OpenGLRenderer( 4294): finish <0x60f497f0>
D/OpenGLRenderer( 4294): prepareDirty (0.00, 0.00, 480.00, 669.00) opaque 0 <0x62380108>
D/OpenGLRenderer( 4294): finish <0x62380108>
D/OpenGLRenderer( 4294): prepareDirty (0.00, 0.00, 480.00, 669.00) opaque 0 <0x62380108>
D/OpenGLRenderer( 4294): clear (0.00, 669 - 669.00 = 0.00, 480.00 - 0.00 = 480.00, 669.00 - 0.00 = 669.00) opaque 0 <0x62380108>
D/OpenGLRenderer( 4294): finish <0x62380108>
D/OpenGLRenderer( 4294): prepareDirty (0.00, 0.00, 480.00, 854.00) opaque 0 <0x60f497f0>
D/OpenGLRenderer( 4294): prepareDirty (0.00, 0.00, 480.00, 669.00) opaque 0 <0x62380108>
D/OpenGLRenderer( 4294): clear (0.00, 669 - 669.00 = 0.00, 480.00 - 0.00 = 480.00, 669.00 - 0.00 = 669.00) opaque 0 <0x62380108>
D/OpenGLRenderer( 4294): finish <0x62380108>
D/OpenGLRenderer( 4294): clear (0.00, 854 - 854.00 = 0.00, 480.00 - 0.00 = 480.00, 854.00 - 0.00 = 854.00) opaque 0 <0x60f497f0>
D/OpenGLRenderer( 4294): finish <0x60f497f0>
D/OpenGLRenderer( 4294): prepareDirty (0.00, 0.00, 480.00, 854.00) opaque 0 <0x60f497f0>
D/OpenGLRenderer( 4294): clear (0.00, 854 - 854.00 = 0.00, 480.00 - 0.00 = 480.00, 854.00 - 0.00 = 854.00) opaque 0 <0x60f497f0>
D/OpenGLRenderer( 4294): finish <0x60f497f0>
D/OpenGLRenderer( 4294): prepareDirty (0.00, 0.00, 480.00, 854.00) opaque 0 <0x60f497f0>
D/OpenGLRenderer( 4294): clear (0.00, 854 - 854.00 = 0.00, 480.00 - 0.00 = 480.00, 854.00 - 0.00 = 854.00) opaque 0 <0x60f497f0>
D/OpenGLRenderer( 4294): finish <0x60f497f0>
D/OpenGLRenderer( 4294): prepareDirty (0.00, 0.00, 480.00, 854.00) opaque 0 <0x60f497f0>
D/OpenGLRenderer( 4294): clear (0.00, 854 - 854.00 = 0.00, 480.00 - 0.00 = 480.00, 854.00 - 0.00 = 854.00) opaque 0 <0x60f497f0>
D/OpenGLRenderer( 4294): finish <0x60f497f0>
D/OpenGLRenderer( 4294): prepareDirty (0.00, 0.00, 480.00, 854.00) opaque 0 <0x60f497f0>
D/OpenGLRenderer( 4294): clear (0.00, 854 - 854.00 = 0.00, 480.00 - 0.00 = 480.00, 854.00 - 0.00 = 854.00) opaque 0 <0x60f497f0>
D/OpenGLRenderer( 4294): finish <0x60f497f0>
D/OpenGLRenderer( 4294): prepareDirty (0.00, 0.00, 480.00, 854.00) opaque 0 <0x60f497f0>
D/OpenGLRenderer( 4294): clear (0.00, 854 - 854.00 = 0.00, 480.00 - 0.00 = 480.00, 854.00 - 0.00 = 854.00) opaque 0 <0x60f497f0>
D/OpenGLRenderer( 4294): finish <0x60f497f0>
D/OpenGLRenderer( 4294): prepareDirty (0.00, 0.00, 480.00, 854.00) opaque 0 <0x60f497f0>
D/OpenGLRenderer( 4294): clear (0.00, 854 - 854.00 = 0.00, 480.00 - 0.00 = 480.00, 854.00 - 0.00 = 854.00) opaque 0 <0x60f497f0>
D/OpenGLRenderer( 4294): finish <0x60f497f0>
D/OpenGLRenderer( 4294): prepareDirty (0.00, 0.00, 480.00, 854.00) opaque 0 <0x60f497f0>
D/OpenGLRenderer( 4294): clear (0.00, 854 - 854.00 = 0.00, 480.00 - 0.00 = 480.00, 854.00 - 0.00 = 854.00) opaque 0 <0x60f497f0>
D/OpenGLRenderer( 4294): finish <0x60f497f0>
D/OpenGLRenderer( 4294): prepareDirty (0.00, 0.00, 480.00, 854.00) opaque 0 <0x60f497f0>
D/OpenGLRenderer( 4294): clear (0.00, 854 - 854.00 = 0.00, 480.00 - 0.00 = 480.00, 854.00 - 0.00 = 854.00) opaque 0 <0x60f497f0>
D/OpenGLRenderer( 4294): finish <0x60f497f0>
D/OpenGLRenderer( 4294): prepareDirty (0.00, 0.00, 480.00, 854.00) opaque 0 <0x60f497f0>
D/OpenGLRenderer( 4294): clear (0.00, 854 - 854.00 = 0.00, 480.00 - 0.00 = 480.00, 854.00 - 0.00 = 854.00) opaque 0 <0x60f497f0>
D/OpenGLRenderer( 4294): finish <0x60f497f0>
D/OpenGLRenderer( 4294): prepareDirty (0.00, 0.00, 480.00, 854.00) opaque 0 <0x60f497f0>
D/OpenGLRenderer( 4294): clear (0.00, 854 - 854.00 = 0.00, 480.00 - 0.00 = 480.00, 854.00 - 0.00 = 854.00) opaque 0 <0x60f497f0>
D/OpenGLRenderer( 4294): finish <0x60f497f0>
D/OpenGLRenderer( 4294): prepareDirty (0.00, 0.00, 480.00, 854.00) opaque 0 <0x60f497f0>
D/OpenGLRenderer( 4294): clear (0.00, 854 - 854.00 = 0.00, 480.00 - 0.00 = 480.00, 854.00 - 0.00 = 854.00) opaque 0 <0x60f497f0>
D/OpenGLRenderer( 4294): finish <0x60f497f0>
D/OpenGLRenderer( 4294): prepareDirty (0.00, 0.00, 480.00, 854.00) opaque 0 <0x60f497f0>
D/OpenGLRenderer( 4294): clear (0.00, 854 - 854.00 = 0.00, 480.00 - 0.00 = 480.00, 854.00 - 0.00 = 854.00) opaque 0 <0x60f497f0>
D/OpenGLRenderer( 4294): finish <0x60f497f0>
D/OpenGLRenderer( 4294): prepareDirty (0.00, 0.00, 480.00, 854.00) opaque 0 <0x60f497f0>
D/OpenGLRenderer( 4294): clear (0.00, 854 - 854.00 = 0.00, 480.00 - 0.00 = 480.00, 854.00 - 0.00 = 854.00) opaque 0 <0x60f497f0>
D/OpenGLRenderer( 4294): finish <0x60f497f0>
D/OpenGLRenderer( 4294): prepareDirty (0.00, 0.00, 480.00, 854.00) opaque 0 <0x60f497f0>
D/OpenGLRenderer( 4294): clear (0.00, 854 - 854.00 = 0.00, 480.00 - 0.00 = 480.00, 854.00 - 0.00 = 854.00) opaque 0 <0x60f497f0>
D/OpenGLRenderer( 4294): finish <0x60f497f0>
D/OpenGLRenderer( 4294): prepareDirty (0.00, 0.00, 480.00, 854.00) opaque 0 <0x60f497f0>
D/OpenGLRenderer( 4294): clear (0.00, 854 - 854.00 = 0.00, 480.00 - 0.00 = 480.00, 854.00 - 0.00 = 854.00) opaque 0 <0x60f497f0>
D/OpenGLRenderer( 4294): finish <0x60f497f0>
D/OpenGLRenderer( 4294): prepareDirty (0.00, 0.00, 480.00, 854.00) opaque 0 <0x60f497f0>
D/OpenGLRenderer( 4294): clear (0.00, 854 - 854.00 = 0.00, 480.00 - 0.00 = 480.00, 854.00 - 0.00 = 854.00) opaque 0 <0x60f497f0>
D/ADB_SERVICES( 5043): adb fdevent_process list (11) (18) 
D/OpenGLRenderer( 4294): finish <0x60f497f0>
D/OpenGLRenderer( 4294): prepareDirty (0.00, 0.00, 480.00, 854.00) opaque 0 <0x60f497f0>
D/OpenGLRenderer( 4294): clear (0.00, 854 - 854.00 = 0.00, 480.00 - 0.00 = 480.00, 854.00 - 0.00 = 854.00) opaque 0 <0x60f497f0>
D/OpenGLRenderer( 4294): finish <0x60f497f0>
D/OpenGLRenderer( 4294): prepareDirty (0.00, 0.00, 480.00, 854.00) opaque 0 <0x60f497f0>
D/OpenGLRenderer( 4294): clear (0.00, 854 - 854.00 = 0.00, 480.00 - 0.00 = 480.00, 854.00 - 0.00 = 854.00) opaque 0 <0x60f497f0>
D/OpenGLRenderer( 4294): finish <0x60f497f0>
D/OpenGLRenderer( 4294): prepareDirty (0.00, 0.00, 480.00, 854.00) opaque 0 <0x60f497f0>
D/OpenGLRenderer( 4294): clear (0.00, 854 - 854.00 = 0.00, 480.00 - 0.00 = 480.00, 854.00 - 0.00 = 854.00) opaque 0 <0x60f497f0>
D/OpenGLRenderer( 4294): finish <0x60f497f0>
D/OpenGLRenderer( 4294): prepareDirty (0.00, 0.00, 480.00, 854.00) opaque 0 <0x60f497f0>
D/OpenGLRenderer( 4294): clear (0.00, 854 - 854.00 = 0.00, 480.00 - 0.00 = 480.00, 854.00 - 0.00 = 854.00) opaque 0 <0x60f497f0>
D/OpenGLRenderer( 4294): finish <0x60f497f0>
D/OpenGLRenderer( 4294): prepareDirty (0.00, 0.00, 480.00, 854.00) opaque 0 <0x60f497f0>
D/OpenGLRenderer( 4294): clear (0.00, 854 - 85