12-21 11:49:55.602  5040  7224 W ActivityManager: java.lang.ClassCastException: android.os.BinderProxy cannot be cast to com.android.server.am.ActivityRecord$Token
12-21 11:49:55.602  5040  7224 W ActivityManager: 	at com.android.server.am.ActivityRecord.forTokenLocked(ActivityRecord.java:594)
12-21 11:49:55.602  5040  7224 W ActivityManager: 	at com.android.server.am.ActivityRecord.isInStackLocked(ActivityRecord.java:1352)
12-21 11:49:55.602  5040  7224 W ActivityManager: 	at com.android.server.am.ActivityManagerService.getActivityOptions(ActivityManagerService.java:12553)
12-21 11:49:55.602  5040  7224 W ActivityManager: 	at android.app.ActivityManagerNative.onTransact(ActivityManagerNative.java:1933)
12-21 11:49:55.602  5040  7224 W ActivityManager: 	at com.android.server.am.ActivityManagerService.onTransact(ActivityManagerService.java:2794)
12-21 11:49:55.602  5040  7224 W ActivityManager: 	at android.os.Binder.execTransact(Binder.java:565)
12-21 11:50:09.647  5040  5097 I ProcessStatsService: Prepared write state in 8ms
12-21 11:50:09.744  5040  5095 I ProcessStatsService: Pruning old procstats: /data/system/procstats/state-2016-12-15-08-49-16.bin
12-21 11:50:17.012  5040 18544 I ActivityManager: START u0 {flg=0x10804000 cmp=com.android.systemui/.recents.RecentsActivity} from uid 10035 on display 0
12-21 11:50:17.965  5040 18547 I ActivityManager: Killing 9812:android.process.media/u0a13 (adj 906): empty #17
12-21 11:50:17.966  5040 18547 I ActivityManager: Killing 13343:com.makonda.blic/u0a95 (adj 900): remove task
12-21 11:50:17.967  5040 19130 I ActivityManager: START u0 {act=android.intent.action.MAIN cat=[android.intent.category.HOME] flg=0x10200000 cmp=com.teslacoilsw.launcher/.NovaLauncher} from uid 10035 on display 0
12-21 11:50:18.080  5040  9241 I WindowManager: WIN DEATH: Window{8708b81 u0 com.makonda.blic/com.makonda.blic.news.HomePageActivity}
12-21 11:50:18.080  5040  5092 D ConnectivityService: ConnectivityService NetworkRequestInfo binderDied(NetworkRequest [ LISTEN id=133, [ Capabilities: INTERNET&NOT_RESTRICTED&TRUSTED&FOREGROUND] ], android.os.BinderProxy@36f6dc5)
12-21 11:50:18.080  5040  6849 D ConnectivityService: ConnectivityService NetworkRequestInfo binderDied(NetworkRequest [ LISTEN id=132, [ Capabilities: INTERNET&NOT_RESTRICTED&TRUSTED&FOREGROUND] ], android.os.BinderProxy@541f31a)
12-21 11:50:18.081  5040 20954 D ActivityManager: cleanUpApplicationRecord -- 13343
12-21 11:50:18.082  5040  6789 E ConnectivityService: RemoteException caught trying to send a callback msg for NetworkRequest [ LISTEN id=133, [ Capabilities: INTERNET&NOT_RESTRICTED&TRUSTED&FOREGROUND] ]
12-21 11:50:18.083  5040  6789 E ConnectivityService: RemoteException caught trying to send a callback msg for NetworkRequest [ LISTEN id=132, [ Capabilities: INTERNET&NOT_RESTRICTED&TRUSTED&FOREGROUND] ]
12-21 11:50:18.090  5040 17957 D ActivityManager: cleanUpApplicationRecord -- 9812
12-21 11:50:18.877  5040  6464 I PowerManagerService: Going to sleep due to power button (uid 1000)...
12-21 11:50:18.894  5040  5040 V FingerprintService: startAuthentication(com.android.systemui)
12-21 11:50:18.894  5040  5040 V FingerprintService: starting client AuthenticationClient(com.android.systemui), initiatedByClient = true)
12-21 11:50:18.894  5040  5040 W FingerprintService: client com.android.systemui is authenticating...
12-21 11:50:19.437  5040  5113 I DisplayManagerService: Display device changed state: "Built-in Screen", OFF
12-21 11:50:19.443  5040  5113 W LocalDisplayAdapter: Unable to find color mode 0, ignoring request.
12-21 11:50:19.561  5040  5115 I PowerManagerService: Sleeping (uid 1000)...
12-21 11:50:19.569  5040 18544 I ActivityManager: Setting hasTopUi=true for pid=6893
12-21 11:50:19.752  5040  5113 W LocalDisplayAdapter: Unable to find color mode 0, ignoring request.
12-21 11:50:19.754  5040  5113 W LocalDisplayAdapter: Unable to find color mode 0, ignoring request.
12-21 11:54:44.154  5040  5095 I ActivityManager: Start proc 13523:com.google.android.gm/u0a79 for service com.google.android.gm/.provider.MailSyncAdapterService
12-21 11:54:44.270 13523 13540 D ActivityThread: Loading provider com.google.android.gmail.provider;com.android.mail.notifier;com.google.android.gm.email.provider;com.google.android.gm.email.notifier: com.android.email.provider.EmailProvider
12-21 11:54:44.433  5040 18544 W ActivityManager: Unable to start service Intent { cmp=com.google.android.gm.exchange/com.android.exchange.service.EasService } U=0: not found
12-21 11:54:44.560  5040  7543 W ActivityManager: Unable to start service Intent { cmp=com.google.android.gm/com.android.email.service.AttachmentService } U=0: not found
12-21 12:13:19.513  5040  5040 V BackupManagerService: Scheduling immediate backup pass
12-21 12:13:19.514  5040  5040 V BackupManagerService: Running a backup pass
12-21 12:13:19.515  5040  7472 V BackupManagerService: clearing pending backups
12-21 12:13:19.516  5040  7472 V PerformBackupTask: Beginning backup of 4 targets
12-21 12:13:19.526  5040  7472 D PerformBackupTask: invokeAgentForBackup on @pm@
12-21 12:13:19.546  5040  7472 I BackupRestoreController: Getting widget state for user: 0
12-21 12:13:19.549  5040  7472 D PerformBackupTask: starting key/value backup of BackupRequest{pkg=com.android.providers.settings}
12-21 12:13:19.549  5040  7472 D BackupManagerService: awaiting agent for ApplicationInfo{547c2fc com.android.providers.settings}
12-21 12:13:19.551  5040  5040 D BackupManagerService: agentConnected pkg=com.android.providers.settings agent=android.app.backup.BackupAgent$BackupServiceBinder@d98f004
12-21 12:13:19.551  5040  7472 I BackupManagerService: got agent android.app.backup.BackupAgent$BackupServiceBinder@d98f004
12-21 12:13:19.551  5040  7472 D PerformBackupTask: invokeAgentForBackup on com.android.providers.settings
12-21 12:13:19.569  5040  7472 I ActivityManager: Start proc 13648:android.process.media/u0a13 for content provider com.android.providers.media/.MediaProvider
12-21 12:13:19.765  5040  7472 I BackupRestoreController: Getting widget state for user: 0
12-21 12:13:20.671  5040  7472 D PerformBackupTask: starting key/value backup of BackupRequest{pkg=com.android.calllogbackup}
12-21 12:13:20.696  5040  7472 I ActivityManager: Start proc 13668:com.android.calllogbackup/u0a1 for backup com.android.calllogbackup/.CallLogBackupAgent
12-21 12:13:20.696  5040  7472 D BackupManagerService: awaiting agent for ApplicationInfo{1c82ddb com.android.calllogbackup}
12-21 12:13:20.781  5040 19130 D BackupManagerService: agentConnected pkg=com.android.calllogbackup agent=android.os.BinderProxy@f29a5d2
12-21 12:13:20.782  5040  7472 I BackupManagerService: got agent android.app.IBackupAgent$Stub$Proxy@7adc6a3
12-21 12:13:20.782  5040  7472 D PerformBackupTask: invokeAgentForBackup on com.android.calllogbackup
12-21 12:13:20.821  5040  7472 I BackupRestoreController: Getting widget state for user: 0
12-21 12:13:21.707  5040  7472 D PerformBackupTask: starting key/value backup of BackupRequest{pkg=com.google.android.googlequicksearchbox}
12-21 12:13:21.744  5040  7472 I ActivityManager: Start proc 13681:com.google.android.googlequicksearchbox/u0a37 for backup com.google.android.googlequicksearchbox/com.google.android.apps.gsa.launcher.GelBackupAgentHelper
12-21 12:13:21.744  5040  7472 D BackupManagerService: awaiting agent for ApplicationInfo{e87e3f1 com.google.android.googlequicksearchbox}
12-21 12:13:21.934  5040 19130 D BackupManagerService: agentConnected pkg=com.google.android.googlequicksearchbox agent=android.os.BinderProxy@9ff50b8
12-21 12:13:21.934  5040  7472 I BackupManagerService: got agent android.app.IBackupAgent$Stub$Proxy@29d9e91
12-21 12:13:21.934  5040  7472 D PerformBackupTask: invokeAgentForBackup on com.google.android.googlequicksearchbox
12-21 12:13:21.973  5040  7472 V KeyValueBackupJob: Scheduling k/v pass in 244 minutes
12-21 12:13:21.975  5040  7472 I BackupRestoreController: Getting widget state for user: 0
12-21 12:13:21.977  5040  7472 D PerformBackupTask: starting key/value backup of BackupRequest{pkg=android}
12-21 12:13:21.980  5040  7472 D BackupManagerService: awaiting agent for ApplicationInfo{d17ed2 android}
12-21 12:13:21.980  5040  5040 D BackupManagerService: agentConnected pkg=android agent=android.app.backup.BackupAgent$BackupServiceBinder@1a759f7
12-21 12:13:21.980  5040  7472 I BackupManagerService: got agent android.app.backup.BackupAgent$BackupServiceBinder@1a759f7
12-21 12:13:21.980  5040  7472 D PerformBackupTask: invokeAgentForBackup on android
12-21 12:13:22.193  5040  7472 I BackupRestoreController: Getting widget state for user: 0
12-21 12:13:22.698  5040  7472 I BackupManagerService: K/V backup pass finished.
12-21 12:21:01.386  5040  5097 I ActivityManager: Killing 5437:com.google.android.apps.photos/u0a74 (adj 906): empty #17
12-21 12:21:01.476  5040  7559 D ActivityManager: cleanUpApplicationRecord -- 5437
12-21 12:30:45.751  5040 18545 I ActivityManager: Killing 1087:com.android.connectivity.metrics/u0a7 (adj 906): empty #17
12-21 12:30:45.751  5040 18545 I ActivityManager: Killing 11674:com.android.cellbroadcastreceiver/u0a5 (adj 906): empty #18
12-21 12:30:45.804  5040  6849 D ActivityManager: cleanUpApplicationRecord -- 11674
12-21 12:30:45.811  5040  7595 D ActivityManager: cleanUpApplicationRecord -- 1087
12-21 12:30:50.050  5040  6789 D ConnectivityService: NetworkAgentInfo [WIFI () - 236] EVENT_NETWORK_INFO_CHANGED, going from CONNECTED to DISCONNECTED
12-21 12:30:50.050  5040  6789 D ConnectivityService: NetworkAgentInfo [WIFI () - 236] got DISCONNECTED, was satisfying 9
12-21 12:30:50.073  5040  6789 D ConnectivityService: Sending DISCONNECTED broadcast for type 1 NetworkAgentInfo [WIFI () - 236] isDefaultNetwork=true
12-21 12:30:53.808  5040  7543 D ConnectivityService: registerNetworkAgent NetworkAgentInfo{ ni{[type: MOBILE[UMTS], state: CONNECTED/CONNECTED, reason: connected, extra: gprswap, failover: false, available: true, roaming: false, metered: true]}  network{239}  nethandle{1026513619678}  lp{{InterfaceName: rmnet_data0 LinkAddresses: [10.154.68.228/29,]  Routes: [0.0.0.0/0 -> 10.154.68.229 rmnet_data0,] DnsAddresses: [172.21.21.157,172.21.21.158,] Domains: null MTU: 1500 TcpBufferSizes: 4094,87380,1220608,4096,16384,1220608}}  nc{[ Transports: CELLULAR Capabilities: SUPL&INTERNET&NOT_RESTRICTED&TRUSTED&NOT_VPN LinkUpBandwidth>=384Kbps LinkDnBandwidth>=384Kbps Specifier: <1>]}  Score{10}  everValidated{false}  lastValidated{false}  created{false} lingering{false} explicitlySelected{false} acceptUnvalidated{false} everCaptivePortalDetected{false} lastCaptivePortalDetected{false} }
12-21 12:30:53.809  5040  6789 D ConnectivityService: NetworkAgentInfo [MOBILE (UMTS) - 239] EVENT_NETWORK_INFO_CHANGED, going from null to CONNECTED
12-21 12:30:53.811  5040  6789 D ConnectivityService: Adding iface rmnet_data0 to network 239
12-21 12:30:53.812  5040 18947 D NetworkNotificationManager: clearNotification id=65537
12-21 12:30:53.854  5040  6789 D ConnectivityService: Setting DNS servers for network 239 to [/172.21.21.157, /172.21.21.158]
12-21 12:30:53.883  5040  6789 D ConnectivityService: Switching to new default network: NetworkAgentInfo{ ni{[type: MOBILE[UMTS], state: CONNECTED/CONNECTED, reason: connected, extra: gprswap, failover: false, available: true, roaming: false, metered: true]}  network{239}  nethandle{1026513619678}  lp{{InterfaceName: rmnet_data0 LinkAddresses: [10.154.68.228/29,]  Routes: [0.0.0.0/0 -> 10.154.68.229 rmnet_data0,] DnsAddresses: [172.21.21.157,172.21.21.158,] Domains: null MTU: 1500 TcpBufferSizes: 4094,87380,1220608,4096,16384,1220608}}  nc{[ Transports: CELLULAR Capabilities: SUPL&INTERNET&NOT_RESTRICTED&TRUSTED&NOT_VPN&FOREGROUND LinkUpBandwidth>=384Kbps LinkDnBandwidth>=384Kbps Specifier: <1>]}  Score{10}  everValidated{false}  lastValidated{false}  created{true} lingering{false} explicitlySelected{false} acceptUnvalidated{false} everCaptivePortalDetected{false} lastCaptivePortalDetected{false} }
12-21 12:30:53.888  5040  6789 D ConnectivityService: Sending CONNECTED broadcast for type 0 NetworkAgentInfo [MOBILE (UMTS) - 239] isDefaultNetwork=true
12-21 12:30:53.892  5040  6789 D ConnectivityService: sending Proxy Broadcast for [172.17.88.198] 8080
12-21 12:30:53.932  5040 10531 D ConnectivityService: Returning unblocked NetworkInfo to uid=10066
12-21 12:30:53.934  5040  6852 D ConnectivityService: Returning unblocked NetworkInfo to uid=10030
12-21 12:30:54.028  5040 18947 D ConnectivityService: Returning unblocked NetworkInfo to uid=10090
12-21 12:30:54.451  5040 18547 D ConnectivityService: reportNetworkConnectivity(239, true) by 10018
12-21 12:30:54.461  5040 18947 D ConnectivityService: reportNetworkConnectivity(239, true) by 10018
12-21 12:30:54.463  5040 18545 D ConnectivityService: reportNetworkConnectivity(239, true) by 10018
12-21 12:30:54.476  5040  6789 D NetworkNotificationManager: clearNotification id=239
12-21 12:30:54.477  5040  6789 D ConnectivityService: NetworkAgentInfo [MOBILE (UMTS) - 239] validation passed
12-21 12:30:54.574  5040  6789 D NetworkNotificationManager: clearNotification id=239
12-21 12:30:54.574  5040  6789 D ConnectivityService: NetworkAgentInfo [MOBILE (UMTS) - 239] validation passed
12-21 12:33:53.421  5040  5040 I ActivityManager: Killing 12411:com.google.android.gms:snet/u0a18 (adj 906): empty #17
12-21 12:33:53.504  5040  7559 D ActivityManager: cleanUpApplicationRecord -- 12411
12-21 12:36:54.673  5040  5095 D ConnectivityService: requestNetwork for uid/pid:1000/5040 NetworkRequest [ REQUEST id=134, legacyType=3, [ Transports: CELLULAR Capabilities: SUPL&NOT_RESTRICTED&TRUSTED&NOT_VPN] ]
12-21 12:36:54.676  5040  6789 D ConnectivityService: Sending CONNECTED broadcast for type 3 NetworkAgentInfo [MOBILE (UMTS) - 239] isDefaultNetwork=true
12-21 12:36:54.699  5040  5095 D ConnectivityService: Adding legacy route 122.0.0.0/32 -> 10.154.68.229 rmnet_data0 for UID/PID 1000/5040
12-21 12:36:54.702  5040  5095 D ConnectivityService: requestRouteToHostAddress ok=true
12-21 12:36:57.610  5040  6789 D ConnectivityService: releasing NetworkRequest [ REQUEST id=134, legacyType=3, [ Transports: CELLULAR Capabilities: SUPL&NOT_RESTRICTED&TRUSTED&NOT_VPN] ]
12-21 12:36:57.611  5040  6789 D ConnectivityService: Sending DISCONNECTED broadcast for type 3 NetworkAgentInfo [MOBILE (UMTS) - 239] isDefaultNetwork=false
12-21 12:38:50.859  5040  5100 E BatteryStatsService: no controller energy info supplied
12-21 12:39:36.886  5040  5095 I UsageStatsService: User[0] Flushing usage stats to disk
12-21 12:58:56.410  5040 20953 E BatteryStatsService: no controller energy info supplied
12-21 13:01:34.397  5040  5040 I ActivityManager: Start proc 14331:com.android.connectivity.metrics/u0a7 for service com.android.connectivity.metrics/.TelecommJobService
12-21 13:05:41.350  5040  5100 E BatteryStatsService: no controller energy info supplied
12-21 13:07:36.462  5040  5095 I ActivityManager: Start proc 14367:com.google.android.keep/u0a131 for service com.google.android.keep/.syncadapter.KeepSyncAdapterService
12-21 13:07:36.492  5040  5095 I ActivityManager: Start proc 14380:com.google.android.calendar/u0a45 for service com.google.android.calendar/com.google.android.syncadapters.calendar.CalendarSyncAdapterService
12-21 13:07:36.620  5040 20953 I ActivityManager: Start proc 14409:com.android.providers.calendar/u0a2 for content provider com.android.providers.calendar/.CalendarProvider2
12-21 13:07:36.853  5040  7559 W AppOps  : Bad call: specified package com.google.android.gms under uid 10131 but it is really 10018
12-21 13:07:36.853  5040  7559 W AppOps  : java.lang.RuntimeException: here
12-21 13:07:36.853  5040  7559 W AppOps  : 	at com.android.server.AppOpsService.getOpsRawLocked(AppOpsService.java:1257)
12-21 13:07:36.853  5040  7559 W AppOps  : 	at com.android.server.AppOpsService.checkPackage(AppOpsService.java:976)
12-21 13:07:36.853  5040  7559 W AppOps  : 	at com.android.internal.app.IAppOpsService$Stub.onTransact(IAppOpsService.java:169)
12-21 13:07:36.853  5040  7559 W AppOps  : 	at android.os.Binder.execTransact(Binder.java:565)
12-21 13:07:43.455  5040  6849 I ActivityManager: Killing 12515:com.google.android.gms.ui/u0a18 (adj 906): empty #17
12-21 13:07:43.482  5040 17957 D ActivityManager: cleanUpApplicationRecord -- 12515
12-21 13:08:17.554  5040  6849 D ConnectivityService: Returning blocked NetworkInfo to uid=10085
12-21 13:08:28.430  5040  5040 I ActivityManager: Killing 12902:com.google.android.gms.feedback/u0a18 (adj 906): empty #17
12-21 13:08:28.491  5040  6849 D ActivityManager: cleanUpApplicationRecord -- 12902
12-21 13:08:28.492  5040  6849 W ActivityManager: Scheduling restart of crashed service com.google.android.gms/.feedback.FeedbackService in 1000ms
12-21 13:08:29.537  5040  5097 I ActivityManager: Start proc 14527:com.google.android.gms.feedback/u0a18 for service com.google.android.gms/.feedback.FeedbackService
12-21 13:08:29.842  5040 18947 I ActivityManager: Killing 12879:com.google.android.contacts/u0a19 (adj 906): empty #17
12-21 13:08:29.888  5040 18547 D ActivityManager: cleanUpApplicationRecord -- 12879
12-21 13:08:39.628  5040 20953 I ActivityManager: Killing 13523:com.google.android.gm/u0a79 (adj 906): empty #17
12-21 13:08:39.745  5040  7541 D ActivityManager: cleanUpApplicationRecord -- 13523
12-21 13:08:46.984  5040  6785 D ConnectivityService: registerNetworkAgent NetworkAgentInfo{ ni{[type: WIFI[], state: CONNECTING/CONNECTING, reason: (unspecified), extra: "hope_this_works", failover: false, available: true, roaming: false, metered: false]}  network{240}  nethandle{1030808586974}  lp{{LinkAddresses: []  Routes: [] DnsAddresses: [] Domains: null MTU: 0}}  nc{[ Transports: WIFI Capabilities: NOT_METERED&INTERNET&NOT_RESTRICTED&TRUSTED&NOT_VPN LinkUpBandwidth>=1048576Kbps LinkDnBandwidth>=1048576Kbps]}  Score{20}  everValidated{false}  lastValidated{false}  created{false} lingering{false} explicitlySelected{false} acceptUnvalidated{false} everCaptivePortalDetected{false} lastCaptivePortalDetected{false} }
12-21 13:08:46.985  5040  6789 D ConnectivityService: NetworkAgentInfo [WIFI () - 240] EVENT_NETWORK_INFO_CHANGED, going from null to CONNECTING
12-21 13:08:53.262  5040  6789 D ConnectivityService: NetworkAgentInfo [WIFI () - 240] EVENT_NETWORK_INFO_CHANGED, going from CONNECTING to CONNECTED
12-21 13:08:53.265  5040  6789 D ConnectivityService: Adding iface wlan0 to network 240
12-21 13:08:53.321  5040  6789 D ConnectivityService: Setting DNS servers for network 240 to [/89.216.1.40, /89.216.1.50]
12-21 13:08:54.342  5040  6789 D NetworkNotificationManager: clearNotification id=240
12-21 13:08:54.342  5040  6789 D ConnectivityService: NetworkAgentInfo [WIFI () - 240] validation passed
12-21 13:08:54.345  5040  6789 D ConnectivityService: Switching to new default network: NetworkAgentInfo{ ni{[type: WIFI[], state: CONNECTED/CONNECTED, reason: (unspecified), extra: "hope_this_works", failover: false, available: true, roaming: false, metered: false]}  network{240}  nethandle{1030808586974}  lp{{InterfaceName: wlan0 LinkAddresses: [fe80::7af8:82ff:fea0:950d/64,192.168.0.11/24,]  Routes: [fe80::/64 -> :: wlan0,192.168.0.0/24 -> 0.0.0.0 wlan0,0.0.0.0/0 -> 192.168.0.1 wlan0,] DnsAddresses: [89.216.1.40,89.216.1.50,] Domains: null MTU: 0 TcpBufferSizes: 524288,6291456,8291456,524288,6291456,8291456}}  nc{[ Transports: WIFI Capabilities: NOT_METERED&INTERNET&NOT_RESTRICTED&TRUSTED&NOT_VPN&VALIDATED&FOREGROUND LinkUpBandwidth>=1048576Kbps LinkDnBandwidth>=1048576Kbps SignalStrength: -52]}  Score{60}  everValidated{true}  lastValidated{true}  created{true} lingering{false} explicitlySelected{false} acceptUnvalidated{false} everCaptivePortalDetected{false} lastCaptivePortalDetected{false} }
12-21 13:08:54.351  5040  6789 D ConnectivityService: sending Proxy Broadcast for [] 0 xl=
12-21 13:08:54.365  5040  6789 D ConnectivityService: Lingering NetworkAgentInfo [MOBILE (UMTS) - 239] for 30000ms
12-21 13:08:54.367  5040  6789 D ConnectivityService: Sending DISCONNECTED broadcast for type 0 NetworkAgentInfo [MOBILE (UMTS) - 239] isDefaultNetwork=true
12-21 13:08:54.372  5040  6789 D ConnectivityService: Sending CONNECTED broadcast for type 1 NetworkAgentInfo [WIFI () - 240] isDefaultNetwork=true
12-21 13:08:54.420  5040  7224 D ConnectivityService: Returning blocked NetworkInfo to uid=10030
12-21 13:08:54.441  5040 18543 D ConnectivityService: Returning blocked NetworkInfo to uid=10151
12-21 13:08:54.445  5040  7541 D ConnectivityService: Returning blocked NetworkInfo to uid=10092
12-21 13:08:54.472  5040  7224 D ConnectivityService: Returning blocked NetworkInfo to uid=10066
12-21 13:08:54.596  5040  6849 D ConnectivityService: Returning blocked NetworkInfo to uid=10094
12-21 13:08:59.662  5040  6782 E NetdConnector: NDC Command {3966 bandwidth setiquota rmnet_data0 9223372036854775807} took too long (4593ms)
12-21 13:08:59.804  5040  5097 W ProcessCpuTracker: Skipping unknown process pid 14659
12-21 13:08:59.804  5040  5097 W ProcessCpuTracker: Skipping unknown process pid 14660
12-21 13:09:25.381  5040  6789 D ConnectivityService: handleLingerComplete for NetworkAgentInfo [MOBILE (UMTS) - 239]
12-21 13:09:25.383  5040  6789 D ConnectivityService: NetworkAgentInfo [MOBILE (UMTS) - 239] got DISCONNECTED, was satisfying 7
12-21 13:11:07.416  5040  6789 D ConnectivityService: NetworkAgentInfo [WIFI () - 240] EVENT_NETWORK_INFO_CHANGED, going from CONNECTED to DISCONNECTED
12-21 13:11:07.416  5040  6789 D ConnectivityService: NetworkAgentInfo [WIFI () - 240] got DISCONNECTED, was satisfying 9
12-21 13:11:07.445  5040  6789 D ConnectivityService: Sending DISCONNECTED broadcast for type 1 NetworkAgentInfo [WIFI () - 240] isDefaultNetwork=true
12-21 13:11:10.083  5040 18544 D ConnectivityService: registerNetworkAgent NetworkAgentInfo{ ni{[type: MOBILE[UMTS], state: CONNECTED/CONNECTED, reason: connected, extra: gprswap, failover: false, available: true, roaming: false, metered: true]}  network{241}  nethandle{1035103554270}  lp{{InterfaceName: rmnet_data0 LinkAddresses: [10.155.41.143/27,]  Routes: [0.0.0.0/0 -> 10.155.41.144 rmnet_data0,] DnsAddresses: [172.21.21.157,172.21.21.158,] Domains: null MTU: 1500 TcpBufferSizes: 4094,87380,1220608,4096,16384,1220608}}  nc{[ Transports: CELLULAR Capabilities: SUPL&INTERNET&NOT_RESTRICTED&TRUSTED&NOT_VPN LinkUpBandwidth>=384Kbps LinkDnBandwidth>=384Kbps Specifier: <1>]}  Score{10}  everValidated{false}  lastValidated{false}  created{false} lingering{false} explicitlySelected{false} acceptUnvalidated{false} everCaptivePortalDetected{false} lastCaptivePortalDetected{false} }
12-21 13:11:10.083  5040  6789 D ConnectivityService: NetworkAgentInfo [MOBILE (UMTS) - 241] EVENT_NETWORK_INFO_CHANGED, going from null to CONNECTED
12-21 13:11:10.086  5040  6789 D ConnectivityService: Adding iface rmnet_data0 to network 241
12-21 13:11:10.086  5040 20953 D NetworkNotificationManager: clearNotification id=65537
12-21 13:11:10.130  5040  6789 D ConnectivityService: Setting DNS servers for network 241 to [/172.21.21.157, /172.21.21.158]
12-21 13:11:10.159  5040  6789 D ConnectivityService: Switching to new default network: NetworkAgentInfo{ ni{[type: MOBILE[UMTS], state: CONNECTED/CONNECTED, reason: connected, extra: gprswap, failover: false, available: true, roaming: false, metered: true]}  network{241}  nethandle{1035103554270}  lp{{InterfaceName: rmnet_data0 LinkAddresses: [10.155.41.143/27,]  Routes: [0.0.0.0/0 -> 10.155.41.144 rmnet_data0,] DnsAddresses: [172.21.21.157,172.21.21.158,] Domains: null MTU: 1500 TcpBufferSizes: 4094,87380,1220608,4096,16384,1220608}}  nc{[ Transports: CELLULAR Capabilities: SUPL&INTERNET&NOT_RESTRICTED&TRUSTED&NOT_VPN&FOREGROUND LinkUpBandwidth>=384Kbps LinkDnBandwidth>=384Kbps Specifier: <1>]}  Score{10}  everValidated{false}  lastValidated{false}  created{true} lingering{false} explicitlySelected{false} acceptUnvalidated{false} everCaptivePortalDetected{false} lastCaptivePortalDetected{false} }
12-21 13:11:10.164  5040  6789 D ConnectivityService: Sending CONNECTED broadcast for type 0 NetworkAgentInfo [MOBILE (UMTS) - 241] isDefaultNetwork=true
12-21 13:11:10.171  5040  6789 D ConnectivityService: sending Proxy Broadcast for [172.17.88.198] 8080
12-21 13:11:10.627  5040  6789 D NetworkNotificationManager: clearNotification id=241
12-21 13:11:10.627  5040  6789 D ConnectivityService: NetworkAgentInfo [MOBILE (UMTS) - 241] validation passed
12-21 13:11:46.310  5040  5090 I ActivityManager: Killing 13648:android.process.media/u0a13 (adj 906): empty #17
12-21 13:11:46.343  5040  5092 D ActivityManager: cleanUpApplicationRecord -- 13648
12-21 13:11:49.510  5040  5040 I ActivityManager: Start proc 14924:com.google.android.contacts/u0a19 for service com.google.android.contacts/com.android.contacts.ContactsJobService
12-21 13:12:20.920  5040  5097 I ActivityManager: Start proc 14982:com.android.cellbroadcastreceiver/u0a5 for broadcast com.android.cellbroadcastreceiver/.CellBroadcastReceiver
12-21 13:12:44.966  5040  5095 D ConnectivityService: requestNetwork for uid/pid:1000/5040 NetworkRequest [ REQUEST id=135, legacyType=3, [ Transports: CELLULAR Capabilities: SUPL&NOT_RESTRICTED&TRUSTED&NOT_VPN] ]
12-21 13:12:44.969  5040  6789 D ConnectivityService: Sending CONNECTED broadcast for type 3 NetworkAgentInfo [MOBILE (UMTS) - 241] isDefaultNetwork=true
12-21 13:12:44.993  5040  5095 D ConnectivityService: Adding legacy route 122.0.0.0/32 -> 10.155.41.144 rmnet_data0 for UID/PID 1000/5040
12-21 13:12:44.999  5040  5095 D ConnectivityService: requestRouteToHostAddress ok=true
12-21 13:12:46.782  5040  6789 D ConnectivityService: releasing NetworkRequest [ REQUEST id=135, legacyType=3, [ Transports: CELLULAR Capabilities: SUPL&NOT_RESTRICTED&TRUSTED&NOT_VPN] ]
12-21 13:12:46.783  5040  6789 D ConnectivityService: Sending DISCONNECTED broadcast for type 3 NetworkAgentInfo [MOBILE (UMTS) - 241] isDefaultNetwork=false
12-21 13:12:46.813  5040  6852 D ConnectivityService: Returning unblocked NetworkInfo to uid=10030
12-21 13:12:46.814  5040 18547 D ConnectivityService: Returning unblocked NetworkInfo to uid=10066
12-21 13:12:46.814  5040 19130 D ConnectivityService: Returning unblocked NetworkInfo to uid=10151
12-21 13:12:46.814  5040 18546 D ConnectivityService: Returning unblocked NetworkInfo to uid=10085
12-21 13:12:46.818  5040  6849 D ConnectivityService: Returning unblocked NetworkInfo to uid=10092
12-21 13:12:46.906  5040 18543 D ConnectivityService: Returning unblocked NetworkInfo to uid=10094
12-21 13:16:46.392  5040  5097 I ActivityManager: Killing 13668:com.android.calllogbackup/u0a1 (adj 906): empty #17
12-21 13:16:46.463  5040 20953 D ActivityManager: cleanUpApplicationRecord -- 13668
12-21 13:19:47.391  5040 18545 I ActivityManager: Killing 13681:com.google.android.googlequicksearchbox/u0a37 (adj 906): empty #17
12-21 13:19:47.487  5040  7595 D ActivityManager: cleanUpApplicationRecord -- 13681
12-21 13:19:47.627  5040  5095 I ActivityManager: Start proc 15291:com.google.android.gm/u0a79 for service com.google.android.gm/.provider.MailSyncAdapterService
12-21 13:19:47.752 15291 15308 D ActivityThread: Loading provider com.google.android.gmail.provider;com.android.mail.notifier;com.google.android.gm.email.provider;com.google.android.gm.email.notifier: com.android.email.provider.EmailProvider
12-21 13:19:47.927  5040 20954 W ActivityManager: Unable to start service Intent { cmp=com.google.android.gm.exchange/com.android.exchange.service.EasService } U=0: not found
12-21 13:19:48.098  5040 20953 W ActivityManager: Unable to start service Intent { cmp=com.google.android.gm/com.android.email.service.AttachmentService } U=0: not found
12-21 13:28:49.579  5040 19130 W AppOps  : Bad call: specified package com.google.android.gms under uid 10131 but it is really 10018
12-21 13:28:49.579  5040 19130 W AppOps  : java.lang.RuntimeException: here
12-21 13:28:49.579  5040 19130 W AppOps  : 	at com.android.server.AppOpsService.getOpsRawLocked(AppOpsService.java:1257)
12-21 13:28:49.579  5040 19130 W AppOps  : 	at com.android.server.AppOpsService.checkPackage(AppOpsService.java:976)
12-21 13:28:49.579  5040 19130 W AppOps  : 	at com.android.internal.app.IAppOpsService$Stub.onTransact(IAppOpsService.java:169)
12-21 13:28:49.579  5040 19130 W AppOps  : 	at android.os.Binder.execTransact(Binder.java:565)
12-21 13:30:12.468  5040  5095 I UsageStatsService: User[0] Rolling over usage stats
12-21 13:30:12.468  5040  5095 I UsageStatsService: User[0] Flushing usage stats to disk
12-21 13:30:12.527  5040  5095 I UsageStatsService: User[0] Rollover scheduled @ 2016-12-22 13:30:12(1482409812467)
12-21 13:30:12.527  5040  5095 I UsageStatsService: User[0] Rolling over usage stats complete. Took 60 milliseconds
12-21 13:46:13.615  5040  6785 D ConnectivityService: registerNetworkAgent NetworkAgentInfo{ ni{[type: WIFI[], state: CONNECTING/CONNECTING, reason: (unspecified), extra: "hope_this_works", failover: false, available: true, roaming: false, metered: false]}  network{242}  nethandle{1039398521566}  lp{{LinkAddresses: []  Routes: [] DnsAddresses: [] Domains: null MTU: 0}}  nc{[ Transports: WIFI Capabilities: NOT_METERED&INTERNET&NOT_RESTRICTED&TRUSTED&NOT_VPN LinkUpBandwidth>=1048576Kbps LinkDnBandwidth>=1048576Kbps]}  Score{20}  everValidated{false}  lastValidated{false}  created{false} lingering{false} explicitlySelected{false} acceptUnvalidated{false} everCaptivePortalDetected{false} lastCaptivePortalDetected{false} }
12-21 13:46:13.615  5040  6789 D ConnectivityService: NetworkAgentInfo [WIFI () - 242] EVENT_NETWORK_INFO_CHANGED, going from null to CONNECTING
12-21 13:46:21.237  5040  6789 D ConnectivityService: NetworkAgentInfo [WIFI () - 242] EVENT_NETWORK_INFO_CHANGED, going from CONNECTING to CONNECTED
12-21 13:46:21.240  5040  6789 D ConnectivityService: Adding iface wlan0 to network 242
12-21 13:46:21.288  5040  6789 D ConnectivityService: Setting DNS servers for network 242 to [/89.216.1.40, /89.216.1.50]
12-21 13:46:21.722  5040  6789 D NetworkNotificationManager: clearNotification id=242
12-21 13:46:21.723  5040  6789 D ConnectivityService: NetworkAgentInfo [WIFI () - 242] validation passed
12-21 13:46:21.725  5040  6789 D ConnectivityService: Switching to new default network: NetworkAgentInfo{ ni{[type: WIFI[], state: CONNECTED/CONNECTED, reason: (unspecified), extra: "hope_this_works", failover: false, available: true, roaming: false, metered: false]}  network{242}  nethandle{1039398521566}  lp{{InterfaceName: wlan0 LinkAddresses: [fe80::7af8:82ff:fea0:950d/64,192.168.0.11/24,]  Routes: [fe80::/64 -> :: wlan0,192.168.0.0/24 -> 0.0.0.0 wlan0,0.0.0.0/0 -> 192.168.0.1 wlan0,] DnsAddresses: [89.216.1.40,89.216.1.50,] Domains: null MTU: 0 TcpBufferSizes: 524288,6291456,8291456,524288,6291456,8291456}}  nc{[ Transports: WIFI Capabilities: NOT_METERED&INTERNET&NOT_RESTRICTED&TRUSTED&NOT_VPN&VALIDATED&FOREGROUND LinkUpBandwidth>=1048576Kbps LinkDnBandwidth>=1048576Kbps SignalStrength: -81]}  Score{60}  everValidated{true}  lastValidated{true}  created{true} lingering{false} explicitlySelected{false} acceptUnvalidated{false} everCaptivePortalDetected{false} lastCaptivePortalDetected{false} }
12-21 13:46:21.731  5040  6789 D ConnectivityService: sending Proxy Broadcast for [] 0 xl=
12-21 13:46:21.750  5040  6789 D ConnectivityService: Lingering NetworkAgentInfo [MOBILE (UMTS) - 241] for 30000ms
12-21 13:46:21.751  5040  6789 D ConnectivityService: Sending DISCONNECTED broadcast for type 0 NetworkAgentInfo [MOBILE (UMTS) - 241] isDefaultNetwork=true
12-21 13:46:21.752  5040  6789 D ConnectivityService: Sending CONNECTED broadcast for type 1 NetworkAgentInfo [WIFI () - 242] isDefaultNetwork=true
12-21 13:46:53.381  5040  6789 D ConnectivityService: handleLingerComplete for NetworkAgentInfo [MOBILE (UMTS) - 241]
12-21 13:46:53.382  5040  6789 D ConnectivityService: NetworkAgentInfo [MOBILE (UMTS) - 241] got DISCONNECTED, was satisfying 7
12-21 13:48:25.037  5040 10531 I ActivityManager: Killing 13189:com.google.android.youtube/u0a85 (adj 906): empty #17
12-21 13:48:25.072  5040  7559 D ConnectivityService: ConnectivityService NetworkRequestInfo binderDied(NetworkRequest [ LISTEN id=131, [ Capabilities: INTERNET&NOT_RESTRICTED&TRUSTED] ], android.os.BinderProxy@a5d6ab2)
12-21 13:48:25.072  5040  7559 D ActivityManager: cleanUpApplicationRecord -- 13189
12-21 13:48:25.073  5040  6789 E ConnectivityService: RemoteException caught trying to send a callback msg for NetworkRequest [ LISTEN id=131, [ Capabilities: INTERNET&NOT_RESTRICTED&TRUSTED] ]
12-21 13:56:43.438  5040  6461 I ActivityManager: Start proc 15877:com.google.android.partnersetup/u0a25 for service com.google.android.partnersetup/.RlzPingService
12-21 14:09:15.701  5040 17957 D ConnectivityService: Returning blocked NetworkInfo to uid=10151
12-21 14:10:06.421  5040  7595 D ConnectivityService: reportNetworkConnectivity(242, false) by 10018
12-21 14:10:07.156  5040  6789 D NetworkNotificationManager: clearNotification id=242
12-21 14:10:07.157  5040  6789 D ConnectivityService: NetworkAgentInfo [WIFI () - 242] validation passed
12-21 14:12:09.151  5040  6852 I ActivityManager: Killing 14331:com.android.connectivity.metrics/u0a7 (adj 906): empty #17
12-21 14:12:09.181  5040  9241 D ActivityManager: cleanUpApplicationRecord -- 14331
12-21 14:17:31.309  5040  5040 D AnyMotionDetector: angleBetween: this = timeMillisSinceBoot=441673024 | x=0.013324942, y=0.08818758, z=0.9960148, other = timeMillisSinceBoot=441679478 | x=0.013197084, y=0.08794512, z=0.9960379, degrees = 0.015761176
12-21 14:17:31.598  5040  5095 D ConnectivityService: requestNetwork for uid/pid:1000/5040 NetworkRequest [ REQUEST id=136, legacyType=3, [ Transports: CELLULAR Capabilities: SUPL&NOT_RESTRICTED&TRUSTED&NOT_VPN] ]
12-21 14:17:31.604  5040  6789 D ConnectivityService: releasing NetworkRequest [ REQUEST id=136, legacyType=3, [ Transports: CELLULAR Capabilities: SUPL&NOT_RESTRICTED&TRUSTED&NOT_VPN] ]
12-21 14:19:05.513  5040 20953 D ConnectivityService: registerNetworkAgent NetworkAgentInfo{ ni{[type: MOBILE[UMTS], state: CONNECTED/CONNECTED, reason: connected, extra: gprswap, failover: false, available: true, roaming: false, metered: true]}  network{243}  nethandle{1043693488862}  lp{{InterfaceName: rmnet_data0 LinkAddresses: [10.156.141.128/24,]  Routes: [0.0.0.0/0 -> 10.156.141.129 rmnet_data0,] DnsAddresses: [172.21.21.157,172.21.21.158,] Domains: null MTU: 1500 TcpBufferSizes: 4094,87380,1220608,4096,16384,1220608}}  nc{[ Transports: CELLULAR Capabilities: SUPL&INTERNET&NOT_RESTRICTED&TRUSTED&NOT_VPN LinkUpBandwidth>=384Kbps LinkDnBandwidth>=384Kbps Specifier: <1>]}  Score{10}  everValidated{false}  lastValidated{false}  created{false} lingering{false} explicitlySelected{false} acceptUnvalidated{false} everCaptivePortalDetected{false} lastCaptivePortalDetected{false} }
12-21 14:19:05.514  5040  6789 D ConnectivityService: NetworkAgentInfo [MOBILE (UMTS) - 243] EVENT_NETWORK_INFO_CHANGED, going from null to CONNECTED
12-21 14:19:05.516  5040  6789 D ConnectivityService: Adding iface rmnet_data0 to network 243
12-21 14:19:05.516  5040 18544 D NetworkNotificationManager: clearNotification id=65537
12-21 14:19:05.557  5040  6789 D ConnectivityService: Setting DNS servers for network 243 to [/172.21.21.157, /172.21.21.158]
12-21 14:19:05.589  5040  6789 D ConnectivityService: Reaping NetworkAgentInfo [MOBILE (UMTS) - 243]
12-21 14:19:05.590  5040  6789 D ConnectivityService: NetworkAgentInfo [MOBILE (UMTS) - 243] got DISCONNECTED, was satisfying 6
12-21 14:28:19.447  5040  5090 D ConnectivityService: reportNetworkConnectivity(242, false) by 10018
12-21 14:28:20.073  5040  6789 D NetworkNotificationManager: clearNotification id=242
12-21 14:28:20.073  5040  6789 D ConnectivityService: NetworkAgentInfo [WIFI () - 242] validation passed
12-21 14:45:42.092  5040  5100 E BatteryStatsService: no controller energy info supplied
12-21 14:45:43.746  5040  6789 D NetworkNotificationManager: clearNotification id=243
12-21 15:11:06.234  5040  5097 I ActivityManager: Start proc 16212:com.google.android.apps.photos/u0a74 for broadcast com.google.android.apps.photos/com.google.android.libraries.social.gcm.GcmBroadcastReceiver
12-21 15:12:57.595  5040  5040 I ActivityManager: Start proc 16244:com.google.android.dialer/u0a20 for service com.google.android.dialer/com.google.android.apps.dialer.spam.impl.SpamJobService
12-21 15:12:57.620  5040  5040 I ActivityManager: Start proc 16257:com.android.connectivity.metrics/u0a7 for service com.android.connectivity.metrics/.BluetoothJobService
12-21 15:12:57.723  5040 18543 I ActivityManager: Start proc 16276:com.google.android.youtube/u0a85 for service com.google.android.youtube/com.google.android.libraries.youtube.common.gcore.gcoreclient.gcm.impl.GcmTaskServiceDelegator
12-21 15:12:57.857  5040  5095 D ConnectivityService: requestNetwork for uid/pid:1000/5040 NetworkRequest [ REQUEST id=137, legacyType=3, [ Transports: CELLULAR Capabilities: SUPL&NOT_RESTRICTED&TRUSTED&NOT_VPN] ]
12-21 15:12:57.994  5040  9241 D CryptdConnector: SND -> {85 cryptfs getpwtype}
12-21 15:12:57.995   365   372 D VoldCryptCmdListener: cryptfs getpwtype
12-21 15:12:57.997  5040  6493 D CryptdConnector: RCV <- {213 85 pin}
12-21 15:12:58.116  5040  7543 D CryptdConnector: SND -> {86 cryptfs getpwtype}
12-21 15:12:58.117   365   372 D VoldCryptCmdListener: cryptfs getpwtype
12-21 15:12:58.118  5040  6493 D CryptdConnector: RCV <- {213 86 pin}
12-21 15:12:58.475  5040  6849 W ActivityManager: Permission Denial: Accessing service ComponentInfo{com.google.android.music/com.google.android.music.dial.DialMediaRouteProviderService} from pid=16276, uid=10085 that is not exported from uid 10071
12-21 15:12:58.570  5040 20953 D ConnectivityService: Returning unblocked NetworkInfo to uid=10151
12-21 15:12:59.306  5040  5092 D ConnectivityService: Returning unblocked NetworkInfo to uid=10074
12-21 15:12:59.969  5040  5092 I ActivityManager: Killing 14982:com.android.cellbroadcastreceiver/u0a5 (adj 906): empty #17
12-21 15:13:00.003  5040 18547 D ActivityManager: cleanUpApplicationRecord -- 14982
12-21 15:13:01.455  5040  5092 D ConnectivityService: registerNetworkAgent NetworkAgentInfo{ ni{[type: MOBILE[UMTS], state: CONNECTED/CONNECTED, reason: connected, extra: gprswap, failover: false, available: true, roaming: false, metered: true]}  network{244}  nethandle{1047988456158}  lp{{InterfaceName: rmnet_data0 LinkAddresses: [10.155.71.60/29,]  Routes: [0.0.0.0/0 -> 10.155.71.61 rmnet_data0,] DnsAddresses: [172.21.21.157,172.21.21.158,] Domains: null MTU: 1500 TcpBufferSizes: 4094,87380,1220608,4096,16384,1220608}}  nc{[ Transports: CELLULAR Capabilities: SUPL&INTERNET&NOT_RESTRICTED&TRUSTED&NOT_VPN LinkUpBandwidth>=384Kbps LinkDnBandwidth>=384Kbps Specifier: <1>]}  Score{10}  everValidated{false}  lastValidated{false}  created{false} lingering{false} explicitlySelected{false} acceptUnvalidated{false} everCaptivePortalDetected{false} lastCaptivePortalDetected{false} }
12-21 15:13:01.455  5040  6789 D ConnectivityService: NetworkAgentInfo [MOBILE (UMTS) - 244] EVENT_NETWORK_INFO_CHANGED, going from null to CONNECTED
12-21 15:13:01.457  5040 19130 D NetworkNotificationManager: clearNotification id=65537
12-21 15:13:01.458  5040  6789 D ConnectivityService: Adding iface rmnet_data0 to network 244
12-21 15:13:01.500  5040  6789 D ConnectivityService: Setting DNS servers for network 244 to [/172.21.21.157, /172.21.21.158]
12-21 15:13:01.549  5040  6789 D ConnectivityService: Sending CONNECTED broadcast for type 3 NetworkAgentInfo [MOBILE (UMTS) - 244] isDefaultNetwork=false
12-21 15:13:01.552  5040  6789 D ConnectivityService: sending Proxy Broadcast for [] 0 xl=
12-21 15:13:01.576  5040  5095 D ConnectivityService: Adding legacy route 122.0.0.0/32 -> 10.155.71.61 rmnet_data0 for UID/PID 1000/5040
12-21 15:13:01.577  5040  5095 D ConnectivityService: requestRouteToHostAddress ok=true
12-21 15:13:01.949  5040 10531 I ActivityManager: Start proc 16588:com.google.android.gms.ui/u0a18 for service com.google.android.gms/.chimera.UiIntentOperationService
12-21 15:13:02.098  5040  6789 D NetworkNotificationManager: clearNotification id=244
12-21 15:13:02.098  5040  6789 D ConnectivityService: NetworkAgentInfo [MOBILE (UMTS) - 244] validation passed
12-21 15:13:02.370  5040  6789 D ConnectivityService: releasing NetworkRequest [ REQUEST id=137, legacyType=3, [ Transports: CELLULAR Capabilities: SUPL&NOT_RESTRICTED&TRUSTED&NOT_VPN] ]
12-21 15:13:02.371  5040  6789 D ConnectivityService: no live requests for NetworkAgentInfo [MOBILE (UMTS) - 244]; disconnecting
12-21 15:13:02.371  5040  6789 D ConnectivityService: Sending DISCONNECTED broadcast for type 3 NetworkAgentInfo [MOBILE (UMTS) - 244] isDefaultNetwork=false
12-21 15:13:02.372  5040  6789 D ConnectivityService: NetworkAgentInfo [MOBILE (UMTS) - 244] got DISCONNECTED, was satisfying 8
12-21 15:13:09.338  5040 18543 I ActivityManager: Killing 14367:com.google.android.keep/u0a131 (adj 906): empty #17
12-21 15:13:09.375  5040 19130 D ActivityManager: cleanUpApplicationRecord -- 14367
12-21 15:13:14.491  5040  5100 E BatteryStatsService: no controller energy info supplied
12-21 15:13:27.752  5040  6849 I ActivityManager: Killing 4391:com.google.android.apps.messaging/u0a77 (adj 906): empty #17
12-21 15:13:27.752  5040  6849 I ActivityManager: Killing 14924:com.google.android.contacts/u0a19 (adj 906): empty #18
12-21 15:13:27.753  5040  6849 I ActivityManager: Killing 12575:com.google.process.gapps/u0a56 (adj 906): empty #19
12-21 15:13:27.840  5040  7595 D ActivityManager: cleanUpApplicationRecord -- 4391
12-21 15:13:27.845  5040 10531 D ActivityManager: cleanUpApplicationRecord -- 12575
12-21 15:13:27.848  5040  7541 D ActivityManager: cleanUpApplicationRecord -- 14924
12-21 17:05:41.435  5040  5100 E BatteryStatsService: no controller energy info supplied
12-21 17:13:30.686  5040 20953 E BatteryStatsService: no controller energy info supplied
12-21 17:13:31.885  5040 18546 I ActivityManager: Start proc 16755:android.process.media/u0a13 for content provider com.android.providers.media/.MediaProvider
12-21 17:15:40.439  5040  7543 I ActivityManager: Killing 1394:com.textra/u0a90 (adj 906): empty #17
12-21 17:15:40.468  5040 18544 D ActivityManager: cleanUpApplicationRecord -- 1394
12-21 17:43:09.434  5040  6461 I ActivityManager: Start proc 16802:com.textra/u0a90 for service com.textra/com.mplus.lib.a
12-21 17:43:09.609  5040  7559 D ConnectivityService: Returning blocked NetworkInfo to uid=10090
12-21 17:43:09.618  5040 18544 I ActivityManager: Killing 5062:com.wunderground.android.weather/u0a94 (adj 906): empty #17
12-21 17:43:09.635  5040  7595 D ActivityManager: cleanUpApplicationRecord -- 5062
12-21 17:51:55.443  5040 18544 D ConnectivityService: reportNetworkConnectivity(242, false) by 10018
12-21 17:51:55.758  5040  6789 D NetworkNotificationManager: clearNotification id=242
12-21 17:51:55.758  5040  6789 D ConnectivityService: NetworkAgentInfo [WIFI () - 242] validation passed
12-21 18:11:51.479  5040  7541 D ConnectivityService: reportNetworkConnectivity(242, false) by 10018
12-21 18:11:52.498  5040  6789 D NetworkNotificationManager: clearNotification id=242
12-21 18:11:52.499  5040  6789 D ConnectivityService: NetworkAgentInfo [WIFI () - 242] validation passed
12-21 19:13:06.324  5040  5097 I ActivityManager: Start proc 16878:com.android.cellbroadcastreceiver/u0a5 for broadcast com.android.cellbroadcastreceiver/.CellBroadcastReceiver
12-21 19:13:53.457  5040 17957 I ActivityManager: Killing 1322:com.avira.android/u0a92 (adj 906): empty #17
12-21 19:13:53.482  5040  7543 D ConnectivityService: ConnectivityService NetworkRequestInfo binderDied(NetworkRequest [ LISTEN id=114, [ Capabilities: INTERNET&NOT_RESTRICTED&TRUSTED&FOREGROUND] ], android.os.BinderProxy@499b9e)
12-21 19:13:53.483  5040  6852 D ActivityManager: cleanUpApplicationRecord -- 1322
12-21 19:13:53.485  5040  6789 E ConnectivityService: RemoteException caught trying to send a callback msg for NetworkRequest [ LISTEN id=114, [ Capabilities: INTERNET&NOT_RESTRICTED&TRUSTED&FOREGROUND] ]
12-21 19:54:15.315  5040  7224 D ConnectivityService: reportNetworkConnectivity(242, false) by 10018
12-21 19:54:16.133  5040  6789 D NetworkNotificationManager: clearNotification id=242
12-21 19:54:16.133  5040  6789 D ConnectivityService: NetworkAgentInfo [WIFI () - 242] validation passed
12-21 20:15:41.535  5040  5100 E BatteryStatsService: no controller energy info supplied
12-21 21:09:59.080  5040 20953 I Telecom : : Adding new incoming call with phoneAccountHandle ComponentInfo{com.android.phone/com.android.services.telephony.TelephonyConnectionService}, [d8f2fcc941fa9dbc3dd73192ca69d3dbf3d9fc7c], UserHandle{0}: TSI.aNIC@BgU
12-21 21:09:59.084  5040 20953 I Telecom : PhoneAccountRegistrar: SimCallManager queried, returning: null: TSI.aNIC@BgU
12-21 21:09:59.090  5040 20953 I Telecom : Event: Call TC@10: CREATED, null: TSI.aNIC@BgU
12-21 21:09:59.094  5040 20953 I Telecom : PhoneAccountRegistrar: SimCallManager queried, returning: null: TSI.aNIC@BgU
12-21 21:09:59.094  5040 20953 I Telecom : CreateConnectionProcessor: Trying attempt CallAttemptRecord(ComponentInfo{com.android.phone/com.android.services.telephony.TelephonyConnectionService}, [d8f2fcc941fa9dbc3dd73192ca69d3dbf3d9fc7c], UserHandle{0},ComponentInfo{com.android.phone/com.android.services.telephony.TelephonyConnectionService}, [d8f2fcc941fa9dbc3dd73192ca69d3dbf3d9fc7c], UserHandle{0}): TSI.aNIC@BgU
12-21 21:09:59.095  5040 20953 I Telecom : Event: Call TC@10: BIND_CS, ComponentInfo{com.android.phone/com.android.services.telephony.TelephonyConnectionService}: TSI.aNIC@BgU
12-21 21:09:59.102  5040  5040 I Telecom : TelecomSystem: CallerInfoAsyncQuery.startQuery number=[f407fd8a87c0596d4fad1ad1bd9a8a0b9fea62dc] cookie=TSI.aNIC->CILH.sL@BgU_1_0: TSI.aNIC->CILH.sL@BgU_1
12-21 21:09:59.114  5040  5040 I Telecom : ServiceBinderConnection: Service bound ComponentInfo{com.android.phone/com.android.services.telephony.TelephonyConnectionService}: SBC.oSC@BgY
12-21 21:09:59.114  5040  5040 I Telecom : Event: Call TC@10: CS_BOUND, ComponentInfo{com.android.phone/com.android.services.telephony.TelephonyConnectionService}: SBC.oSC@BgY
12-21 21:09:59.115  5040  5040 I Telecom : Event: Call TC@10: START_CONNECTION, tel:*************: SBC.oSC@BgY
12-21 21:09:59.122  5040 18543 I Telecom : PhoneAccountRegistrar: SimCallManager queried, returning: null: CSW.qRCS@Bgc
12-21 21:09:59.141  5040 19130 I Telecom : Event: Call TC@10: CAPABILITY_CHANGE, Current: [[ sup_hld mut !v2a spd_aud]], Removed [[]], Added [[ sup_hld mut !v2a spd_aud]]: CSW.hCCC@Bgg
12-21 21:09:59.141  5040 19130 I Telecom : Event: Call TC@10: FILTERING_INITIATED, null: CSW.hCCC@Bgg
12-21 21:09:59.141  5040 19130 I Telecom : Event: Call TC@10: DIRECT_TO_VM_INITIATED, null: CSW.hCCC@Bgg
12-21 21:09:59.141  5040 19130 I Telecom : CallerInfoLookupHelper: There is a previously incomplete query for handle tel:*************. Adding to eventListeners for this query.: CSW.hCCC@Bgg
12-21 21:09:59.145  5040 19130 I Telecom : Event: Call TC@10: SCREENING_SENT, null: CSW.hCCC@Bgg
12-21 21:09:59.146  5040 16954 I Telecom : Event: Call TC@10: BLOCK_CHECK_INITIATED, null: CSW.hCCC->ABCF.dIB@Bgg_0
12-21 21:09:59.148  5040 19130 I Telecom : CallScreeningServiceFilter: There are no call screening services installed on this device.: CSW.hCCC@Bgg
12-21 21:09:59.148  5040 19130 I Telecom : CallScreeningServiceFilter: Could not bind to call screening service: CSW.hCCC@Bgg
12-21 21:09:59.148  5040 19130 I Telecom : Event: Call TC@10: SCREENING_COMPLETED, [Allow, logged, notified]: CSW.hCCC@Bgg
12-21 21:09:59.149  5040  5040 I Telecom : CallerInfoLookupHelper: CI query for handle tel:************* has completed; notifying all eventListeners.: TSI.aNIC->CILH.sL->CILH.oQC@BgU_1_0
12-21 21:09:59.149  5040  5040 I Telecom : Call: CallerInfo received for tel:*************: com.android.internal.telephony.CallerInfo@619ef05 { name non-null, phoneNumber non-null }: TSI.aNIC->CILH.sL->CILH.oQC@BgU_1_0
12-21 21:09:59.149  5040  5040 I Telecom : Event: Call TC@10: DIRECT_TO_VM_FINISHED, [Allow, logged, notified]: TSI.aNIC->CILH.sL->CILH.oQC@BgU_1_0
12-21 21:09:59.149  5040  5040 I Telecom : CallerInfoLookupHelper: There is no photo for this contact, skipping photo query: TSI.aNIC->CILH.sL->CILH.oQC@BgU_1_0
12-21 21:09:59.171  5040  5040 I Telecom : Event: Call TC@10: BLOCK_CHECK_FINISHED, [Allow, logged, notified]: CSW.hCCC->ABCF.oPE@Bgg_1
12-21 21:09:59.171  5040  5040 I Telecom : Event: Call TC@10: FILTERING_COMPLETED, [Allow, logged, notified]: CSW.hCCC->ABCF.oPE->ICF.oCFC@Bgg_1_0
12-21 21:09:59.172  5040  5040 I Telecom : CallsManager: setCallState NEW -> RINGING, call: [TC@10, NEW, com.android.phone/com.android.services.telephony.TelephonyConnectionService, tel:*************, A, childs(0), has_parent(false), [Capabilities: CAPABILITY_SUPPORT_HOLD CAPABILITY_MUTE CAPABILITY_CANNOT_DOWNGRADE_VIDEO_TO_AUDIO CAPABILITY_SPEED_UP_MT_AUDIO], [Properties:]]: CSW.hCCC->ABCF.oPE->ICF.oCFC@Bgg_1_0
12-21 21:09:59.174  5040  5040 I Telecom : Event: Call TC@10: SET_RINGING, successful incoming call: CSW.hCCC->ABCF.oPE->ICF.oCFC@Bgg_1_0
12-21 21:09:59.174  5040  5040 I Telecom : TelecomWakeLock: Acquiring WakeLock with id: 26: CSW.hCCC->ABCF.oPE->ICF.oCFC@Bgg_1_0
12-21 21:09:59.174  5040  5040 I Telecom : InCallWakeLockController: Acquiring full wake lock: CSW.hCCC->ABCF.oPE->ICF.oCFC@Bgg_1_0
12-21 21:09:59.176  5040  5097 W BroadcastQueue: Permission Denial: receiving Intent { act=android.intent.action.PHONE_STATE flg=0x10 (has extras) } to com.avira.android/.blacklist.receivers.BLOnCallBroadcastReceiver requires android.permission.READ_PRIVILEGED_PHONE_STATE due to sender android (uid 1000)
