D/OpenGLRenderer(  858): finish <0x64640740>
D/OpenGLRenderer(  858): prepareDirty (0.00, 170.00, 480.00, 265.00) opaque 0 <0x61527810>
D/OpenGLRenderer(  858): clear (0.00, 690 - 265.00 = 425.00, 480.00 - 0.00 = 480.00, 265.00 - 170.00 = 95.00) opaque 0 <0x61527810>
D/OpenGLRenderer(  858): finish <0x61527810>
D/Settings( 4973): apps.size()=1
D/OpenGLRenderer(  858): clear (0.00, 854 - 854.00 = 0.00, 480.00 - 0.00 = 480.00, 854.00 - 0.00 = 854.00) opaque 0 <0x61c46008>
D/OpenGLRenderer(  858): finish <0x61c46008>
D/OpenGLRenderer(  858): prepareDirty (0.00, 0.00, 480.00, 854.00) opaque 0 <0x61c46008>
D/OpenGLRenderer(  858): prepareDirty (0.00, 5.00, 480.00, 100.00) opaque 0 <0x64640740>
D/OpenGLRenderer(  858): clear (0.00, 105 - 100.00 = 5.00, 480.00 - 0.00 = 480.00, 100.00 - 5.00 = 95.00) opaque 0 <0x64640740>
D/OpenGLRenderer(  858): finish <0x64640740>
D/OpenGLRenderer(  858): prepareDirty (0.00, 170.00, 480.00, 265.00) opaque 0 <0x61527810>
D/OpenGLRenderer(  858): clear (0.00, 690 - 265.00 = 425.00, 480.00 - 0.00 = 480.00, 265.00 - 170.00 = 95.00) opaque 0 <0x61527810>
D/OpenGLRenderer(  858): finish <0x61527810>
D/OpenGLRenderer(  858): clear (0.00, 854 - 854.00 = 0.00, 480.00 - 0.00 = 480.00, 854.00 - 0.00 = 854.00) opaque 0 <0x61c46008>
D/OpenGLRenderer(  858): finish <0x61c46008>
I/BufferQueue(  135): [unnamed-135-52](this:0xb7084418,id:52,api:0,p:-1,c:-1) BufferQueue
I/GLConsumer(  135): [void android::RingBuffer<TYPE>::resize(uint32_t, bool) [with TYPE = android::sp<android::BackupBuffer>; uint32_t = unsigned int]] 0xb709be7c resize to 10 (force=true)
I/GLConsumer(  135): [void android::RingBuffer<TYPE>::resize(uint32_t, bool) [with TYPE = android::sp<android::BackupBuffer>; uint32_t = unsigned int]] 0xb709be7c resize to 0 (force=false)
I/BufferQueue(  135): [unnamed-135-52](this:0xb7084418,id:52,api:0,p:-1,c:135) consumerConnect consumer=(135:/system/bin/surfaceflinger) controlledByApp=false
I/BufferQueue(  135): [unnamed-135-52](this:0xb7084418,id:52,api:0,p:-1,c:135) setConsumerName: unnamed-135-52
I/GLConsumer(  135): [unnamed-135-52](this:0xb708d978,api:0) GLConsumer
I/BufferQueue(  135): [com.android.settings/com.android.settings.UsbSettings](this:0xb7084418,id:52,api:0,p:-1,c:135) setConsumerName: com.android.settings/com.android.settings.UsbSettings
I/BufferQueue(  135): [com.android.settings/com.android.settings.UsbSettings](this:0xb7084418,id:52,api:0,p:-1,c:135) setDefaultBufferSize: w=1, h=1
V/WindowManager(  649): Changing focus from null to Window{4243e9b0 u0 com.android.settings/com.android.settings.UsbSettings} Callers=com.android.server.wm.WindowManagerService.relayoutWindow:3466 com.android.server.wm.Session.relayout:191 android.view.IWindowSession$Stub.onTransact:235 com.android.server.wm.Session.onTransact:126 
D/OpenGLRenderer(  858): prepareDirty (0.00, 0.00, 480.00, 854.00) opaque 0 <0x61c46008>
D/OpenGLRenderer(  858): prepareDirty (0.00, 0.00, 36.00, 38.00) opaque 0 <0x62068158>
D/OpenGLRenderer(  858): clear (0.00, 38 - 38.00 = 0.00, 36.00 - 0.00 = 36.00, 38.00 - 0.00 = 38.00) opaque 0 <0x62068158>
D/OpenGLRenderer(  858): finish <0x62068158>
D/OpenGLRenderer(  858): prepareDirty (0.00, 0.00, 36.00, 38.00) opaque 0 <0x6885dc98>
D/OpenGLRenderer(  858): clear (0.00, 38 - 38.00 = 0.00, 36.00 - 0.00 = 36.00, 38.00 - 0.00 = 38.00) opaque 0 <0x6885dc98>
D/OpenGLRenderer(  858): finish <0x6885dc98>
D/OpenGLRenderer(  858): prepareDirty (0.00, 0.00, 36.00, 38.00) opaque 0 <0x61f130f8>
D/OpenGLRenderer(  858): clear (0.00, 38 - 38.00 = 0.00, 36.00 - 0.00 = 36.00, 38.00 - 0.00 = 38.00) opaque 0 <0x61f130f8>
D/OpenGLRenderer(  858): finish <0x61f130f8>
D/OpenGLRenderer(  858): prepareDirty (0.00, 0.00, 36.00, 38.00) opaque 0 <0x64c08178>
D/OpenGLRenderer(  858): clear (0.00, 38 - 38.00 = 0.00, 36.00 - 0.00 = 36.00, 38.00 - 0.00 = 38.00) opaque 0 <0x64c08178>
D/OpenGLRenderer(  858): finish <0x64c08178>
D/OpenGLRenderer(  858): prepareDirty (0.00, 0.00, 29.00, 27.00) opaque 0 <0x64640e40>
D/OpenGLRenderer(  858): clear (0.00, 27 - 27.00 = 0.00, 29.00 - 0.00 = 29.00, 27.00 - 0.00 = 27.00) opaque 0 <0x64640e40>
D/OpenGLRenderer(  858): finish <0x64640e40>
D/OpenGLRenderer(  858): prepareDirty (0.00, 0.00, 29.00, 30.00) opaque 0 <0x6885c4a8>
D/OpenGLRenderer(  858): clear (0.00, 30 - 30.00 = 0.00, 29.00 - 0.00 = 29.00, 30.00 - 0.00 = 30.00) opaque 0 <0x6885c4a8>
D/OpenGLRenderer(  858): finish <0x6885c4a8>
D/OpenGLRenderer(  858): prepareDirty (0.00, 5.00, 480.00, 100.00) opaque 0 <0x64640740>
D/OpenGLRenderer(  858): clear (0.00, 105 - 100.00 = 5.00, 480.00 - 0.00 = 480.00, 100.00 - 5.00 = 95.00) opaque 0 <0x64640740>
D/OpenGLRenderer(  858): finish <0x64640740>
D/OpenGLRenderer(  858): prepareDirty (0.00, 170.00, 480.00, 265.00) opaque 0 <0x61527810>
D/OpenGLRenderer(  858): clear (0.00, 690 - 265.00 = 425.00, 480.00 - 0.00 = 480.00, 265.00 - 170.00 = 95.00) opaque 0 <0x61527810>
D/OpenGLRenderer(  858): finish <0x61527810>
D/OpenGLRenderer(  858): clear (0.00, 854 - 854.00 = 0.00, 480.00 - 0.00 = 480.00, 854.00 - 0.00 = 854.00) opaque 0 <0x61c46008>
D/OpenGLRenderer(  858): finish <0x61c46008>
I/BufferQueue(  135): [com.android.settings/com.android.settings.UsbSettings](this:0xb7084418,id:52,api:0,p:-1,c:135) setDefaultBufferSize: w=480, h=854
I/WindowManager(  649): Gaining focus: Window{4243e9b0 u0 com.android.settings/com.android.settings.UsbSettings}
I/BufferQueue(  135): [com.android.settings/com.android.settings.UsbSettings](this:0xb7084418,id:52,api:0,p:4973,c:135) connect: api=1 producer=(4973:com.android.settings) producerControlledByApp=true
I/BufferQueue(  135): [com.android.settings/com.android.settings.UsbSettings](this:0xb7084418,id:52,api:1,p:4973,c:135) new GraphicBuffer needed
D/BufferQueue(  135):     [OLD] gb:NULL
I/GraphicBuffer(  135): allocate buffer (w:480 h:854 f:1) handle(0xb70b6720) err(0)
I/BufferQueue(  135):     [NEW] gb=0xb709a958, handle=0xb70b6720, w=480, h=854, s=480, fmt=1
D/GraphicBuffer( 4973): create handle(0x6242c0d0) (w:480, h:854, f:1)
D/BufferQueue(  135): [com.android.settings/com.android.settings.UsbSettings](this:0xb7084418,id:52,api:1,p:4973,c:135) cancelBuffer: slot=0
I/MaliEGL ( 4973): [Mali]window_type=1, is_framebuffer=0, errnum = 0
I/MaliEGL ( 4973): [Mali]surface->num_buffers=4, surface->num_frames=3, win_min_undequeued=1
I/MaliEGL ( 4973): [Mali]max_allowed_dequeued_buffers=3
I/BufferQueue(  135): [com.android.settings/com.android.settings.UsbSettings](this:0xb7084418,id:52,api:1,p:4973,c:135) setBufferCount: count=4
I/GraphicBuffer(  135): free buffer (w:480 h:854 f:1) handle(0xb70b6720)
I/BufferQueue(  135): [com.android.settings/com.android.settings.UsbSettings](this:0xb7084418,id:52,api:1,p:4973,c:135) getReleasedBuffers: returning mask 0xffffffff
D/GraphicBuffer( 4973): close handle(0x6242c0d0) (w:480 h:854 f:1)
I/BufferQueue(  135): [com.android.settings/com.android.settings.UsbSettings](this:0xb7084418,id:52,api:1,p:4973,c:135) new GraphicBuffer needed
D/BufferQueue(  135):     [OLD] gb:NULL
I/GraphicBuffer(  135): allocate buffer (w:480 h:854 f:1) handle(0xb70b6720) err(0)
I/BufferQueue(  135):     [NEW] gb=0xb709a958, handle=0xb70b6720, w=480, h=854, s=480, fmt=1
D/GraphicBuffer( 4973): create handle(0x63138950) (w:480, h:854, f:1)
D/OpenGLRenderer( 4973): setViewport 480x854 <0x63138a50>
D/OpenGLRenderer(  858): prepareDirty (0.00, 0.00, 480.00, 854.00) opaque 0 <0x61c46008>
D/OpenGLRenderer(  858): prepareDirty (0.00, 5.00, 480.00, 100.00) opaque 0 <0x64640740>
D/OpenGLRenderer(  858): clear (0.00, 105 - 100.00 = 5.00, 480.00 - 0.00 = 480.00, 100.00 - 5.00 = 95.00) opaque 0 <0x64640740>
D/OpenGLRenderer( 4973): Flushing caches (mode 0)
D/BufferQueue(  135): [com.android.settings/com.android.settings.SubSettings](this:0xb708fe70,id:48,api:1,p:4973,c:135) cancelBuffer: slot=3
D/OpenGLRenderer(  858): finish <0x64640740>
D/GraphicBuffer( 4973): close handle(0x6249f698) (w:480 h:854 f:1)
D/GraphicBuffer( 4973): close handle(0x624a6aa0) (w:480 h:854 f:1)
D/GraphicBuffer( 4973): close handle(0x6225a7b8) (w:480 h:854 f:1)
D/OpenGLRenderer(  858): prepareDirty (0.00, 170.00, 480.00, 265.00) opaque 0 <0x61527810>
D/OpenGLRenderer(  858): clear (0.00, 690 - 265.00 = 425.00, 480.00 - 0.00 = 480.00, 265.00 - 170.00 = 95.00) opaque 0 <0x61527810>
D/GraphicBuffer( 4973): close handle(0x622593d0) (w:480 h:854 f:1)
D/OpenGLRenderer(  858): finish <0x61527810>
I/BufferQueue(  135): [com.android.settings/com.android.settings.SubSettings](this:0xb708fe70,id:48,api:1,p:-1,c:135) disconnect: api=1
I/BufferQueue(  135): [com.android.settings/com.android.settings.SubSettings](this:0xb708fe70,id:48,api:0,p:-1,c:135) getReleasedBuffers: returning mask 0xffffffff
I/GLConsumer(  135): [com.android.settings/com.android.settings.SubSettings](this:0xb709b8b0,api:0) destroying EGLImage dpy=0x1 img=0x10000006
I/GraphicBuffer(  135): free buffer (w:480 h:854 f:1) handle(0xb7071e68)
I/GLConsumer(  135): [com.android.settings/com.android.settings.SubSettings](this:0xb709b8b0,api:0) destroying EGLImage dpy=0x1 img=0x10000002
D/OpenGLRenderer(  858): clear (0.00, 854 - 854.00 = 0.00, 480.00 - 0.00 = 480.00, 854.00 - 0.00 = 854.00) opaque 0 <0x61c46008>
I/GraphicBuffer(  135): free buffer (w:480 h:854 f:1) handle(0xb70ae730)
I/GLConsumer(  135): [com.android.settings/com.android.settings.SubSettings](this:0xb709b8b0,api:0) destroying EGLImage dpy=0x1 img=0x10000003
I/GLConsumer(  135): [com.android.settings/com.android.settings.SubSettings](this:0xb709b8b0,api:0) destroying EGLImage dpy=0x1 img=0x10000004
I/GraphicBuffer(  135): free buffer (w:480 h:854 f:1) handle(0xb7084d70)
D/OpenGLRenderer(  858): finish <0x61c46008>
D/Settings( 4973): receive action=android.intent.action.SIM_INFO_UPDATE
D/PreferenceFragment( 4973): bindPreferences, this = UsbSettings{422d0c28 #0 id=0x10202fe}
E/UsbSettings( 4973): UsbAccessoryMode false
D/UsbSettings( 4973): current function: mtp,adb
V/PhoneStatusBarView(  858): onAllPanelsCollapsed()
V/QuickSettings(  858): SwitchMode to LAUNCH_MODE
V/mDragLayer(  858): doOpen =false, height= 105
D/UsbSettings( 4973): current function: mtp,adb
D/UsbPreference( 4973): setChecked return
D/UsbPreference( 4973): setChecked return
D/UsbPreference( 4973): setChecked return
E/UsbSettings( 4973): USB Normal Mode
D/UsbSettings( 4973): current function: mtp,adb
D/UsbSettings( 4973): current function: mtp,adb
D/UsbPreference( 4973): setChecked return
D/UsbPreference( 4973): setChecked return
D/UsbPreference( 4973): setChecked return
E/UsbSettings( 4973): USB Normal Mode
D/OpenGLRenderer(  858): prepareDirty (0.00, 0.00, 480.00, 854.00) opaque 0 <0x61c46008>
I/BufferQueue(  135): [com.android.settings/com.android.settings.SubSettings](this:0xb708fe70,id:48,api:0,p:-1,c:-1) consumerDisconnect
I/BufferQueue(  135): [com.android.settings/com.android.settings.SubSettings](this:0xb708fe70,id:48,api:0,p:-1,c:-1) ~BufferQueue
I/GraphicBuffer(  135): free buffer (w:480 h:854 f:1) handle(0xb70751e8)
D/OpenGLRenderer(  858): clear (0.00, 854 - 854.00 = 0.00, 480.00 - 0.00 = 480.00, 854.00 - 0.00 = 854.00) opaque 0 <0x61c46008>
D/OpenGLRenderer(  858): finish <0x61c46008>
D/UsbPreference( 4973): getview
D/UsbPreference( 4973): getview
D/ListView( 4973): mSelectorRect.setEmpty in layoutChildren this=android.widget.ListView{422d4398 VFED.VC. .F....ID 0,0-480,744 #102000a android:id/list}
D/PhoneStatusBar(  858): makeExpandedInvisible: mExpandedVisible=true mExpandedVisible=true
D/OpenGLRenderer( 4973): prepareDirty (0.00, 0.00, 480.00, 854.00) opaque 1 <0x63138a50>
D/OpenGLRenderer( 4973): finish <0x63138a50>
I/BufferQueue(  135): [StatusBar](this:0xb7080918,id:6,api:1,p:858,c:135) setDefaultBufferSize: w=480, h=38
I/GLConsumer(  135): [com.android.settings/com.android.settings.UsbSettings](this:0xb708d978,api:1) [void* android::GLConsumer::createImage(EGLDisplay, const android::sp<android::GraphicBuffer>&, const android::Rect&)]
D/GLConsumer(  135):     GraphicBuffer: gb=0xb709a958 handle=0xb70b6720 fmt=1
D/GLConsumer(  135):     EGLImage: dpy=0x1, img=0x10000002
D/OpenGLRenderer(  858): setViewport 480x38 <0x61c46008>
D/GraphicBuffer(  858): close handle(0x620434f0) (w:480 h:854 f:1)
D/GraphicBuffer(  858): close handle(0x62cd9500) (w:480 h:854 f:1)
D/GraphicBuffer(  858): close handle(0x63dca4c0) (w:480 h:854 f:1)
D/GraphicBuffer(  858): close handle(0x61eab700) (w:480 h:854 f:1)
D/AbsListView( 4973): onWindowFocusChanged: hasWindowFocus=true, this=android.widget.ListView{422c9e80 V.ED.VC. ......I. 0,0-0,0 #102000a android:id/list}
I/BufferQueue(  135): [StatusBar](this:0xb7080918,id:6,api:1,p:-1,c:135) disconnect: api=1
I/BufferQueue(  135): [StatusBar](this:0xb7080918,id:6,api:0,p:-1,c:135) getReleasedBuffers: returning mask 0xffffffff
I/GLConsumer(  135): [StatusBar](this:0xb7080ff8,api:0) destroying EGLImage dpy=0x1 img=0x10000001
D/AbsListView( 4973): onWindowFocusChanged: hasWindowFocus=true, this=android.widget.ListView{422d4398 VFED.VC. .F....I. 0,0-480,744 #102000a android:id/list}
I/GLConsumer(  135): [StatusBar](this:0xb7080ff8,api:0) destroying EGLImage dpy=0x1 img=0x10000005
I/GraphicBuffer(  135): free buffer (w:480 h:854 f:1) handle(0xb70b92c0)
I/GLConsumer(  135): [StatusBar](this:0xb7080ff8,api:0) destroying EGLImage dpy=0x1 img=0x10000007
I/GraphicBuffer(  135): free buffer (w:480 h:854 f:1) handle(0xb7071d10)
I/GLConsumer(  135): [StatusBar](this:0xb7080ff8,api:0) destroying EGLImage dpy=0x1 img=0x10000008
I/GraphicBuffer(  135): free buffer (w:480 h:854 f:1) handle(0xb7098758)
D/IPCThreadState(  135): [DN #5] BR_CLEAR_DEATH_NOTIFICATION_DONE cookie 0xb7071ed0
I/BufferQueue(  135): [StatusBar](this:0xb7080918,id:6,api:0,p:858,c:135) connect: api=1 producer=(858:com.android.systemui) producerControlledByApp=true
I/BufferQueue(  135): [StatusBar](this:0xb7080918,id:6,api:1,p:858,c:135) new GraphicBuffer needed
D/BufferQueue(  135):     [OLD] gb:NULL
I/GraphicBuffer(  135): allocate buffer (w:480 h:38 f:1) handle(0xb70b92c0) err(0)
I/BufferQueue(  135):     [NEW] gb=0xb707bdd0, handle=0xb70b92c0, w=480, h=38, s=480, fmt=1
D/GraphicBuffer(  858): create handle(0x61eab700) (w:480, h:38, f:1)
V/InputMethodManager( 4973): onWindowFocus: android.widget.ListView{422d4398 VFED.VC. .F....ID 0,0-480,744 #102000a android:id/list} softInputMode=16 first=true flags=#1810100
V/InputMethodManager( 4973): START INPUT: android.widget.ListView{422d4398 VFED.VC. .F....ID 0,0-480,744 #102000a android:id/list} ic=null tba=android.view.inputmethod.EditorInfo@42312bc0 controlFlags=#105
D/BufferQueue(  135): [StatusBar](this:0xb7080918,id:6,api:1,p:858,c:135) cancelBuffer: slot=0
V/InputMethodManagerService(  649): windowGainedFocus: android.os.BinderProxy@4282b038 controlFlags=#105 softInputMode=#10 windowFlags=#1810100
I/MaliEGL (  858): [Mali]window_type=1, is_framebuffer=0, errnum = 0
I/MaliEGL (  858): [Mali]surface->num_buffers=4, surface->num_frames=3, win_min_undequeued=1
I/MaliEGL (  858): [Mali]max_allowed_dequeued_buffers=3
I/BufferQueue(  135): [StatusBar](this:0xb7080918,id:6,api:1,p:858,c:135) setBufferCount: count=4
I/GraphicBuffer(  135): free buffer (w:480 h:38 f:1) handle(0xb70b92c0)
D/PreferenceActivity( 4973): handleMessage, MSG_BUILD_HEADERS
I/BufferQueue(  135): [StatusBar](this:0xb7080918,id:6,api:1,p:858,c:135) getReleasedBuffers: returning mask 0xffffffff
D/GraphicBuffer(  858): close handle(0x61eab700) (w:480 h:38 f:1)
D/PreferenceActivity( 4973): loadHeadersFromResource
I/BufferQueue(  135): [StatusBar](this:0xb7080918,id:6,api:1,p:858,c:135) new GraphicBuffer needed
D/BufferQueue(  135):     [OLD] gb:NULL
I/GraphicBuffer(  135): allocate buffer (w:480 h:38 f:1) handle(0xb70b92c0) err(0)
I/BufferQueue(  135):     [NEW] gb=0xb707bdd0, handle=0xb70b92c0, w=480, h=38, s=480, fmt=1
D/GraphicBuffer(  858): create handle(0x61eab700) (w:480, h:38, f:1)
D/OpenGLRenderer(  858): prepareDirty (0.00, 0.00, 480.00, 38.00) opaque 0 <0x61c46008>
D/OpenGLRenderer(  858): clear (0.00, 38 - 38.00 = 0.00, 480.00 - 0.00 = 480.00, 38.00 - 0.00 = 38.00) opaque 0 <0x61c46008>
I/debug   ( 4973): The binder is null
D/OpenGLRenderer(  858): finish <0x61c46008>
I/ActivityManager(  649): [AppLaunch] Displayed Displayed com.android.settings/.UsbSettings: +373ms
D/ActivityManager(  649): AP_PROF:AppLaunch_LaunchTime:com.android.settings/.UsbSettings:373:651775
I/BufferQueue(  135): [StatusBar](this:0xb7080918,id:6,api:1,p:858,c:135) new GraphicBuffer needed
D/BufferQueue(  135):     [OLD] gb:NULL
I/GraphicBuffer(  135): allocate buffer (w:480 h:38 f:1) handle(0xb70751e8) err(0)
I/BufferQueue(  135):     [NEW] gb=0xb706f4a8, handle=0xb70751e8, w=480, h=38, s=480, fmt=1
D/GraphicBuffer(  858): create handle(0x63dca4c0) (w:480, h:38, f:1)
D/OpenGLRenderer(  858): prepareDirty (0.00, 0.00, 480.00, 38.00) opaque 0 <0x61c46008>
D/OpenGLRenderer(  858): clear (0.00, 38 - 38.00 = 0.00, 480.00 - 0.00 = 480.00, 38.00 - 0.00 = 38.00) opaque 0 <0x61c46008>
D/OpenGLRenderer(  858): finish <0x61c46008>
D/Settings( 4973): apps.size()=1
D/GLConsumer(  135): [StatusBar](this:0xb7080f88) onAcquireBuffer: find slot0 has been in acquired buffer[0], remove it
I/GLConsumer(  135): [StatusBar](this:0xb7080ff8,api:1) [void* android::GLConsumer::createImage(EGLDisplay, const android::sp<android::GraphicBuffer>&, const android::Rect&)]
D/GLConsumer(  135):     GraphicBuffer: gb=0xb707bdd0 handle=0xb70b92c0 fmt=1
D/GLConsumer(  135):     EGLImage: dpy=0x1, img=0x10000001
I/GraphicBuffer(  135): free buffer (w:480 h:854 f:1) handle(0xb7074550)
D/ListView( 4973): mSelectorRect.setEmpty in layoutChildren this=android.widget.ListView{422d4398 VFED.VC. .F....ID 0,0-480,744 #102000a android:id/list}
I/BufferQueue(  135): [com.android.settings/com.android.settings.UsbSettings](this:0xb7084418,id:52,api:1,p:4973,c:135) new GraphicBuffer needed
D/BufferQueue(  135):     [OLD] gb:NULL
I/GraphicBuffer(  135): allocate buffer (w:480 h:854 f:1) handle(0xb7098758) err(0)
I/BufferQueue(  135):     [NEW] gb=0xb7070b28, handle=0xb7098758, w=480, h=854, s=480, fmt=1
D/GraphicBuffer( 4973): create handle(0x62447d08) (w:480, h:854, f:1)
D/OpenGLRenderer( 4973): prepareDirty (0.00, 0.00, 480.00, 854.00) opaque 1 <0x63138a50>
I/GLConsumer(  135): [StatusBar](this:0xb7080ff8,api:1) [void* android::GLConsumer::createImage(EGLDisplay, const android::sp<android::GraphicBuffer>&, const android::Rect&)]
D/GLConsumer(  135):     GraphicBuffer: gb=0xb706f4a8 handle=0xb70751e8 fmt=1
D/GLConsumer(  135):     EGLImage: dpy=0x1, img=0x10000003
D/OpenGLRenderer( 4973): finish <0x63138a50>
I/BufferQueue(  135): [com.android.settings/com.android.settings.UsbSettings](this:0xb7084418,id:52,api:1,p:4973,c:135) new GraphicBuffer needed
D/BufferQueue(  135):     [OLD] gb:NULL
I/GraphicBuffer(  135): allocate buffer (w:480 h:854 f:1) handle(0xb70ae730) err(0)
I/BufferQueue(  135):     [NEW] gb=0xb70987c0, handle=0xb70ae730, w=480, h=854, s=480, fmt=1
D/GraphicBuffer( 4973): create handle(0x63130be8) (w:480, h:854, f:1)
D/OpenGLRenderer( 4973): prepareDirty (0.00, 0.00, 480.00, 854.00) opaque 1 <0x63138a50>
D/OpenGLRenderer( 4973): finish <0x63138a50>
V/ActivityManager(  649): ACT-Activity idle: Token{42274710 ActivityRecord{42902378 u0 com.android.settings/.UsbSettings t5}}
D/PowerManagerService(  649): releaseWakeLockInternal: lock=1106266744 [ActivityManager-Launch], flags=0x0, total_time=460ms
D/PowerManagerNotifier(  649): onWakeLockReleased: flags=1, tag="ActivityManager-Launch", packageName=android, ownerUid=1000, ownerPid=649, workSource=null
D/PowerManagerService(  649): updateWakeLockSummaryLocked: mWakefulness=Awake, mWakeLockSummary=0x0
D/PowerManagerService(  649): newScreenState = 2
D/PowerManagerDisplayController(  649): requestPowerState: screenState=2, useProximitySensor=false, forceProximitySensorEnable=false, forceWakeUpEnable=false, screenBrightness=102, screenAutoBrightnessAdjustment=0.0, useAutoBrightness=true, useEcoBrightness=false, blockScreenOn=false, waitForNegativeProximity=false
I/PowerManagerService(  649): setBrightness mButtonLight 0.
D/PowerManagerService(  649): updateScreenStateLocked: mDisplayReady=true, newScreenState=2, mWakefulness=1, mWakeLockSummary=0x0, mUserActivitySummary=0x1, mBootCompleted=true
D/PowerManagerService(  649): Releasing suspend blocker "PowerManagerService.WakeLocks".
V/ActivityManager(  649): ensureActivitiesVisibleLocked: consider front
D/PowerManagerService(  649): handleSandman: canDream=false, mWakefulness=Awake
V/ActivityManager(  649): ensureActivitiesVisibleLocked: consider back
D/PreferenceFragment( 4973): onStop, this = DevelopmentSettings{42254f18 #0 id=0x10202fe}
D/PreferenceActivity( 4973): onStop
D/PreferenceFragment( 4973): onDestroyView, this = DevelopmentSettings{42254f18 #0 id=0x10202fe}
I/GLConsumer(  135): [com.android.settings/com.android.settings.UsbSettings](this:0xb708d978,api:1) [void* android::GLConsumer::createImage(EGLDisplay, const android::sp<android::GraphicBuffer>&, const android::Rect&)]
D/GLConsumer(  135):     GraphicBuffer: gb=0xb7070b28 handle=0xb7098758 fmt=1
D/GLConsumer(  135):     EGLImage: dpy=0x1, img=0x10000004
D/PreferenceFragment( 4973): onDestroy, this = DevelopmentSettings{42254f18 #0 id=0x10202fe}
D/PreferenceActivity( 4973): onDestroy
D/OpenGLRenderer( 4973): Flushing caches (mode 0)
D/IPCThreadState(  649): [DN #5] BR_CLEAR_DEATH_NOTIFICATION_DONE cookie 0x62945538
D/ActivityThread( 4973): ACT-DESTROY_ACTIVITY handled : 1 / android.os.BinderProxy@420f85e8
I/BufferQueue(  135): [com.android.settings/com.android.settings.UsbSettings](this:0xb7084418,id:52,api:1,p:4973,c:135) new GraphicBuffer needed
D/BufferQueue(  135):     [OLD] gb:NULL
I/GraphicBuffer(  135): allocate buffer (w:480 h:854 f:1) handle(0xb7071d10) err(0)
I/BufferQueue(  135):     [NEW] gb=0xb7087130, handle=0xb7071d10, w=480, h=854, s=480, fmt=1
D/GraphicBuffer( 4973): create handle(0x624546c0) (w:480, h:854, f:1)
D/OpenGLRenderer( 4973): prepareDirty (0.00, 0.00, 480.00, 854.00) opaque 1 <0x63138a50>
D/OpenGLRenderer( 4973): finish <0x63138a50>
I/GLConsumer(  135): [com.android.settings/com.android.settings.UsbSettings](this:0xb708d978,api:1) [void* android::GLConsumer::createImage(EGLDisplay, const android::sp<android::GraphicBuffer>&, const android::Rect&)]
D/GLConsumer(  135):     GraphicBuffer: gb=0xb70987c0 handle=0xb70ae730 fmt=1
D/GLConsumer(  135):     EGLImage: dpy=0x1, img=0x10000005
I/GLConsumer(  135): [com.android.settings/com.android.settings.UsbSettings](this:0xb708d978,api:1) [void* android::GLConsumer::createImage(EGLDisplay, const android::sp<android::GraphicBuffer>&, const android::Rect&)]
D/GLConsumer(  135):     GraphicBuffer: gb=0xb7087130 handle=0xb7071d10 fmt=1
D/GLConsumer(  135):     EGLImage: dpy=0x1, img=0x10000006
D/GraphicBuffer(  649): close handle(0x6ca3f678) (w:480 h:854 f:1)
I/BufferQueue(  135): [Starting com.android.settings](this:0xb7087328,id:51,api:2,p:-1,c:135) disconnect: api=2
I/BufferQueue(  135): [Starting com.android.settings](this:0xb7087328,id:51,api:0,p:-1,c:135) getReleasedBuffers: returning mask 0xffffffff
I/GLConsumer(  135): [Starting com.android.settings](this:0xb7087998,api:0) destroying EGLImage dpy=0x1 img=0x10000009
I/GraphicBuffer(  135): free buffer (w:480 h:854 f:1) handle(0xb7067fe8)
I/GLConsumer(  135): [Starting com.android.settings](this:0xb7087998,api:0) destroying EGLImage dpy=0x1 img=0x1000000a
D/IPCThreadState(  135): [DN #5] BR_CLEAR_DEATH_NOTIFICATION_DONE cookie 0xb70ae440
D/GraphicBuffer(  649): close handle(0x656f4778) (w:480 h:854 f:1)
I/BufferQueue(  135): [Starting com.android.settings](this:0xb7087328,id:51,api:0,p:-1,c:-1) consumerDisconnect
I/BufferQueue(  135): [Starting com.android.settings](this:0xb7087328,id:51,api:0,p:-1,c:-1) ~BufferQueue
I/GraphicBuffer(  135): free buffer (w:480 h:854 f:1) handle(0xb7099b88)
D/AES     (  649): AEEIOCTL_RT_MON_Kick IOCTL,lParam=0. 
D/InputReader(  649): InputReader::monitor: lock
D/InputReader(  649): InputReader::monitor: wait 
D/InputReader(  649): InputReader::monitor: unlock
D/InputReader(  649): InputReader::monitor: done
D/SIMHelper(  858): isSimInserted(0), SimInserted=false
D/StatusBar.NetworkController(  858): refreshViews(0), DataConnected=false simColorId = -1
V/MobileDataChecked(  858): onMobileDataChanged()
V/Provider/Settings(  858):  from settings cache , name = mobile_data , value = 1
V/MobileDataChecked(  858): isMobileDataEnabled() MOBILE_DATA=1
V/Provider/Settings(  649):  from settings cache , name = mobile_data , value = 1
D/ConnectivityService(  649): getMobileDataEnabled returning true
V/QS      (  858): DataConnection | getMobileDataEnabled():true
V/Provider/Settings(  649):  from settings cache , name = mobile_data , value = 1
D/ConnectivityService(  649): getMobileDataEnabled returning true
V/Provider/Settings(  858):  from settings cache , name = gprs_connection_sim_setting , value = 0
D/ActivityManager(  649): getContentProviderImpl: from callerandroid.app.ApplicationThreadProxy@41eed1a0 (pid=858) to get content provider telephony
D/ActivityManager(  649): getContentProviderImpl: updateLruProcessLocked cpr.proc=ProcessRecord{42231450 1092:com.android.phone/1001}
D/ActivityThread(  858): hoder:android.app.IActivityManager$ContentProviderHolder@42755cd8,provider,holder.Provider:android.content.ContentProviderProxy@42388880
I/TelephonyProvider( 1092): initDatabaseIfNeeded begin content://telephony/siminfo
I/TelephonyProvider( 1092):  mInitAPNGemini[0]: true,uricontent://telephony/siminfo
I/TelephonyProvider( 1092):  mInitAPNGemini[0] unlock: true,uricontent://telephony/siminfo
I/TelephonyProvider( 1092): initDatabaseIfNeeded end content://telephony/siminfo
D/IPCThreadState( 1092): [DN #5] BR_CLEAR_DEATH_NOTIFICATION_DONE cookie 0x61362c30
D/IPCThreadState(  649): [DN #5] BR_CLEAR_DEATH_NOTIFICATION_DONE cookie 0x68476ee8
I/TelephonyProvider( 1092): initDatabaseIfNeeded begin content://telephony/siminfo
I/TelephonyProvider( 1092):  mInitAPNGemini[0]: true,uricontent://telephony/siminfo
I/TelephonyProvider( 1092):  mInitAPNGemini[0] unlock: true,uricontent://telephony/siminfo
I/TelephonyProvider( 1092): initDatabaseIfNeeded end content://telephony/siminfo
D/IPCThreadState( 1092): [DN #5] BR_CLEAR_DEATH_NOTIFICATION_DONE cookie 0x629922c8
D/IPCThreadState(  649): [DN #5] BR_CLEAR_DEATH_NOTIFICATION_DONE cookie 0x63591bf0
D/PhoneInterfaceManagerEx( 1092): [PhoneIntfMgrEx] hasIccCard  simId=0
D/PhoneInterfaceManager( 1092): getSimState simId = 0prop = ABSENT
V/Provider/Settings(  858):  from settings cache , name = airplane_mode_on , value = 0
D/StatusBar.NetworkController(  858): refreshViews(0), set parameters to signal cluster view.
D/SignalClusterView(  858): setWifiIndicators, visible=true, strengthIcon=com.mediatek.systemui.ext.IconIdWrapper@421ca688, activityIcon=com.mediatek.systemui.ext.IconIdWrapper@421ca6a0, contentDescription=Wi-Fi signal full.
D/StatusBar.NetworkController(  858): refreshViews(0), tempPhoneSignalIconId.0 = 2130837997  tempPhoneSignalIconId.1 = 0  tempMobileActivityIconId= 0  tempDataTypeIconId= 0
D/SignalClusterView(  858): setMobileDataIndicators(0), visible=true, strengthIcon[0] ~ [1] 2130837997 ~ 0
D/SignalClusterView(  858): setIsAirplaneMode=false
D/SignalClusterView(  858): setRoamingFlagandResource(0), roaming=false, roamingId=0
D/SignalClusterView(  858): setShowSimIndicator(0), showSimIndicator=false simIndicatorResource = 0
D/SignalClusterView(  858): setDataNetType3G(0), NetworkType=null
D/SignalClusterView(  858): apply(), mWifiVisible is true
D/SIMHelper(  858): isSimInserted(0), SimInserted=false
D/SignalClusterView(  858): apply(), slotId=0, mMobileVisible=true, mShouldMobileGroupVisible=true
D/SignalClusterView(  858): apply(), slotId=0, mRoaming=false mMobileActivityId=0 mMobileTypeId=0 mMobileStrengthId[0] = 2130837997 mMobileStrengthId[1] = 0
D/SIMHelper(  858): isSimInserted(0), SimInserted=false
D/SignalClusterView(  858): apply(). mIsAirplaneMode is false, NWType slot(0) is 8
I/BufferQueue(  135): [StatusBar](this:0xb7080918,id:6,api:1,p:858,c:135) new GraphicBuffer needed
D/BufferQueue(  135):     [OLD] gb:NULL
I/GraphicBuffer(  135): allocate buffer (w:480 h:38 f:1) handle(0xb7074550) err(0)
I/BufferQueue(  135):     [NEW] gb=0xb7098928, handle=0xb7074550, w=480, h=38, s=480, fmt=1
D/GraphicBuffer(  858): create handle(0x620434f0) (w:480, h:38, f:1)
D/OpenGLRenderer(  858): prepareDirty (0.00, 0.00, 480.00, 38.00) opaque 0 <0x61c46008>
D/OpenGLRenderer(  858): clear (0.00, 38 - 38.00 = 0.00, 480.00 - 0.00 = 480.00, 38.00 - 0.00 = 38.00) opaque 0 <0x61c46008>
D/OpenGLRenderer(  858): finish <0x61c46008>
I/BufferQueue(  135): [StatusBar](this:0xb7080918,id:6,api:1,p:858,c:135) [queue] fps:9.75, dur:1743.98, max:929.37, min:6.44
I/GLConsumer(  135): [StatusBar](this:0xb7080ff8,api:1) [void* android::GLConsumer::createImage(EGLDisplay, const android::sp<android::GraphicBuffer>&, const android::Rect&)]
D/GLConsumer(  135):     GraphicBuffer: gb=0xb7098928 handle=0xb7074550 fmt=1
D/GLConsumer(  135):     EGLImage: dpy=0x1, img=0x10000007
I/BufferQueue(  135): [StatusBar](this:0xb7080918,id:6,api:1,p:858,c:135) [release] fps:9.18, dur:1743.01, max:906.50, min:17.21
I/SurfaceFlinger(  135): [Built-in Screen (type:0)] fps:14.913824,dur:1743.35,max:800.92,min:16.17
D/OpenGLRenderer( 4973): prepareDirty (0.00, 0.00, 480.00, 854.00) opaque 1 <0x63138a50>
D/OpenGLRenderer( 4973): finish <0x63138a50>
I/BufferQueue(  135): [com.android.settings/com.android.settings.UsbSettings](this:0xb7084418,id:52,api:1,p:4973,c:135) [queue] fps:3.70, dur:1080.50, max:989.48, min:7.69
I/BufferQueue(  135): [com.android.settings/com.android.settings.UsbSettings](this:0xb7084418,id:52,api:1,p:4973,c:135) [release] fps:2.97, dur:1010.89, max:976.10, min:17.39
D/OpenGLRenderer( 4973): prepareDirty (0.00, 0.00, 480.00, 854.00) opaque 1 <0x63138a50>
D/OpenGLRenderer( 4973): finish <0x63138a50>
D/OpenGLRenderer( 4973): prepareDirty (0.00, 0.00, 480.00, 854.00) opaque 1 <0x63138a50>
D/OpenGLRenderer( 4973): finish <0x63138a50>
D/OpenGLRenderer( 4973): prepareDirty (0.00, 0.00, 480.00, 854.00) opaque 1 <0x63138a50>
D/OpenGLRenderer( 4973): finish <0x63138a50>
D/OpenGLRenderer( 4973): prepareDirty (0.00, 0.00, 480.00, 854.00) opaque 1 <0x63138a50>
D/OpenGLRenderer( 4973): finish <0x63138a50>
D/OpenGLRenderer( 4973): prepareDirty (0.00, 0.00, 480.00, 854.00) opaque 1 <0x63138a50>
D/OpenGLRenderer( 4973): finish <0x63138a50>
D/OpenGLRenderer( 4973): prepareDirty (0.00, 0.00, 480.00, 854.00) opaque 1 <0x63138a50>
D/OpenGLRenderer( 4973): finish <0x63138a50>
D/OpenGLRenderer( 4973): prepareDirty (0.00, 0.00, 480.00, 854.00) opaque 1 <0x63138a50>
D/WifiStateMachine(  649): ConnectedState{ when=-3ms what=131155 arg1=1 target=com.android.internal.util.StateMachine$SmHandler target=Handler (com.android.internal.util.StateMachine$SmHandler) {42461588} }
D/WifiStateMachine(  649): L2ConnectedState{ when=-4ms what=131155 arg1=1 target=com.android.internal.util.StateMachine$SmHandler target=Handler (com.android.internal.util.StateMachine$SmHandler) {42461588} }
D/WifiHW  (  649): enter -->wifi_send_command cmd=IFNAME=wlan0 SIGNAL_POLL
D/wpa_supplicant( 2439): RX ctrl_iface - hexdump(len=11): 53 49 47 4e 41 4c 5f 50 4f 4c 4c
D/wpa_supplicant( 2439): wlan0: Control interface command 'SIGNAL_POLL'
D/OpenGLRenderer( 4973): finish <0x63138a50>
D/wpa_supplicant( 2439): nl80211: survey data missing!
D/WifiHW  (  649): leave --> reply=RSSI=-50
D/WifiHW  (  649): LINKSPEED=65
D/WifiHW  (  649): NOISE=9999
D/WifiHW  (  649): FREQUENCY=2462
D/WifiHW  (  649): 
D/wifi    (  649): doStringCommand, buf IFNAME=wlan0 SIGNAL_POLL
I/WifiStateMachine(  649): fetchRssiAndLinkSpeedNative, newRssi:-50, newLinkSpeed:65, SSID:"irichanin.com"
V/WifiManager(  649): calculateSignalLevel(),numLevels = 5
D/OpenGLRenderer( 4973): prepareDirty (0.00, 0.00, 480.00, 854.00) opaque 1 <0x63138a50>
D/OpenGLRenderer( 4973): finish <0x63138a50>
D/OpenGLRenderer( 4973): prepareDirty (0.00, 0.00, 480.00, 854.00) opaque 1 <0x63138a50>
D/OpenGLRenderer( 4973): finish <0x63138a50>
D/OpenGLRenderer( 4973): prepareDirty (0.00, 0.00, 480.00, 854.00) opaque 1 <0x63138a50>
D/OpenGLRenderer( 4973): finish <0x63138a50>
D/OpenGLRenderer( 4973): prepareDirty (0.00, 0.00, 480.00, 854.00) opaque 1 <0x63138a50>
D/OpenGLRenderer( 4973): finish <0x63138a50>
D/OpenGLRenderer( 4973): prepareDirty (0.00, 0.00, 480.00, 854.00) opaque 1 <0x63138a50>
D/OpenGLRenderer( 4973): finish <0x63138a50>
D/OpenGLRenderer( 4973): prepareDirty (0.00, 0.00, 480.00, 854.00) opaque 1 <0x63138a50>
D/OpenGLRenderer( 4973): finish <0x63138a50>
D/OpenGLRenderer( 4973): prepareDirty (0.00, 0.00, 480.00, 854.00) opaque 1 <0x63138a50>
D/OpenGLRenderer( 4973): finish <0x63138a50>
D/OpenGLRenderer( 4973): prepareDirty (0.00, 0.00, 480.00, 854.00) opaque 1 <0x63138a50>
D/OpenGLRenderer( 4973): finish <0x63138a50>
D/ADB_SERVICES( 5043): adb fdevent_process list (11) (18) 
D/StatusBar.NetworkController(  858): PhoneStateListener:onSignalStrengthsChanged, sim0 before.
D/StatusBar.NetworkController(  858): PhoneStateListener:onSignalStrengthsChanged, signalStrength=4
V/ActivityManager(  649): Broadcast sticky: Intent { act=android.intent.action.SIG_STR flg=0x20000010 (has extras) } ordered=false userid=-1 callerApp=ProcessRecord{41f69f08 649:system/1000}
D/StatusBar.NetworkController(  858): updateDataNetType(0), DataNetType=0 / 0
D/SIMHelper(  858): isSimInserted(0), SimInserted=false
D/SIMHelper(  858): isSimInserted(0), SimInserted=false
D/StatusBar.NetworkController(  858): updateTelephonySignalStrength(0), is null signal.
D/StatusBar.NetworkController(  858): updateTelephonySignalStrength(0), null signal
D/StatusBar.NetworkController(  858):  updateTelephonySignalStrength(0) tempSIMCUSignVisible= true
D/SIMHelper(  858): isSimInserted(0), SimInserted=false
D/StatusBar.NetworkController(  858): refreshViews(0), DataConnected=false simColorId = -1
V/MobileDataChecked(  858): onMobileDataChanged()
V/Provider/Settings(  858):  from settings cache , name = mobile_data , value = 1
V/MobileDataChecked(  858): isMobileDataEnabled() MOBILE_DATA=1
V/Provider/Settings(  649):  from settings cache , name = mobile_data , value = 1
D/ConnectivityService(  649): getMobileDataEnabled returning true
V/QS      (  858): DataConnection | getMobileDataEnabled():true
V/Provider/Settings(  649):  from settings cache , name = mobile_data , value = 1
D/ConnectivityService(  649): getMobileDataEnabled returning true
V/Provider/Settings(  858):  from settings cache , name = gprs_connection_sim_setting , value = 0
D/ActivityManager(  649): getContentProviderImpl: from callerandroid.app.ApplicationThreadProxy@41f57f18 (pid=858) to get content provider telephony
D/ActivityManager(  649): getContentProviderImpl: updateLruProcessLocked cpr.proc=ProcessRecord{42231450 1092:com.android.phone/1001}
D/ActivityThread(  858): hoder:android.app.IActivityManager$ContentProviderHolder@4275ca68,provider,holder.Provider:android.content.ContentProviderProxy@421e80b0
I/TelephonyProvider( 1092): initDatabaseIfNeeded begin content://telephony/siminfo
I/TelephonyProvider( 1092):  mInitAPNGemini[0]: true,uricontent://telephony/siminfo
I/TelephonyProvider( 1092):  mInitAPNGemini[0] unlock: true,uricontent://telephony/siminfo
I/TelephonyProvider( 1092): initDatabaseIfNeeded end content://telephony/siminfo
D/IPCThreadState( 1092): [DN #5] BR_CLEAR_DEATH_NOTIFICATION_DONE cookie 0x629a1b80
D/IPCThreadState(  649): [DN #5] BR_CLEAR_DEATH_NOTIFICATION_DONE cookie 0x68ee6ef8
I/TelephonyProvider( 1092): initDatabaseIfNeeded begin content://telephony/siminfo
I/TelephonyProvider( 1092):  mInitAPNGemini[0]: true,uricontent://telephony/siminfo
I/TelephonyProvider( 1092):  mInitAPNGemini[0] unlock: true,uricontent://telephony/siminfo
I/TelephonyProvider( 1092): initDatabaseIfNeeded end content://telephony/siminfo
D/IPCThreadState( 1092): [DN #5] BR_CLEAR_DEATH_NOTIFICATION_DONE cookie 0x6123e348
D/IPCThreadState(  649): [DN #5] BR_CLEAR_DEATH_NOTIFICATION_DONE cookie 0x64eca4f8
D/PhoneInterfaceManagerEx( 1092): [PhoneIntfMgrEx] hasIccCard  simId=0
D/PhoneInterfaceManager( 1092): getSimState simId = 0prop = ABSENT
V/Provider/Settings(  858):  from settings cache , name = airplane_mode_on , value = 0
D/SignalClusterView(  858): setRoamingFlagandResource(0), roaming=false, roamingId=0
D/SignalClusterView(  858): setShowSimIndicator(0), showSimIndicator=false simIndicatorResource = 0
D/SignalClusterView(  858): setDataNetType3G(0), NetworkType=null
D/SignalClusterView(  858): apply(), mWifiVisible is true
D/SIMHelper(  858): isSimInserted(0), SimInserted=false
D/SignalClusterView(  858): apply(), slotId=0, mMobileVisible=true, mShouldMobileGroupVisible=true
D/SignalClusterView(  858): apply(), slotId=0, mRoaming=false mMobileActivityId=0 mMobileTypeId=0 mMobileStrengthId[0] = 2130837997 mMobileStrengthId[1] = 0
D/SIMHelper(  858): isSimInserted(0), SimInserted=false
D/SignalClusterView(  858): apply(). mIsAirplaneMode is false, NWType slot(0) is 8
D/StatusBar.NetworkController(  858): PhoneStateListener:onSignalStrengthsChanged, sim0 after.
I/BufferQueue(  135): [StatusBar](this:0xb7080918,id:6,api:1,p:858,c:135) new GraphicBuffer needed
D/BufferQueue(  135):     [OLD] gb:NULL
I/GraphicBuffer(  135): allocate buffer (w:480 h:38 f:1) handle(0xb709c008) err(0)
I/BufferQueue(  135):     [NEW] gb=0xb70823b0, handle=0xb709c008, w=480, h=38, s=480, fmt=1
D/GraphicBuffer(  858): create handle(0x5d1be7d8) (w:480, h:38, f:1)
D/OpenGLRenderer(  858): prepareDirty (0.00, 0.00, 480.00, 38.00) opaque 0 <0x61c46008>
D/OpenGLRenderer(  858): clear (0.00, 38 - 38.00 = 0.00, 480.00 - 0.00 = 480.00, 38.00 - 0.00 = 38.00) opaque 0 <0x61c46008>
D/OpenGLRenderer(  858): finish <0x61c46008>
I/GLConsumer(  135): [StatusBar](this:0xb7080ff8,api:1) [void* android::GLConsumer::createImage(EGLDisplay, const android::sp<android::GraphicBuffer>&, const android::Rect&)]
D/GLConsumer(  135):     GraphicBuffer: gb=0xb70823b0 handle=0xb709c008 fmt=1
D/GLConsumer(  135):     EGLImage: dpy=0x1, img=0x10000008
D/SIMHelper(  858): isSimInserted(0), SimInserted=false
D/StatusBar.NetworkController(  858): refreshViews(0), DataConnected=false simColorId = -1
V/MobileDataChecked(  858): onMobileDataChanged()
V/Provider/Settings(  858):  from settings cache , name = mobile_data , value = 1
V/MobileDataChecked(  858): isMobileDataEnabled() MOBILE_DATA=1
V/Provider/Settings(  649):  from settings cache , name = mobile_data , value = 1
D/ConnectivityService(  649): getMobileDataEnabled returning true
V/QS      (  858): DataConnection | getMobileDataEnabled():true
V/Provider/Settings(  649):  from settings cache , name = mobile_data , value = 1
D/ConnectivityService(  649): getMobileDataEnabled returning true
V/Provider/Settings(  858):  from settings cache , name = gprs_connection_sim_setting , value = 0
D/ActivityManager(  649): getContentProviderImpl: from callerandroid.app.ApplicationThreadProxy@41f7f4b0 (pid=858) to get content provider telephony
D/ActivityManager(  649): getContentProviderImpl: updateLruProcessLocked cpr.proc=ProcessRecord{42231450 1092:com.android.phone/1001}
D/ActivityThread(  858): hoder:android.app.IActivityManager$ContentProviderHolder@42762528,provider,holder.Provider:android.content.ContentProviderProxy@41e96110
I/TelephonyProvider( 1092): initDatabaseIfNeeded begin content://telephony/siminfo
I/TelephonyProvider( 1092):  mInitAPNGemini[0]: true,uricontent://telephony/siminfo
I/TelephonyProvider( 1092):  mInitAPNGemini[0] unlock: true,uricontent://telephony/siminfo
I/TelephonyProvider( 1092): initDatabaseIfNeeded end content://telephony/siminfo
D/IPCThreadState( 1092): [DN #5] BR_CLEAR_DEATH_NOTIFICATION_DONE cookie 0x6123a7c0
D/IPCThreadState(  649): [DN #5] BR_CLEAR_DEATH_NOTIFICATION_DONE cookie 0x64e33a10
I/TelephonyProvider( 1092): initDatabaseIfNeeded begin content://telephony/siminfo
I/TelephonyProvider( 1092):  mInitAPNGemini[0]: true,uricontent://telephony/siminfo
I/TelephonyProvider( 1092):  mInitAPNGemini[0] unlock: true,uricontent://telephony/siminfo
I/TelephonyProvider( 1092): initDatabaseIfNeeded end content://telephony/siminfo
D/IPCThreadState( 1092): [DN #5] BR_CLEAR_DEATH_NOTIFICATION_DONE cookie 0x629a9058
D/IPCThreadState(  649): [DN #5] BR_CLEAR_DEATH_NOTIFICATION_DONE cookie 0x6289e2a8
D/PhoneInterfaceManagerEx( 1092): [PhoneIntfMgrEx] hasIccCard  simId=0
D/PhoneInterfaceManager( 1092): getSimState simId = 0prop = ABSENT
V/Provider/Settings(  858):  from settings cache , name = airplane_mode_on , value = 0
D/StatusBar.NetworkController(  858): refreshViews(0), set parameters to signal cluster view.
D/SignalClusterView(  858): setWifiIndicators, visible=true, strengthIcon=com.mediatek.systemui.ext.IconIdWrapper@421ca688, activityIcon=com.mediatek.systemui.ext.IconIdWrapper@421ca6a0, contentDescription=Wi-Fi signal full.
D/StatusBar.NetworkController(  858): refreshViews(0), tempPhoneSignalIconId.0 = 2130837997  tempPhoneSignalIconId.1 = 0  tempMobileActivityIconId= 0  tempDataTypeIconId= 0
D/SignalClusterView(  858): setMobileDataIndicators(0), visible=true, strengthIcon[0] ~ [1] 2130837997 ~ 0
D/SignalClusterView(  858): setIsAirplaneMode=false
D/SignalClusterView(  858): setRoamingFlagandResource(0), roaming=false, roamingId=0
D/SignalClusterView(  858): setShowSimIndicator(0), showSimIndicator=false simIndicatorResource = 0
D/SignalClusterView(  858): setDataNetType3G(0), NetworkType=null
D/SignalClusterView(  858): apply(), mWifiVisible is true
D/SIMHelper(  858): isSimInserted(0), SimInserted=false
D/SignalClusterView(  858): apply(), slotId=0, mMobileVisible=true, mShouldMobileGroupVisible=true
D/SignalClusterView(  858): apply(), slotId=0, mRoaming=false mMobileActivityId=0 mMobileTypeId=0 mMobileStrengthId[0] = 2130837997 mMobileStrengthId[1] = 0
D/SIMHelper(  858): isSimInserted(0), SimInserted=false
D/SignalClusterView(  858): apply(). mIsAirplaneMode is false, NWType slot(0) is 8
D/OpenGLRenderer(  858): prepareDirty (0.00, 0.00, 480.00, 38.00) opaque 0 <0x61c46008>
D/OpenGLRenderer(  858): clear (0.00, 38 - 38.00 = 0.00, 480.00 - 0.00 = 480.00, 38.00 - 0.00 = 38.00) opaque 0 <0x61c46008>
D/OpenGLRenderer(  858): finish <0x61c46008>
D/BatteryService(  649): mBatteryVoltage=3731, batteryLevel=50
V/ActivityManager(  649): Broadcast sticky: Intent { act=android.intent.action.BATTERY_CHANGED flg=0x60000010 (has extras) } ordered=false userid=-1 callerApp=null
D/WifiService(  649): onReceive, action:android.intent.action.BATTERY_CHANGED
D/UsbDeviceManager(  649): onReceive - BATTERY_CHANGED - mPlugType: 2, mSettingUsbCharging: false, mConnected: true, mSettingUsbBicr: false
D/PowerManagerService(  649): updateIsPoweredLocked: wasPowered=true, mIsPowered=true, oldPlugType=2, mPlugType=2, mBatteryLevel=11
D/PowerManagerService(  649): handleSandman: canDream=false, mWakefulness=Awake
D/WifiController(  649): DeviceActiveState{ when=-1ms what=155652 arg1=2 target=com.android.internal.util.StateMachine$SmHandler target=Handler (com.android.internal.util.StateMachine$SmHandler) {42e82988} }
D/WifiController(  649): StaEnabledState{ when=-1ms what=155652 arg1=2 target=com.android.internal.util.StateMachine$SmHandler target=Handler (com.android.internal.util.StateMachine$SmHandler) {42e82988} }
D/WifiController(  649): DefaultState{ when=-1ms what=155652 arg1=2 target=com.android.internal.util.StateMachine$SmHandler target=Handler (com.android.internal.util.StateMachine$SmHandler) {42e82988} }
D/WifiController(  649): battery changed pluggedType: 2
D/KeyguardUpdateMonitor(  858): received broadcast android.intent.action.BATTERY_CHANGED
D/PowerUI (  858): action = android.intent.action.BATTERY_CHANGED
D/PowerUI (  858): Intent start() ret = false mHideLowBDialog= true
D/UsbSettings( 4973): current function: mtp,adb
D/UsbSettings( 4973): current function: mtp,adb
D/PowerUI (  858): oldBatteryLevel = 11mBatteryLevel = 11
D/UsbPreference( 4973): setChecked return
D/PowerUI (  858): dismissLowBatteryWarning
D/KeyguardUpdateMonitor(  858): handleBatteryUpdate index=0 updateInteresting=false
E/UsbSettings( 4973): USB Normal Mode
D/StatusBar.BatteryController(  858): BatteryController onReceive action is android.intent.action.BATTERY_CHANGED
D/StatusBar.BatteryController(  858): mBatteryPercentage is 11% mShouldShowBatteryPercentage is true mLabelViews.size() 1
D/StatusBar.BatteryController(  858): [Laptop] isPresent = false
D/OpenGLRenderer(  858): prepareDirty (0.00, 0.00, 480.00, 38.00) opaque 0 <0x61c46008>
D/OpenGLRenderer(  858): clear (0.00, 38 - 38.00 = 0.00, 480.00 - 0.00 = 480.00, 38.00 - 0.00 = 38.00) opaque 0 <0x61c46008>
D/OpenGLRenderer(  858): finish <0x61c46008>
I/BufferQueue(  135): [StatusBar](this:0xb7080918,id:6,api:1,p:858,c:135) [queue] fps:2.62, dur:1146.47, max:538.93, min:156.44
I/BufferQueue(  135): [StatusBar](this:0xb7080918,id:6,api:1,p:858,c:135) [release] fps:2.61, dur:1149.79, max:540.09, min:156.75
I/SurfaceFlinger(  135): [Built-in Screen (type:0)] fps:16.526979,dur:1149.64,max:452.75,min:17.17
D/OpenGLRenderer(  858): prepareDirty (0.00, 0.00, 480.00, 38.00) opaque 0 <0x61c46008>
D/OpenGLRenderer(  858): clear (0.00, 38 - 38.00 = 0.00, 480.00 - 0.00 = 480.00, 38.00 - 0.00 = 38.00) opaque 0 <0x61c46008>
D/OpenGLRenderer(  858): finish <0x61c46008>
D/WifiStateMachine(  649): ConnectedState{ when=-3ms what=131155 arg1=1 target=com.android.internal.util.StateMachine$SmHandler target=Handler (com.android.internal.util.StateMachine$SmHandler) {42461588} }
D/WifiStateMachine(  649): L2ConnectedState{ when=-4ms what=131155 arg1=1 target=com.android.internal.util.StateMachine$SmHandler target=Handler (com.android.internal.util.StateMachine$SmHandler) {42461588} }
D/WifiHW  (  649): enter -->wifi_send_command cmd=IFNAME=wlan0 SIGNAL_POLL
D/wpa_supplicant( 2439): RX ctrl_iface - hexdump(len=11): 53 49 47 4e 41 4c 5f 50 4f 4c 4c
D/wpa_supplicant( 2439): wlan0: Control interface command 'SIGNAL_POLL'
D/ADB_SERVICES( 5043): adb socket read list (18) 
D/ADB_SERVICES( 5043): read_data=76279
D/ADB_SERVICES( 5043): max_read_time=0.000120 max_send_time=0.000249 
D/ADB_SERVICES( 5043): adb local_socket_ready list (18) 
D/wpa_supplicant( 2439): nl80211: survey data missing!
D/WifiHW  (  649): leave --> reply=RSSI=-50
D/WifiHW  (  649): LINKSPEED=65
D/WifiHW  (  649): NOISE=9999
D/WifiHW  (  649): FREQUENCY=2462
D/WifiHW  (  649): 
D/wifi    (  649): doStringCommand, buf IFNAME=wlan0 SIGNAL_POLL
I/WifiStateMachine(  649): fetchRssiAndLinkSpeedNative, newRssi:-50, newLinkSpeed:65, SSID:"irichanin.com"
V/WifiManager(  649): calculateSignalLevel(),numLevels = 5
W/InputReader(  649): outer ID:0, tracking ID:-1, pointer count:16
W/InputReader(  649): inCount:16, pointer count:1
D/WindowManager(  649): interceptKeyTq keycode=4 screenIsOn=true keyguardActive=false policyFlags = #2000100 down =true canceled = false isWakeKey=false mVolumeDownKeyTriggered =false mVolumeUpKeyTriggered =false
V/Provider/Settings(  649): get setting for user -2 by user 0 so skipping cache
V/SettingsProvider(  649):    access setting for user 0
V/SettingsProvider(  649): call(system:haptic_feedback_enabled) for 0
D/SettingsProvider(  649): lookupValue table system cache contains Key haptic_feedback_enabled , value = Bundle[{value=1}]
V/Provider/Settings(  649): from db cache, name = haptic_feedback_enabled , value = 1
I/Provider/Settings(  649): call-query of user -2 by 0 so not updating cache
D/AppOps  (  649): startOperation: allowing code 3 uid 1000 package android
V/Provider/Settings(  649): get setting for user -2 by user 0 so skipping cache
V/SettingsProvider(  649):    access setting for user 0
V/SettingsProvider(  649): call(system:haptic_feedback_enabled) for 0
D/SettingsProvider(  649): lookupValue table system cache contains Key haptic_feedback_enabled , value = Bundle[{value=1}]
V/Provider/Settings(  649): from db cache, name = haptic_feedback_enabled , value = 1
I/Provider/Settings(  649): call-query of user -2 by 0 so not updating cache
D/AppOps  (  649): startOperation: allowing code 3 uid 1000 package android
D/PowerManagerService(  649): userActivityFromNative
D/PowerManagerService(  649): userActivityNoUpdateLocked: eventTime=656400, event=1, flags=0x0, uid=1000
D/PowerManagerNotifier(  649): onUserActivity: event=1, uid=1000
D/PowerManagerService(  649): updateUserActivitySummaryLocked: mWakefulness=Awake, mUserActivitySummary=0x5, nextTimeout=664400 (in 7992 ms)
D/PowerManagerService(  649): newScreenState = 2
D/PowerManagerDisplayController(  649): requestPowerState: screenState=2, useProximitySensor=false, forceProximitySensorEnable=false, forceWakeUpEnable=false, screenBrightness=102, screenAutoBrightnessAdjustment=0.0, useAutoBrightness=true, useEcoBrightness=false, blockScreenOn=false, waitForNegativeProximity=false
D/LightsService(  649): setLight_native: light=2, colorARGB=0xff666666, flashMode=0, onMS=0, offMS=0, brightnessMode=0
D/lights  (  649): write_int open fd=-1
I/PowerManagerService(  649): setBrightness mButtonLight, screenBrightness=102
D/PowerManagerService(  649): updateScreenStateLocked: mDisplayReady=true, newScreenState=2, mWakefulness=1, mWakeLockSummary=0x0, mUserActivitySummary=0x5, mBootCompleted=true
D/PowerManagerService(  649): handleSandman: canDream=false, mWakefulness=Awake
D/KeyguardViewMediator(  858): isInputRestricted: showing=false, needReshow=false, provisioned=true
D/WindowManager(  649): interceptKeyTi keyCode=4 down=true repeatCount=0 keyguardOn=false mHomePressed=false canceled=false metaState:0m_MenuLongPressfalse
W/InputReader(  649): outer ID:0, tracking ID:-1, pointer count:16
W/InputReader(  649): inCount:16, pointer count:1
I/View    ( 4973): Key down dispatch to android.widget.ListView{422d4398 VFED.VC. .F...... 0,0-480,744 #102000a android:id/list}, event = KeyEvent { action=ACTION_DOWN, keyCode=KEYCODE_BACK, scanCode=158, metaState=0, flags=0x48, repeatCount=0, eventTime=656400, downTime=656400, deviceId=3, source=0x101 }
